Microchip MPLAB XC8 Compiler V1.45 ()

Linker command line:

-W-3 --edf=C:\Program Files (x86)\Microchip\xc8\v1.45\dat\en_msgs.txt -cs \
  -h+dist/default/debug\AC_Power_Meter.X.debug.sym \
  --cmf=dist/default/debug\AC_Power_Meter.X.debug.cmf -z -Q18LF67K40 \
  -oC:\Users\DREWMA~1\AppData\Local\Temp\sf34.2 \
  -Mdist/default/debug/AC_Power_Meter.X.debug.map -E1 -ver=XC8 --acfsm=1493 \
  -ASTACK=06C9h-0de9h -pstack=STACK -ACODE=00h-01FFFFh -ACONST=00h-01FFFFh \
  -ASMALLCONST=0E00h-0EFFhx498 -AMEDIUMCONST=0E00h-0FFFFh,010E00h-01FFFFh \
  -ACOMRAM=01h-05Fh -AABS1=00h-0DE9h -ABIGRAM=01h-0DE9h \
  -ARAM=060h-0FFh,0100h-01FFhx12,0D00h-0DE9h -ABANK0=060h-0FFh \
  -ABANK1=0100h-01FFh -ABANK2=0200h-02FFh -ABANK3=0300h-03FFh \
  -ABANK4=0400h-04FFh -ABANK5=0500h-05FFh -ABANK6=0600h-06FFh \
  -ABANK7=0700h-07FFh -ABANK8=0800h-08FFh -ABANK9=0900h-09FFh \
  -ABANK10=0A00h-0AFFh -ABANK11=0B00h-0BFFh -ABANK12=0C00h-0CFFh \
  -ABANK13=0D00h-0DE9h \
  -ASFR=0DEFh-0DFFh,0E00h-0EFFh,0F00h-0F5Fh,0F60h-0FFFh \
  -preset_vec=00h,intcode=08h,intcodelo=018h,powerup,init -pramtop=0E00h \
  -psmallconst=SMALLCONST -pmediumconst=MEDIUMCONST -pconst=CONST \
  -AFARRAM=00h-00h -ACONFIG=0300000h-030000Bh -pconfig=CONFIG \
  -AIDLOC=0200000h-020000Fh -pidloc=IDLOC -AEEDATA=0310000h-03103FFh \
  -peeprom_data=EEDATA \
  -prdata=COMRAM,nvrram=COMRAM,nvbit=COMRAM,rbss=COMRAM,rbit=COMRAM \
  -pfarbss=FARRAM,fardata=FARRAM,nvFARRAM=FARRAM \
  -pintsave_regs=BIGRAM,bigbss=BIGRAM,bigdata=BIGRAM -pbss=RAM \
  -pidata=CODE,irdata=CODE,ibigdata=CODE,ifardata=CODE -prparam=COMRAM \
  C:\Users\DREWMA~1\AppData\Local\Temp\sf34.obj \
  dist/default/debug\AC_Power_Meter.X.debug.obj 

Object code version is 3.11

Machine type is 18LF67K40

Call graph: (short form)




                Name                               Link     Load   Length Selector   Space Scale
C:\Users\DREWMA~1\AppData\Local\Temp\sf34.obj
                init                                10A      10A        4        C       0
                reset_vec                             0        0        6        0       0
                idloc                            200000   200000       10   200000       0
                config                           300000   300000        C   300000       0
dist/default/debug\AC_Power_Meter.X.debug.obj
                intcodelo                            18       18       F2        C       0
                intcode                               8        8        6        4       0
                temp                                 5F       5F        1        1       1
                mediumconst                        CAE2     CAE2     351E     6571       0
                text262                            441E     441E       14        C       0
                text261                            4620     4620        4        C       0
                text260                            440A     440A       14        C       0
                text259                            4564     4564        C        C       0
                text258                            461C     461C        4        C       0
                text257                            3F48     3F48       2A        C       0
                text256                           1C2D8    1C2D8      33E     8000       0
                text255                             A68      A68      122        C       0
                text254                            161E     161E       DC        C       0
                text253                           1FB66    1FB66      150     8000       0
                text252                            2890     2890       7A        C       0
                text251                             B8A      B8A      114        C       0
                text250                           1E596    1E596      2B6     8000       0
                text249                            3F1A     3F1A       2E        C       0
                text248                            365A     365A       48        C       0
                text247                           1B90C    1B90C      350     8000       0
                text246                             FA6      FA6      100        C       0
                text245                           1CF46    1CF46      300     8000       0
                text244                            2720     2720       7C        C       0
                text243                            3BE2     3BE2       3C        C       0
                text242                           1F686    1F686      238     8000       0
                text241                           1D7D6    1D7D6      2C8     8000       0
                text240                           1CC36    1CC36      310     8000       0
                text239                            2B3E     2B3E       70        C       0
                text238                           1EFCC    1EFCC      24A     8000       0
                text237                           17F72    17F72      B2E     8000       0
                text236                            4630     4630        2        C       0
                text235                            3FEA     3FEA       28        C       0
                text234                            25A2     25A2       82        C       0
                text233                            2E86     2E86       66        C       0
                text232                            411C     411C       26        C       0
                text231                             6FC      6FC      128        C       0
                text230                             376      376      132        C       0
                text229                            251E     251E       84        C       0
                text228                            2ACE     2ACE       70        C       0
                text227                           1E84C    1E84C      2AE     8000       0
                text226                            42D2     42D2       1E        C       0
                text225                            372E     372E       46        C       0
                text224                            45B6     45B6        A        C       0
                text223                           1AA80    1AA80      480     8000       0
                text222                           16052    16052     1F20     8000       0
                text221                            3BA6     3BA6       3C        C       0
                text220                            1C40     1C40       B0        C       0
                text219                            3C1E     3C1E       3A        C       0
                text218                            33CC     33CC       4C        C       0
                text217                            3942     3942       40        C       0
                text216                            45FA     45FA        6        C       0
                text215                            42B4     42B4       1E        C       0
                text214                            3880     3880       42        C       0
                text213                           1EAFA    1EAFA      26C     8000       0
                text212                            4618     4618        4        C       0
                text211                            4328     4328       1C        C       0
                text210                            43DC     43DC       18        C       0
                text209                            462E     462E        2        C       0
                text208                            41AE     41AE       24        C       0
                text207                            45AC     45AC        A        C       0
                text206                            43C4     43C4       18        C       0
                text205                            3332     3332       4E        C       0
                text204                            249A     249A       84        C       0
                text203                            462C     462C        2        C       0
                text202                            418A     418A       24        C       0
                text201                            40F6     40F6       26        C       0
                text200                            4614     4614        4        C       0
                text199                            4558     4558        C        C       0
                text198                            462A     462A        2        C       0
                text197                            3D64     3D64       34        C       0
                intcode_body                        C9E      C9E      108        C       0
                text195                            3CC6     3CC6       36        C       0
                text194                            45A2     45A2        A        C       0
                text193                            1EEE     1EEE       A2        C       0
                text192                            36E8     36E8       46        C       0
                text191                            3294     3294       50        C       0
                text190                            1D9E     1D9E       AE        C       0
                text189                            1964     1964       C6        C       0
                text188                            3902     3902       40        C       0
                text187                            3056     3056       58        C       0
                text186                            2DB8     2DB8       68        C       0
                text185                            3B6A     3B6A       3C        C       0
                text184                            2816     2816       7A        C       0
                text183                            4598     4598        A        C       0
                text182                            4610     4610        4        C       0
                text181                            45F4     45F4        6        C       0
                text180                            460C     460C        4        C       0
                text179                            45EE     45EE        6        C       0
                text178                            458E     458E        A        C       0
                text177                            453E     453E        E        C       0
                text176                            1B90     1B90       B0        C       0
                text175                            137A     137A       E8        C       0
                text174                            40D0     40D0       26        C       0
                text173                           1E2E0    1E2E0      2B6     8000       0
                text172                             946      946      122        C       0
                text171                           1BF9A    1BF9A      33E     8000       0
                text170                           1B5BA    1B5BA      352     8000       0
                text169                             EA6      EA6      100        C       0
                text168                            3EEA     3EEA       30        C       0
                text167                            3A3C     3A3C       3E        C       0
                text166                           1F44E    1F44E      238     8000       0
                text165                           1D50E    1D50E      2C8     8000       0
                text164                           1C926    1C926      310     8000       0
                text163                            2A5E     2A5E       70        C       0
                text162                            3EBA     3EBA       30        C       0
                text161                            4392     4392       1A        C       0
                text160                            383E     383E       42        C       0
                text159                            4258     4258       20        C       0
                text158                            3B2E     3B2E       3C        C       0
                text157                            40AA     40AA       26        C       0
                text156                            1540     1540       DE        C       0
                text155                           1FA12    1FA12      154     8000       0
                text154                            26A2     26A2       7E        C       0
                text153                            2030     2030       A0        C       0
                text152                            1A2A     1A2A       B6        C       0
                text151                            3612     3612       48        C       0
                text150                            2416     2416       84        C       0
                text149                            2D50     2D50       68        C       0
                text148                            3FC2     3FC2       28        C       0
                text147                             5D2      5D2      12A        C       0
                text146                             242      242      134        C       0
                text145                            230C     230C       86        C       0
                text144                            297C     297C       72        C       0
                text143                           1DD64    1DD64      2C6     8000       0
                text142                            4216     4216       22        C       0
                text141                            35CA     35CA       48        C       0
                text140                            4530     4530        E        C       0
                text139                           1A5DC    1A5DC      4A4     8000       0
                text138                           14120    14120     1F32     8000       0
                text137                            3418     3418       4A        C       0
                text136                            3582     3582       48        C       0
                text135                           1936E    1936E      8CC     8000       0
                text134                            4628     4628        2        C       0
                text133                            4166     4166       24        C       0
                text132                            4084     4084       26        C       0
                text131                            37B8     37B8       44        C       0
                text130                            4626     4626        2        C       0
                text129                            3F9A     3F9A       28        C       0
                text128                            405E     405E       26        C       0
                text127                            45E8     45E8        6        C       0
                text126                            45C8     45C8        8        C       0
                text125                            4522     4522        E        C       0
                text124                            4444     4444       12        C       0
                text123                            4624     4624        2        C       0
                text122                            3D30     3D30       34        C       0
                text120                            4584     4584        A        C       0
                text119                            1E4C     1E4C       A2        C       0
                text118                            36A2     36A2       46        C       0
                text117                            3244     3244       50        C       0
                text116                            2CE8     2CE8       68        C       0
                text115                            20D0     20D0       9A        C       0
                text114                            4514     4514        E        C       0
                text113                            2BAE     2BAE       6A        C       0
                text112                            4506     4506        E        C       0
                text111                            44F8     44F8        E        C       0
                text110                            2E20     2E20       66        C       0
                text109                            44EA     44EA        E        C       0
                text108                            4296     4296       1E        C       0
                text107                            45C0     45C0        8        C       0
                text106                            4486     4486       10        C       0
                text105                            3C90     3C90       36        C       0
                text104                            4278     4278       1E        C       0
                text103                            430C     430C       1C        C       0
                text102                            17D2     17D2       CC        C       0
                text101                            42F0     42F0       1C        C       0
                text100                            44DC     44DC        E        C       0
                text99                             3E8A     3E8A       30        C       0
                text98                             44CE     44CE        E        C       0
                text97                             3E5A     3E5A       30        C       0
                text96                             44C0     44C0        E        C       0
                text95                             31F4     31F4       50        C       0
                text94                             44B2     44B2        E        C       0
                text93                             3D98     3D98       32        C       0
                text92                             44A4     44A4        E        C       0
                text91                             30AE     30AE       54        C       0
                text90                             39FE     39FE       3E        C       0
                text89                             2F4C     2F4C       5A        C       0
                text88                             4378     4378       1A        C       0
                text87                             3102     3102       52        C       0
                text86                            1FCB6    1FCB6      14C     8000       0
                text85                              824      824      122        C       0
                text84                             39C0     39C0       3E        C       0
                text83                             31A4     31A4       50        C       0
                text82                            1ED66    1ED66      266     8000       0
                text81                            1E02A    1E02A      2B6     8000       0
                text80                             3E2A     3E2A       30        C       0
                text79                            1BC5C    1BC5C      33E     8000       0
                text78                             353A     353A       48        C       0
                text77                             1462     1462       DE        C       0
                text76                             2392     2392       84        C       0
                text75                             2C80     2C80       68        C       0
                text74                             3F72     3F72       28        C       0
                text73                            1F8BE    1F8BE      154     8000       0
                text72                              4A8      4A8      12A        C       0
                text71                              10E      10E      134        C       0
                text70                             2286     2286       86        C       0
                text69                             290A     290A       72        C       0
                text68                            1B268    1B268      352     8000       0
                text67                            1DA9E    1DA9E      2C6     8000       0
                text66                             41F4     41F4       22        C       0
                text65                             34F2     34F2       48        C       0
                text64                             435E     435E       1A        C       0
                text63                            1A138    1A138      4A4     8000       0
                text62                            120E8    120E8     2038     8000       0
                text61                             3AF2     3AF2       3C        C       0
                text60                             4476     4476       10        C       0
                text59                             3CFC     3CFC       34        C       0
                text58                             43F4     43F4       16        C       0
                text57                             3DFA     3DFA       30        C       0
                text56                             4344     4344       1A        C       0
                text55                             37FC     37FC       42        C       0
                text54                             4238     4238       20        C       0
                text53                             2EEC     2EEC       60        C       0
                text52                             3AB6     3AB6       3C        C       0
                text51                             4038     4038       26        C       0
                text50                             3774     3774       44        C       0
                text49                             4466     4466       10        C       0
                text48                             3380     3380       4C        C       0
                text47                             2C18     2C18       68        C       0
                text46                            1AF00    1AF00      368     8000       0
                text45                             4432     4432       12        C       0
                text44                            19C3A    19C3A      4FE     8000       0
                text43                             32E4     32E4       4E        C       0
                text42                             1CF0     1CF0       AE        C       0
                text41                             189E     189E       C6        C       0
                text40                             38C2     38C2       40        C       0
                text39                             2FFE     2FFE       58        C       0
                text38                             3A7A     3A7A       3C        C       0
                text37                             279C     279C       7A        C       0
                text36                             457A     457A        A        C       0
                text35                             4608     4608        4        C       0
                text34                             45E2     45E2        6        C       0
                text33                             4604     4604        4        C       0
                text32                             45DC     45DC        6        C       0
                text31                             4570     4570        A        C       0
                text30                             4496     4496        E        C       0
                text29                             1AE0     1AE0       B0        C       0
                text28                             1292     1292       E8        C       0
                text27                             4012     4012       26        C       0
                text26                              DA6      DA6      100        C       0
                text25                             3982     3982       3E        C       0
                text24                            1F216    1F216      238     8000       0
                text23                            1D246    1D246      2C8     8000       0
                text22                            1C616    1C616      310     8000       0
                text21                             29EE     29EE       70        C       0
                text20                             3DCA     3DCA       30        C       0
                text19                             2624     2624       7E        C       0
                text18                             1F90     1F90       A0        C       0
                text17                            1FF3C    1FF3C       B6     8000       0
                text16                             34AA     34AA       48        C       0
                text15                             3462     3462       48        C       0
                text14                            18AA0    18AA0      8CE     8000       0
                text13                             4600     4600        4        C       0
                text12                             16FA     16FA       D8        C       0
                text11                             41D2     41D2       22        C       0
                text10                            1FFF2    1FFF2        E     8000       0
                text9                              3154     3154       50        C       0
                text8                              3C58     3C58       38        C       0
                text7                              2FA6     2FA6       58        C       0
                text6                              216A     216A       90        C       0
                text5                              21FA     21FA       8C        C       0
                text4                             10000    10000     20E8     8000       0
                text3                             1FE02    1FE02      13A     8000       0
                text2                              4456     4456       10        C       0
                text1                              43AC     43AC       18        C       0
                text0                              10A6     10A6       FA        C       0
                cstackCOMRAM                          1        1       5E        1       1
                cstackBANK0                          60       60       93       60       1
                cstackBANK1                         100      100       D6      100       1
                cstackBANK2                         200      200       76      200       1
                cstackBANK3                         300      300       DB      300       1
                cstackBANK4                         400      400       80      400       1
                cstackBANK6                         680      680       49      600       1
                bssBANK6                            600      600       80      600       1
                dataBANK5                           5D5      5D5       24      500       1
                bssBANK5                            500      500       D5      500       1
                dataBANK4                           4E0      4E0        6      400       1
                bssBANK4                            480      480       60      400       1
                bssBANK3                            3DB      3DB       24      300       1
                dataBANK2                           2CD      2CD        C      200       1
                bssBANK2                            276      276       57      200       1
                dataBANK1                           1EB      1EB        1      100       1
                bssBANK1                            1D6      1D6       15      100       1
                dataBANK0                            F3       F3        6       60       1
                bssBANK0                             F9       F9        4       60       1
                bitbssBANK0                         7E8       FD        2       60       1     8
                cinit                              11A0     11A0       F2        C       0
                nvBANK4                             4E6      4E6        1      400       1
                idataBANK5                         4142     4142       24        C       0
                idataBANK4                         45D6     45D6        6        C       0
                idataBANK2                         454C     454C        C        C       0
                idataBANK1                         4632     4632        1        C       0
                idataBANK0                         45D0     45D0        6        C       0

TOTAL           Name                               Link     Load   Length     Space
        CLASS   STACK          

        CLASS   CODE           
                intcodelo                            18       18       F2         0
                intcode                               8        8        6         0
                init                                10A      10A        4         0
                reset_vec                             0        0        6         0
                text262                            441E     441E       14         0
                text261                            4620     4620        4         0
                text260                            440A     440A       14         0
                text259                            4564     4564        C         0
                text258                            461C     461C        4         0
                text257                            3F48     3F48       2A         0
                text256                           1C2D8    1C2D8      33E         0
                text255                             A68      A68      122         0
                text254                            161E     161E       DC         0
                text253                           1FB66    1FB66      150         0
                text252                            2890     2890       7A         0
                text251                             B8A      B8A      114         0
                text250                           1E596    1E596      2B6         0
                text249                            3F1A     3F1A       2E         0
                text248                            365A     365A       48         0
                text247                           1B90C    1B90C      350         0
                text246                             FA6      FA6      100         0
                text245                           1CF46    1CF46      300         0
                text244                            2720     2720       7C         0
                text243                            3BE2     3BE2       3C         0
                text242                           1F686    1F686      238         0
                text241                           1D7D6    1D7D6      2C8         0
                text240                           1CC36    1CC36      310         0
                text239                            2B3E     2B3E       70         0
                text238                           1EFCC    1EFCC      24A         0
                text237                           17F72    17F72      B2E         0
                text236                            4630     4630        2         0
                text235                            3FEA     3FEA       28         0
                text234                            25A2     25A2       82         0
                text233                            2E86     2E86       66         0
                text232                            411C     411C       26         0
                text231                             6FC      6FC      128         0
                text230                             376      376      132         0
                text229                            251E     251E       84         0
                text228                            2ACE     2ACE       70         0
                text227                           1E84C    1E84C      2AE         0
                text226                            42D2     42D2       1E         0
                text225                            372E     372E       46         0
                text224                            45B6     45B6        A         0
                text223                           1AA80    1AA80      480         0
                text222                           16052    16052     1F20         0
                text221                            3BA6     3BA6       3C         0
                text220                            1C40     1C40       B0         0
                text219                            3C1E     3C1E       3A         0
                text218                            33CC     33CC       4C         0
                text217                            3942     3942       40         0
                text216                            45FA     45FA        6         0
                text215                            42B4     42B4       1E         0
                text214                            3880     3880       42         0
                text213                           1EAFA    1EAFA      26C         0
                text212                            4618     4618        4         0
                text211                            4328     4328       1C         0
                text210                            43DC     43DC       18         0
                text209                            462E     462E        2         0
                text208                            41AE     41AE       24         0
                text207                            45AC     45AC        A         0
                text206                            43C4     43C4       18         0
                text205                            3332     3332       4E         0
                text204                            249A     249A       84         0
                text203                            462C     462C        2         0
                text202                            418A     418A       24         0
                text201                            40F6     40F6       26         0
                text200                            4614     4614        4         0
                text199                            4558     4558        C         0
                text198                            462A     462A        2         0
                text197                            3D64     3D64       34         0
                intcode_body                        C9E      C9E      108         0
                text195                            3CC6     3CC6       36         0
                text194                            45A2     45A2        A         0
                text193                            1EEE     1EEE       A2         0
                text192                            36E8     36E8       46         0
                text191                            3294     3294       50         0
                text190                            1D9E     1D9E       AE         0
                text189                            1964     1964       C6         0
                text188                            3902     3902       40         0
                text187                            3056     3056       58         0
                text186                            2DB8     2DB8       68         0
                text185                            3B6A     3B6A       3C         0
                text184                            2816     2816       7A         0
                text183                            4598     4598        A         0
                text182                            4610     4610        4         0
                text181                            45F4     45F4        6         0
                text180                            460C     460C        4         0
                text179                            45EE     45EE        6         0
                text178                            458E     458E        A         0
                text177                            453E     453E        E         0
                text176                            1B90     1B90       B0         0
                text175                            137A     137A       E8         0
                text174                            40D0     40D0       26         0
                text173                           1E2E0    1E2E0      2B6         0
                text172                             946      946      122         0
                text171                           1BF9A    1BF9A      33E         0
                text170                           1B5BA    1B5BA      352         0
                text169                             EA6      EA6      100         0
                text168                            3EEA     3EEA       30         0
                text167                            3A3C     3A3C       3E         0
                text166                           1F44E    1F44E      238         0
                text165                           1D50E    1D50E      2C8         0
                text164                           1C926    1C926      310         0
                text163                            2A5E     2A5E       70         0
                text162                            3EBA     3EBA       30         0
                text161                            4392     4392       1A         0
                text160                            383E     383E       42         0
                text159                            4258     4258       20         0
                text158                            3B2E     3B2E       3C         0
                text157                            40AA     40AA       26         0
                text156                            1540     1540       DE         0
                text155                           1FA12    1FA12      154         0
                text154                            26A2     26A2       7E         0
                text153                            2030     2030       A0         0
                text152                            1A2A     1A2A       B6         0
                text151                            3612     3612       48         0
                text150                            2416     2416       84         0
                text149                            2D50     2D50       68         0
                text148                            3FC2     3FC2       28         0
                text147                             5D2      5D2      12A         0
                text146                             242      242      134         0
                text145                            230C     230C       86         0
                text144                            297C     297C       72         0
                text143                           1DD64    1DD64      2C6         0
                text142                            4216     4216       22         0
                text141                            35CA     35CA       48         0
                text140                            4530     4530        E         0
                text139                           1A5DC    1A5DC      4A4         0
                text138                           14120    14120     1F32         0
                text137                            3418     3418       4A         0
                text136                            3582     3582       48         0
                text135                           1936E    1936E      8CC         0
                text134                            4628     4628        2         0
                text133                            4166     4166       24         0
                text132                            4084     4084       26         0
                text131                            37B8     37B8       44         0
                text130                            4626     4626        2         0
                text129                            3F9A     3F9A       28         0
                text128                            405E     405E       26         0
                text127                            45E8     45E8        6         0
                text126                            45C8     45C8        8         0
                text125                            4522     4522        E         0
                text124                            4444     4444       12         0
                text123                            4624     4624        2         0
                text122                            3D30     3D30       34         0
                text120                            4584     4584        A         0
                text119                            1E4C     1E4C       A2         0
                text118                            36A2     36A2       46         0
                text117                            3244     3244       50         0
                text116                            2CE8     2CE8       68         0
                text115                            20D0     20D0       9A         0
                text114                            4514     4514        E         0
                text113                            2BAE     2BAE       6A         0
                text112                            4506     4506        E         0
                text111                            44F8     44F8        E         0
                text110                            2E20     2E20       66         0
                text109                            44EA     44EA        E         0
                text108                            4296     4296       1E         0
                text107                            45C0     45C0        8         0
                text106                            4486     4486       10         0
                text105                            3C90     3C90       36         0
                text104                            4278     4278       1E         0
                text103                            430C     430C       1C         0
                text102                            17D2     17D2       CC         0
                text101                            42F0     42F0       1C         0
                text100                            44DC     44DC        E         0
                text99                             3E8A     3E8A       30         0
                text98                             44CE     44CE        E         0
                text97                             3E5A     3E5A       30         0
                text96                             44C0     44C0        E         0
                text95                             31F4     31F4       50         0
                text94                             44B2     44B2        E         0
                text93                             3D98     3D98       32         0
                text92                             44A4     44A4        E         0
                text91                             30AE     30AE       54         0
                text90                             39FE     39FE       3E         0
                text89                             2F4C     2F4C       5A         0
                text88                             4378     4378       1A         0
                text87                             3102     3102       52         0
                text86                            1FCB6    1FCB6      14C         0
                text85                              824      824      122         0
                text84                             39C0     39C0       3E         0
                text83                             31A4     31A4       50         0
                text82                            1ED66    1ED66      266         0
                text81                            1E02A    1E02A      2B6         0
                text80                             3E2A     3E2A       30         0
                text79                            1BC5C    1BC5C      33E         0
                text78                             353A     353A       48         0
                text77                             1462     1462       DE         0
                text76                             2392     2392       84         0
                text75                             2C80     2C80       68         0
                text74                             3F72     3F72       28         0
                text73                            1F8BE    1F8BE      154         0
                text72                              4A8      4A8      12A         0
                text71                              10E      10E      134         0
                text70                             2286     2286       86         0
                text69                             290A     290A       72         0
                text68                            1B268    1B268      352         0
                text67                            1DA9E    1DA9E      2C6         0
                text66                             41F4     41F4       22         0
                text65                             34F2     34F2       48         0
                text64                             435E     435E       1A         0
                text63                            1A138    1A138      4A4         0
                text62                            120E8    120E8     2038         0
                text61                             3AF2     3AF2       3C         0
                text60                             4476     4476       10         0
                text59                             3CFC     3CFC       34         0
                text58                             43F4     43F4       16         0
                text57                             3DFA     3DFA       30         0
                text56                             4344     4344       1A         0
                text55                             37FC     37FC       42         0
                text54                             4238     4238       20         0
                text53                             2EEC     2EEC       60         0
                text52                             3AB6     3AB6       3C         0
                text51                             4038     4038       26         0
                text50                             3774     3774       44         0
                text49                             4466     4466       10         0
                text48                             3380     3380       4C         0
                text47                             2C18     2C18       68         0
                text46                            1AF00    1AF00      368         0
                text45                             4432     4432       12         0
                text44                            19C3A    19C3A      4FE         0
                text43                             32E4     32E4       4E         0
                text42                             1CF0     1CF0       AE         0
                text41                             189E     189E       C6         0
                text40                             38C2     38C2       40         0
                text39                             2FFE     2FFE       58         0
                text38                             3A7A     3A7A       3C         0
                text37                             279C     279C       7A         0
                text36                             457A     457A        A         0
                text35                             4608     4608        4         0
                text34                             45E2     45E2        6         0
                text33                             4604     4604        4         0
                text32                             45DC     45DC        6         0
                text31                             4570     4570        A         0
                text30                             4496     4496        E         0
                text29                             1AE0     1AE0       B0         0
                text28                             1292     1292       E8         0
                text27                             4012     4012       26         0
                text26                              DA6      DA6      100         0
                text25                             3982     3982       3E         0
                text24                            1F216    1F216      238         0
                text23                            1D246    1D246      2C8         0
                text22                            1C616    1C616      310         0
                text21                             29EE     29EE       70         0
                text20                             3DCA     3DCA       30         0
                text19                             2624     2624       7E         0
                text18                             1F90     1F90       A0         0
                text17                            1FF3C    1FF3C       B6         0
                text16                             34AA     34AA       48         0
                text15                             3462     3462       48         0
                text14                            18AA0    18AA0      8CE         0
                text13                             4600     4600        4         0
                text12                             16FA     16FA       D8         0
                text11                             41D2     41D2       22         0
                text10                            1FFF2    1FFF2        E         0
                text9                              3154     3154       50         0
                text8                              3C58     3C58       38         0
                text7                              2FA6     2FA6       58         0
                text6                              216A     216A       90         0
                text5                              21FA     21FA       8C         0
                text4                             10000    10000     20E8         0
                text3                             1FE02    1FE02      13A         0
                text2                              4456     4456       10         0
                text1                              43AC     43AC       18         0
                text0                              10A6     10A6       FA         0
                cinit                              11A0     11A0       F2         0
                idataBANK5                         4142     4142       24         0
                idataBANK4                         45D6     45D6        6         0
                idataBANK2                         454C     454C        C         0
                idataBANK1                         4632     4632        1         0
                idataBANK0                         45D0     45D0        6         0

        CLASS   CONST          

        CLASS   SMALLCONST     

        CLASS   MEDIUMCONST    
                mediumconst                        CAE2     CAE2     351E         0

        CLASS   COMRAM         
                temp                                 5F       5F        1         1
                cstackCOMRAM                          1        1       5E         1

        CLASS   ABS1           

        CLASS   BIGRAM         

        CLASS   RAM            

        CLASS   BANK0          
                cstackBANK0                          60       60       93         1
                dataBANK0                            F3       F3        6         1
                bssBANK0                             F9       F9        4         1
                bitbssBANK0                         7E8       FD        2         1

        CLASS   BANK1          
                cstackBANK1                         100      100       D6         1
                dataBANK1                           1EB      1EB        1         1
                bssBANK1                            1D6      1D6       15         1

        CLASS   BANK2          
                cstackBANK2                         200      200       76         1
                dataBANK2                           2CD      2CD        C         1
                bssBANK2                            276      276       57         1

        CLASS   BANK3          
                cstackBANK3                         300      300       DB         1
                bssBANK3                            3DB      3DB       24         1

        CLASS   BANK4          
                cstackBANK4                         400      400       80         1
                dataBANK4                           4E0      4E0        6         1
                bssBANK4                            480      480       60         1
                nvBANK4                             4E6      4E6        1         1

        CLASS   BANK5          
                dataBANK5                           5D5      5D5       24         1
                bssBANK5                            500      500       D5         1

        CLASS   BANK6          
                cstackBANK6                         680      680       49         1
                bssBANK6                            600      600       80         1

        CLASS   BANK7          

        CLASS   BANK8          

        CLASS   BANK9          

        CLASS   BANK10         

        CLASS   BANK11         

        CLASS   BANK12         

        CLASS   BANK13         

        CLASS   SFR            

        CLASS   FARRAM         

        CLASS   CONFIG         
                config                           300000   300000        C         0

        CLASS   IDLOC          
                idloc                            200000   200000       10         0

        CLASS   EEDATA         



SEGMENTS        Name                           Load    Length   Top    Selector   Space  Class

                reset_vec                      000000  000006  000006         0       0  CODE    
                cstackCOMRAM                   000001  00005F  000060         1       1  COMRAM  
                intcode                        000008  000006  00000E         4       0  CODE    
                intcodelo                      000018  00461B  004633         C       0  CODE    
                cstackBANK0                    000060  00009E  0000FE        60       1  BANK0   
                cstackBANK1                    000100  0000EC  0001EC       100       1  BANK1   
                cstackBANK2                    000200  0000D9  0002D9       200       1  BANK2   
                cstackBANK3                    000300  0000FF  0003FF       300       1  BANK3   
                cstackBANK4                    000400  0000E7  0004E7       400       1  BANK4   
                bssBANK5                       000500  0000F9  0005F9       500       1  BANK5   
                bssBANK6                       000600  0000C9  0006C9       600       1  BANK6   
                mediumconst                    00CAE2  00351E  010000      6571       0  MEDIUMCO
                text4                          010000  010000  020000      8000       0  CODE    
                idloc                          200000  000010  200010    200000       0  IDLOC   
                config                         300000  00000C  30000C    300000       0  CONFIG  


UNUSED ADDRESS RANGES

        Name                Unused          Largest block    Delta
        BANK0            0000FE-0000FF                2
        BANK1            0001EC-0001FF               14
        BANK10           000A00-000AFF              100
        BANK11           000B00-000BFF              100
        BANK12           000C00-000CFF              100
        BANK13           000D00-000DE9               EA
        BANK2            0002D9-0002FF               27
        BANK3            0003FF-0003FF                1
        BANK4            0004E7-0004FF               19
        BANK5            0005F9-0005FF                7
        BANK6            0006C9-0006FF               37
        BANK7            000700-0007FF              100
        BANK8            000800-0008FF              100
        BANK9            000900-0009FF              100
        BIGRAM           0000FE-0000FF                2
                         0001EC-0001FF               14
                         0002D9-0002FF               27
                         0003FF-0003FF                1
                         0004E7-0004FF               19
                         0005F9-0005FF                7
                         0006C9-000DE9              721
        CODE             000006-000007                2
                         00000E-000017                A
                         004633-00CAE1             84AF
        CONST            000006-000007                2
                         00000E-000017                A
                         004633-00CAE1             84AF
        EEDATA           310000-3103FF              400
        MEDIUMCONST      004633-00CAE1             84AF
        RAM              0000FE-0000FF                2
                         0001EC-0001FF               14
                         0002D9-0002FF               27
                         0003FF-0003FF                1
                         0004E7-0004FF               19
                         0005F9-0005FF                7
                         0006C9-000DE9              100
        SFR              000DEF-000FFF              100
        SMALLCONST       004633-00CAE1              100
        STACK            0006C9-000DE9              721

                                  Symbol Table

?_ADCC_GetConversionResult                     cstackCOMRAM 000001
?_ADCC_GetFilterValue                          cstackCOMRAM 000001
?_FLASH_ReadWord                               cstackBANK3  000304
?___awdiv                                      cstackBANK3  000306
?___awmod                                      cstackBANK3  000300
?___fladd                                      cstackBANK3  000312
?___fldiv                                      cstackBANK3  000326
?___flmul                                      cstackBANK3  00033F
?___flneg                                      cstackBANK3  00030E
?___flsub                                      cstackBANK3  000326
?___fltol                                      cstackBANK3  000361
?___ftdiv                                      cstackBANK3  00030B
?___ftpack                                     cstackBANK3  000300
?___lldiv                                      cstackBANK3  000300
?___llmod                                      cstackBANK3  00030D
?___lwtoft                                     cstackBANK3  000308
?___wmul                                       cstackBANK3  0003B4
?___xxtofl                                     cstackBANK3  000300
?__div_to_l_                                   cstackBANK3  000300
?__doprnt                                      cstackBANK3  0003BA
?__tdiv_to_l_                                  cstackBANK3  000300
?_abs                                          cstackBANK0  00007D
?_acos                                         cstackBANK3  0003A4
?_asin                                         cstackBANK3  00038C
?_atan                                         cstackBANK3  000377
?_atoi                                         cstackBANK3  0003BA
?_currentMeasuredToPeak                        cstackBANK0  0000AC
?_eval_poly                                    cstackBANK3  000358
?_fabs                                         cstackBANK3  000312
?_floor                                        cstackBANK0  000089
?_fround                                       cstackBANK3  000358
?_getCauseOfResetString                        cstackBANK3  000300
?_getCauseOfResetStringSmall                   cstackBANK3  000300
?_getDeviceID                                  cstackBANK3  00030B
?_getDeviceIDString                            cstackBANK3  00030D
?_getUserID                                    cstackBANK3  00030B
?_peakToRMS                                    cstackBANK0  0000C2
?_printf                                       cstackBANK3  0003C6
?_readDoubleFromEEPROM                         cstackBANK3  000302
?_round                                        cstackBANK3  0003AC
?_scale                                        cstackBANK3  000358
?_sin                                          cstackBANK0  00009B
?_sprintf                                      cstackBANK3  0003C6
?_sqrt                                         cstackBANK3  000358
?_strchr                                       cstackBANK3  000300
?_strcmp                                       cstackBANK3  000300
?_strlen                                       cstackBANK3  000300
?_strncmp                                      cstackBANK3  000306
?_strstr                                       cstackBANK3  00030F
?_trunc                                        cstackBANK3  00036B
?i1_FLASH_ReadWord                             cstackBANK1  000116
?i1___awdiv                                    cstackBANK1  000118
?i1___awmod                                    cstackBANK1  000112
?i1___fladd                                    cstackBANK1  000181
?i1___fldiv                                    cstackBANK1  000120
?i1___flmul                                    cstackBANK1  000139
?i1___flneg                                    cstackBANK1  00017D
?i1___flsub                                    cstackBANK1  000195
?i1___fltol                                    cstackBANK1  00015B
?i1___ftdiv                                    cstackBANK1  00011D
?i1___ftpack                                   cstackBANK1  000112
?i1___lldiv                                    cstackBANK1  000112
?i1___llmod                                    cstackBANK1  00011F
?i1___lwtoft                                   cstackBANK1  00011A
?i1___wmul                                     cstackBANK1  000112
?i1___xxtofl                                   cstackBANK1  000165
?i1__div_to_l_                                 cstackBANK1  000112
?i1__tdiv_to_l_                                cstackBANK1  000112
?i1_acos                                       cstackBANK1  0001D2
?i1_asin                                       cstackBANK1  0001BA
?i1_atan                                       cstackBANK1  0001A5
?i1_eval_poly                                  cstackBANK1  000195
?i1_fabs                                       cstackBANK1  000181
?i1_fround                                     cstackBANK1  000152
?i1_getCauseOfResetStringSmall                 cstackBANK1  000112
?i1_getDeviceID                                cstackBANK1  00011D
?i1_round                                      cstackBANK2  000204
?i1_scale                                      cstackBANK1  000152
?i1_sprintf                                    cstackBANK1  0001CB
?i1_sqrt                                       cstackBANK1  000195
?i1_trunc                                      cstackBANK1  000173
?i2___awdiv                                    cstackCOMRAM 000007
?i2___awmod                                    cstackCOMRAM 000001
?i2___fladd                                    cstackBANK0  00006D
?i2___fldiv                                    cstackCOMRAM 000049
?i2___flmul                                    cstackCOMRAM 00000F
?i2___flneg                                    cstackCOMRAM 000055
?i2___flsub                                    cstackBANK0  000093
?i2___fltol                                    cstackCOMRAM 000031
?i2___lldiv                                    cstackCOMRAM 000001
?i2___llmod                                    cstackCOMRAM 00000E
?i2___wmul                                     cstackCOMRAM 000001
?i2___xxtofl                                   cstackCOMRAM 00003B
?i2__div_to_l_                                 cstackCOMRAM 000001
?i2__doprnt                                    cstackBANK0  00009B
?i2__tdiv_to_l_                                cstackCOMRAM 000001
?i2_acos                                       cstackBANK0  0000BA
?i2_asin                                       cstackBANK0  0000A2
?i2_atan                                       cstackBANK0  00008D
?i2_eval_poly                                  cstackBANK0  00007D
?i2_fabs                                       cstackCOMRAM 000059
?i2_fround                                     cstackCOMRAM 000028
?i2_printf                                     cstackBANK0  0000C5
?i2_readDoubleFromEEPROM                       cstackCOMRAM 000003
?i2_scale                                      cstackCOMRAM 000028
?i2_sqrt                                       cstackBANK0  00007D
ADCC_SetADTIInterruptHandler@InterruptHandler  cstackBANK3  000300
ADCC_StartConversion@channel                   cstackBANK1  000112
ADC_PostProcessingCallback@current_adc_channel cstackBANK0  0000EA
DATAEE_ReadByte@bAdd                           cstackBANK3  000300
DATAEE_WriteByte@GIEBitValue                   cstackBANK3  000303
DATAEE_WriteByte@bAdd                          cstackBANK3  000300
DATAEE_WriteByte@bData                         cstackBANK3  000302
EUSART2_Read@readValue                         cstackBANK3  000300
EUSART2_SetRxInterruptHandler@interruptHandler cstackBANK3  000300
EUSART2_SetTxInterruptHandler@interruptHandler cstackBANK3  000300
EUSART2_Write@txData                           cstackBANK3  000300
FLASH_ReadByte@flashAddr                       cstackBANK3  000300
FLASH_ReadWord@flashAddr                       cstackBANK3  000304
I2C1_ISR@i2c_10bit_address_restart             bssBANK1     0001E8
I2C1_ISR@i2c_address                           bssBANK0     0000FB
I2C1_ISR@i2c_bytes_left                        bssBANK1     0001E9
I2C1_ISR@pi2c_buf_ptr                          bssBANK1     0001DA
I2C1_MasterRead@trBlock                        bssBANK4     0004D6
I2C1_MasterTRBInsert@count                     cstackBANK3  000305
I2C1_MasterTRBInsert@pflag                     cstackBANK3  000302
I2C1_MasterTRBInsert@ptrb_list                 cstackBANK3  000300
I2C1_MasterWrite@address                       cstackBANK3  00030C
I2C1_MasterWrite@length                        cstackBANK3  00030B
I2C1_MasterWrite@pdata                         cstackBANK3  000309
I2C1_MasterWrite@pflag                         cstackBANK3  00030E
I2C1_MasterWrite@trBlock                       bssBANK4     0004DB
I2C1_MasterWriteTRBBuild@address               cstackBANK3  000305
I2C1_MasterWriteTRBBuild@length                cstackBANK3  000304
I2C1_MasterWriteTRBBuild@pdata                 cstackBANK3  000302
I2C1_MasterWriteTRBBuild@ptrb                  cstackBANK3  000300
I2C1_Stop@completion_code                      cstackCOMRAM 000003
INT0_SetInterruptHandler@InterruptHandler      cstackBANK3  000300
OLED_Clear@col                                 cstackBANK3  000323
OLED_Clear@row                                 cstackBANK3  000321
OLED_Command@data_array                        cstackBANK3  000312
OLED_Command@length                            cstackBANK3  000311
OLED_Command@temp                              cstackBANK3  000310
OLED_PutChar@ch                                cstackBANK3  000320
OLED_PutChar@data_array                        cstackBANK3  000314
OLED_PutChar@input_base                        cstackBANK3  00031D
OLED_PutChar@length                            cstackBANK3  00031F
OLED_WriteString@s                             cstackBANK3  000321
OLED_YX@Column                                 cstackBANK3  000314
OLED_YX@Row                                    cstackBANK3  000316
OLED_updateCallback@TRIAC_degrees              cstackBANK4  000429
OLED_updateCallback@angle_string               cstackBANK4  000462
OLED_updateCallback@dev_id_str                 cstackBANK4  00042F
OLED_updateCallback@percentage                 cstackBANK4  00042C
OLED_updateCallback@percentage_string          cstackBANK4  000451
OLED_updateCallback@rev_id_str                 cstackBANK4  000440
TMR2_Counter8BitSet@timerVal                   cstackBANK3  000300
TMR2_Period8BitSet@periodVal                   cstackBANK3  000300
TMR2_SetInterruptHandler@InterruptHandler      cstackBANK3  000300
TMR2_WriteTimer@timerVal                       cstackBANK3  000301
TMR4_ISR@CountCallBack                         bssBANK1     0001E0
TMR4_SetInterruptHandler@InterruptHandler      cstackBANK3  000300
TMR5_SetInterruptHandler@InterruptHandler      cstackBANK3  000300
TMR5_WriteTimer@timerVal                       cstackCOMRAM 000001
TMR6_SetInterruptHandler@InterruptHandler      cstackBANK3  000300
TMR7_SetInterruptHandler@InterruptHandler      cstackBANK3  000300
TMR7_WriteTimer@timerVal                       cstackBANK1  000112
_ADACCH                                        (abs)        000F71
_ADACCL                                        (abs)        000F70
_ADACQ                                         (abs)        000F5C
_ADACT                                         (abs)        000F56
_ADCAP                                         (abs)        000F5D
_ADCC_ADTI_InterruptHandler                    bssBANK2     0002B1
_ADCC_ClearAccumulator                         text127      0045E8
_ADCC_DefaultInterruptHandler                  text236      004630
_ADCC_DischargeSampleCapacitor                 text126      0045C8
_ADCC_GetConversionResult                      text262      00441E
_ADCC_GetCurrentCountofConversions             text261      004620
_ADCC_GetFilterValue                           text260      00440A
_ADCC_HasAccumulatorOverflowed                 text259      004564
_ADCC_Initialize                               text113      002BAE
_ADCC_SetADTIInterruptHandler                  text114      004514
_ADCC_StartConversion                          text125      004522
_ADCC_StopConversion                           text258      00461C
_ADCC_ThresholdISR                             text235      003FEA
_ADCLK                                         (abs)        000F57
_ADCNT                                         (abs)        000F67
_ADCON0                                        (abs)        000F60
_ADCON0bits                                    (abs)        000F60
_ADCON1                                        (abs)        000F59
_ADCON1bits                                    (abs)        000F59
_ADCON2                                        (abs)        000F5A
_ADCON2bits                                    (abs)        000F5A
_ADCON3                                        (abs)        000F5B
_ADCON3bits                                    (abs)        000F5B
_ADC_PostProcessingCallback                    text237      017F72
_ADC_PostProcessingCallback$6524               cstackBANK0  0000EB
_ADC_PostProcessingCallback$6525               cstackBANK0  0000EF
_ADC_PostProcessingCallback$6526               cstackBANK0  0000DA
_ADC_PostProcessingCallback$6527               cstackBANK0  0000DE
_ADC_PostProcessingCallback$6528               cstackBANK0  0000E2
_ADC_PostProcessingCallback$6529               cstackBANK0  0000E6
_ADC_Result_Scaling                            bssBANK2     00029A
_ADERRH                                        (abs)        000F6F
_ADERRL                                        (abs)        000F6E
_ADFLTRH                                       (abs)        000F73
_ADFLTRL                                       (abs)        000F72
_ADLTHH                                        (abs)        000F6B
_ADLTHL                                        (abs)        000F6A
_ADPCH                                         (abs)        000F5F
_ADPRE                                         (abs)        000F5E
_ADPREVH                                       (abs)        000F62
_ADPREVL                                       (abs)        000F61
_ADREF                                         (abs)        000F58
_ADRESH                                        (abs)        000F64
_ADRESL                                        (abs)        000F63
_ADRPT                                         (abs)        000F66
_ADSTAT                                        (abs)        000F65
_ADSTATbits                                    (abs)        000F65
_ADSTPTH                                       (abs)        000F69
_ADSTPTL                                       (abs)        000F68
_ADUTHH                                        (abs)        000F6D
_ADUTHL                                        (abs)        000F6C
_ANSELA                                        (abs)        000E92
_ANSELB                                        (abs)        000E9A
_ANSELD                                        (abs)        000EA7
_ANSELE                                        (abs)        000EAF
_ANSELF                                        (abs)        000EB4
_ANSELG                                        (abs)        000EBC
_AVSS_ADC_Result                               bssBANK3     0003FB
_Avg_Power                                     bssBANK2     000286
_BAUD2CON                                      (abs)        000EF7
_CountCallBack                                 bssBANK2     0002BC
_DATAEE_ReadByte                               text88       004378
_DATAEE_WriteByte                              text84       0039C0
_EUSART2_Initialize                            text110      002E20
_EUSART2_Read                                  text43       0032E4
_EUSART2_Receive_ISR                           text220      001C40
_EUSART2_RxDefaultInterruptHandler             bssBANK4     00048C
_EUSART2_SetRxInterruptHandler                 text112      004506
_EUSART2_SetTxInterruptHandler                 text111      0044F8
_EUSART2_Transmit_ISR                          text195      003CC6
_EUSART2_TxDefaultInterruptHandler             bssBANK2     0002B7
_EUSART2_Write                                 text65       0034F2
_EXT_INT_Initialize                            text108      004296
_FLASH_ReadByte                                text56       004344
_FLASH_ReadWord                                text55       0037FC
_FVRCON                                        (abs)        000EC4
_FVRCONbits                                    (abs)        000EC4
_FVR_ADC_Result                                bssBANK2     0002C8
_FVR_Initialize                                text107      0045C0
_HLVDCON0                                      (abs)        000EC2
_HLVDCON0bits                                  (abs)        000EC2
_HLVDCON1                                      (abs)        000EC3
_HLVD_ISR                                      text217      003942
_HLVD_Initialize                               text106      004486
_I2C1_BusCollisionISR                          text216      0045FA
_I2C1_FunctionComplete                         text215      0042B4
_I2C1_ISR                                      text213      01EAFA
_I2C1_Initialize                               text105      003C90
_I2C1_MasterTRBInsert                          text119      001E4C
_I2C1_MasterWrite                              text117      003244
_I2C1_MasterWriteTRBBuild                      text118      0036A2
_I2C1_Stop                                     text214      003880
_I2C1_WaitForLastPacketToComplete              text120      004584
_INT0PPS                                       (abs)        000DF0
_INT0_CallBack                                 text208      0041AE
_INT0_DefaultInterruptHandler                  text209      00462E
_INT0_ISR                                      text207      0045AC
_INT0_InterruptHandler                         bssBANK2     0002A8
_INT0_SetInterruptHandler                      text109      0044EA
_INTCONbits                                    (abs)        000FF2
_INTERRUPT_Initialize                          text104      004278
_INTERRUPT_InterruptManagerHigh                intcode      000008
_INTERRUPT_InterruptManagerLow                 intcodelo    000018
_IPR0bits                                      (abs)        000E1F
_IPR1bits                                      (abs)        000E20
_IPR2bits                                      (abs)        000E21
_IPR3bits                                      (abs)        000E22
_IPR5bits                                      (abs)        000E24
_Imeas                                         bssBANK3     0003F3
_Ipk                                           bssBANK1     0001D6
_Irms                                          bssBANK2     00028A
_Irms_offset                                   dataBANK2    0002CD
_LATA                                          (abs)        000F79
_LATB                                          (abs)        000F7A
_LATC                                          (abs)        000F7B
_LATD                                          (abs)        000F7C
_LATE                                          (abs)        000F7D
_LATF                                          (abs)        000F7E
_LATFbits                                      (abs)        000F7E
_LATG                                          (abs)        000F7F
_LATGbits                                      (abs)        000F7F
_LATH                                          (abs)        000F80
_NVMADRH                                       (abs)        000F75
_NVMADRL                                       (abs)        000F74
_NVMCON1bits                                   (abs)        000F77
_NVMCON2                                       (abs)        000F78
_NVMDAT                                        (abs)        000F76
_ODCONA                                        (abs)        000E90
_ODCONB                                        (abs)        000E98
_ODCONC                                        (abs)        000EA0
_ODCOND                                        (abs)        000EA5
_ODCONE                                        (abs)        000EAD
_ODCONF                                        (abs)        000EB2
_ODCONG                                        (abs)        000EBA
_ODCONH                                        (abs)        000EBF
_OLED_Clear                                    text40       0038C2
_OLED_Command                                  text116      002CE8
_OLED_Frame                                    bssBANK4     000491
_OLED_I2C_Status                               bssBANK2     0002CC
_OLED_Init                                     text115      0020D0
_OLED_PutChar                                  text41       00189E
_OLED_RAM_Buffer                               bssBANK4     000492
_OLED_UpdateFromRAMBuffer                      text37       00279C
_OLED_WriteString                              text39       002FFE
[...]

mcc_generated_files/tmr4.c
		_TMR4_ISR      		CODE           	40F6	0000	39
		_TMR4_Initialize		CODE           	3E5A	0000	49
		_TMR4_SetInterruptHandler		CODE           	44CE	0000	15
		_TMR4_DefaultInterruptHandler		CODE           	462C	0000	3
		_TMR4_CallBack 		CODE           	418A	0000	37

mcc_generated_files/tmr4.c estimated size: 143

C:\Program Files (x86)\Microchip\xc8\v1.45\sources\common\round.c
		_round         		CODE           	1FF3C	0000	183

C:\Program Files (x86)\Microchip\xc8\v1.45\sources\common\round.c estimated size: 183

mcc_generated_files/tmr2.c
		_TMR2_ISR      		CODE           	4084	0000	39
		_TMR2_Initialize		CODE           	3E8A	0000	49
		_TMR2_Stop     		CODE           	4604	0000	5
		_TMR2_Start    		CODE           	4608	0000	5
		_TMR2_SetInterruptHandler		CODE           	44DC	0000	15
		_TMR2_Counter8BitSet		CODE           	4570	0000	11
		_TMR2_Period8BitSet		CODE           	457A	0000	11
		_TMR2_StopTimer		CODE           	45DC	0000	7
		_TMR2_DefaultInterruptHandler		CODE           	4628	0000	3
		_TMR2_CallBack 		CODE           	4166	0000	37
		_TMR2_WriteTimer		CODE           	4496	0000	15
		_TMR2_StartTimer		CODE           	45E2	0000	7

mcc_generated_files/tmr2.c estimated size: 204

mcc_generated_files/interrupt_manager.c
		_INTERRUPT_Initialize		CODE           	4278	0000	31
		_INTERRUPT_InterruptManagerLow		CODE           	0018	0000	243
		_INTERRUPT_InterruptManagerHigh		CODE           	0008	0000	271

mcc_generated_files/interrupt_manager.c estimated size: 545

C:\Program Files (x86)\Microchip\xc8\v1.45\sources\common\Umul16.c
		___wmul        		CODE           	3F72	0000	41

C:\Program Files (x86)\Microchip\xc8\v1.45\sources\common\Umul16.c estimated size: 41

mcc_generated_files/i2c1.c
		_I2C1_BusCollisionISR		CODE           	45FA	0000	7
		_I2C1_FunctionComplete		CODE           	42B4	0000	31
		_I2C1_MasterWriteTRBBuild		CODE           	36A2	0000	71
		_I2C1_ISR      		CODE           	1EAFA	0000	621
		_I2C1_MasterWrite		CODE           	3244	0000	81
		_I2C1_Initialize		CODE           	3C90	0000	55
		_I2C1_Stop     		CODE           	3880	0000	67
		_I2C1_WaitForLastPacketToComplete		CODE           	4584	0000	11
		_I2C1_MasterTRBInsert		CODE           	1E4C	0000	163

mcc_generated_files/i2c1.c estimated size: 1107

double_to_EEPROM.c
		_readDoubleFromEEPROM		CODE           	3102	0000	83
		_writeDoubleToEEPROM		CODE           	31A4	0000	81

double_to_EEPROM.c estimated size: 164

C:\Program Files (x86)\Microchip\xc8\v1.45\sources\common\frexp.c
		_frexp         		CODE           	2624	0000	127

C:\Program Files (x86)\Microchip\xc8\v1.45\sources\common\frexp.c estimated size: 127

mcc_generated_files/pin_manager.c
		_PIN_MANAGER_Initialize		CODE           	17D2	0000	205

mcc_generated_files/pin_manager.c estimated size: 205

C:\Program Files (x86)\Microchip\xc8\v1.45\sources\common\fabs.c
		_fabs          		CODE           	3982	0000	63

C:\Program Files (x86)\Microchip\xc8\v1.45\sources\common\fabs.c estimated size: 63

C:\Program Files (x86)\Microchip\xc8\v1.45\sources\common\isdigit.c
		_isdigit       		CODE           	41F4	0000	35

C:\Program Files (x86)\Microchip\xc8\v1.45\sources\common\isdigit.c estimated size: 35

C:\Program Files (x86)\Microchip\xc8\v1.45\sources\common\sprcadd.c
		___flsub       		CODE           	353A	0000	73
		___fladd       		CODE           	1BC5C	0000	831

C:\Program Files (x86)\Microchip\xc8\v1.45\sources\common\sprcadd.c estimated size: 904

C:\Program Files (x86)\Microchip\xc8\v1.45\sources\common\floor.c
		_floor         		CODE           	0B8A	0000	277

C:\Program Files (x86)\Microchip\xc8\v1.45\sources\common\floor.c estimated size: 277

C:\Program Files (x86)\Microchip\xc8\v1.45\sources\common\ftdivl.c
		__tdiv_to_l_   		CODE           	010E	0000	309

C:\Program Files (x86)\Microchip\xc8\v1.45\sources\common\ftdivl.c estimated size: 309

C:\Program Files (x86)\Microchip\xc8\v1.45\sources\common\awmod.c
		___awmod       		CODE           	290A	0000	115

C:\Program Files (x86)\Microchip\xc8\v1.45\sources\common\awmod.c estimated size: 115

C:\Program Files (x86)\Microchip\xc8\v1.45\sources\common\strstr.c
		_strstr        		CODE           	21FA	0000	141

C:\Program Files (x86)\Microchip\xc8\v1.45\sources\common\strstr.c estimated size: 141

C:\Program Files (x86)\Microchip\xc8\v1.45\sources\common\ftdiv.c
		___ftdiv       		CODE           	1292	0000	233

C:\Program Files (x86)\Microchip\xc8\v1.45\sources\common\ftdiv.c estimated size: 233

device_IDs.c
		_getDeviceID   		CODE           	4238	0000	33
		_getUserID     		CODE           	3774	0000	69
		_getMinorRevisionID		CODE           	4038	0000	39
		_getDeviceIDString		CODE           	2EEC	0000	97
		_getMajorRevisionID		CODE           	3AB6	0000	61

device_IDs.c estimated size: 299

C:\Program Files (x86)\Microchip\xc8\v1.45\sources\common\acos.c
		_acos          		CODE           	29EE	0000	113

C:\Program Files (x86)\Microchip\xc8\v1.45\sources\common\acos.c estimated size: 113

C:\Program Files (x86)\Microchip\xc8\v1.45\sources\common\llmod.c
		___llmod       		CODE           	2C80	0000	105

C:\Program Files (x86)\Microchip\xc8\v1.45\sources\common\llmod.c estimated size: 105

C:\Program Files (x86)\Microchip\xc8\v1.45\sources\common\fldivl.c
		__div_to_l_    		CODE           	04A8	0000	299

C:\Program Files (x86)\Microchip\xc8\v1.45\sources\common\fldivl.c estimated size: 299

C:\Program Files (x86)\Microchip\xc8\v1.45\sources\common\sprintf.c
		_sprintf       		CODE           	34AA	0000	73

C:\Program Files (x86)\Microchip\xc8\v1.45\sources\common\sprintf.c estimated size: 73

C:\Program Files (x86)\Microchip\xc8\v1.45\sources\common\fltol.c
		___fltol       		CODE           	1462	0000	223

C:\Program Files (x86)\Microchip\xc8\v1.45\sources\common\fltol.c estimated size: 223

mcc_generated_files/ext_int.c
		_INT0_SetInterruptHandler		CODE           	44EA	0000	15
		_EXT_INT_Initialize		CODE           	4296	0000	31
		_INT0_DefaultInterruptHandler		CODE           	462E	0000	3
		_INT0_CallBack 		CODE           	41AE	0000	37
		_INT0_ISR      		CODE           	45AC	0000	11

mcc_generated_files/ext_int.c estimated size: 97

C:\Program Files (x86)\Microchip\xc8\v1.45\sources\common\atoi.c
		_atoi          		CODE           	16FA	0000	217

C:\Program Files (x86)\Microchip\xc8\v1.45\sources\common\atoi.c estimated size: 217

mcc_generated_files/tmr7.c
		_TMR7_DefaultInterruptHandler		CODE           	4624	0000	3
		_TMR7_WriteTimer		CODE           	405E	0000	39
		_TMR7_ISR      		CODE           	3D30	0000	53
		_TMR7_Initialize		CODE           	30AE	0000	85
		_TMR7_SetInterruptHandler		CODE           	44A4	0000	15

mcc_generated_files/tmr7.c estimated size: 195

mcc_generated_files/hlvd.c
		_HLVD_ISR      		CODE           	3942	0000	65
		_HLVD_Initialize		CODE           	4486	0000	17

mcc_generated_files/hlvd.c estimated size: 82

C:\Program Files (x86)\Microchip\xc8\v1.45\sources\common\printf.c
		_printf        		CODE           	3AF2	0000	61

C:\Program Files (x86)\Microchip\xc8\v1.45\sources\common\printf.c estimated size: 61

mcc_generated_files/tmr5.c
		_TMR5_ISR      		CODE           	3D64	0000	53
		_TMR5_Initialize		CODE           	31F4	0000	81
		_TMR5_SetInterruptHandler		CODE           	44C0	0000	15
		_TMR5_StopTimer		CODE           	4600	0000	5
		_TMR5_DefaultInterruptHandler		CODE           	462A	0000	3
		_TMR5_WriteTimer		CODE           	4328	0000	29
		_TMR5_StartTimer		CODE           	4618	0000	5

mcc_generated_files/tmr5.c estimated size: 191

shared
		i2_writeDoubleToEEPROM		CODE           	33CC	0000	77
		i2_DATAEE_WriteByte		CODE           	3C1E	0000	59
		i1_acos        		CODE           	2A5E	0000	113
		i2_printf      		CODE           	3BA6	0000	61
		i2_acos        		CODE           	2B3E	0000	113
		_OledFont      		MEDIUMCONST    	CBA1	0000	769
		i2_readDoubleFromEEPROM		CODE           	3332	0000	79
		i1_putch       		CODE           	4530	0000	15
		i2_putch       		CODE           	45B6	0000	11
		i1_getMinorRevisionID		CODE           	40AA	0000	39
		i1___ftdiv     		CODE           	137A	0000	233
		__powers_      		MEDIUMCONST    	CAE3	0000	53
		i1_TMR2_Counter8BitSet		CODE           	458E	0000	11
		i1_OLED_YX     		CODE           	3B6A	0000	61
		i1_I2C1_WaitForLastPacketToComplete		CODE           	45A2	0000	11
		_dpowers       		MEDIUMCONST    	CB4B	0000	41
		i1___lwtoft    		CODE           	40D0	0000	39
		i1_isdigit     		CODE           	4216	0000	35
		i2_isdigit     		CODE           	42D2	0000	31
		i1_getCauseOfResetStringSmall		CODE           	3EBA	0000	49
		i1_OLED_Clear  		CODE           	3902	0000	65
		i1___flneg     		CODE           	3EEA	0000	49
		i1_strcpy      		CODE           	3582	0000	73
		i2___flneg     		CODE           	3F1A	0000	47
		i1_atan        		CODE           	1F44E	0000	569
		i1___awdiv     		CODE           	230C	0000	135
		i2_atan        		CODE           	1F686	0000	569
		atan@coeff_a   		MEDIUMCONST    	CEA1	0000	25
		atan@coeff_b   		MEDIUMCONST    	CECD	0000	21
		i2___awdiv     		CODE           	251E	0000	133
		i1___fladd     		CODE           	1BF9A	0000	831
		i1__tdiv_to_l_ 		CODE           	0242	0000	309
		i2___fladd     		CODE           	1C2D8	0000	831
		i2__tdiv_to_l_ 		CODE           	0376	0000	307
		i1___wmul      		CODE           	3FC2	0000	41
		i1_eval_poly   		CODE           	0EA6	0000	257
		i2___wmul      		CODE           	411C	0000	39
		i1_I2C1_MasterWrite		CODE           	3294	0000	81
		i2_eval_poly   		CODE           	0FA6	0000	257
		i1__doprnt     		CODE           	14120	0000	7987
		i2__doprnt     		CODE           	16052	0000	7969
		i1___fldiv     		CODE           	1E2E0	0000	695
		i1__div_to_l_  		CODE           	05D2	0000	299
		i1___fltol     		CODE           	1540	0000	223
		i2___fldiv     		CODE           	1E596	0000	695
		i2__div_to_l_  		CODE           	06FC	0000	297
		i1___ftpack    		CODE           	1B90	0000	177
		__npowers_     		MEDIUMCONST    	CB17	0000	53
		i2___fltol     		CODE           	161E	0000	221
		i1_scale       		CODE           	1A5DC	0000	1189
		i1___lldiv     		CODE           	2416	0000	133
		i2_scale       		CODE           	1AA80	0000	1153
		i2___lldiv     		CODE           	25A2	0000	131
		__initialization		CODE           	11A0	0000	233
		i1___flge      		CODE           	0946	0000	291
		i2___flge      		CODE           	0A68	0000	291
		i1_OLED_Command		CODE           	2DB8	0000	105
		i1_OLED_UpdateFromRAMBuffer		CODE           	2816	0000	123
		i1_OLED_PutChar		CODE           	1964	0000	199
		i1_trunc       		CODE           	2030	0000	161
		i1___awmod     		CODE           	297C	0000	115
		i2___awmod     		CODE           	2ACE	0000	113
		i1_EUSART2_Write		CODE           	35CA	0000	73
		i1_frexp       		CODE           	26A2	0000	127
		i2_EUSART2_Write		CODE           	372E	0000	71
		i2_frexp       		CODE           	2890	0000	123
		_max_Temp_ADC_Result_address		MEDIUMCONST    	CB95	0000	3
		i1_FLASH_ReadWord		CODE           	383E	0000	67
		_max_Irms_address		MEDIUMCONST    	CB9D	0000	3
		i1_TMR2_Stop   		CODE           	460C	0000	5
		_max_POS12_ADC_Result_address		MEDIUMCONST    	CB97	0000	3
		i1_FLASH_ReadByte		CODE           	4392	0000	27
		i1___flmul     		CODE           	1B5BA	0000	851
		i1_I2C1_MasterWriteTRBBuild		CODE           	36E8	0000	71
		i2___flmul     		CODE           	1B90C	0000	849
		i1_asin        		CODE           	1C926	0000	785
		i1_TMR2_Start  		CODE           	4610	0000	5
		i2_asin        		CODE           	1CC36	0000	785
		i1_OLED_updateCallback		CODE           	1936E	0000	2253
		i1___llmod     		CODE           	2D50	0000	105
		_hexpowers     		MEDIUMCONST    	CB73	0000	33
		i1_memmove     		CODE           	1D9E	0000	175
		i1_sprintf     		CODE           	3418	0000	75
		i2___llmod     		CODE           	2E86	0000	103
		i1_getMajorRevisionID		CODE           	3B2E	0000	61
		i1___xxtofl    		CODE           	1FA12	0000	341
		i2___xxtofl    		CODE           	1FB66	0000	337
		_Total_Energy_address		MEDIUMCONST    	CB9F	0000	3
		i1_getDeviceID 		CODE           	4258	0000	33
		i2_DATAEE_ReadByte		CODE           	43C4	0000	25
		i1_TMR2_StopTimer		CODE           	45EE	0000	7
		i1___flsub     		CODE           	3612	0000	73
		i2___flsub     		CODE           	365A	0000	73
		i1_OLED_WriteString		CODE           	3056	0000	89
		i2_TMR5_StopTimer		CODE           	4614	0000	5
		i1_fabs        		CODE           	3A3C	0000	63
		i2_fabs        		CODE           	3BE2	0000	61
		i1_sqrt        		CODE           	1D50E	0000	713
		i2_sqrt        		CODE           	1D7D6	0000	713
		_max_Power_address		MEDIUMCONST    	CB9B	0000	3
		i1_TMR2_Period8BitSet		CODE           	4598	0000	11
		i1_fround      		CODE           	1DD64	0000	711
		i1_round       		CODE           	1A2A	0000	183
		i2_fround      		CODE           	1E84C	0000	687
		i1_TMR2_WriteTimer		CODE           	453E	0000	15
		i1_TMR2_StartTimer		CODE           	45F4	0000	7
		sin@coeff_a    		MEDIUMCONST    	CEB9	0000	21
		sin@coeff_b    		MEDIUMCONST    	CEE1	0000	17
		_max_POS3P3_ADC_Result_address		MEDIUMCONST    	CB99	0000	3
		i1_I2C1_MasterTRBInsert		CODE           	1EEE	0000	163
		_max_FVR_ADC_Result_address		MEDIUMCONST    	CB93	0000	3

shared estimated size: 40405

mcc_generated_files/mcc.c
		_PMD_Initialize		CODE           	42F0	0000	29
		_OSCILLATOR_Initialize		CODE           	430C	0000	29
		_SYSTEM_Initialize		CODE           	39FE	0000	63

mcc_generated_files/mcc.c estimated size: 121

ring_buffer_interface.c
		_terminal_ringBufferPull		CODE           	1FE02	0000	315
		_terminal_textAttributes		CODE           	1AF00	0000	873
		_terminal_textAttributesReset		CODE           	4432	0000	19
		_terminal_setCursorHome		CODE           	4456	0000	17
		_terminal_printNewline		CODE           	4466	0000	17
		_terminal_clearTerminal		CODE           	4476	0000	17

ring_buffer_interface.c estimated size: 1258

C:\Program Files (x86)\Microchip\xc8\v1.45\sources\common\atan.c
		_atan          		CODE           	1F216	0000	569

C:\Program Files (x86)\Microchip\xc8\v1.45\sources\common\atan.c estimated size: 569

cause_of_reset.c
		_getCauseOfResetStringSmall		CODE           	3DCA	0000	49
		_getCauseOfResetString		CODE           	3DFA	0000	49
		_getCauseOfReset		CODE           	2F4C	0000	91

cause_of_reset.c estimated size: 189

C:\Program Files (x86)\Microchip\xc8\v1.45\sources\common\awdiv.c
		___awdiv       		CODE           	2286	0000	135

C:\Program Files (x86)\Microchip\xc8\v1.45\sources\common\awdiv.c estimated size: 135

C:\Program Files (x86)\Microchip\xc8\v1.45\sources\common\strcat.c
		_strcat        		CODE           	3380	0000	77

C:\Program Files (x86)\Microchip\xc8\v1.45\sources\common\strcat.c estimated size: 77

oled.c
		_OLED_Clear    		CODE           	38C2	0000	65
		_OLED_Command  		CODE           	2CE8	0000	105
		_OLED_WriteString		CODE           	2FFE	0000	89
		_OLED_UpdateFromRAMBuffer		CODE           	279C	0000	123
		_OLED_Init     		CODE           	20D0	0000	155
		_OLED_PutChar  		CODE           	189E	0000	199
		_OLED_YX       		CODE           	3A7A	0000	61

oled.c estimated size: 797

C:\Program Files (x86)\Microchip\xc8\v1.45\sources\common\evalpoly.c
		_eval_poly     		CODE           	0DA6	0000	257

C:\Program Files (x86)\Microchip\xc8\v1.45\sources\common\evalpoly.c estimated size: 257

mcc_generated_files/memory.c
		_FLASH_ReadWord		CODE           	37FC	0000	67
		_FLASH_ReadByte		CODE           	4344	0000	27
		_DATAEE_WriteByte		CODE           	39C0	0000	63
		_DATAEE_ReadByte		CODE           	4378	0000	27

mcc_generated_files/memory.c estimated size: 184

C:\Program Files (x86)\Microchip\xc8\v1.45\sources\common\sin.c
		_sin           		CODE           	1CF46	0000	769

C:\Program Files (x86)\Microchip\xc8\v1.45\sources\common\sin.c estimated size: 769

C:\Program Files (x86)\Microchip\xc8\v1.45\sources\common\abs.c
		_abs           		CODE           	3F48	0000	43

C:\Program Files (x86)\Microchip\xc8\v1.45\sources\common\abs.c estimated size: 43

C:\Program Files (x86)\Microchip\xc8\v1.45\sources\common\lldiv.c
		___lldiv       		CODE           	2392	0000	133

C:\Program Files (x86)\Microchip\xc8\v1.45\sources\common\lldiv.c estimated size: 133

ring_buffer_LUT.c
		_ringBufferLUT 		CODE           	10000	0000	8425
		_terminal_printResetMessage		CODE           	19C3A	0000	1279

ring_buffer_LUT.c estimated size: 9704

C:\Program Files (x86)\Microchip\xc8\v1.45\sources\common\xxtofl.c
		___xxtofl      		CODE           	1F8BE	0000	341

C:\Program Files (x86)\Microchip\xc8\v1.45\sources\common\xxtofl.c estimated size: 341

C:\Program Files (x86)\Microchip\xc8\v1.45\sources\common\trunc.c
		_trunc         		CODE           	1F90	0000	161

C:\Program Files (x86)\Microchip\xc8\v1.45\sources\common\trunc.c estimated size: 161

mcc_generated_files/adcc.c
		_ADCC_StopConversion		CODE           	461C	0000	5
		_ADCC_DefaultInterruptHandler		CODE           	4630	0000	3
		_ADCC_ClearAccumulator		CODE           	45E8	0000	7
		_ADCC_GetFilterValue		CODE           	440A	0000	21
		_ADCC_GetCurrentCountofConversions		CODE           	4620	0000	5
		_ADCC_SetADTIInterruptHandler		CODE           	4514	0000	15
		_ADCC_GetConversionResult		CODE           	441E	0000	21
		_ADCC_ThresholdISR		CODE           	3FEA	0000	41
		_ADCC_StartConversion		CODE           	4522	0000	15
		_ADCC_Initialize		CODE           	2BAE	0000	107
		_ADCC_HasAccumulatorOverflowed		CODE           	4564	0000	13
		_ADCC_DischargeSampleCapacitor		CODE           	45C8	0000	9

mcc_generated_files/adcc.c estimated size: 262

C:\Program Files (x86)\Microchip\xc8\v1.45\sources\common\flneg.c
		___flneg       		CODE           	3E2A	0000	49

C:\Program Files (x86)\Microchip\xc8\v1.45\sources\common\flneg.c estimated size: 49

main.c
		_dimmingOffTimeCallback		CODE           	43DC	0000	25
		_saveSRAMMaxToEEPROM		CODE           	1ED66	0000	615
		_acquisitionTimerCallback		CODE           	4444	0000	19
		_ADC_PostProcessingCallback		CODE           	17F72	0000	2863
		_main          		CODE           	10A6	0000	251
		_heartbeatTimerCallback		CODE           	37B8	0000	69
		_currentMeasuredToPeak		CODE           	2720	0000	125
		_recoverSRAMMaxFromEEPROM		CODE           	1FCB6	0000	333
		_dimmingOnTimeCallback		CODE           	4558	0000	13
		_writeEnergyToEEPROMCallback		CODE           	249A	0000	133
		_OLED_updateCallback		CODE           	18AA0	0000	2255
		_peakToRMS     		CODE           	1EFCC	0000	587

main.c estimated size: 7288

C:\Program Files (x86)\Microchip\xc8\v1.45\sources\common\strlen.c
		_strlen        		CODE           	2FA6	0000	89

C:\Program Files (x86)\Microchip\xc8\v1.45\sources\common\strlen.c estimated size: 89

C:\Program Files (x86)\Microchip\xc8\v1.45\sources\common\lwtoft.c
		___lwtoft      		CODE           	4012	0000	39

C:\Program Files (x86)\Microchip\xc8\v1.45\sources\common\lwtoft.c estimated size: 39

C:\Program Files (x86)\Microchip\xc8\v1.45\sources\common\strcmp.c
		_strcmp        		CODE           	3154	0000	81

C:\Program Files (x86)\Microchip\xc8\v1.45\sources\common\strcmp.c estimated size: 81

C:\Program Files (x86)\Microchip\xc8\v1.45\sources\common\strchr.c
		_strchr        		CODE           	3C58	0000	57

C:\Program Files (x86)\Microchip\xc8\v1.45\sources\common\strchr.c estimated size: 57

C:\Program Files (x86)\Microchip\xc8\v1.45\sources\common\strcpy.c
		_strcpy        		CODE           	3462	0000	73

C:\Program Files (x86)\Microchip\xc8\v1.45\sources\common\strcpy.c estimated size: 73

C:\Program Files (x86)\Microchip\xc8\v1.45\sources\common\strncmp.c
		_strncmp       		CODE           	216A	0000	145

C:\Program Files (x86)\Microchip\xc8\v1.45\sources\common\strncmp.c estimated size: 145

C:\Program Files (x86)\Microchip\xc8\v1.45\sources\common\sprcmul.c
		___flmul       		CODE           	1B268	0000	851

C:\Program Files (x86)\Microchip\xc8\v1.45\sources\common\sprcmul.c estimated size: 851

C:\Program Files (x86)\Microchip\xc8\v1.45\sources\common\strncpy.c
		_strncpy       		CODE           	2C18	0000	105

C:\Program Files (x86)\Microchip\xc8\v1.45\sources\common\strncpy.c estimated size: 105

