Microchip MPLAB XC8 Compiler V1.45 ()

Linker command line:

-W-3 --edf=C:\Program Files (x86)\Microchip\xc8\v1.45\dat\en_msgs.txt -cs \
  -h+dist/default/production\AC_Power_Meter.X.production.sym \
  --cmf=dist/default/production\AC_Power_Meter.X.production.cmf -z \
  -Q18LF67K40 -oC:\Users\DREWMA~1\AppData\Local\Temp\se38.2 \
  -Mdist/default/production/AC_Power_Meter.X.production.map -E1 -ver=XC8 \
  --acfsm=1493 -ASTACK=06D9h-0de9h -pstack=STACK -ACODE=00h-01FFFFh \
  -ACONST=00h-01FFFFh -ASMALLCONST=0E00h-0EFFhx498 \
  -AMEDIUMCONST=0E00h-0FFFFh,010E00h-01FFFFh -ACOMRAM=01h-05Fh \
  -AABS1=00h-0DE9h -ABIGRAM=01h-0DE9h \
  -ARAM=060h-0FFh,0100h-01FFhx12,0D00h-0DE9h -ABANK0=060h-0FFh \
  -ABANK1=0100h-01FFh -ABANK2=0200h-02FFh -ABANK3=0300h-03FFh \
  -ABANK4=0400h-04FFh -ABANK5=0500h-05FFh -ABANK6=0600h-06FFh \
  -ABANK7=0700h-07FFh -ABANK8=0800h-08FFh -ABANK9=0900h-09FFh \
  -ABANK10=0A00h-0AFFh -ABANK11=0B00h-0BFFh -ABANK12=0C00h-0CFFh \
  -ABANK13=0D00h-0DE9h \
  -ASFR=0DEFh-0DFFh,0E00h-0EFFh,0F00h-0F5Fh,0F60h-0FFFh \
  -preset_vec=00h,intcode=08h,intcodelo=018h,powerup,init -pramtop=0E00h \
  -psmallconst=SMALLCONST -pmediumconst=MEDIUMCONST -pconst=CONST \
  -AFARRAM=00h-00h -ACONFIG=0300000h-030000Bh -pconfig=CONFIG \
  -AIDLOC=0200000h-020000Fh -pidloc=IDLOC -AEEDATA=0310000h-03103FFh \
  -peeprom_data=EEDATA \
  -prdata=COMRAM,nvrram=COMRAM,nvbit=COMRAM,rbss=COMRAM,rbit=COMRAM \
  -pfarbss=FARRAM,fardata=FARRAM,nvFARRAM=FARRAM \
  -pintsave_regs=BIGRAM,bigbss=BIGRAM,bigdata=BIGRAM -pbss=RAM \
  -pidata=CODE,irdata=CODE,ibigdata=CODE,ifardata=CODE -prparam=COMRAM \
  C:\Users\DREWMA~1\AppData\Local\Temp\se38.obj \
  dist/default/production\AC_Power_Meter.X.production.obj 

Object code version is 3.11

Machine type is 18LF67K40

Call graph: (short form)




                Name                               Link     Load   Length Selector   Space Scale
C:\Users\DREWMA~1\AppData\Local\Temp\se38.obj
                init                                 EA       EA        4        C       0
                reset_vec                             0        0        4        0       0
                idloc                            200000   200000       10   200000       0
                config                           300000   300000        C   300000       0
dist/default/production\AC_Power_Meter.X.production.obj
                intcodelo                            18       18       D2        C       0
                intcode                               8        8        6        4       0
                temp                                 5F       5F        1        1       1
                mediumconst                        C932     C932     36CE     6499       0
                text269                            4D3E     4D3E       14        C       0
                text268                            4F7A     4F7A        4        C       0
                text267                            4D2A     4D2A       14        C       0
                text266                            4ECA     4ECA        C        C       0
                text265                            4F76     4F76        4        C       0
                text264                           1CB86    1CB86      33E     8000       0
                text263                            12E8     12E8      122        C       0
                text262                            1DB8     1DB8       DC        C       0
                text261                             5CE      5CE      150        C       0
                text260                            30D8     30D8       7A        C       0
                text259                            1522     1522      114        C       0
                text258                           1EE40    1EE40      2B6     8000       0
                text257                            484C     484C       2E        C       0
                text256                            3F54     3F54       48        C       0
                text255                           1C1BA    1C1BA      350     8000       0
                text254                            1836     1836      100        C       0
                text253                           1D7F4    1D7F4      300     8000       0
                text252                            2F68     2F68       7C        C       0
                text251                            4514     4514       3C        C       0
                text250                              EE       EE      238        C       0
                text249                           1E610    1E610      2C4     8000       0
                text248                           1D4E4    1D4E4      310     8000       0
                text247                            3386     3386       70        C       0
                text246                           1F86A    1F86A      24A     8000       0
                text245                           1981E    1981E      972     8000       0
                text244                            4F8C     4F8C        2        C       0
                text243                            48F2     48F2       28        C       0
                text242                            2DEA     2DEA       82        C       0
                text241                            3736     3736       66        C       0
                text240                            4A24     4A24       26        C       0
                text239                             E58      E58      128        C       0
                text238                             AD2      AD2      132        C       0
                text237                            2D66     2D66       84        C       0
                text236                            3316     3316       70        C       0
                text235                           1F0F6    1F0F6      2AE     8000       0
                text234                            4BBC     4BBC       1E        C       0
                text233                            4028     4028       46        C       0
                text232                            4F08     4F08        A        C       0
                text231                           1AFC6    1AFC6      480     8000       0
                text230                           1600E    1600E     1F20     8000       0
                text229                            44D8     44D8       3C        C       0
                text228                            25EC     25EC       A8        C       0
                text227                            45F8     45F8       36        C       0
                text226                            4550     4550       3A        C       0
                text225                            3CC8     3CC8       4C        C       0
                text224                            4238     4238       40        C       0
                text223                            4F50     4F50        6        C       0
                text222                            4CCA     4CCA       1A        C       0
                text221                            41F8     41F8       40        C       0
                text220                           1F60A    1F60A      260     8000       0
                text219                            4F72     4F72        4        C       0
                text218                            4C12     4C12       1C        C       0
                text217                            4CB0     4CB0       1A        C       0
                text216                            4F8A     4F8A        2        C       0
                text215                            4AB6     4AB6       24        C       0
                text214                            4EFE     4EFE        A        C       0
                text213                            4CFC     4CFC       18        C       0
                text212                            3BE2     3BE2       4E        C       0
                text211                            2CE2     2CE2       84        C       0
                text210                            4F88     4F88        2        C       0
                text209                            4A92     4A92       24        C       0
                text208                            49FE     49FE       26        C       0
                text207                            4F6E     4F6E        4        C       0
                text206                            4C96     4C96       1A        C       0
                text205                            4F86     4F86        2        C       0
                text204                            4696     4696       34        C       0
                intcode_body                        F80      F80      124        C       0
                text202                            4F2A     4F2A        8        C       0
                text201                            2736     2736       A2        C       0
                text200                            3FE2     3FE2       46        C       0
                text199                            3B44     3B44       50        C       0
                text198                            253E     253E       AE        C       0
                text197                            20FE     20FE       C6        C       0
                text196                            41B8     41B8       40        C       0
                text195                            3906     3906       58        C       0
                text194                            3668     3668       68        C       0
                text193                            449C     449C       3C        C       0
                text192                            305E     305E       7A        C       0
                text191                            4EF4     4EF4        A        C       0
                text190                            4F6A     4F6A        4        C       0
                text189                            4F4A     4F4A        6        C       0
                text188                            4F66     4F66        4        C       0
                text187                            4F44     4F44        6        C       0
                text186                            4EEA     4EEA        A        C       0
                text185                            4EBC     4EBC        E        C       0
                text184                            23E0     23E0       B0        C       0
                text183                            1B14     1B14       E8        C       0
                text182                            49D8     49D8       26        C       0
                text181                           1EB8A    1EB8A      2B6     8000       0
                text180                            11C6     11C6      122        C       0
                text179                           1C848    1C848      33E     8000       0
                text178                           1BE68    1BE68      352     8000       0
                text177                            1736     1736      100        C       0
                text176                            481C     481C       30        C       0
                text175                            4332     4332       3E        C       0
                text174                           1FCEC    1FCEC      238     8000       0
                text173                           1DDBC    1DDBC      2C8     8000       0
                text172                           1D1D4    1D1D4      310     8000       0
                text171                            32A6     32A6       70        C       0
                text170                            47EC     47EC       30        C       0
                text169                            4C7C     4C7C       1A        C       0
                text168                            4136     4136       42        C       0
                text167                            4B60     4B60       20        C       0
                text166                            4460     4460       3C        C       0
                text165                            49B2     49B2       26        C       0
                text164                            1CDA     1CDA       DE        C       0
                text163                             47A      47A      154        C       0
                text162                            2EEA     2EEA       7E        C       0
                text161                            2878     2878       A0        C       0
                text160                            227A     227A       B6        C       0
                text159                            3F0C     3F0C       48        C       0
                text158                            2C5E     2C5E       84        C       0
                text157                            3600     3600       68        C       0
                text156                            48CA     48CA       28        C       0
                text155                             D2E      D2E      12A        C       0
                text154                             99E      99E      134        C       0
                text153                            2B54     2B54       86        C       0
                text152                            31C4     31C4       72        C       0
                text151                           1E34A    1E34A      2C6     8000       0
                text150                            4B1E     4B1E       22        C       0
                text149                            3EC4     3EC4       48        C       0
                text148                            4EAE     4EAE        E        C       0
                text147                           1AB22    1AB22      4A4     8000       0
                text146                           140D2    140D2     1F3C     8000       0
                text145                            3E7C     3E7C       48        C       0
                text144                            3E34     3E34       48        C       0
                text143                            4424     4424       3C        C       0
                text142                            4DE8     4DE8       10        C       0
                text141                            4DD8     4DD8       10        C       0
                text140                            4DC8     4DC8       10        C       0
                text139                            3C7C     3C7C       4C        C       0
                text138                            3598     3598       68        C       0
                text137                           1B7AE    1B7AE      368     8000       0
                text136                            4D76     4D76       12        C       0
                text135                           18BA8    18BA8      C76     8000       0
                text134                            4F84     4F84        2        C       0
                text133                            4A6E     4A6E       24        C       0
                text132                            498C     498C       26        C       0
                text131                            40F4     40F4       42        C       0
                text130                            4F82     4F82        2        C       0
                text129                            48A2     48A2       28        C       0
                text128                            4966     4966       26        C       0
                text127                            4F3E     4F3E        6        C       0
                text126                            4F22     4F22        8        C       0
                text125                            4EA0     4EA0        E        C       0
                text124                            4D64     4D64       12        C       0
                text123                            4F80     4F80        2        C       0
                text122                            4662     4662       34        C       0
                text120                            4F1A     4F1A        8        C       0
                text119                            2694     2694       A2        C       0
                text118                            3F9C     3F9C       46        C       0
                text117                            3AF4     3AF4       50        C       0
                text116                            3530     3530       68        C       0
                text115                            2918     2918       9A        C       0
                text114                            4E92     4E92        E        C       0
                text113                            33F6     33F6       6A        C       0
                text112                            4E84     4E84        E        C       0
                text111                            4E76     4E76        E        C       0
                text110                            36D0     36D0       66        C       0
                text109                            4E68     4E68        E        C       0
                text108                            4B9E     4B9E       1E        C       0
                text107                            4F12     4F12        8        C       0
                text106                            4DB8     4DB8       10        C       0
                text105                            45C2     45C2       36        C       0
                text104                            4B80     4B80       1E        C       0
                text103                            4BF6     4BF6       1C        C       0
                text102                            1F6C     1F6C       CC        C       0
                text101                            4BDA     4BDA       1C        C       0
                text100                            4E5A     4E5A        E        C       0
                text99                             47BC     47BC       30        C       0
                text98                             4E4C     4E4C        E        C       0
                text97                             478C     478C       30        C       0
                text96                             4E3E     4E3E        E        C       0
                text95                             3AA4     3AA4       50        C       0
                text94                             4E30     4E30        E        C       0
                text93                             46CA     46CA       32        C       0
                text92                             4E22     4E22        E        C       0
                text91                             395E     395E       54        C       0
                text90                             42F4     42F4       3E        C       0
                text89                             37FC     37FC       5A        C       0
                text88                             4C62     4C62       1A        C       0
                text87                             39B2     39B2       52        C       0
                text86                              71E      71E      14C        C       0
                text85                             10A4     10A4      122        C       0
                text84                             42B6     42B6       3E        C       0
                text83                             3A54     3A54       50        C       0
                text82                            1F3A4    1F3A4      266     8000       0
                text81                             462E     462E       34        C       0
                text80                             4D14     4D14       16        C       0
                text79                             475C     475C       30        C       0
                text78                             4C48     4C48       1A        C       0
                text77                             40B2     40B2       42        C       0
                text76                             4B40     4B40       20        C       0
                text75                             379C     379C       60        C       0
                text74                             43E8     43E8       3C        C       0
                text73                             4940     4940       26        C       0
                text72                             406E     406E       44        C       0
                text71                            1E8D4    1E8D4      2B6     8000       0
                text70                             472C     472C       30        C       0
                text69                            1C50A    1C50A      33E     8000       0
                text68                             3DEC     3DEC       48        C       0
                text67                             1BFC     1BFC       DE        C       0
                text66                             2BDA     2BDA       84        C       0
                text65                             34C8     34C8       68        C       0
                text64                             487A     487A       28        C       0
                text63                              326      326      154        C       0
                text62                              C04      C04      12A        C       0
                text61                              86A      86A      134        C       0
                text60                             2ACE     2ACE       86        C       0
                text59                             3152     3152       72        C       0
                text58                            1BB16    1BB16      352     8000       0
                text57                            1E084    1E084      2C6     8000       0
                text56                             4AFC     4AFC       22        C       0
                text55                             3DA4     3DA4       48        C       0
                text54                             4C2E     4C2E       1A        C       0
                text53                            1A67E    1A67E      4A4     8000       0
                text52                            12196    12196     1F3C     8000       0
                text51                             43AC     43AC       3C        C       0
                text50                             4DA8     4DA8       10        C       0
                text49                             3C30     3C30       4C        C       0
                text48                             3460     3460       68        C       0
                text47                            1B446    1B446      368     8000       0
                text46                             4D52     4D52       12        C       0
                text45                            1A190    1A190      4EE     8000       0
                text44                             3B94     3B94       4E        C       0
                text43                             2490     2490       AE        C       0
                text42                             2038     2038       C6        C       0
                text41                             4178     4178       40        C       0
                text40                             38AE     38AE       58        C       0
                text39                             4370     4370       3C        C       0
                text38                             2FE4     2FE4       7A        C       0
                text37                             4EE0     4EE0        A        C       0
                text36                             4F62     4F62        4        C       0
                text35                             4F38     4F38        6        C       0
                text34                             4F5E     4F5E        4        C       0
                text33                             4F32     4F32        6        C       0
                text32                             4ED6     4ED6        A        C       0
                text31                             4E14     4E14        E        C       0
                text30                             2330     2330       B0        C       0
                text29                             1A2C     1A2C       E8        C       0
                text28                             491A     491A       26        C       0
                text27                             1636     1636      100        C       0
                text26                             4278     4278       3E        C       0
                text25                            1FAB4    1FAB4      238     8000       0
                text24                            1DAF4    1DAF4      2C8     8000       0
                text23                            1CEC4    1CEC4      310     8000       0
                text22                             3236     3236       70        C       0
                text21                             46FC     46FC       30        C       0
                text20                             2E6C     2E6C       7E        C       0
                text19                             27D8     27D8       A0        C       0
                text18                             21C4     21C4       B6        C       0
                text17                             3D5C     3D5C       48        C       0
                text16                             3D14     3D14       48        C       0
                text15                             4D98     4D98       10        C       0
                text14                             4D88     4D88       10        C       0
                text13                            17F2E    17F2E      C7A     8000       0
                text12                             4F5A     4F5A        4        C       0
                text11                             1E94     1E94       D8        C       0
                text10                             4ADA     4ADA       22        C       0
                text9                              4E06     4E06        E        C       0
                text8                              3A04     3A04       50        C       0
                text7                              458A     458A       38        C       0
                text6                              3856     3856       58        C       0
                text5                              29B2     29B2       90        C       0
                text4                              2A42     2A42       8C        C       0
                text3                             10000    10000     2196     8000       0
                text2                              140A     140A      118        C       0
                text1                              4CE4     4CE4       18        C       0
                text0                              1936     1936       F6        C       0
                cstackCOMRAM                          1        1       5C        1       1
                cstackBANK0                          60       60       9D       60       1
                cstackBANK1                         100      100       F0      100       1
                cstackBANK2                         200      200       59      200       1
                cstackBANK3                         300      300       EC      300       1
                cstackBANK4                         49F      49F       4A      400       1
                cstackBANK6                         680      680       59      600       1
                bssBANK6                            600      600       80      600       1
                dataBANK5                           5C4      5C4       24      500       1
                bssBANK5                            500      500       C4      500       1
                dataBANK4                           4E9      4E9        E      400       1
                bssBANK4                            400      400       9F      400       1
                dataBANK3                           3EC      3EC        4      300       1
                bssBANK3                            3F1      3F1        1      300       1
                bssBANK2                            259      259       58      200       1
                dataBANK1                           1FF      1FF        1      100       1
                bssBANK1                            1F0      1F0        F      100       1
                dataBANK0                            FD       FD        2       60       1
                bssBANK0                             FF       FF        1       60       1
                bssCOMRAM                            5E       5E        1        1       1
                bitbssCOMRAM                        2E8       5D        3        1       1     8
                cinit                             1FF24    1FF24       DC     8000       0
                nvBANK3                             3F0      3F0        1      300       1
                idataBANK5                         4A4A     4A4A       24        C       0
                idataBANK4                         4DF8     4DF8        E        C       0
                idataBANK3                         4F56     4F56        4        C       0
                idataBANK1                         4F8E     4F8E        1        C       0
                idataBANK0                         4F7E     4F7E        2        C       0

TOTAL           Name                               Link     Load   Length     Space
        CLASS   STACK          

        CLASS   CODE           
                intcodelo                            18       18       D2         0
                intcode                               8        8        6         0
                init                                 EA       EA        4         0
                reset_vec                             0        0        4         0
                text269                            4D3E     4D3E       14         0
                text268                            4F7A     4F7A        4         0
                text267                            4D2A     4D2A       14         0
                text266                            4ECA     4ECA        C         0
                text265                            4F76     4F76        4         0
                text264                           1CB86    1CB86      33E         0
                text263                            12E8     12E8      122         0
                text262                            1DB8     1DB8       DC         0
                text261                             5CE      5CE      150         0
                text260                            30D8     30D8       7A         0
                text259                            1522     1522      114         0
                text258                           1EE40    1EE40      2B6         0
                text257                            484C     484C       2E         0
                text256                            3F54     3F54       48         0
                text255                           1C1BA    1C1BA      350         0
                text254                            1836     1836      100         0
                text253                           1D7F4    1D7F4      300         0
                text252                            2F68     2F68       7C         0
                text251                            4514     4514       3C         0
                text250                              EE       EE      238         0
                text249                           1E610    1E610      2C4         0
                text248                           1D4E4    1D4E4      310         0
                text247                            3386     3386       70         0
                text246                           1F86A    1F86A      24A         0
                text245                           1981E    1981E      972         0
                text244                            4F8C     4F8C        2         0
                text243                            48F2     48F2       28         0
                text242                            2DEA     2DEA       82         0
                text241                            3736     3736       66         0
                text240                            4A24     4A24       26         0
                text239                             E58      E58      128         0
                text238                             AD2      AD2      132         0
                text237                            2D66     2D66       84         0
                text236                            3316     3316       70         0
                text235                           1F0F6    1F0F6      2AE         0
                text234                            4BBC     4BBC       1E         0
                text233                            4028     4028       46         0
                text232                            4F08     4F08        A         0
                text231                           1AFC6    1AFC6      480         0
                text230                           1600E    1600E     1F20         0
                text229                            44D8     44D8       3C         0
                text228                            25EC     25EC       A8         0
                text227                            45F8     45F8       36         0
                text226                            4550     4550       3A         0
                text225                            3CC8     3CC8       4C         0
                text224                            4238     4238       40         0
                text223                            4F50     4F50        6         0
                text222                            4CCA     4CCA       1A         0
                text221                            41F8     41F8       40         0
                text220                           1F60A    1F60A      260         0
                text219                            4F72     4F72        4         0
                text218                            4C12     4C12       1C         0
                text217                            4CB0     4CB0       1A         0
                text216                            4F8A     4F8A        2         0
                text215                            4AB6     4AB6       24         0
                text214                            4EFE     4EFE        A         0
                text213                            4CFC     4CFC       18         0
                text212                            3BE2     3BE2       4E         0
                text211                            2CE2     2CE2       84         0
                text210                            4F88     4F88        2         0
                text209                            4A92     4A92       24         0
                text208                            49FE     49FE       26         0
                text207                            4F6E     4F6E        4         0
                text206                            4C96     4C96       1A         0
                text205                            4F86     4F86        2         0
                text204                            4696     4696       34         0
                intcode_body                        F80      F80      124         0
                text202                            4F2A     4F2A        8         0
                text201                            2736     2736       A2         0
                text200                            3FE2     3FE2       46         0
                text199                            3B44     3B44       50         0
                text198                            253E     253E       AE         0
                text197                            20FE     20FE       C6         0
                text196                            41B8     41B8       40         0
                text195                            3906     3906       58         0
                text194                            3668     3668       68         0
                text193                            449C     449C       3C         0
                text192                            305E     305E       7A         0
                text191                            4EF4     4EF4        A         0
                text190                            4F6A     4F6A        4         0
                text189                            4F4A     4F4A        6         0
                text188                            4F66     4F66        4         0
                text187                            4F44     4F44        6         0
                text186                            4EEA     4EEA        A         0
                text185                            4EBC     4EBC        E         0
                text184                            23E0     23E0       B0         0
                text183                            1B14     1B14       E8         0
                text182                            49D8     49D8       26         0
                text181                           1EB8A    1EB8A      2B6         0
                text180                            11C6     11C6      122         0
                text179                           1C848    1C848      33E         0
                text178                           1BE68    1BE68      352         0
                text177                            1736     1736      100         0
                text176                            481C     481C       30         0
                text175                            4332     4332       3E         0
                text174                           1FCEC    1FCEC      238         0
                text173                           1DDBC    1DDBC      2C8         0
                text172                           1D1D4    1D1D4      310         0
                text171                            32A6     32A6       70         0
                text170                            47EC     47EC       30         0
                text169                            4C7C     4C7C       1A         0
                text168                            4136     4136       42         0
                text167                            4B60     4B60       20         0
                text166                            4460     4460       3C         0
                text165                            49B2     49B2       26         0
                text164                            1CDA     1CDA       DE         0
                text163                             47A      47A      154         0
                text162                            2EEA     2EEA       7E         0
                text161                            2878     2878       A0         0
                text160                            227A     227A       B6         0
                text159                            3F0C     3F0C       48         0
                text158                            2C5E     2C5E       84         0
                text157                            3600     3600       68         0
                text156                            48CA     48CA       28         0
                text155                             D2E      D2E      12A         0
                text154                             99E      99E      134         0
                text153                            2B54     2B54       86         0
                text152                            31C4     31C4       72         0
                text151                           1E34A    1E34A      2C6         0
                text150                            4B1E     4B1E       22         0
                text149                            3EC4     3EC4       48         0
                text148                            4EAE     4EAE        E         0
                text147                           1AB22    1AB22      4A4         0
                text146                           140D2    140D2     1F3C         0
                text145                            3E7C     3E7C       48         0
                text144                            3E34     3E34       48         0
                text143                            4424     4424       3C         0
                text142                            4DE8     4DE8       10         0
                text141                            4DD8     4DD8       10         0
                text140                            4DC8     4DC8       10         0
                text139                            3C7C     3C7C       4C         0
                text138                            3598     3598       68         0
                text137                           1B7AE    1B7AE      368         0
                text136                            4D76     4D76       12         0
                text135                           18BA8    18BA8      C76         0
                text134                            4F84     4F84        2         0
                text133                            4A6E     4A6E       24         0
                text132                            498C     498C       26         0
                text131                            40F4     40F4       42         0
                text130                            4F82     4F82        2         0
                text129                            48A2     48A2       28         0
                text128                            4966     4966       26         0
                text127                            4F3E     4F3E        6         0
                text126                            4F22     4F22        8         0
                text125                            4EA0     4EA0        E         0
                text124                            4D64     4D64       12         0
                text123                            4F80     4F80        2         0
                text122                            4662     4662       34         0
                text120                            4F1A     4F1A        8         0
                text119                            2694     2694       A2         0
                text118                            3F9C     3F9C       46         0
                text117                            3AF4     3AF4       50         0
                text116                            3530     3530       68         0
                text115                            2918     2918       9A         0
                text114                            4E92     4E92        E         0
                text113                            33F6     33F6       6A         0
                text112                            4E84     4E84        E         0
                text111                            4E76     4E76        E         0
                text110                            36D0     36D0       66         0
                text109                            4E68     4E68        E         0
                text108                            4B9E     4B9E       1E         0
                text107                            4F12     4F12        8         0
                text106                            4DB8     4DB8       10         0
                text105                            45C2     45C2       36         0
                text104                            4B80     4B80       1E         0
                text103                            4BF6     4BF6       1C         0
                text102                            1F6C     1F6C       CC         0
                text101                            4BDA     4BDA       1C         0
                text100                            4E5A     4E5A        E         0
                text99                             47BC     47BC       30         0
                text98                             4E4C     4E4C        E         0
                text97                             478C     478C       30         0
                text96                             4E3E     4E3E        E         0
                text95                             3AA4     3AA4       50         0
                text94                             4E30     4E30        E         0
                text93                             46CA     46CA       32         0
                text92                             4E22     4E22        E         0
                text91                             395E     395E       54         0
                text90                             42F4     42F4       3E         0
                text89                             37FC     37FC       5A         0
                text88                             4C62     4C62       1A         0
                text87                             39B2     39B2       52         0
                text86                              71E      71E      14C         0
                text85                             10A4     10A4      122         0
                text84                             42B6     42B6       3E         0
                text83                             3A54     3A54       50         0
                text82                            1F3A4    1F3A4      266         0
                text81                             462E     462E       34         0
                text80                             4D14     4D14       16         0
                text79                             475C     475C       30         0
                text78                             4C48     4C48       1A         0
                text77                             40B2     40B2       42         0
                text76                             4B40     4B40       20         0
                text75                             379C     379C       60         0
                text74                             43E8     43E8       3C         0
                text73                             4940     4940       26         0
                text72                             406E     406E       44         0
                text71                            1E8D4    1E8D4      2B6         0
                text70                             472C     472C       30         0
                text69                            1C50A    1C50A      33E         0
                text68                             3DEC     3DEC       48         0
                text67                             1BFC     1BFC       DE         0
                text66                             2BDA     2BDA       84         0
                text65                             34C8     34C8       68         0
                text64                             487A     487A       28         0
                text63                              326      326      154         0
                text62                              C04      C04      12A         0
                text61                              86A      86A      134         0
                text60                             2ACE     2ACE       86         0
                text59                             3152     3152       72         0
                text58                            1BB16    1BB16      352         0
                text57                            1E084    1E084      2C6         0
                text56                             4AFC     4AFC       22         0
                text55                             3DA4     3DA4       48         0
                text54                             4C2E     4C2E       1A         0
                text53                            1A67E    1A67E      4A4         0
                text52                            12196    12196     1F3C         0
                text51                             43AC     43AC       3C         0
                text50                             4DA8     4DA8       10         0
                text49                             3C30     3C30       4C         0
                text48                             3460     3460       68         0
                text47                            1B446    1B446      368         0
                text46                             4D52     4D52       12         0
                text45                            1A190    1A190      4EE         0
                text44                             3B94     3B94       4E         0
                text43                             2490     2490       AE         0
                text42                             2038     2038       C6         0
                text41                             4178     4178       40         0
                text40                             38AE     38AE       58         0
                text39                             4370     4370       3C         0
                text38                             2FE4     2FE4       7A         0
                text37                             4EE0     4EE0        A         0
                text36                             4F62     4F62        4         0
                text35                             4F38     4F38        6         0
                text34                             4F5E     4F5E        4         0
                text33                             4F32     4F32        6         0
                text32                             4ED6     4ED6        A         0
                text31                             4E14     4E14        E         0
                text30                             2330     2330       B0         0
                text29                             1A2C     1A2C       E8         0
                text28                             491A     491A       26         0
                text27                             1636     1636      100         0
                text26                             4278     4278       3E         0
                text25                            1FAB4    1FAB4      238         0
                text24                            1DAF4    1DAF4      2C8         0
                text23                            1CEC4    1CEC4      310         0
                text22                             3236     3236       70         0
                text21                             46FC     46FC       30         0
                text20                             2E6C     2E6C       7E         0
                text19                             27D8     27D8       A0         0
                text18                             21C4     21C4       B6         0
                text17                             3D5C     3D5C       48         0
                text16                             3D14     3D14       48         0
                text15                             4D98     4D98       10         0
                text14                             4D88     4D88       10         0
                text13                            17F2E    17F2E      C7A         0
                text12                             4F5A     4F5A        4         0
                text11                             1E94     1E94       D8         0
                text10                             4ADA     4ADA       22         0
                text9                              4E06     4E06        E         0
                text8                              3A04     3A04       50         0
                text7                              458A     458A       38         0
                text6                              3856     3856       58         0
                text5                              29B2     29B2       90         0
                text4                              2A42     2A42       8C         0
                text3                             10000    10000     2196         0
                text2                              140A     140A      118         0
                text1                              4CE4     4CE4       18         0
                text0                              1936     1936       F6         0
                cinit                             1FF24    1FF24       DC         0
                idataBANK5                         4A4A     4A4A       24         0
                idataBANK4                         4DF8     4DF8        E         0
                idataBANK3                         4F56     4F56        4         0
                idataBANK1                         4F8E     4F8E        1         0
                idataBANK0                         4F7E     4F7E        2         0

        CLASS   CONST          

        CLASS   SMALLCONST     

        CLASS   MEDIUMCONST    
                mediumconst                        C932     C932     36CE         0

        CLASS   COMRAM         
                temp                                 5F       5F        1         1
                cstackCOMRAM                          1        1       5C         1
                bssCOMRAM                            5E       5E        1         1
                bitbssCOMRAM                        2E8       5D        3         1

        CLASS   ABS1           

        CLASS   BIGRAM         

        CLASS   RAM            

        CLASS   BANK0          
                cstackBANK0                          60       60       9D         1
                dataBANK0                            FD       FD        2         1
                bssBANK0                             FF       FF        1         1

        CLASS   BANK1          
                cstackBANK1                         100      100       F0         1
                dataBANK1                           1FF      1FF        1         1
                bssBANK1                            1F0      1F0        F         1

        CLASS   BANK2          
                cstackBANK2                         200      200       59         1
                bssBANK2                            259      259       58         1

        CLASS   BANK3          
                cstackBANK3                         300      300       EC         1
                dataBANK3                           3EC      3EC        4         1
                bssBANK3                            3F1      3F1        1         1
                nvBANK3                             3F0      3F0        1         1

        CLASS   BANK4          
                cstackBANK4                         49F      49F       4A         1
                dataBANK4                           4E9      4E9        E         1
                bssBANK4                            400      400       9F         1

        CLASS   BANK5          
                dataBANK5                           5C4      5C4       24         1
                bssBANK5                            500      500       C4         1

        CLASS   BANK6          
                cstackBANK6                         680      680       59         1
                bssBANK6                            600      600       80         1

        CLASS   BANK7          

        CLASS   BANK8          

        CLASS   BANK9          

        CLASS   BANK10         

        CLASS   BANK11         

        CLASS   BANK12         

        CLASS   BANK13         

        CLASS   SFR            

        CLASS   FARRAM         

        CLASS   CONFIG         
                config                           300000   300000        C         0

        CLASS   IDLOC          
                idloc                            200000   200000       10         0

        CLASS   EEDATA         



SEGMENTS        Name                           Load    Length   Top    Selector   Space  Class

                reset_vec                      000000  000004  000004         0       0  CODE    
                cstackCOMRAM                   000001  00005F  000060         1       1  COMRAM  
                intcode                        000008  000006  00000E         4       0  CODE    
                intcodelo                      000018  004F77  004F8F         C       0  CODE    
                cstackBANK0                    000060  0000A0  000100        60       1  BANK0   
                cstackBANK1                    000100  000100  000200       100       1  BANK1   
                cstackBANK2                    000200  0000B1  0002B1       200       1  BANK2   
                cstackBANK3                    000300  0000F2  0003F2       300       1  BANK3   
                bssBANK4                       000400  0000F7  0004F7       400       1  BANK4   
                bssBANK5                       000500  0000E8  0005E8       500       1  BANK5   
                bssBANK6                       000600  0000D9  0006D9       600       1  BANK6   
                mediumconst                    00C932  0036CE  010000      6499       0  MEDIUMCO
                text3                          010000  010000  020000      8000       0  CODE    
                idloc                          200000  000010  200010    200000       0  IDLOC   
                config                         300000  00000C  30000C    300000       0  CONFIG  


UNUSED ADDRESS RANGES

        Name                Unused          Largest block    Delta
        BANK10           000A00-000AFF              100
        BANK11           000B00-000BFF              100
        BANK12           000C00-000CFF              100
        BANK13           000D00-000DE9               EA
        BANK2            0002B1-0002FF               4F
        BANK3            0003F2-0003FF                E
        BANK4            0004F7-0004FF                9
        BANK5            0005E8-0005FF               18
        BANK6            0006D9-0006FF               27
        BANK7            000700-0007FF              100
        BANK8            000800-0008FF              100
        BANK9            000900-0009FF              100
        BIGRAM           0002B1-0002FF               4F
                         0003F2-0003FF                E
                         0004F7-0004FF                9
                         0005E8-0005FF               18
                         0006D9-000DE9              711
        CODE             000004-000007                4
                         00000E-000017                A
                         004F8F-00C931             79A3
        CONST            000004-000007                4
                         00000E-000017                A
                         004F8F-00C931             79A3
        EEDATA           310000-3103FF              400
        MEDIUMCONST      004F8F-00C931             79A3
        RAM              0002B1-0002FF               4F
                         0003F2-0003FF                E
                         0004F7-0004FF                9
                         0005E8-0005FF               18
                         0006D9-000DE9              100
        SFR              000DEF-000FFF              100
        SMALLCONST       004F8F-00C931              100
        STACK            0006D9-000DE9              711

                                  Symbol Table

?_ADCC_GetConversionResult                     cstackCOMRAM 000001
?_ADCC_GetFilterValue                          cstackCOMRAM 000001
?_FLASH_ReadWord                               cstackBANK3  000304
?___awdiv                                      cstackBANK3  000306
?___awmod                                      cstackBANK3  000300
?___fladd                                      cstackBANK3  000334
?___fldiv                                      cstackBANK3  000348
?___flmul                                      cstackBANK3  000361
?___flneg                                      cstackBANK3  000330
?___flsub                                      cstackBANK3  000348
?___fltol                                      cstackBANK3  00030E
?___ftdiv                                      cstackBANK3  00030B
?___ftpack                                     cstackBANK3  000300
?___lldiv                                      cstackBANK3  000300
?___llmod                                      cstackBANK3  00030D
?___lwtoft                                     cstackBANK3  000308
?___wmul                                       cstackBANK3  000300
?___xxtofl                                     cstackBANK3  000318
?__div_to_l_                                   cstackBANK3  000300
?__doprnt                                      cstackBANK3  000387
?__tdiv_to_l_                                  cstackBANK3  000300
?_acos                                         cstackBANK3  0003B7
?_asin                                         cstackBANK3  00039F
?_atan                                         cstackBANK3  00038A
?_atoi                                         cstackBANK3  000306
?_currentMeasuredToPeak                        cstackBANK0  0000AC
?_eval_poly                                    cstackBANK3  00037A
?_fabs                                         cstackBANK3  000334
?_floor                                        cstackBANK0  000089
?_fround                                       cstackBANK3  00037A
?_getCauseOfResetString                        cstackBANK3  000300
?_getCauseOfResetStringSmall                   cstackBANK3  000300
?_getDeviceID                                  cstackBANK3  00030B
?_getDeviceIDString                            cstackBANK3  00030D
?_getUserID                                    cstackBANK3  00030B
?_peakToRMS                                    cstackBANK0  0000C2
?_printf                                       cstackBANK3  0003B1
?_readDoubleFromEEPROM                         cstackBANK3  000302
?_round                                        cstackBANK3  0003BF
?_scale                                        cstackBANK3  00037A
?_sin                                          cstackBANK0  00009B
?_sprintf                                      cstackBANK3  0003B1
?_sqrt                                         cstackBANK3  00037A
?_strchr                                       cstackBANK3  000300
?_strcmp                                       cstackBANK3  000300
?_strlen                                       cstackBANK3  000300
?_strncmp                                      cstackBANK3  000306
?_strstr                                       cstackBANK3  00030F
?_trunc                                        cstackBANK3  000326
?i1_FLASH_ReadWord                             cstackBANK1  000104
?i1___awdiv                                    cstackBANK1  000106
?i1___awmod                                    cstackBANK1  000100
?i1___fladd                                    cstackBANK1  000134
?i1___fldiv                                    cstackBANK1  000148
?i1___flmul                                    cstackBANK1  000161
?i1___flneg                                    cstackBANK1  000130
?i1___flsub                                    cstackBANK1  000148
?i1___fltol                                    cstackBANK1  00010E
?i1___ftdiv                                    cstackBANK1  00010B
?i1___ftpack                                   cstackBANK1  000100
?i1___lldiv                                    cstackBANK1  000100
?i1___llmod                                    cstackBANK1  00010D
?i1___lwtoft                                   cstackBANK1  000108
?i1___wmul                                     cstackBANK1  000100
?i1___xxtofl                                   cstackBANK1  000118
?i1__div_to_l_                                 cstackBANK1  000100
?i1__doprnt                                    cstackBANK1  000187
?i1__tdiv_to_l_                                cstackBANK1  000100
?i1_acos                                       cstackBANK1  0001B7
?i1_asin                                       cstackBANK1  00019F
?i1_atan                                       cstackBANK1  00018A
?i1_eval_poly                                  cstackBANK1  00017A
?i1_fabs                                       cstackBANK1  000134
?i1_fround                                     cstackBANK1  00017A
?i1_getCauseOfResetStringSmall                 cstackBANK1  000100
?i1_getDeviceID                                cstackBANK1  00010B
?i1_printf                                     cstackBANK1  0001B1
?i1_round                                      cstackBANK1  0001BF
?i1_scale                                      cstackBANK1  00017A
?i1_sprintf                                    cstackBANK1  0001B1
?i1_sqrt                                       cstackBANK1  00017A
?i1_trunc                                      cstackBANK1  000126
?i2___awdiv                                    cstackCOMRAM 000007
?i2___awmod                                    cstackCOMRAM 000001
?i2___fladd                                    cstackBANK0  00006D
?i2___fldiv                                    cstackCOMRAM 000049
?i2___flmul                                    cstackCOMRAM 00000F
?i2___flneg                                    cstackCOMRAM 000055
?i2___flsub                                    cstackBANK0  000093
?i2___fltol                                    cstackCOMRAM 000031
?i2___lldiv                                    cstackCOMRAM 000001
?i2___llmod                                    cstackCOMRAM 00000E
?i2___wmul                                     cstackCOMRAM 000001
?i2___xxtofl                                   cstackCOMRAM 00003B
?i2__div_to_l_                                 cstackCOMRAM 000001
?i2__doprnt                                    cstackBANK0  00009B
?i2__tdiv_to_l_                                cstackCOMRAM 000001
?i2_acos                                       cstackBANK0  0000BA
?i2_asin                                       cstackBANK0  0000A2
?i2_atan                                       cstackBANK0  00008D
?i2_eval_poly                                  cstackBANK0  00007D
?i2_fabs                                       cstackCOMRAM 000059
?i2_fround                                     cstackCOMRAM 000028
?i2_printf                                     cstackBANK0  0000C5
?i2_readDoubleFromEEPROM                       cstackCOMRAM 000003
?i2_scale                                      cstackCOMRAM 000028
?i2_sqrt                                       cstackCOMRAM 000028
ADCC_SetADTIInterruptHandler@InterruptHandler  cstackBANK3  000300
ADCC_StartConversion@channel                   cstackBANK1  000100
ADC_PostProcessingCallback@current_adc_channel cstackBANK0  0000E6
DATAEE_ReadByte@bAdd                           cstackBANK3  000300
DATAEE_WriteByte@GIEBitValue                   cstackBANK3  000303
DATAEE_WriteByte@bAdd                          cstackBANK3  000300
DATAEE_WriteByte@bData                         cstackBANK3  000302
EUSART2_Read@readValue                         cstackBANK3  000300
EUSART2_SetRxInterruptHandler@interruptHandler cstackBANK3  000300
EUSART2_SetTxInterruptHandler@interruptHandler cstackBANK3  000300
EUSART2_Write@txData                           cstackBANK3  000300
FLASH_ReadByte@flashAddr                       cstackBANK3  000300
FLASH_ReadWord@flashAddr                       cstackBANK3  000304
I2C1_ISR@i2c_10bit_address_restart             bssBANK1     0001FA
I2C1_ISR@i2c_address                           bssBANK1     0001FD
I2C1_ISR@i2c_bytes_left                        bssBANK1     0001FB
I2C1_ISR@pi2c_buf_ptr                          bssBANK2     00029A
I2C1_MasterRead@trBlock                        bssBANK4     000495
I2C1_MasterTRBInsert@count                     cstackBANK3  000305
I2C1_MasterTRBInsert@pflag                     cstackBANK3  000302
I2C1_MasterTRBInsert@ptrb_list                 cstackBANK3  000300
I2C1_MasterWrite@address                       cstackBANK3  00030C
I2C1_MasterWrite@length                        cstackBANK3  00030B
I2C1_MasterWrite@pdata                         cstackBANK3  000309
I2C1_MasterWrite@pflag                         cstackBANK3  00030E
I2C1_MasterWrite@trBlock                       bssBANK4     00049A
I2C1_MasterWriteTRBBuild@address               cstackBANK3  000305
I2C1_MasterWriteTRBBuild@length                cstackBANK3  000304
I2C1_MasterWriteTRBBuild@pdata                 cstackBANK3  000302
I2C1_MasterWriteTRBBuild@ptrb                  cstackBANK3  000300
I2C1_Stop@completion_code                      cstackCOMRAM 000003
INT0_SetInterruptHandler@InterruptHandler      cstackBANK3  000300
OLED_Clear@col                                 cstackBANK3  000323
OLED_Clear@row                                 cstackBANK3  000321
OLED_Command@data_array                        cstackBANK3  000312
OLED_Command@length                            cstackBANK3  000311
OLED_Command@temp                              cstackBANK3  000310
OLED_PutChar@ch                                cstackBANK3  000320
OLED_PutChar@data_array                        cstackBANK3  000314
OLED_PutChar@input_base                        cstackBANK3  00031D
OLED_PutChar@length                            cstackBANK3  00031F
OLED_WriteString@s                             cstackBANK3  000321
OLED_YX@Column                                 cstackBANK3  000314
OLED_YX@Row                                    cstackBANK3  000316
OLED_updateCallback@TRIAC_degrees              cstackBANK6  000684
OLED_updateCallback@angle_degrees              cstackBANK6  00068A
OLED_updateCallback@angle_string               cstackBANK6  0006C8
OLED_updateCallback@dev_id_str                 cstackBANK6  000695
OLED_updateCallback@percentage                 cstackBANK6  000692
OLED_updateCallback@percentage_print           cstackBANK6  000687
OLED_updateCallback@percentage_string          cstackBANK6  0006B7
OLED_updateCallback@rev_id_str                 cstackBANK6  0006A6
TMR2_Counter8BitSet@timerVal                   cstackBANK3  000300
TMR2_Period8BitSet@periodVal                   cstackBANK3  000300
TMR2_SetInterruptHandler@InterruptHandler      cstackBANK3  000300
TMR2_WriteTimer@timerVal                       cstackBANK3  000301
TMR4_ISR@CountCallBack                         bssBANK2     00029C
TMR4_SetInterruptHandler@InterruptHandler      cstackBANK3  000300
TMR5_SetInterruptHandler@InterruptHandler      cstackBANK3  000300
TMR5_WriteTimer@timerVal                       cstackCOMRAM 000001
TMR6_SetInterruptHandler@InterruptHandler      cstackBANK3  000300
TMR7_SetInterruptHandler@InterruptHandler      cstackBANK3  000300
TMR7_WriteTimer@timerVal                       cstackBANK1  000100
_ADACCH                                        (abs)        000F71
_ADACCL                                        (abs)        000F70
_ADACQ                                         (abs)        000F5C
_ADACT                                         (abs)        000F56
_ADCAP                                         (abs)        000F5D
_ADCC_ADTI_InterruptHandler                    bssBANK2     000294
_ADCC_ClearAccumulator                         text127      004F3E
_ADCC_DefaultInterruptHandler                  text244      004F8C
_ADCC_DischargeSampleCapacitor                 text126      004F22
_ADCC_GetConversionResult                      text269      004D3E
_ADCC_GetCurrentCountofConversions             text268      004F7A
_ADCC_GetFilterValue                           text267      004D2A
_ADCC_HasAccumulatorOverflowed                 text266      004ECA
_ADCC_Initialize                               text113      0033F6
_ADCC_SetADTIInterruptHandler                  text114      004E92
_ADCC_StartConversion                          text125      004EA0
_ADCC_StopConversion                           text265      004F76
_ADCC_ThresholdISR                             text243      0048F2
_ADCLK                                         (abs)        000F57
_ADCNT                                         (abs)        000F67
_ADCON0                                        (abs)        000F60
_ADCON0bits                                    (abs)        000F60
_ADCON1                                        (abs)        000F59
_ADCON1bits                                    (abs)        000F59
_ADCON2                                        (abs)        000F5A
_ADCON2bits                                    (abs)        000F5A
_ADCON3                                        (abs)        000F5B
_ADCON3bits                                    (abs)        000F5B
_ADC_PostProcessingCallback                    text245      01981E
_ADC_PostProcessingCallback$6621               cstackBANK0  0000E7
_ADC_PostProcessingCallback$6622               cstackBANK0  0000DA
_ADC_PostProcessingCallback$6623               cstackBANK0  0000DE
_ADC_PostProcessingCallback$6624               cstackBANK0  0000E2
_ADC_Result_Scaling                            bssBANK4     000424
_ADERRH                                        (abs)        000F6F
_ADERRL                                        (abs)        000F6E
_ADFLTRH                                       (abs)        000F73
_ADFLTRL                                       (abs)        000F72
_ADLTHH                                        (abs)        000F6B
_ADLTHL                                        (abs)        000F6A
_ADPCH                                         (abs)        000F5F
_ADPRE                                         (abs)        000F5E
_ADPREVH                                       (abs)        000F62
_ADPREVL                                       (abs)        000F61
_ADREF                                         (abs)        000F58
_ADRESH                                        (abs)        000F64
_ADRESL                                        (abs)        000F63
_ADRPT                                         (abs)        000F66
_ADSTAT                                        (abs)        000F65
_ADSTATbits                                    (abs)        000F65
_ADSTPTH                                       (abs)        000F69
_ADSTPTL                                       (abs)        000F68
_ADUTHH                                        (abs)        000F6D
_ADUTHL                                        (abs)        000F6C
_ANSELA                                        (abs)        000E92
_ANSELB                                        (abs)        000E9A
_ANSELD                                        (abs)        000EA7
_ANSELE                                        (abs)        000EAF
_ANSELF                                        (abs)        000EB4
_ANSELG                                        (abs)        000EBC
_AVSS_ADC_Result                               bssBANK4     000428
_Avg_Power                                     bssBANK2     000275
_BAUD2CON                                      (abs)        000EF7
_CountCallBack                                 bssBANK2     0002A0
_DATAEE_ReadByte                               text88       004C62
_DATAEE_WriteByte                              text84       0042B6
_EUSART2_Initialize                            text110      0036D0
_EUSART2_Read                                  text44       003B94
_EUSART2_Receive_ISR                           text228      0025EC
_EUSART2_RxDefaultInterruptHandler             bssBANK4     000438
_EUSART2_SetRxInterruptHandler                 text112      004E84
_EUSART2_SetTxInterruptHandler                 text111      004E76
_EUSART2_Transmit_ISR                          text227      0045F8
_EUSART2_TxDefaultInterruptHandler             bssBANK4     00043B
_EUSART2_Write                                 text55       003DA4
_EXT_INT_Initialize                            text108      004B9E
_FLASH_ReadByte                                text78       004C48
_FLASH_ReadWord                                text77       0040B2
_FVRCON                                        (abs)        000EC4
_FVRCONbits                                    (abs)        000EC4
_FVR_ADC_Result                                bssBANK2     0002AC
_FVR_Initialize                                text107      004F12
_HLVDCON0                                      (abs)        000EC2
_HLVDCON0bits                                  (abs)        000EC2
_HLVDCON1                                      (abs)        000EC3
_HLVD_ISR                                      text224      004238
_HLVD_Initialize                               text106      004DB8
_I2C1_BusCollisionISR                          text223      004F50
_I2C1_FunctionComplete                         text222      004CCA
_I2C1_ISR                                      text220      01F60A
_I2C1_Initialize                               text105      0045C2
_I2C1_MasterTRBInsert                          text119      002694
_I2C1_MasterWrite                              text117      003AF4
_I2C1_MasterWriteTRBBuild                      text118      003F9C
_I2C1_Stop                                     text221      0041F8
_I2C1_WaitForLastPacketToComplete              text120      004F1A
_INT0PPS                                       (abs)        000DF0
_INT0_CallBack                                 text215      004AB6
_INT0_DefaultInterruptHandler                  text216      004F8A
_INT0_ISR                                      text214      004EFE
_INT0_InterruptHandler                         bssBANK4     000432
_INT0_SetInterruptHandler                      text109      004E68
_INTCONbits                                    (abs)        000FF2
_INTERRUPT_Initialize                          text104      004B80
_INTERRUPT_InterruptManagerHigh                intcode      000008
_INTERRUPT_InterruptManagerLow                 intcodelo    000018
_IPR0bits                                      (abs)        000E1F
_IPR1bits                                      (abs)        000E20
_IPR2bits                                      (abs)        000E21
_IPR3bits                                      (abs)        000E22
_IPR5bits                                      (abs)        000E24
_Imeas                                         bssBANK4     000418
_Ipk                                           bssBANK4     00041C
[...]
		_TMR2_Start    		CODE           	4F62	0000	5
		_TMR2_SetInterruptHandler		CODE           	4E5A	0000	15
		_TMR2_Counter8BitSet		CODE           	4ED6	0000	11
		_TMR2_Period8BitSet		CODE           	4EE0	0000	11
		_TMR2_StopTimer		CODE           	4F32	0000	7
		_TMR2_DefaultInterruptHandler		CODE           	4F84	0000	3
		_TMR2_CallBack 		CODE           	4A6E	0000	37
		_TMR2_WriteTimer		CODE           	4E14	0000	15
		_TMR2_StartTimer		CODE           	4F38	0000	7

mcc_generated_files/tmr2.c estimated size: 204

mcc_generated_files/interrupt_manager.c
		_INTERRUPT_Initialize		CODE           	4B80	0000	31
		_INTERRUPT_InterruptManagerLow		CODE           	0018	0000	211
		_INTERRUPT_InterruptManagerHigh		CODE           	0008	0000	299

mcc_generated_files/interrupt_manager.c estimated size: 541

C:\Program Files (x86)\Microchip\xc8\v1.45\sources\common\Umul16.c
		___wmul        		CODE           	487A	0000	41

C:\Program Files (x86)\Microchip\xc8\v1.45\sources\common\Umul16.c estimated size: 41

mcc_generated_files/i2c1.c
		_I2C1_BusCollisionISR		CODE           	4F50	0000	7
		_I2C1_FunctionComplete		CODE           	4CCA	0000	27
		_I2C1_MasterWriteTRBBuild		CODE           	3F9C	0000	71
		_I2C1_ISR      		CODE           	1F60A	0000	609
		_I2C1_MasterWrite		CODE           	3AF4	0000	81
		_I2C1_Initialize		CODE           	45C2	0000	55
		_I2C1_Stop     		CODE           	41F8	0000	65
		_I2C1_WaitForLastPacketToComplete		CODE           	4F1A	0000	9
		_I2C1_MasterTRBInsert		CODE           	2694	0000	163

mcc_generated_files/i2c1.c estimated size: 1087

double_to_EEPROM.c
		_readDoubleFromEEPROM		CODE           	39B2	0000	83
		_writeDoubleToEEPROM		CODE           	3A54	0000	81

double_to_EEPROM.c estimated size: 164

C:\Program Files (x86)\Microchip\xc8\v1.45\sources\common\frexp.c
		_frexp         		CODE           	2E6C	0000	127

C:\Program Files (x86)\Microchip\xc8\v1.45\sources\common\frexp.c estimated size: 127

mcc_generated_files/pin_manager.c
		_PIN_MANAGER_Initialize		CODE           	1F6C	0000	205

mcc_generated_files/pin_manager.c estimated size: 205

C:\Program Files (x86)\Microchip\xc8\v1.45\sources\common\fabs.c
		_fabs          		CODE           	4278	0000	63

C:\Program Files (x86)\Microchip\xc8\v1.45\sources\common\fabs.c estimated size: 63

C:\Program Files (x86)\Microchip\xc8\v1.45\sources\common\isdigit.c
		_isdigit       		CODE           	4AFC	0000	35

C:\Program Files (x86)\Microchip\xc8\v1.45\sources\common\isdigit.c estimated size: 35

C:\Program Files (x86)\Microchip\xc8\v1.45\sources\common\sprcadd.c
		___flsub       		CODE           	3DEC	0000	73
		___fladd       		CODE           	1C50A	0000	831

C:\Program Files (x86)\Microchip\xc8\v1.45\sources\common\sprcadd.c estimated size: 904

C:\Program Files (x86)\Microchip\xc8\v1.45\sources\common\floor.c
		_floor         		CODE           	1522	0000	277

C:\Program Files (x86)\Microchip\xc8\v1.45\sources\common\floor.c estimated size: 277

C:\Program Files (x86)\Microchip\xc8\v1.45\sources\common\ftdivl.c
		__tdiv_to_l_   		CODE           	086A	0000	309

C:\Program Files (x86)\Microchip\xc8\v1.45\sources\common\ftdivl.c estimated size: 309

C:\Program Files (x86)\Microchip\xc8\v1.45\sources\common\awmod.c
		___awmod       		CODE           	3152	0000	115

C:\Program Files (x86)\Microchip\xc8\v1.45\sources\common\awmod.c estimated size: 115

C:\Program Files (x86)\Microchip\xc8\v1.45\sources\common\strstr.c
		_strstr        		CODE           	2A42	0000	141

C:\Program Files (x86)\Microchip\xc8\v1.45\sources\common\strstr.c estimated size: 141

C:\Program Files (x86)\Microchip\xc8\v1.45\sources\common\ftdiv.c
		___ftdiv       		CODE           	1A2C	0000	233

C:\Program Files (x86)\Microchip\xc8\v1.45\sources\common\ftdiv.c estimated size: 233

device_IDs.c
		_getDeviceID   		CODE           	4B40	0000	33
		_getUserID     		CODE           	406E	0000	69
		_getMinorRevisionID		CODE           	4940	0000	39
		_getDeviceIDString		CODE           	379C	0000	97
		_getMajorRevisionID		CODE           	43E8	0000	61

device_IDs.c estimated size: 299

C:\Program Files (x86)\Microchip\xc8\v1.45\sources\common\acos.c
		_acos          		CODE           	3236	0000	113

C:\Program Files (x86)\Microchip\xc8\v1.45\sources\common\acos.c estimated size: 113

C:\Program Files (x86)\Microchip\xc8\v1.45\sources\common\llmod.c
		___llmod       		CODE           	34C8	0000	105

C:\Program Files (x86)\Microchip\xc8\v1.45\sources\common\llmod.c estimated size: 105

C:\Program Files (x86)\Microchip\xc8\v1.45\sources\common\fldivl.c
		__div_to_l_    		CODE           	0C04	0000	299

C:\Program Files (x86)\Microchip\xc8\v1.45\sources\common\fldivl.c estimated size: 299

C:\Program Files (x86)\Microchip\xc8\v1.45\sources\common\sprintf.c
		_sprintf       		CODE           	3D5C	0000	73

C:\Program Files (x86)\Microchip\xc8\v1.45\sources\common\sprintf.c estimated size: 73

C:\Program Files (x86)\Microchip\xc8\v1.45\sources\common\fltol.c
		___fltol       		CODE           	1BFC	0000	223

C:\Program Files (x86)\Microchip\xc8\v1.45\sources\common\fltol.c estimated size: 223

mcc_generated_files/ext_int.c
		_INT0_SetInterruptHandler		CODE           	4E68	0000	15
		_EXT_INT_Initialize		CODE           	4B9E	0000	31
		_INT0_DefaultInterruptHandler		CODE           	4F8A	0000	3
		_INT0_CallBack 		CODE           	4AB6	0000	37
		_INT0_ISR      		CODE           	4EFE	0000	11

mcc_generated_files/ext_int.c estimated size: 97

C:\Program Files (x86)\Microchip\xc8\v1.45\sources\common\atoi.c
		_atoi          		CODE           	1E94	0000	217

C:\Program Files (x86)\Microchip\xc8\v1.45\sources\common\atoi.c estimated size: 217

mcc_generated_files/tmr7.c
		_TMR7_DefaultInterruptHandler		CODE           	4F80	0000	3
		_TMR7_WriteTimer		CODE           	4966	0000	39
		_TMR7_ISR      		CODE           	4662	0000	53
		_TMR7_Initialize		CODE           	395E	0000	85
		_TMR7_SetInterruptHandler		CODE           	4E22	0000	15

mcc_generated_files/tmr7.c estimated size: 195

mcc_generated_files/hlvd.c
		_HLVD_ISR      		CODE           	4238	0000	65
		_HLVD_Initialize		CODE           	4DB8	0000	17

mcc_generated_files/hlvd.c estimated size: 82

C:\Program Files (x86)\Microchip\xc8\v1.45\sources\common\printf.c
		_printf        		CODE           	43AC	0000	61

C:\Program Files (x86)\Microchip\xc8\v1.45\sources\common\printf.c estimated size: 61

mcc_generated_files/tmr5.c
		_TMR5_ISR      		CODE           	4696	0000	53
		_TMR5_Initialize		CODE           	3AA4	0000	81
		_TMR5_SetInterruptHandler		CODE           	4E3E	0000	15
		_TMR5_StopTimer		CODE           	4F5A	0000	5
		_TMR5_DefaultInterruptHandler		CODE           	4F86	0000	3
		_TMR5_WriteTimer		CODE           	4C12	0000	29
		_TMR5_StartTimer		CODE           	4F72	0000	5

mcc_generated_files/tmr5.c estimated size: 191

shared
		i1_strcat      		CODE           	3C7C	0000	77
		i2_writeDoubleToEEPROM		CODE           	3CC8	0000	77
		i1_printf      		CODE           	4424	0000	61
		i2_DATAEE_WriteByte		CODE           	4550	0000	59
		i1_acos        		CODE           	32A6	0000	113
		i2_printf      		CODE           	44D8	0000	61
		i2_acos        		CODE           	3386	0000	113
		_OledFont      		MEDIUMCONST    	C9F1	0000	769
		i2_readDoubleFromEEPROM		CODE           	3BE2	0000	79
		i1_putch       		CODE           	4EAE	0000	15
		i2_putch       		CODE           	4F08	0000	11
		i1_strncpy     		CODE           	3598	0000	105
		i1_getMinorRevisionID		CODE           	49B2	0000	39
		i1___ftdiv     		CODE           	1B14	0000	233
		__powers_      		MEDIUMCONST    	C933	0000	53
		i1_TMR2_Counter8BitSet		CODE           	4EEA	0000	11
		i1_OLED_YX     		CODE           	449C	0000	61
		i1_I2C1_WaitForLastPacketToComplete		CODE           	4F2A	0000	9
		i1_terminal_textAttributes		CODE           	1B7AE	0000	873
		_dpowers       		MEDIUMCONST    	C99B	0000	41
		i1___lwtoft    		CODE           	49D8	0000	39
		i1_isdigit     		CODE           	4B1E	0000	35
		i2_isdigit     		CODE           	4BBC	0000	31
		i1_getCauseOfResetStringSmall		CODE           	47EC	0000	49
		i1_OLED_Clear  		CODE           	41B8	0000	65
		i1___flneg     		CODE           	481C	0000	49
		i1_strcpy      		CODE           	3E34	0000	73
		i2___flneg     		CODE           	484C	0000	47
		i1_atan        		CODE           	1FCEC	0000	569
		i1___awdiv     		CODE           	2B54	0000	135
		i2_atan        		CODE           	00EE	0000	569
		atan@coeff_a   		MEDIUMCONST    	CCF1	0000	25
		atan@coeff_b   		MEDIUMCONST    	CD1D	0000	21
		i2___awdiv     		CODE           	2D66	0000	133
		i1___fladd     		CODE           	1C848	0000	831
		i1__tdiv_to_l_ 		CODE           	099E	0000	309
		i2___fladd     		CODE           	1CB86	0000	831
		i2__tdiv_to_l_ 		CODE           	0AD2	0000	307
		i1___wmul      		CODE           	48CA	0000	41
		i1_eval_poly   		CODE           	1736	0000	257
		i2___wmul      		CODE           	4A24	0000	39
		i1_I2C1_MasterWrite		CODE           	3B44	0000	81
		i2_eval_poly   		CODE           	1836	0000	257
		i1__doprnt     		CODE           	140D2	0000	7997
		i2__doprnt     		CODE           	1600E	0000	7969
		i1___fldiv     		CODE           	1EB8A	0000	695
		i1__div_to_l_  		CODE           	0D2E	0000	299
		i1___fltol     		CODE           	1CDA	0000	223
		i2___fldiv     		CODE           	1EE40	0000	695
		i2__div_to_l_  		CODE           	0E58	0000	297
		i1___ftpack    		CODE           	23E0	0000	177
		__npowers_     		MEDIUMCONST    	C967	0000	53
		i2___fltol     		CODE           	1DB8	0000	221
		i1_scale       		CODE           	1AB22	0000	1189
		i1___lldiv     		CODE           	2C5E	0000	133
		i2_scale       		CODE           	1AFC6	0000	1153
		i2___lldiv     		CODE           	2DEA	0000	131
		__initialization		CODE           	1FF24	0000	211
		i1___flge      		CODE           	11C6	0000	291
		i2___flge      		CODE           	12E8	0000	291
		i1_OLED_Command		CODE           	3668	0000	105
		i1_OLED_UpdateFromRAMBuffer		CODE           	305E	0000	123
		i1_OLED_PutChar		CODE           	20FE	0000	199
		i1_terminal_textAttributesReset		CODE           	4D76	0000	19
		i1_trunc       		CODE           	2878	0000	161
		i1___awmod     		CODE           	31C4	0000	115
		i2___awmod     		CODE           	3316	0000	113
		i1_EUSART2_Write		CODE           	3EC4	0000	73
		i1_frexp       		CODE           	2EEA	0000	127
		i2_EUSART2_Write		CODE           	4028	0000	71
		i2_frexp       		CODE           	30D8	0000	123
		_max_Temp_ADC_Result_address		MEDIUMCONST    	C9E5	0000	3
		i1_FLASH_ReadWord		CODE           	4136	0000	67
		_max_Irms_address		MEDIUMCONST    	C9ED	0000	3
		i1_TMR2_Stop   		CODE           	4F66	0000	5
		_max_POS12_ADC_Result_address		MEDIUMCONST    	C9E7	0000	3
		i1_FLASH_ReadByte		CODE           	4C7C	0000	27
		i1___flmul     		CODE           	1BE68	0000	851
		i1_terminal_setCursorHome		CODE           	4DC8	0000	17
		i1_I2C1_MasterWriteTRBBuild		CODE           	3FE2	0000	71
		i2___flmul     		CODE           	1C1BA	0000	849
		i1_asin        		CODE           	1D1D4	0000	785
		i1_TMR2_Start  		CODE           	4F6A	0000	5
		i2_asin        		CODE           	1D4E4	0000	785
		i1_OLED_updateCallback		CODE           	18BA8	0000	3191
		i1___llmod     		CODE           	3600	0000	105
		_hexpowers     		MEDIUMCONST    	C9C3	0000	33
		i1_memmove     		CODE           	253E	0000	175
		i1_sprintf     		CODE           	3E7C	0000	73
		i2___llmod     		CODE           	3736	0000	103
		i1_getMajorRevisionID		CODE           	4460	0000	61
		i1___xxtofl    		CODE           	047A	0000	341
		i2___xxtofl    		CODE           	05CE	0000	337
		i1_terminal_printNewline		CODE           	4DD8	0000	17
		_Total_Energy_address		MEDIUMCONST    	C9EF	0000	3
		i1_getDeviceID 		CODE           	4B60	0000	33
		i2_DATAEE_ReadByte		CODE           	4CFC	0000	25
		i1_TMR2_StopTimer		CODE           	4F44	0000	7
		i1___flsub     		CODE           	3F0C	0000	73
		i2___flsub     		CODE           	3F54	0000	73
		i1_OLED_WriteString		CODE           	3906	0000	89
		i2_TMR5_StopTimer		CODE           	4F6E	0000	5
		i1_fabs        		CODE           	4332	0000	63
		i1_terminal_clearTerminal		CODE           	4DE8	0000	17
		i2_fabs        		CODE           	4514	0000	61
		i1_sqrt        		CODE           	1DDBC	0000	713
		i2_sqrt        		CODE           	1E610	0000	709
		_max_Power_address		MEDIUMCONST    	C9EB	0000	3
		i1_TMR2_Period8BitSet		CODE           	4EF4	0000	11
		i1_fround      		CODE           	1E34A	0000	711
		i1_round       		CODE           	227A	0000	183
		i2_fround      		CODE           	1F0F6	0000	687
		i1_TMR2_WriteTimer		CODE           	4EBC	0000	15
		i1_TMR2_StartTimer		CODE           	4F4A	0000	7
		sin@coeff_a    		MEDIUMCONST    	CD09	0000	21
		sin@coeff_b    		MEDIUMCONST    	CD31	0000	17
		_max_POS3P3_ADC_Result_address		MEDIUMCONST    	C9E9	0000	3
		i1_I2C1_MasterTRBInsert		CODE           	2736	0000	163
		_max_FVR_ADC_Result_address		MEDIUMCONST    	C9E3	0000	3

shared estimated size: 42509

mcc_generated_files/mcc.c
		_PMD_Initialize		CODE           	4BDA	0000	29
		_OSCILLATOR_Initialize		CODE           	4BF6	0000	29
		_SYSTEM_Initialize		CODE           	42F4	0000	63

mcc_generated_files/mcc.c estimated size: 121

ring_buffer_interface.c
		_terminal_ringBufferPull		CODE           	140A	0000	281
		_terminal_textAttributes		CODE           	1B446	0000	873
		_terminal_textAttributesReset		CODE           	4D52	0000	19
		_terminal_setCursorHome		CODE           	4D88	0000	17
		_terminal_printNewline		CODE           	4DA8	0000	17
		_terminal_clearTerminal		CODE           	4D98	0000	17

ring_buffer_interface.c estimated size: 1224

C:\Program Files (x86)\Microchip\xc8\v1.45\sources\common\atan.c
		_atan          		CODE           	1FAB4	0000	569

C:\Program Files (x86)\Microchip\xc8\v1.45\sources\common\atan.c estimated size: 569

cause_of_reset.c
		_getCauseOfResetStringSmall		CODE           	46FC	0000	49
		_getCauseOfResetString		CODE           	475C	0000	49
		_getCauseOfReset		CODE           	37FC	0000	91

cause_of_reset.c estimated size: 189

C:\Program Files (x86)\Microchip\xc8\v1.45\sources\common\awdiv.c
		___awdiv       		CODE           	2ACE	0000	135

C:\Program Files (x86)\Microchip\xc8\v1.45\sources\common\awdiv.c estimated size: 135

C:\Program Files (x86)\Microchip\xc8\v1.45\sources\common\strcat.c
		_strcat        		CODE           	3C30	0000	77

C:\Program Files (x86)\Microchip\xc8\v1.45\sources\common\strcat.c estimated size: 77

oled.c
		_OLED_Clear    		CODE           	4178	0000	65
		_OLED_Command  		CODE           	3530	0000	105
		_OLED_WriteString		CODE           	38AE	0000	89
		_OLED_UpdateFromRAMBuffer		CODE           	2FE4	0000	123
		_OLED_Init     		CODE           	2918	0000	155
		_OLED_PutChar  		CODE           	2038	0000	199
		_OLED_YX       		CODE           	4370	0000	61

oled.c estimated size: 797

C:\Program Files (x86)\Microchip\xc8\v1.45\sources\common\evalpoly.c
		_eval_poly     		CODE           	1636	0000	257

C:\Program Files (x86)\Microchip\xc8\v1.45\sources\common\evalpoly.c estimated size: 257

mcc_generated_files/memory.c
		_FLASH_ReadWord		CODE           	40B2	0000	67
		_FLASH_ReadByte		CODE           	4C48	0000	27
		_DATAEE_WriteByte		CODE           	42B6	0000	63
		_DATAEE_ReadByte		CODE           	4C62	0000	27

mcc_generated_files/memory.c estimated size: 184

C:\Program Files (x86)\Microchip\xc8\v1.45\sources\common\sin.c
		_sin           		CODE           	1D7F4	0000	769

C:\Program Files (x86)\Microchip\xc8\v1.45\sources\common\sin.c estimated size: 769

C:\Program Files (x86)\Microchip\xc8\v1.45\sources\common\lldiv.c
		___lldiv       		CODE           	2BDA	0000	133

C:\Program Files (x86)\Microchip\xc8\v1.45\sources\common\lldiv.c estimated size: 133

ring_buffer_LUT.c
		_ringBufferLUT 		CODE           	10000	0000	8599
		_terminal_printResetMessage		CODE           	1A190	0000	1263

ring_buffer_LUT.c estimated size: 9862

C:\Program Files (x86)\Microchip\xc8\v1.45\sources\common\xxtofl.c
		___xxtofl      		CODE           	0326	0000	341

C:\Program Files (x86)\Microchip\xc8\v1.45\sources\common\xxtofl.c estimated size: 341

C:\Program Files (x86)\Microchip\xc8\v1.45\sources\common\trunc.c
		_trunc         		CODE           	27D8	0000	161

C:\Program Files (x86)\Microchip\xc8\v1.45\sources\common\trunc.c estimated size: 161

mcc_generated_files/adcc.c
		_ADCC_StopConversion		CODE           	4F76	0000	5
		_ADCC_DefaultInterruptHandler		CODE           	4F8C	0000	3
		_ADCC_ClearAccumulator		CODE           	4F3E	0000	7
		_ADCC_GetFilterValue		CODE           	4D2A	0000	21
		_ADCC_GetCurrentCountofConversions		CODE           	4F7A	0000	5
		_ADCC_SetADTIInterruptHandler		CODE           	4E92	0000	15
		_ADCC_GetConversionResult		CODE           	4D3E	0000	21
		_ADCC_ThresholdISR		CODE           	48F2	0000	41
		_ADCC_StartConversion		CODE           	4EA0	0000	15
		_ADCC_Initialize		CODE           	33F6	0000	107
		_ADCC_HasAccumulatorOverflowed		CODE           	4ECA	0000	13
		_ADCC_DischargeSampleCapacitor		CODE           	4F22	0000	9

mcc_generated_files/adcc.c estimated size: 262

C:\Program Files (x86)\Microchip\xc8\v1.45\sources\common\flneg.c
		___flneg       		CODE           	472C	0000	49

C:\Program Files (x86)\Microchip\xc8\v1.45\sources\common\flneg.c estimated size: 49

main.c
		_dimmingOffTimeCallback		CODE           	4CB0	0000	27
		_saveSRAMMaxToEEPROM		CODE           	1F3A4	0000	615
		_acquisitionTimerCallback		CODE           	4D64	0000	19
		_ADC_PostProcessingCallback		CODE           	1981E	0000	2419
		_main          		CODE           	1936	0000	247
		_heartbeatTimerCallback		CODE           	40F4	0000	67
		_currentMeasuredToPeak		CODE           	2F68	0000	125
		_recoverSRAMMaxFromEEPROM		CODE           	071E	0000	333
		_dimmingOnTimeCallback		CODE           	4C96	0000	27
		_writeEnergyToEEPROMCallback		CODE           	2CE2	0000	133
		_OLED_updateCallback		CODE           	17F2E	0000	3195
		_peakToRMS     		CODE           	1F86A	0000	587

main.c estimated size: 7794

C:\Program Files (x86)\Microchip\xc8\v1.45\sources\common\strlen.c
		_strlen        		CODE           	3856	0000	89

C:\Program Files (x86)\Microchip\xc8\v1.45\sources\common\strlen.c estimated size: 89

C:\Program Files (x86)\Microchip\xc8\v1.45\sources\common\lwtoft.c
		___lwtoft      		CODE           	491A	0000	39

C:\Program Files (x86)\Microchip\xc8\v1.45\sources\common\lwtoft.c estimated size: 39

C:\Program Files (x86)\Microchip\xc8\v1.45\sources\common\strcmp.c
		_strcmp        		CODE           	3A04	0000	81

C:\Program Files (x86)\Microchip\xc8\v1.45\sources\common\strcmp.c estimated size: 81

C:\Program Files (x86)\Microchip\xc8\v1.45\sources\common\strchr.c
		_strchr        		CODE           	458A	0000	57

C:\Program Files (x86)\Microchip\xc8\v1.45\sources\common\strchr.c estimated size: 57

C:\Program Files (x86)\Microchip\xc8\v1.45\sources\common\strcpy.c
		_strcpy        		CODE           	3D14	0000	73

C:\Program Files (x86)\Microchip\xc8\v1.45\sources\common\strcpy.c estimated size: 73

C:\Program Files (x86)\Microchip\xc8\v1.45\sources\common\strncmp.c
		_strncmp       		CODE           	29B2	0000	145

C:\Program Files (x86)\Microchip\xc8\v1.45\sources\common\strncmp.c estimated size: 145

C:\Program Files (x86)\Microchip\xc8\v1.45\sources\common\sprcmul.c
		___flmul       		CODE           	1BB16	0000	851

C:\Program Files (x86)\Microchip\xc8\v1.45\sources\common\sprcmul.c estimated size: 851

C:\Program Files (x86)\Microchip\xc8\v1.45\sources\common\strncpy.c
		_strncpy       		CODE           	3460	0000	105

C:\Program Files (x86)\Microchip\xc8\v1.45\sources\common\strncpy.c estimated size: 105

