Microchip MPLAB XC8 Compiler V1.45 ()

Linker command line:

-W-3 --edf=C:\Program Files (x86)\Microchip\xc8\v1.45\dat\en_msgs.txt -cs \
  -h+dist/default/production\AC_Power_Meter.X.production.sym \
  --cmf=dist/default/production\AC_Power_Meter.X.production.cmf -z \
  -Q18LF67K40 -oC:\Users\DREWMA~1\AppData\Local\Temp\s720.2 \
  -Mdist/default/production/AC_Power_Meter.X.production.map -E1 -ver=XC8 \
  --acfsm=1493 -ASTACK=04C4h-0de9h -pstack=STACK -ACODE=00h-01FFFFh \
  -ACONST=00h-01FFFFh -ASMALLCONST=0E00h-0EFFhx498 \
  -AMEDIUMCONST=0E00h-0FFFFh,010E00h-01FFFFh -ACOMRAM=01h-05Fh \
  -AABS1=00h-0DE9h -ABIGRAM=01h-0DE9h \
  -ARAM=060h-0FFh,0100h-01FFhx12,0D00h-0DE9h -ABANK0=060h-0FFh \
  -ABANK1=0100h-01FFh -ABANK2=0200h-02FFh -ABANK3=0300h-03FFh \
  -ABANK4=0400h-04FFh -ABANK5=0500h-05FFh -ABANK6=0600h-06FFh \
  -ABANK7=0700h-07FFh -ABANK8=0800h-08FFh -ABANK9=0900h-09FFh \
  -ABANK10=0A00h-0AFFh -ABANK11=0B00h-0BFFh -ABANK12=0C00h-0CFFh \
  -ABANK13=0D00h-0DE9h \
  -ASFR=0DEFh-0DFFh,0E00h-0EFFh,0F00h-0F5Fh,0F60h-0FFFh \
  -preset_vec=00h,intcode=08h,intcodelo=018h,powerup,init -pramtop=0E00h \
  -psmallconst=SMALLCONST -pmediumconst=MEDIUMCONST -pconst=CONST \
  -AFARRAM=00h-00h -ACONFIG=0300000h-030000Bh -pconfig=CONFIG \
  -AIDLOC=0200000h-020000Fh -pidloc=IDLOC -AEEDATA=0310000h-03103FFh \
  -peeprom_data=EEDATA \
  -prdata=COMRAM,nvrram=COMRAM,nvbit=COMRAM,rbss=COMRAM,rbit=COMRAM \
  -pfarbss=FARRAM,fardata=FARRAM,nvFARRAM=FARRAM \
  -pintsave_regs=BIGRAM,bigbss=BIGRAM,bigdata=BIGRAM -pbss=RAM \
  -pidata=CODE,irdata=CODE,ibigdata=CODE,ifardata=CODE -prparam=COMRAM \
  C:\Users\DREWMA~1\AppData\Local\Temp\s720.obj \
  dist/default/production\AC_Power_Meter.X.production.obj 

Object code version is 3.11

Machine type is 18LF67K40

Call graph: (short form)




                Name                               Link     Load   Length Selector   Space Scale
C:\Users\DREWMA~1\AppData\Local\Temp\s720.obj
                init                                10A      10A        4        C       0
                reset_vec                             0        0        4        0       0
                idloc                            200000   200000       10   200000       0
                config                           300000   300000        C   300000       0
dist/default/production\AC_Power_Meter.X.production.obj
                intcodelo                            18       18       F2        C       0
                intcode                               8        8        6        4       0
                temp                                 5F       5F        1        1       1
                mediumconst                        CDDC     CDDC     3224     66EE       0
                text201                           1BE8E    1BE8E       14     8000       0
                text200                           1C026    1C026        4     E00B       0
                text199                           1BE7A    1BE7A       14     8000       0
                text198                           1BFBC    1BFBC        C     8000       0
                text197                           1C022    1C022        4     E00B       0
                text196                           1BA58    1BA58       2A     8000       0
                text195                           16298    16298      33E     8000       0
                text194                           15C0A    15C0A      350     8000       0
                text193                           195F8    195F8      100     8000       0
                text192                           1A6CA    1A6CA       7A     8000       0
                text191                           192BE    192BE      120     8000       0
                text190                           198DC    198DC       DE     8000       0
                text189                           18924    18924      150     8000       0
                text188                           193DE    193DE      112     8000       0
                text187                           1741C    1741C      2B4     8000       0
                text186                           1BA2A    1BA2A       2E     8000       0
                text185                           1B2AA    1B2AA       48     8000       0
                text184                           168DA    168DA      2FA     8000       0
                text183                           1A55A    1A55A       7C     8000       0
                text182                           1B6EA    1B6EA       3C     8000       0
                text181                           1859A    1859A      236     8000       0
                text180                           16E9E    16E9E      2C8     8000       0
                text179                           165D6    165D6      304     8000       0
                text178                           1A89A    1A89A       6E     8000       0
                text177                           18350    18350      24A     8000       0
                text176                           14138    14138      AC4     8000       0
                text175                           1C036    1C036        2     E00B       0
                text174                           1BAD2    1BAD2       28     8000       0
                text173                           1A4D8    1A4D8       82     8000       0
                text172                           1AB12    1AB12       66     8000       0
                text171                           1BBB8    1BBB8       26     8000       0
                text170                           19074    19074      128     8000       0
                text169                           18E18    18E18      132     8000       0
                text168                           1A3D2    1A3D2       84     8000       0
                text167                           1A82A    1A82A       70     8000       0
                text166                           176D0    176D0      2AE     8000       0
                text165                           1BD2E    1BD2E       1E     8000       0
                text164                           1B0F4    1B0F4       4C     8000       0
                text163                           1BFE6    1BFE6        A     8000       0
                text162                           150D0    150D0      480     8000       0
                text161                           12C34    12C34     1504     8000       0
                text160                           1B6AE    1B6AE       3C     8000       0
                text159                           19DBA    19DBA       B0     8000       0
                text158                           1B726    1B726       3A     8000       0
                text157                           1B0A8    1B0A8       4C     8000       0
                text156                           1B798    1B798       38     8000       0
                text155                           1C006    1C006        6     8000       0
                text154                           1BDEE    1BDEE       1A     8000       0
                text153                           1B4C2    1B4C2       40     8000       0
                text152                           180F8    180F8      258     8000       0
                text151                           1C01E    1C01E        4     E00B       0
                text150                           1BD84    1BD84       1C     8000       0
                text149                           1BE38    1BE38       18     8000       0
                text148                           1C034    1C034        2     E00B       0
                text147                           1BC4A    1BC4A       24     8000       0
                text146                           1BFDC    1BFDC        A     8000       0
                text145                           1BE20    1BE20       18     8000       0
                text144                           1B00E    1B00E       4E     8000       0
                text143                           1A456    1A456       82     8000       0
                text142                           1C032    1C032        2     E00B       0
                text141                           1BC26    1BC26       24     8000       0
                text140                           1BB92    1BB92       26     8000       0
                text139                           1C01A    1C01A        4     E00B       0
                text138                           1BFB0    1BFB0        C     8000       0
                text137                           1C030    1C030        2     E00B       0
                text136                           1B8A4    1B8A4       34     8000       0
                intcode_body                      194F0    194F0      108     8000       0
                text134                           1B806    1B806       36     8000       0
                text133                           1BFD2    1BFD2        A     8000       0
                text132                           1A068    1A068       A2     8000       0
                text131                           1B338    1B338       46     8000       0
                text130                           1AFC0    1AFC0       4E     8000       0
                text129                           19F18    19F18       AE     8000       0
                text128                           19CF4    19CF4       C6     8000       0
                text127                           1B482    1B482       40     8000       0
                text126                           1ACE8    1ACE8       58     8000       0
                text125                           1AA44    1AA44       68     8000       0
                text124                           1B672    1B672       3C     8000       0
                text123                           1A650    1A650       7A     8000       0
                text122                           1B9FA    1B9FA       30     8000       0
                text121                           1BDD4    1BDD4       1A     8000       0
                text120                           1B3C0    1B3C0       42     8000       0
                text119                           1BCD2    1BCD2       20     8000       0
                text118                           1ABD8    1ABD8       60     8000       0
                text117                           1B636    1B636       3C     8000       0
                text116                           1BB6C    1BB6C       26     8000       0
                text115                           1B262    1B262       48     8000       0
                text114                           17C0E    17C0E      284     8000       0
                text113                           1C02E    1C02E        2     E00B       0
                text112                           1BC02    1BC02       24     8000       0
                text111                           1BB46    1BB46       26     8000       0
                text110                           1B442    1B442       40     8000       0
                text109                           1C02C    1C02C        2     E00B       0
                text108                           1BAAA    1BAAA       28     8000       0
                text107                           1BB20    1BB20       26     8000       0
                text106                           1C000    1C000        6     8000       0
                text105                           1BFF8    1BFF8        8     8000       0
                text104                           1BFA2    1BFA2        E     8000       0
                text103                           1BEB4    1BEB4       12     8000       0
                text102                           1C02A    1C02A        2     E00B       0
                text101                           1B870    1B870       34     8000       0
                text99                            1BFC8    1BFC8        A     8000       0
                text98                            19FC6    19FC6       A2     8000       0
                text97                            1B2F2    1B2F2       46     8000       0
                text96                            1AF72    1AF72       4E     8000       0
                text95                            1A972    1A972       6A     8000       0
                text94                            1A10A    1A10A       9A     8000       0
                text93                            1BF94    1BF94        E     8000       0
                text92                            1A908    1A908       6A     8000       0
                text91                            1BF86    1BF86        E     8000       0
                text90                            1BF78    1BF78        E     8000       0
                text89                            1AAAC    1AAAC       66     8000       0
                text88                            1BF6A    1BF6A        E     8000       0
                text87                            1BD10    1BD10       1E     8000       0
                text86                            1BFF0    1BFF0        8     8000       0
                text85                            1BF06    1BF06       10     8000       0
                text84                            1B7D0    1B7D0       36     8000       0
                text83                            1BCF2    1BCF2       1E     8000       0
                text82                            1BD68    1BD68       1C     8000       0
                text81                            19B5E    19B5E       CC     8000       0
                text80                            1BD4C    1BD4C       1C     8000       0
                text79                            1BF5C    1BF5C        E     8000       0
                text78                            1B9CA    1B9CA       30     8000       0
                text77                            1BF4E    1BF4E        E     8000       0
                text76                            1B99A    1B99A       30     8000       0
                text75                            1BF40    1BF40        E     8000       0
                text74                            1B140    1B140       4A     8000       0
                text73                            1BF32    1BF32        E     8000       0
                text72                            1B8D8    1B8D8       32     8000       0
                text71                            1BF24    1BF24        E     8000       0
                text70                            1AF24    1AF24       4E     8000       0
                text69                            1B5BC    1B5BC       3E     8000       0
                text68                            1ADE4    1ADE4       52     8000       0
                text67                            1BDBA    1BDBA       1A     8000       0
                text66                            1AD92    1AD92       52     8000       0
                text65                            18BAE    18BAE      136     8000       0
                text64                            1919C    1919C      122     8000       0
                text63                            1B57E    1B57E       3E     8000       0
                text62                            1AE86    1AE86       50     8000       0
                text61                            17E92    17E92      266     8000       0
                text60                            1B96A    1B96A       30     8000       0
                text59                            15F5A    15F5A      33E     8000       0
                text58                            1B21A    1B21A       48     8000       0
                text57                            196F8    196F8       FA     8000       0
                text56                            1A34E    1A34E       84     8000       0
                text55                            1A744    1A744       74     8000       0
                text54                            1BA82    1BA82       28     8000       0
                text53                            187D0    187D0      154     8000       0
                text52                            18F4A    18F4A      12A     8000       0
                text51                            18CE4    18CE4      134     8000       0
                text50                            1A2C8    1A2C8       86     8000       0
                text49                            1A7B8    1A7B8       72     8000       0
                text48                            158B8    158B8      352     8000       0
                text47                            16BD4    16BD4      2CA     8000       0
                text46                            1BC90    1BC90       22     8000       0
                text45                            1AED6    1AED6       4E     8000       0
                text44                            1BE66    1BE66       14     8000       0
                text43                            14BFC    14BFC      4D4     8000       0
                text42                            1170C    1170C     1528     8000       0
                text41                            1B540    1B540       3E     8000       0
                text40                            1BEF6    1BEF6       10     8000       0
                text39                            1B1D2    1B1D2       48     8000       0
                text38                            19E6A    19E6A       AE     8000       0
                text37                            19C2A    19C2A       CA     8000       0
                text36                            1B402    1B402       40     8000       0
                text35                            1AC90    1AC90       58     8000       0
                text34                            1B502    1B502       3E     8000       0
                text33                            1A5D6    1A5D6       7A     8000       0
                text32                            1B93A    1B93A       30     8000       0
                text31                            1BDA0    1BDA0       1A     8000       0
                text30                            1B37E    1B37E       42     8000       0
                text29                            1BCB2    1BCB2       20     8000       0
                text28                            1AB78    1AB78       60     8000       0
                text27                            1B5FA    1B5FA       3C     8000       0
                text26                            1BAFA    1BAFA       26     8000       0
                text25                            1B18A    1B18A       48     8000       0
                text24                            1797E    1797E      290     8000       0
                text23                            1C016    1C016        4     E00B       0
                text22                            17166    17166      2B6     8000       0
                text21                            199BA    199BA       D8     8000       0
                text20                            1BC6E    1BC6E       22     8000       0
                text19                            1BF16    1BF16        E     8000       0
                text18                            1B83C    1B83C       34     8000       0
                text17                            1BE50    1BE50       16     8000       0
                text16                            1B90A    1B90A       30     8000       0
                text15                            1AD40    1AD40       52     8000       0
                text14                            1AE36    1AE36       50     8000       0
                text13                            1B760    1B760       38     8000       0
                text12                            1AC38    1AC38       58     8000       0
                text11                            1A238    1A238       90     8000       0
                text10                            1A1A4    1A1A4       94     8000       0
                text9                             1BEE6    1BEE6       10     8000       0
                text8                             1B05C    1B05C       4C     8000       0
                text7                             1A9DC    1A9DC       68     8000       0
                text6                             15550    15550      368     8000       0
                text5                             1BEA2    1BEA2       12     8000       0
                text4                             10000    10000     170C     8000       0
                text3                             18A74    18A74      13A     8000       0
                text2                             1BED6    1BED6       10     8000       0
                text1                             1BE08    1BE08       18     8000       0
                text0                             197F2    197F2       EA     8000       0
                cstackCOMRAM                          1        1       5D        1       1
                cstackBANK0                          60       60       90       60       1
                cstackBANK1                         100      100       60      100       1
                cstackBANK2                         200      200       91      200       1
                cstackBANK3                         3F9      3F9        7      300       1
                cstackBANK4                         480      480       44      400       1
                bssBANK4                            400      400       80      400       1
                dataBANK3                           3D5      3D5       24      300       1
                bssBANK3                            300      300       D5      300       1
                dataBANK2                           2EE      2EE       10      200       1
                bssBANK2                            291      291       5D      200       1
                dataBANK1                           1AC      1AC        5      100       1
                bssBANK1                            160      160       4C      100       1
                dataBANK0                            F7       F7        4       60       1
                bssBANK0                             F0       F0        7       60       1
                bitbssBANK0                         7D8       FB        1       60       1     8
                bitbssCOMRAM                        2F0       5E        1        1       1     8
                cinit                             19A92    19A92       CC     8000       0
                nvBANK2                             2FE      2FE        1      200       1
                idataBANK3                        1BBDE    1BBDE       24     8000       0
                idataBANK2                        1BEC6    1BEC6       10     8000       0
                idataBANK1                        1C00C    1C00C        5     8000       0
                idataBANK0                        1C011    1C011        4     8000       0

TOTAL           Name                               Link     Load   Length     Space
        CLASS   STACK          

        CLASS   CODE           
                intcodelo                            18       18       F2         0
                intcode                               8        8        6         0
                init                                10A      10A        4         0
                reset_vec                             0        0        4         0
                text201                           1BE8E    1BE8E       14         0
                text200                           1C026    1C026        4         0
                text199                           1BE7A    1BE7A       14         0
                text198                           1BFBC    1BFBC        C         0
                text197                           1C022    1C022        4         0
                text196                           1BA58    1BA58       2A         0
                text195                           16298    16298      33E         0
                text194                           15C0A    15C0A      350         0
                text193                           195F8    195F8      100         0
                text192                           1A6CA    1A6CA       7A         0
                text191                           192BE    192BE      120         0
                text190                           198DC    198DC       DE         0
                text189                           18924    18924      150         0
                text188                           193DE    193DE      112         0
                text187                           1741C    1741C      2B4         0
                text186                           1BA2A    1BA2A       2E         0
                text185                           1B2AA    1B2AA       48         0
                text184                           168DA    168DA      2FA         0
                text183                           1A55A    1A55A       7C         0
                text182                           1B6EA    1B6EA       3C         0
                text181                           1859A    1859A      236         0
                text180                           16E9E    16E9E      2C8         0
                text179                           165D6    165D6      304         0
                text178                           1A89A    1A89A       6E         0
                text177                           18350    18350      24A         0
                text176                           14138    14138      AC4         0
                text175                           1C036    1C036        2         0
                text174                           1BAD2    1BAD2       28         0
                text173                           1A4D8    1A4D8       82         0
                text172                           1AB12    1AB12       66         0
                text171                           1BBB8    1BBB8       26         0
                text170                           19074    19074      128         0
                text169                           18E18    18E18      132         0
                text168                           1A3D2    1A3D2       84         0
                text167                           1A82A    1A82A       70         0
                text166                           176D0    176D0      2AE         0
                text165                           1BD2E    1BD2E       1E         0
                text164                           1B0F4    1B0F4       4C         0
                text163                           1BFE6    1BFE6        A         0
                text162                           150D0    150D0      480         0
                text161                           12C34    12C34     1504         0
                text160                           1B6AE    1B6AE       3C         0
                text159                           19DBA    19DBA       B0         0
                text158                           1B726    1B726       3A         0
                text157                           1B0A8    1B0A8       4C         0
                text156                           1B798    1B798       38         0
                text155                           1C006    1C006        6         0
                text154                           1BDEE    1BDEE       1A         0
                text153                           1B4C2    1B4C2       40         0
                text152                           180F8    180F8      258         0
                text151                           1C01E    1C01E        4         0
                text150                           1BD84    1BD84       1C         0
                text149                           1BE38    1BE38       18         0
                text148                           1C034    1C034        2         0
                text147                           1BC4A    1BC4A       24         0
                text146                           1BFDC    1BFDC        A         0
                text145                           1BE20    1BE20       18         0
                text144                           1B00E    1B00E       4E         0
                text143                           1A456    1A456       82         0
                text142                           1C032    1C032        2         0
                text141                           1BC26    1BC26       24         0
                text140                           1BB92    1BB92       26         0
                text139                           1C01A    1C01A        4         0
                text138                           1BFB0    1BFB0        C         0
                text137                           1C030    1C030        2         0
                text136                           1B8A4    1B8A4       34         0
                intcode_body                      194F0    194F0      108         0
                text134                           1B806    1B806       36         0
                text133                           1BFD2    1BFD2        A         0
                text132                           1A068    1A068       A2         0
                text131                           1B338    1B338       46         0
                text130                           1AFC0    1AFC0       4E         0
                text129                           19F18    19F18       AE         0
                text128                           19CF4    19CF4       C6         0
                text127                           1B482    1B482       40         0
                text126                           1ACE8    1ACE8       58         0
                text125                           1AA44    1AA44       68         0
                text124                           1B672    1B672       3C         0
                text123                           1A650    1A650       7A         0
                text122                           1B9FA    1B9FA       30         0
                text121                           1BDD4    1BDD4       1A         0
                text120                           1B3C0    1B3C0       42         0
                text119                           1BCD2    1BCD2       20         0
                text118                           1ABD8    1ABD8       60         0
                text117                           1B636    1B636       3C         0
                text116                           1BB6C    1BB6C       26         0
                text115                           1B262    1B262       48         0
                text114                           17C0E    17C0E      284         0
                text113                           1C02E    1C02E        2         0
                text112                           1BC02    1BC02       24         0
                text111                           1BB46    1BB46       26         0
                text110                           1B442    1B442       40         0
                text109                           1C02C    1C02C        2         0
                text108                           1BAAA    1BAAA       28         0
                text107                           1BB20    1BB20       26         0
                text106                           1C000    1C000        6         0
                text105                           1BFF8    1BFF8        8         0
                text104                           1BFA2    1BFA2        E         0
                text103                           1BEB4    1BEB4       12         0
                text102                           1C02A    1C02A        2         0
                text101                           1B870    1B870       34         0
                text99                            1BFC8    1BFC8        A         0
                text98                            19FC6    19FC6       A2         0
                text97                            1B2F2    1B2F2       46         0
                text96                            1AF72    1AF72       4E         0
                text95                            1A972    1A972       6A         0
                text94                            1A10A    1A10A       9A         0
                text93                            1BF94    1BF94        E         0
                text92                            1A908    1A908       6A         0
                text91                            1BF86    1BF86        E         0
                text90                            1BF78    1BF78        E         0
                text89                            1AAAC    1AAAC       66         0
                text88                            1BF6A    1BF6A        E         0
                text87                            1BD10    1BD10       1E         0
                text86                            1BFF0    1BFF0        8         0
                text85                            1BF06    1BF06       10         0
                text84                            1B7D0    1B7D0       36         0
                text83                            1BCF2    1BCF2       1E         0
                text82                            1BD68    1BD68       1C         0
                text81                            19B5E    19B5E       CC         0
                text80                            1BD4C    1BD4C       1C         0
                text79                            1BF5C    1BF5C        E         0
                text78                            1B9CA    1B9CA       30         0
                text77                            1BF4E    1BF4E        E         0
                text76                            1B99A    1B99A       30         0
                text75                            1BF40    1BF40        E         0
                text74                            1B140    1B140       4A         0
                text73                            1BF32    1BF32        E         0
                text72                            1B8D8    1B8D8       32         0
                text71                            1BF24    1BF24        E         0
                text70                            1AF24    1AF24       4E         0
                text69                            1B5BC    1B5BC       3E         0
                text68                            1ADE4    1ADE4       52         0
                text67                            1BDBA    1BDBA       1A         0
                text66                            1AD92    1AD92       52         0
                text65                            18BAE    18BAE      136         0
                text64                            1919C    1919C      122         0
                text63                            1B57E    1B57E       3E         0
                text62                            1AE86    1AE86       50         0
                text61                            17E92    17E92      266         0
                text60                            1B96A    1B96A       30         0
                text59                            15F5A    15F5A      33E         0
                text58                            1B21A    1B21A       48         0
                text57                            196F8    196F8       FA         0
                text56                            1A34E    1A34E       84         0
                text55                            1A744    1A744       74         0
                text54                            1BA82    1BA82       28         0
                text53                            187D0    187D0      154         0
                text52                            18F4A    18F4A      12A         0
                text51                            18CE4    18CE4      134         0
                text50                            1A2C8    1A2C8       86         0
                text49                            1A7B8    1A7B8       72         0
                text48                            158B8    158B8      352         0
                text47                            16BD4    16BD4      2CA         0
                text46                            1BC90    1BC90       22         0
                text45                            1AED6    1AED6       4E         0
                text44                            1BE66    1BE66       14         0
                text43                            14BFC    14BFC      4D4         0
                text42                            1170C    1170C     1528         0
                text41                            1B540    1B540       3E         0
                text40                            1BEF6    1BEF6       10         0
                text39                            1B1D2    1B1D2       48         0
                text38                            19E6A    19E6A       AE         0
                text37                            19C2A    19C2A       CA         0
                text36                            1B402    1B402       40         0
                text35                            1AC90    1AC90       58         0
                text34                            1B502    1B502       3E         0
                text33                            1A5D6    1A5D6       7A         0
                text32                            1B93A    1B93A       30         0
                text31                            1BDA0    1BDA0       1A         0
                text30                            1B37E    1B37E       42         0
                text29                            1BCB2    1BCB2       20         0
                text28                            1AB78    1AB78       60         0
                text27                            1B5FA    1B5FA       3C         0
                text26                            1BAFA    1BAFA       26         0
                text25                            1B18A    1B18A       48         0
                text24                            1797E    1797E      290         0
                text23                            1C016    1C016        4         0
                text22                            17166    17166      2B6         0
                text21                            199BA    199BA       D8         0
                text20                            1BC6E    1BC6E       22         0
                text19                            1BF16    1BF16        E         0
                text18                            1B83C    1B83C       34         0
                text17                            1BE50    1BE50       16         0
                text16                            1B90A    1B90A       30         0
                text15                            1AD40    1AD40       52         0
                text14                            1AE36    1AE36       50         0
                text13                            1B760    1B760       38         0
                text12                            1AC38    1AC38       58         0
                text11                            1A238    1A238       90         0
                text10                            1A1A4    1A1A4       94         0
                text9                             1BEE6    1BEE6       10         0
                text8                             1B05C    1B05C       4C         0
                text7                             1A9DC    1A9DC       68         0
                text6                             15550    15550      368         0
                text5                             1BEA2    1BEA2       12         0
                text4                             10000    10000     170C         0
                text3                             18A74    18A74      13A         0
                text2                             1BED6    1BED6       10         0
                text1                             1BE08    1BE08       18         0
                text0                             197F2    197F2       EA         0
                cinit                             19A92    19A92       CC         0
                idataBANK3                        1BBDE    1BBDE       24         0
                idataBANK2                        1BEC6    1BEC6       10         0
                idataBANK1                        1C00C    1C00C        5         0
                idataBANK0                        1C011    1C011        4         0

        CLASS   CONST          

        CLASS   SMALLCONST     

        CLASS   MEDIUMCONST    
                mediumconst                        CDDC     CDDC     3224         0

        CLASS   COMRAM         
                temp                                 5F       5F        1         1
                cstackCOMRAM                          1        1       5D         1
                bitbssCOMRAM                        2F0       5E        1         1

        CLASS   ABS1           

        CLASS   BIGRAM         

        CLASS   RAM            

        CLASS   BANK0          
                cstackBANK0                          60       60       90         1
                dataBANK0                            F7       F7        4         1
                bssBANK0                             F0       F0        7         1
                bitbssBANK0                         7D8       FB        1         1

        CLASS   BANK1          
                cstackBANK1                         100      100       60         1
                dataBANK1                           1AC      1AC        5         1
                bssBANK1                            160      160       4C         1

        CLASS   BANK2          
                cstackBANK2                         200      200       91         1
                dataBANK2                           2EE      2EE       10         1
                bssBANK2                            291      291       5D         1
                nvBANK2                             2FE      2FE        1         1

        CLASS   BANK3          
                cstackBANK3                         3F9      3F9        7         1
                dataBANK3                           3D5      3D5       24         1
                bssBANK3                            300      300       D5         1

        CLASS   BANK4          
                cstackBANK4                         480      480       44         1
                bssBANK4                            400      400       80         1

        CLASS   BANK5          

        CLASS   BANK6          

        CLASS   BANK7          

        CLASS   BANK8          

        CLASS   BANK9          

        CLASS   BANK10         

        CLASS   BANK11         

        CLASS   BANK12         

        CLASS   BANK13         

        CLASS   SFR            

        CLASS   FARRAM         

        CLASS   CONFIG         
                config                           300000   300000        C         0

        CLASS   IDLOC          
                idloc                            200000   200000       10         0

        CLASS   EEDATA         



SEGMENTS        Name                           Load    Length   Top    Selector   Space  Class

                reset_vec                      000000  000004  000004         0       0  CODE    
                cstackCOMRAM                   000001  00005F  000060         1       1  COMRAM  
                intcode                        000008  000006  00000E         4       0  CODE    
                intcodelo                      000018  0000F6  00010E         C       0  CODE    
                cstackBANK0                    000060  00009C  0000FC        60       1  BANK0   
                cstackBANK1                    000100  0000B1  0001B1       100       1  BANK1   
                cstackBANK2                    000200  0000FF  0002FF       200       1  BANK2   
                bssBANK3                       000300  000100  000400       300       1  BANK3   
                bssBANK4                       000400  0000C4  0004C4       400       1  BANK4   
                mediumconst                    00CDDC  003224  010000      66EE       0  MEDIUMCO
                text4                          010000  00C015  01C015      8000       0  CODE    
                text23                         01C016  000022  01C038      E00B       0  CODE    
                idloc                          200000  000010  200010    200000       0  IDLOC   
                config                         300000  00000C  30000C    300000       0  CONFIG  


UNUSED ADDRESS RANGES

        Name                Unused          Largest block    Delta
        BANK0            0000FC-0000FF                4
        BANK1            0001B1-0001FF               4F
        BANK10           000A00-000AFF              100
        BANK11           000B00-000BFF              100
        BANK12           000C00-000CFF              100
        BANK13           000D00-000DE9               EA
        BANK2            0002FF-0002FF                1
        BANK4            0004C4-0004FF               3C
        BANK5            000500-0005FF              100
        BANK6            000600-0006FF              100
        BANK7            000700-0007FF              100
        BANK8            000800-0008FF              100
        BANK9            000900-0009FF              100
        BIGRAM           0000FC-0000FF                4
                         0001B1-0001FF               4F
                         0002FF-0002FF                1
                         0004C4-000DE9              926
        CODE             000004-000007                4
                         00000E-000017                A
                         00010E-00CDDB             CCCE
                         01C015-01C015                1
                         01C038-01FFFF             3FC8
        CONST            000004-000007                4
                         00000E-000017                A
                         00010E-00CDDB             CCCE
                         01C015-01C015                1
                         01C038-01FFFF             3FC8
        EEDATA           310000-3103FF              400
        MEDIUMCONST      000E00-00CDDB             BFDC
                         01C015-01C015                1
                         01C038-01FFFF             3FC8
        RAM              0000FC-0000FF                4
                         0001B1-0001FF               4F
                         0002FF-0002FF                1
                         0004C4-000DE9              100
        SFR              000DEF-000FFF              100
        SMALLCONST       000E00-00CDDB              100
                         01C015-01C015                1
                         01C038-01FFFF              100
        STACK            0004C4-000DE9              926

                                  Symbol Table

?_ADCC_GetConversionResult                     cstackCOMRAM 000001
?_ADCC_GetFilterValue                          cstackCOMRAM 000001
?_FLASH_ReadWord                               cstackBANK1  000153
?___awdiv                                      cstackBANK1  000155
?___awmod                                      cstackBANK1  00014F
?___fladd                                      cstackBANK2  000204
?___fldiv                                      cstackBANK2  000218
?___flmul                                      cstackBANK2  000231
?___flneg                                      cstackBANK2  000200
?___flsub                                      cstackBANK2  000218
?___fltol                                      cstackBANK2  000253
?___lldiv                                      cstackBANK1  00014F
?___llmod                                      cstackBANK2  000200
?___wmul                                       cstackBANK1  00014F
?___xxtofl                                     cstackBANK1  00014F
?__div_to_l_                                   cstackBANK1  00014F
?__doprnt                                      cstackBANK2  00025B
?__tdiv_to_l_                                  cstackBANK1  00014F
?_abs                                          cstackBANK0  000076
?_acos                                         cstackBANK0  0000A9
?_asin                                         cstackBANK0  000091
?_atan                                         cstackBANK0  00007C
?_atoi                                         cstackBANK1  000155
?_currentMeasuredToPeak                        cstackBANK0  000099
?_eval_poly                                    cstackBANK0  00006C
?_fabs                                         cstackCOMRAM 000030
?_floor                                        cstackBANK0  000076
?_fround                                       cstackBANK2  00024A
?_getCauseOfResetString                        cstackBANK1  00014F
?_getCauseOfResetStringSmall                   cstackBANK1  00014F
?_getDeviceID                                  cstackBANK1  00015A
?_getDeviceIDString                            cstackBANK1  00015C
?_getUserID                                    cstackBANK1  00015A
?_peakToRMS                                    cstackBANK0  0000B1
?_printf                                       cstackBANK2  000285
?_readDoubleFromEEPROM                         cstackBANK1  000151
?_scale                                        cstackBANK2  00024A
?_sin                                          cstackBANK0  000088
?_sqrt                                         cstackBANK0  00006C
?_strchr                                       cstackBANK1  00014F
?_strcmp                                       cstackBANK1  00014F
?_strlen                                       cstackBANK1  00014F
?_strncmp                                      cstackBANK1  000155
?_strstr                                       cstackBANK2  000200
?i1_FLASH_ReadWord                             cstackBANK1  000104
?i1_getCauseOfResetStringSmall                 cstackBANK1  000100
?i1_getDeviceID                                cstackBANK1  00010B
?i1_getDeviceIDString                          cstackBANK1  00010D
?i2___awdiv                                    cstackCOMRAM 000007
?i2___awmod                                    cstackCOMRAM 000001
?i2___fladd                                    cstackCOMRAM 000056
?i2___fldiv                                    cstackCOMRAM 000013
?i2___flmul                                    cstackCOMRAM 000030
?i2___flneg                                    cstackCOMRAM 00002C
?i2___flsub                                    cstackBANK0  000080
?i2___fltol                                    cstackBANK0  00006C
?i2___lldiv                                    cstackCOMRAM 000001
?i2___llmod                                    cstackCOMRAM 00000E
?i2___wmul                                     cstackCOMRAM 000001
?i2___xxtofl                                   cstackCOMRAM 000005
?i2__div_to_l_                                 cstackCOMRAM 000001
?i2__doprnt                                    cstackBANK0  000088
?i2__tdiv_to_l_                                cstackCOMRAM 000001
?i2_fround                                     cstackCOMRAM 000049
?i2_printf                                     cstackBANK0  0000B2
?i2_readDoubleFromEEPROM                       cstackCOMRAM 000003
?i2_scale                                      cstackCOMRAM 000049
ADCC_SetADTIInterruptHandler@InterruptHandler  cstackBANK1  00014F
ADCC_StartConversion@channel                   cstackBANK1  000100
ADC_PostProcessingCallback@current_adc_channel cstackBANK0  0000D5
DATAEE_ReadByte@bAdd                           cstackBANK1  00014F
DATAEE_WriteByte@GIEBitValue                   cstackBANK1  000152
DATAEE_WriteByte@bAdd                          cstackBANK1  00014F
DATAEE_WriteByte@bData                         cstackBANK1  000151
EUSART2_Read@readValue                         cstackBANK1  00014F
EUSART2_SetRxInterruptHandler@interruptHandler cstackBANK1  00014F
EUSART2_SetTxInterruptHandler@interruptHandler cstackBANK1  00014F
EUSART2_Write@txData                           cstackBANK1  00014F
FLASH_ReadByte@flashAddr                       cstackBANK1  00014F
FLASH_ReadWord@flashAddr                       cstackBANK1  000153
I2C1_ISR@i2c_10bit_address_restart             bssBANK1     00019E
I2C1_ISR@i2c_address                           bssBANK0     0000F5
I2C1_ISR@i2c_bytes_left                        bssBANK1     00019F
I2C1_ISR@pi2c_buf_ptr                          bssBANK1     00018D
I2C1_MasterRead@trBlock                        bssBANK2     0002DF
I2C1_MasterTRBInsert@count                     cstackBANK1  000154
I2C1_MasterTRBInsert@pflag                     cstackBANK1  000151
I2C1_MasterTRBInsert@ptrb_list                 cstackBANK1  00014F
I2C1_MasterWrite@address                       cstackBANK1  00015B
I2C1_MasterWrite@length                        cstackBANK1  00015A
I2C1_MasterWrite@pdata                         cstackBANK1  000158
I2C1_MasterWrite@pflag                         cstackBANK1  00015D
I2C1_MasterWrite@trBlock                       bssBANK2     0002E4
I2C1_MasterWriteTRBBuild@address               cstackBANK1  000154
I2C1_MasterWriteTRBBuild@length                cstackBANK1  000153
I2C1_MasterWriteTRBBuild@pdata                 cstackBANK1  000151
I2C1_MasterWriteTRBBuild@ptrb                  cstackBANK1  00014F
I2C1_Stop@completion_code                      cstackCOMRAM 000003
INT0_SetInterruptHandler@InterruptHandler      cstackBANK1  00014F
OLED_Clear@col                                 cstackBANK2  000213
OLED_Clear@row                                 cstackBANK2  000211
OLED_Command@data_array                        cstackBANK2  000202
OLED_Command@length                            cstackBANK2  000201
OLED_Command@temp                              cstackBANK2  000200
OLED_PutChar@ch                                cstackBANK2  000210
OLED_PutChar@data_array                        cstackBANK2  000204
OLED_PutChar@input_base                        cstackBANK2  00020D
OLED_PutChar@length                            cstackBANK2  00020F
OLED_WriteString@s                             cstackBANK2  000211
OLED_YX@Column                                 cstackBANK1  00015F
OLED_YX@Row                                    cstackBANK2  000205
OLED_updateCallback@dev_id_str                 cstackBANK2  000215
OLED_updateCallback@rev_id_str                 cstackBANK2  000225
TMR2_ISR@CountCallBack                         bssBANK1     00018B
TMR2_SetInterruptHandler@InterruptHandler      cstackBANK1  00014F
TMR4_ISR@CountCallBack                         bssBANK1     000193
TMR4_SetInterruptHandler@InterruptHandler      cstackBANK1  00014F
TMR5_SetInterruptHandler@InterruptHandler      cstackBANK1  00014F
TMR5_WriteTimer@timerVal                       cstackCOMRAM 000001
TMR6_SetInterruptHandler@InterruptHandler      cstackBANK1  00014F
TMR7_SetInterruptHandler@InterruptHandler      cstackBANK1  00014F
TMR7_WriteTimer@timerVal                       cstackBANK1  000100
_ADACCH                                        (abs)        000F71
_ADACCL                                        (abs)        000F70
_ADACQ                                         (abs)        000F5C
_ADACT                                         (abs)        000F56
_ADCAP                                         (abs)        000F5D
_ADCC_ADTI_InterruptHandler                    bssBANK2     0002D4
_ADCC_ClearAccumulator                         text106      01C000
_ADCC_DefaultInterruptHandler                  text175      01C036
_ADCC_DischargeSampleCapacitor                 text105      01BFF8
_ADCC_GetConversionResult                      text201      01BE8E
_ADCC_GetCurrentCountofConversions             text200      01C026
_ADCC_GetFilterValue                           text199      01BE7A
_ADCC_HasAccumulatorOverflowed                 text198      01BFBC
_ADCC_Initialize                               text92       01A908
_ADCC_SetADTIInterruptHandler                  text93       01BF94
_ADCC_StartConversion                          text104      01BFA2
_ADCC_StopConversion                           text197      01C022
_ADCC_ThresholdISR                             text174      01BAD2
_ADCLK                                         (abs)        000F57
_ADCNT                                         (abs)        000F67
_ADCON0                                        (abs)        000F60
_ADCON0bits                                    (abs)        000F60
_ADCON1                                        (abs)        000F59
_ADCON1bits                                    (abs)        000F59
_ADCON2                                        (abs)        000F5A
_ADCON2bits                                    (abs)        000F5A
_ADCON3                                        (abs)        000F5B
_ADCON3bits                                    (abs)        000F5B
_ADC_PostProcessingCallback                    text176      014138
_ADC_PostProcessingCallback$5949               cstackBANK0  0000D6
_ADC_PostProcessingCallback$5950               cstackBANK0  0000DA
_ADC_PostProcessingCallback$5951               cstackBANK0  0000C9
_ADC_PostProcessingCallback$5952               cstackBANK0  0000CD
_ADC_PostProcessingCallback$5953               cstackBANK0  0000D1
_ADC_Result_Scaling                            bssBANK2     0002BD
_ADERRH                                        (abs)        000F6F
_ADERRL                                        (abs)        000F6E
_ADFLTRH                                       (abs)        000F73
_ADFLTRL                                       (abs)        000F72
_ADLTHH                                        (abs)        000F6B
_ADLTHL                                        (abs)        000F6A
_ADPCH                                         (abs)        000F5F
_ADPRE                                         (abs)        000F5E
_ADPREVH                                       (abs)        000F62
_ADPREVL                                       (abs)        000F61
_ADREF                                         (abs)        000F58
_ADRESH                                        (abs)        000F64
_ADRESL                                        (abs)        000F63
_ADRPT                                         (abs)        000F66
_ADSTAT                                        (abs)        000F65
_ADSTATbits                                    (abs)        000F65
_ADSTPTH                                       (abs)        000F69
_ADSTPTL                                       (abs)        000F68
_ADUTHH                                        (abs)        000F6D
_ADUTHL                                        (abs)        000F6C
_ANSELA                                        (abs)        000E92
_ANSELB                                        (abs)        000E9A
_ANSELD                                        (abs)        000EA7
_ANSELE                                        (abs)        000EAF
_ANSELF                                        (abs)        000EB4
_ANSELG                                        (abs)        000EBC
_AVSS_ADC_Result                               bssBANK2     0002C1
_Avg_Power                                     bssBANK1     000170
_BAUD2CON                                      (abs)        000EF7
_DATAEE_ReadByte                               text67       01BDBA
_DATAEE_WriteByte                              text63       01B57E
_EUSART2_Initialize                            text89       01AAAC
_EUSART2_Read                                  text39       01B1D2
_EUSART2_Receive_ISR                           text159      019DBA
_EUSART2_RxDefaultInterruptHandler             bssBANK2     0002D7
_EUSART2_SetRxInterruptHandler                 text91       01BF86
_EUSART2_SetTxInterruptHandler                 text90       01BF78
_EUSART2_Transmit_ISR                          text134      01B806
_EUSART2_TxDefaultInterruptHandler             bssBANK2     0002DA
_EUSART2_Write                                 text45       01AED6
_EXT_INT_Initialize                            text87       01BD10
_FLASH_ReadByte                                text31       01BDA0
_FLASH_ReadWord                                text30       01B37E
_FVRCON                                        (abs)        000EC4
_FVRCONbits                                    (abs)        000EC4
_FVR_ADC_Result                                bssBANK1     0001A7
_FVR_Initialize                                text86       01BFF0
_HLVDCON0                                      (abs)        000EC2
_HLVDCON0bits                                  (abs)        000EC2
_HLVDCON1                                      (abs)        000EC3
_HLVD_ISR                                      text156      01B798
_HLVD_Initialize                               text85       01BF06
_I2C1_BusCollisionISR                          text155      01C006
_I2C1_FunctionComplete                         text154      01BDEE
_I2C1_ISR                                      text152      0180F8
_I2C1_Initialize                               text84       01B7D0
_I2C1_MasterTRBInsert                          text98       019FC6
_I2C1_MasterWrite                              text96       01AF72
_I2C1_MasterWriteTRBBuild                      text97       01B2F2
_I2C1_Stop                                     text153      01B4C2
_I2C1_WaitForLastPacketToComplete              text99       01BFC8
_INT0PPS                                       (abs)        000DF0
_INT0_CallBack                                 text147      01BC4A
_INT0_DefaultInterruptHandler                  text148      01C034
_INT0_ISR                                      text146      01BFDC
_INT0_InterruptHandler                         bssBANK2     0002CB
_INT0_SetInterruptHandler                      text88       01BF6A
_INTCONbits                                    (abs)        000FF2
_INTERRUPT_Initialize                          text83       01BCF2
_INTERRUPT_InterruptManagerHigh                intcode      000008
_INTERRUPT_InterruptManagerLow                 intcodelo    000018
_IPR0bits                                      (abs)        000E1F
_IPR1bits                                      (abs)        000E20
_IPR2bits                                      (abs)        000E21
_IPR3bits                                      (abs)        000E22
_IPR5bits                                      (abs)        000E24
_Imeas                                         bssBANK2     0002B5
_Ipk                                           bssBANK1     000178
_Irms                                          bssBANK1     000174
_Irms_offset                                   dataBANK1    0001AC
_LATA                                          (abs)        000F79
_LATB                                          (abs)        000F7A
_LATC                                          (abs)        000F7B
_LATD                                          (abs)        000F7C
_LATE                                          (abs)        000F7D
_LATF                                          (abs)        000F7E
_LATFbits                                      (abs)        000F7E
_LATG                                          (abs)        000F7F
_LATGbits                                      (abs)        000F7F
_LATH                                          (abs)        000F80
_NVMADRH                                       (abs)        000F75
_NVMADRL                                       (abs)        000F74
_NVMCON1bits                                   (abs)        000F77
_NVMCON2                                       (abs)        000F78
_NVMDAT                                        (abs)        000F76
_ODCONA                                        (abs)        000E90
_ODCONB                                        (abs)        000E98
_ODCONC                                        (abs)        000EA0
_ODCOND                                        (abs)        000EA5
_ODCONE                                        (abs)        000EAD
_ODCONF                                        (abs)        000EB2
_ODCONG                                        (abs)        000EBA
_ODCONH                                        (abs)        000EBF
_OLED_Clear                                    text36       01B402
_OLED_Command                                  text95       01A972
_OLED_Frame                                    bssBANK1     00019D
_OLED_I2C_Status                               bssBANK1     0001AB
_OLED_Init                                     text94       01A10A
_OLED_PutChar                                  text37       019C2A
_OLED_RAM_Buffer                               bssBANK3     000340
_OLED_UpdateFromRAMBuffer                      text33       01A5D6
_OLED_WriteString                              text35       01AC90
_OLED_YX                                       text34       01B502
_OLED_updateCallback                           text24       01797E
_OLED_updateCallback$intlevel0                 text24       017984
_OSCCON1                                       (abs)        000E43
_OSCCON3                                       (abs)        000E45
_OSCEN                                         (abs)        000E47
_OSCFRQ                                        (abs)        000E49
_OSCILLATOR_Initialize                         text82       01BD68
_OSCTUNE                                       (abs)        000E48
_OledFont                                      mediumconst  00CE9B
_PCON0bits                                     (abs)        000FD7
_PIE0bits                                      (abs)        000E29
_PIE1bits                                      (abs)        000E2A
_PIE2bits                                      (abs)        000E2B
_PIE3bits                                      (abs)        000E2C
_PIE5bits                                      (abs)        000E2E
_PIN_MANAGER_Initialize                        text81       019B5E
_PIR0bits                                      (abs)        000E33
_PIR1bits                                      (abs)        000E34
_PIR2bits                                      (abs)        000E35
_PIR3bits                                      (abs)        000E36
_PIR5bits                                      (abs)        000E38
_PIR8bits                                      (abs)        000E3B
_PLLR                                          (abs)        007230
_PMD0                                          (abs)        000E4C
_PMD1                                          (abs)        000E4D
_PMD2                                          (abs)        000E4E
_PMD3                                          (abs)        000E4F
_PMD4                                          (abs)        000E50
_PMD5                                          (abs)        000E51
_PMD_Initialize                                text80       01BD4C
_POS12_ADC_Result                              bssBANK1     000180
_POS3P3_ADC_Result                             bssBANK1     000184
_PR2                                           (abs)        000FBC
_PR4                                           (abs)        000FB6
_PR6                                           (abs)        000FB0
_RC2REG                                        (abs)        000EF1
_RC2STA                                        (abs)        000EF5
_RC2STAbits                                    (abs)        000EF5
_RC6PPS                                        (abs)        000E68
_RC7PPS                                        (abs)        000E69
_RG7PPS                                        (abs)        000E89
_RX2PPS                                        (abs)        000E11
_SBOREN                                        (abs)        00725F
_SLRCONA                                       (abs)        000E8F
_SLRCONB                                       (abs)        000E97
_SLRCONC                                       (abs)        000E9F
_SLRCOND                                       (abs)        000EA4
_SLRCONE                                       (abs)        000EAC
_SLRCONF                                       (abs)        000EB1
_SLRCONG                                       (abs)        000EB9
_SLRCONH                                       (abs)        000EBE
_SP2BRGH                                       (abs)        000EF4
_SP2BRGL                                       (abs)        000EF3
_SSP1ADD                                       (abs)        000F92
_SSP1BUF                                       (abs)        000F91
_SSP1CLKPPS                                    (abs)        000E19
_SSP1CON1                                      (abs)        000F95
_SSP1CON1bits                                  (abs)        000F95
_SSP1CON2bits                                  (abs)        000F96
_SSP1CON3                                      (abs)        000F97
_SSP1DATPPS                                    (abs)        000E1A
_SSP1STAT                                      (abs)        000F94
_SYSTEM_Initialize                             text69       01B5BC
_T2CLKCON                                      (abs)        000FBF
_T2CON                                         (abs)        000FBD
_T2CONbits                                     (abs)        000FBD
_T2HLT                                         (abs)        000FBE
_T2HLTbits                                     (abs)        000FBE
_T2PR                                          (abs)        000FBC
_T2RST                                         (abs)        000FC0
_T2RSTbits                                     (abs)        000FC0
_T2TMR                                         (abs)        000FBB
_T4CLKCON                                      (abs)        000FB9
_T4CON                                         (abs)        000FB7
_T4CONbits                                     (abs)        000FB7
_T4HLT                                         (abs)        000FB8
_T4HLTbits                                     (abs)        000FB8
_T4PR                                          (abs)        000FB6
_T4RST                                         (abs)        000FBA
_T4RSTbits                                     (abs)        000FBA
_T4TMR                                         (abs)        000FB5
_T5CLK                                         (abs)        000FC6
_T5CON                                         (abs)        000FC3
_T5CONbits                                     (abs)        000FC3
_T5GATE                                        (abs)        000FC5
_T5GCON                                        (abs)        000FC4
_T5GCONbits                                    (abs)        000FC4
_T6CLKCON                                      (abs)        000FB3
_T6CON                                         (abs)        000FB1
_T6CONbits                                     (abs)        000FB1
_T6HLT                                         (abs)        000FB2
_T6HLTbits                                     (abs)        000FB2
_T6PR                                          (abs)        000FB0
_T6RST                                         (abs)        000FB4
_T6RSTbits                                     (abs)        000FB4
_T6TMR                                         (abs)        000FAF
_T7CLK                                         (abs)        000F33
_T7CON                                         (abs)        000F30
_T7CONbits                                     (abs)        000F30
_T7GATE                                        (abs)        000F32
_T7GCON                                        (abs)        000F31
_T7GCONbits                                    (abs)        000F31
_TABLAT                                        (abs)        000FF5
_TBLPTRH                                       (abs)        000FF7
_TBLPTRL                                       (abs)        000FF6
_TBLPTRU                                       (abs)        000FF8
_TMR2                                          (abs)        000FBB
_TMR2_CallBack                                 text112      01BC02
_TMR2_DefaultInterruptHandler                  text113      01C02E
_TMR2_ISR                                      text111      01BB46
_TMR2_Initialize                               text78       01B9CA
_TMR2_InterruptHandler                         bssBANK2     0002C5
_TMR2_SetInterruptHandler                      text79       01BF5C
_TMR4                                          (abs)        000FB5
_TMR4_CallBack                                 text141      01BC26
_TMR4_DefaultInterruptHandler                  text142      01C032
_TMR4_ISR                                      text140      01BB92
_TMR4_Initialize                               text76       01B99A
_TMR4_InterruptHandler                         bssBANK2     0002C8
_TMR4_SetInterruptHandler                      text77       01BF4E
_TMR5H                                         (abs)        000FC2
_TMR5L                                         (abs)        000FC1
_TMR5_DefaultInterruptHandler                  text137      01C030
_TMR5_ISR                                      text136      01B8A4
_TMR5_Initialize                               text74       01B140
_TMR5_InterruptHandler                         bssBANK2     0002CE
_TMR5_SetInterruptHandler                      text75       01BF40
_TMR5_StartTimer                               text151      01C01E
_TMR5_StopTimer                                text23       01C016
_TMR5_WriteTimer                               text150      01BD84
_TMR6                                          (abs)        000FAF
_TMR6_DefaultInterruptHandler                  text109      01C02C
_TMR6_ISR                                      text108      01BAAA
_TMR6_Initialize                               text72       01B8D8
_TMR6_InterruptHandler                         bssBANK1     000188
_TMR6_SetInterruptHandler                      text73       01BF32
_TMR7H                                         (abs)        000F2F
_TMR7L                                         (abs)        000F2E
_TMR7_DefaultInterruptHandler                  text102      01C02A
_TMR7_ISR                                      text101      01B870
_TMR7_Initialize                               text70       01AF24
_TMR7_InterruptHandler                         bssBANK2     0002D1
_TMR7_SetInterruptHandler                      text71       01BF24
_TMR7_WriteTimer                               text107      01BB20
_TRIAC_Firing_Angle                            dataBANK0    0000F7
_TRISA                                         (abs)        000F81
_TRISB                                         (abs)        000F82
_TRISC                                         (abs)        000F83
_TRISD                                         (abs)        000F84
_TRISE                                         (abs)        000F85
_TRISF                                         (abs)        000F86
_TRISG                                         (abs)        000F87
_TRISH                                         (abs)        000F88
_TX2REG                                        (abs)        000EF2
_TX2STA                                        (abs)        000EF6
_TX2STAbits                                    (abs)        000EF6
_Temp_ADC_Offset                               dataBANK2    0002F8
_Temp_ADC_Result                               bssBANK1     00017C
_Total_Energy                                  bssBANK0     0000F0
_Total_Energy_address                          mediumconst  00CE99
_Vpk                                           bssBANK2     0002B9
_Vpk_const                                     dataBANK2    0002F4
_Vrms                                          bssBANK2     0002B1
_WPUA                                          (abs)        000E91
_WPUB                                          (abs)        000E99
_WPUC                                          (abs)        000EA1
_WPUD                                          (abs)        000EA6
_WPUE                                          (abs)        000EAE
_WPUF                                          (abs)        000EB3
_WPUG                                          (abs)        000EBB
_WPUH                                          (abs)        000EC0
__CFG_BOREN$ON                                 (abs)        000000
__CFG_BORV$VBOR_190                            (abs)        000000
__CFG_CLKOUTEN$OFF                             (abs)        000000
__CFG_CP$OFF                                   (abs)        000000
__CFG_CPD$OFF                                  (abs)        000000
__CFG_CSWEN$OFF                                (abs)        000000
__CFG_DEBUG$OFF                                (abs)        000000
__CFG_EBTR0$OFF                                (abs)        000000
__CFG_EBTR1$OFF                                (abs)        000000
__CFG_EBTR2$OFF                                (abs)        000000
__CFG_EBTR3$OFF                                (abs)        000000
__CFG_EBTR4$OFF                                (abs)        000000
__CFG_EBTR5$OFF                                (abs)        000000
__CFG_EBTR6$OFF                                (abs)        000000
__CFG_EBTR7$OFF                                (abs)        000000
__CFG_EBTRB$OFF                                (abs)        000000
__CFG_FCMEN$ON                                 (abs)        000000
__CFG_FEXTOSC$ECH                              (abs)        000000
__CFG_IDLOC0$                                  (abs)        000000
__CFG_IDLOC1$                                  (abs)        000001
__CFG_IDLOC2$                                  (abs)        000002
__CFG_IDLOC3$                                  (abs)        000003
__CFG_IDLOC4$                                  (abs)        000004
__CFG_IDLOC5$                                  (abs)        000005
__CFG_IDLOC6$                                  (abs)        000006
__CFG_IDLOC7$                                  (abs)        000007
__CFG_LPBOREN$OFF                              (abs)        000000
__CFG_LVP$ON                                   (abs)        000000
[...]
      Temps:          2       0       0       0       0       0       0       0       0       0       0       0       0       0       0
      Totals:         4       0       0       0       0       0       0       0       0       0       0       0       0       0       0
Total ram usage:        4 bytes
 Hardware stack levels used:    1
 This function calls:
		Nothing
 This function is called by:
		_ADC_PostProcessingCallback
 This function uses a non-reentrant model



MODULE INFORMATION

Module		Function		Class		Link	Load	Size
C:\Program Files (x86)\Microchip\xc8\v1.45\sources\common\asin.c
		_asin          		CODE           	165D6	0000	773

C:\Program Files (x86)\Microchip\xc8\v1.45\sources\common\asin.c estimated size: 773

C:\Program Files (x86)\Microchip\xc8\v1.45\sources\common\sprcdiv.c
		___fldiv       		CODE           	17166	0000	695

C:\Program Files (x86)\Microchip\xc8\v1.45\sources\common\sprcdiv.c estimated size: 695

C:\Program Files (x86)\Microchip\xc8\v1.45\sources\common\sprcsqrt.c
		_sqrt          		CODE           	16E9E	0000	713

C:\Program Files (x86)\Microchip\xc8\v1.45\sources\common\sprcsqrt.c estimated size: 713

C:\Program Files (x86)\Microchip\xc8\v1.45\sources\common\memmove.c
		_memmove       		CODE           	19E6A	0000	175

C:\Program Files (x86)\Microchip\xc8\v1.45\sources\common\memmove.c estimated size: 175

C:\Program Files (x86)\Microchip\xc8\v1.45\sources\common\flge.c
		___flge        		CODE           	1919C	0000	291

C:\Program Files (x86)\Microchip\xc8\v1.45\sources\common\flge.c estimated size: 291

mcc_generated_files/tmr6.c
		_TMR6_ISR      		CODE           	1BAAA	0000	41
		_TMR6_Initialize		CODE           	1B8D8	0000	51
		_TMR6_SetInterruptHandler		CODE           	1BF32	0000	15
		_TMR6_DefaultInterruptHandler		CODE           	1C02C	0000	3

mcc_generated_files/tmr6.c estimated size: 110

mcc_generated_files/eusart2.c
		_putch         		CODE           	1BE66	0000	21
		_EUSART2_Read  		CODE           	1B1D2	0000	73
		_EUSART2_Write 		CODE           	1AED6	0000	79
		_EUSART2_Receive_ISR		CODE           	19DBA	0000	177
		_EUSART2_Transmit_ISR		CODE           	1B806	0000	55
		_EUSART2_SetRxInterruptHandler		CODE           	1BF86	0000	15
		_EUSART2_SetTxInterruptHandler		CODE           	1BF78	0000	15
		_EUSART2_Initialize		CODE           	1AAAC	0000	103

mcc_generated_files/eusart2.c estimated size: 538

C:\Program Files (x86)\Microchip\xc8\v1.45\sources\common\doprnt.c
		_scale         		CODE           	14BFC	0000	1237
		_fround        		CODE           	16BD4	0000	715
		__doprnt       		CODE           	1170C	0000	5417

C:\Program Files (x86)\Microchip\xc8\v1.45\sources\common\doprnt.c estimated size: 7369

mcc_generated_files/fvr.c
		_FVR_Initialize		CODE           	1BFF0	0000	9

mcc_generated_files/fvr.c estimated size: 9

error_handling.c
		_updateErrorLEDs		CODE           	1BE08	0000	25
		_getADCError   		CODE           	1B83C	0000	53
		_clearADCErrors		CODE           	1BC6E	0000	35
		_getCOMMError  		CODE           	1BE50	0000	23
		_clearCOMMErrors		CODE           	1BF16	0000	15

error_handling.c estimated size: 151

mcc_generated_files/tmr4.c
		_TMR4_ISR      		CODE           	1BB92	0000	39
		_TMR4_Initialize		CODE           	1B99A	0000	49
		_TMR4_SetInterruptHandler		CODE           	1BF4E	0000	15
		_TMR4_DefaultInterruptHandler		CODE           	1C032	0000	3
		_TMR4_CallBack 		CODE           	1BC26	0000	37

mcc_generated_files/tmr4.c estimated size: 143

mcc_generated_files/tmr2.c
		_TMR2_ISR      		CODE           	1BB46	0000	39
		_TMR2_Initialize		CODE           	1B9CA	0000	49
		_TMR2_SetInterruptHandler		CODE           	1BF5C	0000	15
		_TMR2_DefaultInterruptHandler		CODE           	1C02E	0000	3
		_TMR2_CallBack 		CODE           	1BC02	0000	37

mcc_generated_files/tmr2.c estimated size: 143

mcc_generated_files/interrupt_manager.c
		_INTERRUPT_Initialize		CODE           	1BCF2	0000	31
		_INTERRUPT_InterruptManagerLow		CODE           	0018	0000	243
		_INTERRUPT_InterruptManagerHigh		CODE           	0008	0000	271

mcc_generated_files/interrupt_manager.c estimated size: 545

C:\Program Files (x86)\Microchip\xc8\v1.45\sources\common\Umul16.c
		___wmul        		CODE           	1BA82	0000	41

C:\Program Files (x86)\Microchip\xc8\v1.45\sources\common\Umul16.c estimated size: 41

mcc_generated_files/i2c1.c
		_I2C1_BusCollisionISR		CODE           	1C006	0000	7
		_I2C1_FunctionComplete		CODE           	1BDEE	0000	27
		_I2C1_MasterWriteTRBBuild		CODE           	1B2F2	0000	71
		_I2C1_ISR      		CODE           	180F8	0000	601
		_I2C1_MasterWrite		CODE           	1AF72	0000	79
		_I2C1_Initialize		CODE           	1B7D0	0000	55
		_I2C1_Stop     		CODE           	1B4C2	0000	65
		_I2C1_WaitForLastPacketToComplete		CODE           	1BFC8	0000	11
		_I2C1_MasterTRBInsert		CODE           	19FC6	0000	163

mcc_generated_files/i2c1.c estimated size: 1079

double_to_EEPROM.c
		_readDoubleFromEEPROM		CODE           	1AD92	0000	83
		_writeDoubleToEEPROM		CODE           	1AE86	0000	81

double_to_EEPROM.c estimated size: 164

C:\Program Files (x86)\Microchip\xc8\v1.45\sources\common\frexp.c
		_frexp         		CODE           	1A6CA	0000	123

C:\Program Files (x86)\Microchip\xc8\v1.45\sources\common\frexp.c estimated size: 123

mcc_generated_files/pin_manager.c
		_PIN_MANAGER_Initialize		CODE           	19B5E	0000	205

mcc_generated_files/pin_manager.c estimated size: 205

C:\Program Files (x86)\Microchip\xc8\v1.45\sources\common\fabs.c
		_fabs          		CODE           	1B6EA	0000	61

C:\Program Files (x86)\Microchip\xc8\v1.45\sources\common\fabs.c estimated size: 61

C:\Program Files (x86)\Microchip\xc8\v1.45\sources\common\isdigit.c
		_isdigit       		CODE           	1BC90	0000	35

C:\Program Files (x86)\Microchip\xc8\v1.45\sources\common\isdigit.c estimated size: 35

C:\Program Files (x86)\Microchip\xc8\v1.45\sources\common\sprcadd.c
		___flsub       		CODE           	1B21A	0000	73
		___fladd       		CODE           	15F5A	0000	831

C:\Program Files (x86)\Microchip\xc8\v1.45\sources\common\sprcadd.c estimated size: 904

C:\Program Files (x86)\Microchip\xc8\v1.45\sources\common\floor.c
		_floor         		CODE           	193DE	0000	275

C:\Program Files (x86)\Microchip\xc8\v1.45\sources\common\floor.c estimated size: 275

C:\Program Files (x86)\Microchip\xc8\v1.45\sources\common\ftdivl.c
		__tdiv_to_l_   		CODE           	18CE4	0000	309

C:\Program Files (x86)\Microchip\xc8\v1.45\sources\common\ftdivl.c estimated size: 309

C:\Program Files (x86)\Microchip\xc8\v1.45\sources\common\awmod.c
		___awmod       		CODE           	1A7B8	0000	115

C:\Program Files (x86)\Microchip\xc8\v1.45\sources\common\awmod.c estimated size: 115

C:\Program Files (x86)\Microchip\xc8\v1.45\sources\common\strstr.c
		_strstr        		CODE           	1A1A4	0000	149

C:\Program Files (x86)\Microchip\xc8\v1.45\sources\common\strstr.c estimated size: 149

device_IDs.c
		_getDeviceID   		CODE           	1BCB2	0000	33
		_getUserID     		CODE           	1AD40	0000	83
		_getMinorRevisionID		CODE           	1BAFA	0000	39
		_getDeviceIDString		CODE           	1AB78	0000	97
		_getMajorRevisionID		CODE           	1B5FA	0000	61

device_IDs.c estimated size: 313

C:\Program Files (x86)\Microchip\xc8\v1.45\sources\common\acos.c
		_acos          		CODE           	1A89A	0000	111

C:\Program Files (x86)\Microchip\xc8\v1.45\sources\common\acos.c estimated size: 111

C:\Program Files (x86)\Microchip\xc8\v1.45\sources\common\llmod.c
		___llmod       		CODE           	1A744	0000	117

C:\Program Files (x86)\Microchip\xc8\v1.45\sources\common\llmod.c estimated size: 117

C:\Program Files (x86)\Microchip\xc8\v1.45\sources\common\fldivl.c
		__div_to_l_    		CODE           	18F4A	0000	299

C:\Program Files (x86)\Microchip\xc8\v1.45\sources\common\fldivl.c estimated size: 299

C:\Program Files (x86)\Microchip\xc8\v1.45\sources\common\fltol.c
		___fltol       		CODE           	196F8	0000	251

C:\Program Files (x86)\Microchip\xc8\v1.45\sources\common\fltol.c estimated size: 251

mcc_generated_files/ext_int.c
		_INT0_SetInterruptHandler		CODE           	1BF6A	0000	15
		_EXT_INT_Initialize		CODE           	1BD10	0000	31
		_INT0_DefaultInterruptHandler		CODE           	1C034	0000	3
		_INT0_CallBack 		CODE           	1BC4A	0000	37
		_INT0_ISR      		CODE           	1BFDC	0000	11

mcc_generated_files/ext_int.c estimated size: 97

C:\Program Files (x86)\Microchip\xc8\v1.45\sources\common\atoi.c
		_atoi          		CODE           	199BA	0000	217

C:\Program Files (x86)\Microchip\xc8\v1.45\sources\common\atoi.c estimated size: 217

mcc_generated_files/tmr7.c
		_TMR7_DefaultInterruptHandler		CODE           	1C02A	0000	3
		_TMR7_WriteTimer		CODE           	1BB20	0000	39
		_TMR7_ISR      		CODE           	1B870	0000	53
		_TMR7_Initialize		CODE           	1AF24	0000	79
		_TMR7_SetInterruptHandler		CODE           	1BF24	0000	15

mcc_generated_files/tmr7.c estimated size: 189

mcc_generated_files/hlvd.c
		_HLVD_ISR      		CODE           	1B798	0000	57
		_HLVD_Initialize		CODE           	1BF06	0000	17

mcc_generated_files/hlvd.c estimated size: 74

C:\Program Files (x86)\Microchip\xc8\v1.45\sources\common\printf.c
		_printf        		CODE           	1B540	0000	63

C:\Program Files (x86)\Microchip\xc8\v1.45\sources\common\printf.c estimated size: 63

mcc_generated_files/tmr5.c
		_TMR5_ISR      		CODE           	1B8A4	0000	53
		_TMR5_Initialize		CODE           	1B140	0000	75
		_TMR5_SetInterruptHandler		CODE           	1BF40	0000	15
		_TMR5_StopTimer		CODE           	1C016	0000	5
		_TMR5_DefaultInterruptHandler		CODE           	1C030	0000	3
		_TMR5_WriteTimer		CODE           	1BD84	0000	29
		_TMR5_StartTimer		CODE           	1C01E	0000	5

mcc_generated_files/tmr5.c estimated size: 185

shared
		i2_writeDoubleToEEPROM		CODE           	1B0A8	0000	77
		i2_DATAEE_WriteByte		CODE           	1B726	0000	59
		i2_printf      		CODE           	1B6AE	0000	61
		_OledFont      		MEDIUMCONST    	CE9B	0000	769
		i2_readDoubleFromEEPROM		CODE           	1B00E	0000	79
		i2_putch       		CODE           	1BFE6	0000	11
		i1_getMinorRevisionID		CODE           	1BB6C	0000	39
		__powers_      		MEDIUMCONST    	CDDD	0000	53
		i1_OLED_YX     		CODE           	1B672	0000	61
		i1_I2C1_WaitForLastPacketToComplete		CODE           	1BFD2	0000	11
		_dpowers       		MEDIUMCONST    	CE45	0000	41
		i2_isdigit     		CODE           	1BD2E	0000	31
		i1_getCauseOfResetStringSmall		CODE           	1B9FA	0000	49
		i1_OLED_Clear  		CODE           	1B482	0000	65
		i1_strcpy      		CODE           	1B262	0000	73
		i2___flneg     		CODE           	1BA2A	0000	47
		atan@coeff_a   		MEDIUMCONST    	D19B	0000	25
		atan@coeff_b   		MEDIUMCONST    	D1C7	0000	21
		i2___awdiv     		CODE           	1A3D2	0000	133
		i2___fladd     		CODE           	16298	0000	831
		i2__tdiv_to_l_ 		CODE           	18E18	0000	307
		i2___wmul      		CODE           	1BBB8	0000	39
		i1_I2C1_MasterWrite		CODE           	1AFC0	0000	79
		i2__doprnt     		CODE           	12C34	0000	5381
		i2___fldiv     		CODE           	1741C	0000	693
		i2__div_to_l_  		CODE           	19074	0000	297
		__npowers_     		MEDIUMCONST    	CE11	0000	53
		i2___fltol     		CODE           	198DC	0000	223
		i2_scale       		CODE           	150D0	0000	1153
		i2___lldiv     		CODE           	1A4D8	0000	131
		__initialization		CODE           	19A92	0000	195
		i2___flge      		CODE           	192BE	0000	289
		i1_OLED_Command		CODE           	1AA44	0000	105
		i1_OLED_UpdateFromRAMBuffer		CODE           	1A650	0000	123
		i1_OLED_PutChar		CODE           	19CF4	0000	199
		i2___awmod     		CODE           	1A82A	0000	113
		i2_EUSART2_Write		CODE           	1B0F4	0000	77
		_max_Temp_ADC_Result_address		MEDIUMCONST    	CE8F	0000	3
		i1_FLASH_ReadWord		CODE           	1B3C0	0000	67
		_max_Irms_address		MEDIUMCONST    	CE97	0000	3
		_max_POS12_ADC_Result_address		MEDIUMCONST    	CE91	0000	3
		i1_FLASH_ReadByte		CODE           	1BDD4	0000	27
		i1_I2C1_MasterWriteTRBBuild		CODE           	1B338	0000	71
		i2___flmul     		CODE           	15C0A	0000	849
		i1_OLED_updateCallback		CODE           	17C0E	0000	645
		_hexpowers     		MEDIUMCONST    	CE6D	0000	33
		i1_memmove     		CODE           	19F18	0000	175
		i2___llmod     		CODE           	1AB12	0000	103
		i1_getMajorRevisionID		CODE           	1B636	0000	61
		i1_getDeviceIDString		CODE           	1ABD8	0000	97
		i2___xxtofl    		CODE           	18924	0000	337
		_Total_Energy_address		MEDIUMCONST    	CE99	0000	3
		i1_getDeviceID 		CODE           	1BCD2	0000	33
		i2_DATAEE_ReadByte		CODE           	1BE20	0000	25
		i2___flsub     		CODE           	1B2AA	0000	73
		i1_OLED_WriteString		CODE           	1ACE8	0000	89
		i2_TMR5_StopTimer		CODE           	1C01A	0000	5
		_max_Power_address		MEDIUMCONST    	CE95	0000	3
		i2_fround      		CODE           	176D0	0000	687
		sin@coeff_a    		MEDIUMCONST    	D1B3	0000	21
		sin@coeff_b    		MEDIUMCONST    	D1DB	0000	17
		_max_POS3P3_ADC_Result_address		MEDIUMCONST    	CE93	0000	3
		i1_I2C1_MasterTRBInsert		CODE           	1A068	0000	163
		_max_FVR_ADC_Result_address		MEDIUMCONST    	CE8D	0000	3

shared estimated size: 15592

mcc_generated_files/mcc.c
		_PMD_Initialize		CODE           	1BD4C	0000	29
		_OSCILLATOR_Initialize		CODE           	1BD68	0000	29
		_SYSTEM_Initialize		CODE           	1B5BC	0000	63

mcc_generated_files/mcc.c estimated size: 121

ring_buffer_interface.c
		_terminal_ringBufferPull		CODE           	18A74	0000	315
		_terminal_textAttributes		CODE           	15550	0000	873
		_terminal_textAttributesReset		CODE           	1BEA2	0000	19
		_terminal_setCursorHome		CODE           	1BED6	0000	17
		_terminal_printNewline		CODE           	1BEE6	0000	17
		_terminal_clearTerminal		CODE           	1BEF6	0000	17

ring_buffer_interface.c estimated size: 1258

C:\Program Files (x86)\Microchip\xc8\v1.45\sources\common\atan.c
		_atan          		CODE           	1859A	0000	567

C:\Program Files (x86)\Microchip\xc8\v1.45\sources\common\atan.c estimated size: 567

cause_of_reset.c
		_getCauseOfResetStringSmall		CODE           	1B93A	0000	49
		_getCauseOfResetString		CODE           	1B90A	0000	49
		_getCauseOfReset		CODE           	1ADE4	0000	83

cause_of_reset.c estimated size: 181

C:\Program Files (x86)\Microchip\xc8\v1.45\sources\common\awdiv.c
		___awdiv       		CODE           	1A2C8	0000	135

C:\Program Files (x86)\Microchip\xc8\v1.45\sources\common\awdiv.c estimated size: 135

C:\Program Files (x86)\Microchip\xc8\v1.45\sources\common\strcat.c
		_strcat        		CODE           	1B05C	0000	77

C:\Program Files (x86)\Microchip\xc8\v1.45\sources\common\strcat.c estimated size: 77

oled.c
		_OLED_Clear    		CODE           	1B402	0000	65
		_OLED_Command  		CODE           	1A972	0000	107
		_OLED_WriteString		CODE           	1AC90	0000	89
		_OLED_UpdateFromRAMBuffer		CODE           	1A5D6	0000	123
		_OLED_Init     		CODE           	1A10A	0000	155
		_OLED_PutChar  		CODE           	19C2A	0000	203
		_OLED_YX       		CODE           	1B502	0000	63

oled.c estimated size: 805

C:\Program Files (x86)\Microchip\xc8\v1.45\sources\common\evalpoly.c
		_eval_poly     		CODE           	195F8	0000	257

C:\Program Files (x86)\Microchip\xc8\v1.45\sources\common\evalpoly.c estimated size: 257

mcc_generated_files/memory.c
		_FLASH_ReadWord		CODE           	1B37E	0000	67
		_FLASH_ReadByte		CODE           	1BDA0	0000	27
		_DATAEE_WriteByte		CODE           	1B57E	0000	63
		_DATAEE_ReadByte		CODE           	1BDBA	0000	27

mcc_generated_files/memory.c estimated size: 184

C:\Program Files (x86)\Microchip\xc8\v1.45\sources\common\sin.c
		_sin           		CODE           	168DA	0000	763

C:\Program Files (x86)\Microchip\xc8\v1.45\sources\common\sin.c estimated size: 763

C:\Program Files (x86)\Microchip\xc8\v1.45\sources\common\abs.c
		_abs           		CODE           	1BA58	0000	43

C:\Program Files (x86)\Microchip\xc8\v1.45\sources\common\abs.c estimated size: 43

C:\Program Files (x86)\Microchip\xc8\v1.45\sources\common\lldiv.c
		___lldiv       		CODE           	1A34E	0000	133

C:\Program Files (x86)\Microchip\xc8\v1.45\sources\common\lldiv.c estimated size: 133

ring_buffer_LUT.c
		_ringBufferLUT 		CODE           	10000	0000	5901

ring_buffer_LUT.c estimated size: 5901

C:\Program Files (x86)\Microchip\xc8\v1.45\sources\common\xxtofl.c
		___xxtofl      		CODE           	187D0	0000	341

C:\Program Files (x86)\Microchip\xc8\v1.45\sources\common\xxtofl.c estimated size: 341

mcc_generated_files/adcc.c
		_ADCC_StopConversion		CODE           	1C022	0000	5
		_ADCC_DefaultInterruptHandler		CODE           	1C036	0000	3
		_ADCC_ClearAccumulator		CODE           	1C000	0000	7
		_ADCC_GetFilterValue		CODE           	1BE7A	0000	21
		_ADCC_GetCurrentCountofConversions		CODE           	1C026	0000	5
		_ADCC_SetADTIInterruptHandler		CODE           	1BF94	0000	15
		_ADCC_GetConversionResult		CODE           	1BE8E	0000	21
		_ADCC_ThresholdISR		CODE           	1BAD2	0000	41
		_ADCC_StartConversion		CODE           	1BFA2	0000	15
		_ADCC_Initialize		CODE           	1A908	0000	107
		_ADCC_HasAccumulatorOverflowed		CODE           	1BFBC	0000	13
		_ADCC_DischargeSampleCapacitor		CODE           	1BFF8	0000	9

mcc_generated_files/adcc.c estimated size: 262

C:\Program Files (x86)\Microchip\xc8\v1.45\sources\common\flneg.c
		___flneg       		CODE           	1B96A	0000	49

C:\Program Files (x86)\Microchip\xc8\v1.45\sources\common\flneg.c estimated size: 49

main.c
		_dimmingOffTimeCallback		CODE           	1BE38	0000	25
		_saveSRAMMaxToEEPROM		CODE           	17E92	0000	615
		_acquisitionTimerCallback		CODE           	1BEB4	0000	19
		_ADC_PostProcessingCallback		CODE           	14138	0000	2757
		_main          		CODE           	197F2	0000	235
		_heartbeatTimerCallback		CODE           	1B442	0000	65
		_currentMeasuredToPeak		CODE           	1A55A	0000	125
		_recoverSRAMMaxFromEEPROM		CODE           	18BAE	0000	311
		_dimmingOnTimeCallback		CODE           	1BFB0	0000	13
		_writeEnergyToEEPROMCallback		CODE           	1A456	0000	131
		_OLED_updateCallback		CODE           	1797E	0000	657
		_peakToRMS     		CODE           	18350	0000	587

main.c estimated size: 5540

C:\Program Files (x86)\Microchip\xc8\v1.45\sources\common\strlen.c
		_strlen        		CODE           	1AC38	0000	89

C:\Program Files (x86)\Microchip\xc8\v1.45\sources\common\strlen.c estimated size: 89

C:\Program Files (x86)\Microchip\xc8\v1.45\sources\common\strcmp.c
		_strcmp        		CODE           	1AE36	0000	81

C:\Program Files (x86)\Microchip\xc8\v1.45\sources\common\strcmp.c estimated size: 81

C:\Program Files (x86)\Microchip\xc8\v1.45\sources\common\strchr.c
		_strchr        		CODE           	1B760	0000	57

C:\Program Files (x86)\Microchip\xc8\v1.45\sources\common\strchr.c estimated size: 57

C:\Program Files (x86)\Microchip\xc8\v1.45\sources\common\strcpy.c
		_strcpy        		CODE           	1B18A	0000	73

C:\Program Files (x86)\Microchip\xc8\v1.45\sources\common\strcpy.c estimated size: 73

C:\Program Files (x86)\Microchip\xc8\v1.45\sources\common\strncmp.c
		_strncmp       		CODE           	1A238	0000	145

C:\Program Files (x86)\Microchip\xc8\v1.45\sources\common\strncmp.c estimated size: 145

C:\Program Files (x86)\Microchip\xc8\v1.45\sources\common\sprcmul.c
		___flmul       		CODE           	158B8	0000	851

C:\Program Files (x86)\Microchip\xc8\v1.45\sources\common\sprcmul.c estimated size: 851

C:\Program Files (x86)\Microchip\xc8\v1.45\sources\common\strncpy.c
		_strncpy       		CODE           	1A9DC	0000	105

C:\Program Files (x86)\Microchip\xc8\v1.45\sources\common\strncpy.c estimated size: 105

