Microchip MPLAB XC8 Compiler V1.45 ()

Linker command line:

-W-3 --edf=C:\Program Files (x86)\Microchip\xc8\v1.45\dat\en_msgs.txt -cs \
  -h+dist/default/production\AC_Power_Meter.X.production.sym \
  --cmf=dist/default/production\AC_Power_Meter.X.production.cmf -z \
  -Q18LF67K40 -oC:\Users\DREWMA~1\AppData\Local\Temp\scbs.2 \
  -Mdist/default/production/AC_Power_Meter.X.production.map -E1 -ver=XC8 \
  --acfsm=1493 -ASTACK=0480h-0de9h -pstack=STACK -ACODE=00h-01FFFFh \
  -ACONST=00h-01FFFFh -ASMALLCONST=0E00h-0EFFhx498 \
  -AMEDIUMCONST=0E00h-0FFFFh,010E00h-01FFFFh -ACOMRAM=01h-05Fh \
  -AABS1=00h-0DE9h -ABIGRAM=01h-0DE9h \
  -ARAM=060h-0FFh,0100h-01FFhx12,0D00h-0DE9h -ABANK0=060h-0FFh \
  -ABANK1=0100h-01FFh -ABANK2=0200h-02FFh -ABANK3=0300h-03FFh \
  -ABANK4=0400h-04FFh -ABANK5=0500h-05FFh -ABANK6=0600h-06FFh \
  -ABANK7=0700h-07FFh -ABANK8=0800h-08FFh -ABANK9=0900h-09FFh \
  -ABANK10=0A00h-0AFFh -ABANK11=0B00h-0BFFh -ABANK12=0C00h-0CFFh \
  -ABANK13=0D00h-0DE9h \
  -ASFR=0DEFh-0DFFh,0E00h-0EFFh,0F00h-0F5Fh,0F60h-0FFFh \
  -preset_vec=00h,intcode=08h,intcodelo=018h,powerup,init -pramtop=0E00h \
  -psmallconst=SMALLCONST -pmediumconst=MEDIUMCONST -pconst=CONST \
  -AFARRAM=00h-00h -ACONFIG=0300000h-030000Bh -pconfig=CONFIG \
  -AIDLOC=0200000h-020000Fh -pidloc=IDLOC -AEEDATA=0310000h-03103FFh \
  -peeprom_data=EEDATA \
  -prdata=COMRAM,nvrram=COMRAM,nvbit=COMRAM,rbss=COMRAM,rbit=COMRAM \
  -pfarbss=FARRAM,fardata=FARRAM,nvFARRAM=FARRAM \
  -pintsave_regs=BIGRAM,bigbss=BIGRAM,bigdata=BIGRAM -pbss=RAM \
  -pidata=CODE,irdata=CODE,ibigdata=CODE,ifardata=CODE -prparam=COMRAM \
  C:\Users\DREWMA~1\AppData\Local\Temp\scbs.obj \
  dist/default/production\AC_Power_Meter.X.production.obj 

Object code version is 3.11

Machine type is 18LF67K40

Call graph: (short form)




                Name                               Link     Load   Length Selector   Space Scale
C:\Users\DREWMA~1\AppData\Local\Temp\scbs.obj
                init                                 FE       FE        4        C       0
                reset_vec                             0        0        4        0       0
                idloc                            200000   200000       10   200000       0
                config                           300000   300000        C   300000       0
dist/default/production\AC_Power_Meter.X.production.obj
                intcodelo                            18       18       E6        C       0
                intcode                               8        8        6        4       0
                temp                                 5F       5F        1        1       1
                mediumconst                        CEA2     CEA2     315E     6751       0
                text174                           1B1D2    1B1D2       14     D7D3       0
                text173                           1B33E    1B33E        4     D7D3       0
                text172                           1B1BE    1B1BE       14     D7D3       0
                text171                           1B2E2    1B2E2        C     D7D3       0
                text170                           1B33A    1B33A        4     D7D3       0
                text169                           1AE46    1AE46       2A     8000       0
                text168                           16220    16220      33E     8000       0
                text167                           15B92    15B92      350     8000       0
                text166                           19178    19178      100     8000       0
                text165                           19DF0    19DF0       7A     8000       0
                text164                           18E3E    18E3E      120     8000       0
                text163                           19356    19356       DE     8000       0
                text162                           18394    18394      150     8000       0
                text161                           18F5E    18F5E      112     8000       0
                text160                           173A0    173A0      2B4     8000       0
                text159                           1AE18    1AE18       2E     8000       0
                text158                           1A7F6    1A7F6       48     8000       0
                text157                           16862    16862      2FA     8000       0
                text156                           19D74    19D74       7C     8000       0
                text155                           1AAF8    1AAF8       3C     8000       0
                text154                           1800A    1800A      236     8000       0
                text153                           16B5C    16B5C      2C8     8000       0
                text152                           1655E    1655E      304     8000       0
                text151                           19FBA    19FBA       6E     8000       0
                text150                           17DC0    17DC0      24A     8000       0
                text149                           140F0    140F0      AC4     8000       0
                text148                           1B34C    1B34C        2     D7D3       0
                text147                           1AEC0    1AEC0       28     8000       0
                text146                           19CF2    19CF2       82     8000       0
                text145                           1A234    1A234       66     8000       0
                text144                           1AF5A    1AF5A       26     8000       0
                text143                           189AA    189AA      128     8000       0
                text142                           1874E    1874E      132     8000       0
                text141                           19BEC    19BEC       84     8000       0
                text140                           19EDC    19EDC       70     8000       0
                text139                           17654    17654      2AE     8000       0
                text138                           1B070    1B070       1E     D7D3       0
                text137                           1A762    1A762       4C     8000       0
                text136                           1B302    1B302        A     D7D3       0
                text135                           15058    15058      480     8000       0
                text134                           12BEC    12BEC     1504     8000       0
                text133                           1AABC    1AABC       3C     8000       0
                text132                           196A0    196A0       B0     8000       0
                text131                           1AB6E    1AB6E       3A     8000       0
                text130                           1A716    1A716       4C     8000       0
                text129                           1ABE0    1ABE0       38     8000       0
                text128                           1B328    1B328        6     D7D3       0
                text127                           1B132    1B132       1A     D7D3       0
                text126                           1A98A    1A98A       40     8000       0
                text125                           17B68    17B68      258     8000       0
                text124                           1B336    1B336        4     D7D3       0
                text123                           1B0E2    1B0E2       1C     D7D3       0
                text122                           1B17C    1B17C       18     D7D3       0
                text121                           1B34A    1B34A        2     D7D3       0
                text120                           1AFCA    1AFCA       24     D7D3       0
                text119                           1B2F8    1B2F8        A     D7D3       0
                text118                           1B164    1B164       18     D7D3       0
                text117                           1A630    1A630       4E     8000       0
                text116                           19C70    19C70       82     8000       0
                text115                           1B348    1B348        2     D7D3       0
                text114                           1AFA6    1AFA6       24     D7D3       0
                text113                           1AF34    1AF34       26     8000       0
                text112                           1B332    1B332        4     D7D3       0
                text111                           1B2D6    1B2D6        C     D7D3       0
                text110                           1B346    1B346        2     D7D3       0
                text109                           1AD22    1AD22       34     8000       0
                intcode_body                      19070    19070      108     8000       0
                text107                           1AC84    1AC84       36     8000       0
                text106                           1A94A    1A94A       40     8000       0
                text105                           1B344    1B344        2     D7D3       0
                text104                           1AE98    1AE98       28     8000       0
                text103                           1AF0E    1AF0E       26     8000       0
                text102                           1B322    1B322        6     D7D3       0
                text101                           1B314    1B314        8     D7D3       0
                text100                           1B2C8    1B2C8        E     D7D3       0
                text99                            1B1F8    1B1F8       12     D7D3       0
                text98                            1B342    1B342        2     D7D3       0
                text97                            1ACEE    1ACEE       34     8000       0
                text95                            1B2EE    1B2EE        A     D7D3       0
                text94                            197FE    197FE       A2     8000       0
                text93                            1A83E    1A83E       46     8000       0
                text92                            1A592    1A592       50     8000       0
                text91                            1A092    1A092       6A     8000       0
                text90                            198A0    198A0       9A     8000       0
                text89                            19750    19750       AE     8000       0
                text88                            195D8    195D8       C8     8000       0
                text87                            1A90A    1A90A       40     8000       0
                text86                            1A352    1A352       58     8000       0
                text85                            1AA80    1AA80       3C     8000       0
                text84                            19F4C    19F4C       6E     8000       0
                text83                            1B2BA    1B2BA        E     D7D3       0
                text82                            1A028    1A028       6A     8000       0
                text81                            1B2AC    1B2AC        E     D7D3       0
                text80                            1B29E    1B29E        E     D7D3       0
                text79                            1A1CC    1A1CC       68     8000       0
                text78                            1B290    1B290        E     D7D3       0
                text77                            1B052    1B052       1E     D7D3       0
                text76                            1B30C    1B30C        8     D7D3       0
                text75                            1B23A    1B23A       10     D7D3       0
                text74                            1AC4E    1AC4E       36     8000       0
                text73                            1B0C6    1B0C6       1C     D7D3       0
                text72                            1B0AA    1B0AA       1C     D7D3       0
                text71                            1950C    1950C       CC     8000       0
                text70                            1B08E    1B08E       1C     D7D3       0
                text69                            1B282    1B282        E     D7D3       0
                text68                            1ADE8    1ADE8       30     8000       0
                text67                            1B274    1B274        E     D7D3       0
                text66                            1A542    1A542       50     8000       0
                text65                            1B266    1B266        E     D7D3       0
                text64                            1AD56    1AD56       32     8000       0
                text63                            1B258    1B258        E     D7D3       0
                text62                            1A3AA    1A3AA       54     8000       0
                text61                            1AB34    1AB34       3A     8000       0
                text60                            1A450    1A450       52     8000       0
                text59                            1B118    1B118       1A     D7D3       0
                text58                            1A3FE    1A3FE       52     8000       0
                text57                            184E4    184E4      136     8000       0
                text56                            18D1C    18D1C      122     8000       0
                text55                            1A9CA    1A9CA       3E     8000       0
                text54                            1A4F2    1A4F2       50     8000       0
                text53                            17902    17902      266     8000       0
                text52                            1AC18    1AC18       36     8000       0
                text51                            1ADB8    1ADB8       30     8000       0
                text50                            15EE2    15EE2      33E     8000       0
                text49                            1A7AE    1A7AE       48     8000       0
                text48                            19278    19278       DE     8000       0
                text47                            19B68    19B68       84     8000       0
                text46                            1A164    1A164       68     8000       0
                text45                            1AE70    1AE70       28     8000       0
                text44                            18240    18240      154     8000       0
                text43                            18880    18880      12A     8000       0
                text42                            1861A    1861A      134     8000       0
                text41                            19AE2    19AE2       86     8000       0
                text40                            19E6A    19E6A       72     8000       0
                text39                            15840    15840      352     8000       0
                text38                            16E24    16E24      2C6     8000       0
                text37                            1B010    1B010       22     D7D3       0
                text36                            1A5E2    1A5E2       4E     8000       0
                text35                            1B1AA    1B1AA       14     D7D3       0
                text34                            14BB4    14BB4      4A4     8000       0
                text33                            116DE    116DE     150E     8000       0
                text32                            1AA44    1AA44       3C     8000       0
                text31                            1B22A    1B22A       10     D7D3       0
                text30                            1A6CA    1A6CA       4C     8000       0
                text29                            1B32E    1B32E        4     D7D3       0
                text28                            170EA    170EA      2B6     8000       0
                text27                            19434    19434       D8     8000       0
                text26                            1AFEE    1AFEE       22     D7D3       0
                text25                            1B24A    1B24A        E     D7D3       0
                text24                            1ACBA    1ACBA       34     8000       0
                text23                            1B194    1B194       16     D7D3       0
                text22                            1AD88    1AD88       30     8000       0
                text21                            1B0FE    1B0FE       1A     D7D3       0
                text20                            1A8C8    1A8C8       42     8000       0
                text19                            1B032    1B032       20     D7D3       0
                text18                            1A29A    1A29A       60     8000       0
                text17                            1AA08    1AA08       3C     8000       0
                text16                            1AEE8    1AEE8       26     8000       0
                text15                            1A884    1A884       44     8000       0
                text14                            1A4A2    1A4A2       50     8000       0
                text13                            1ABA8    1ABA8       38     8000       0
                text12                            1A2FA    1A2FA       58     8000       0
                text11                            1993A    1993A       90     8000       0
                text10                            19A56    19A56       8C     8000       0
                text9                             1B21A    1B21A       10     D7D3       0
                text8                             1A67E    1A67E       4C     8000       0
                text7                             1A0FC    1A0FC       68     8000       0
                text6                             154D8    154D8      368     8000       0
                text5                             1B1E6    1B1E6       12     D7D3       0
                text4                             10000    10000     16DE     8000       0
                text3                             18BF8    18BF8      124     8000       0
                text2                             1B20A    1B20A       10     D7D3       0
                text1                             1B14C    1B14C       18     D7D3       0
                text0                             18AD2    18AD2      126     8000       0
                cstackCOMRAM                          1        1       5D        1       1
                cstackBANK0                          60       60       90       60       1
                cstackBANK1                         100      100       C6      100       1
                cstackBANK2                         294      294       3D      200       1
                bssBANK4                            400      400       80      400       1
                bssBANK3                            300      300       C0      300       1
                dataBANK2                           2D1      2D1       25      200       1
                bssBANK2                            200      200       94      200       1
                bssBANK1                            1C6      1C6       23      100       1
                dataBANK0                            F0       F0        6       60       1
                bssBANK0                             F6       F6        5       60       1
                bitbssBANK0                         7D8       FB        1       60       1     8
                bitbssCOMRAM                        2F0       5E        1        1       1     8
                cinit                             199CA    199CA       8C     8000       0
                nvBANK2                             2F6      2F6        1      200       1
                idataBANK2                        1AF80    1AF80       25     8000       0
                idataBANK0                        1B31C    1B31C        6     D7D3       0

TOTAL           Name                               Link     Load   Length     Space
        CLASS   STACK          

        CLASS   CODE           
                intcodelo                            18       18       E6         0
                intcode                               8        8        6         0
                init                                 FE       FE        4         0
                reset_vec                             0        0        4         0
                text174                           1B1D2    1B1D2       14         0
                text173                           1B33E    1B33E        4         0
                text172                           1B1BE    1B1BE       14         0
                text171                           1B2E2    1B2E2        C         0
                text170                           1B33A    1B33A        4         0
                text169                           1AE46    1AE46       2A         0
                text168                           16220    16220      33E         0
                text167                           15B92    15B92      350         0
                text166                           19178    19178      100         0
                text165                           19DF0    19DF0       7A         0
                text164                           18E3E    18E3E      120         0
                text163                           19356    19356       DE         0
                text162                           18394    18394      150         0
                text161                           18F5E    18F5E      112         0
                text160                           173A0    173A0      2B4         0
                text159                           1AE18    1AE18       2E         0
                text158                           1A7F6    1A7F6       48         0
                text157                           16862    16862      2FA         0
                text156                           19D74    19D74       7C         0
                text155                           1AAF8    1AAF8       3C         0
                text154                           1800A    1800A      236         0
                text153                           16B5C    16B5C      2C8         0
                text152                           1655E    1655E      304         0
                text151                           19FBA    19FBA       6E         0
                text150                           17DC0    17DC0      24A         0
                text149                           140F0    140F0      AC4         0
                text148                           1B34C    1B34C        2         0
                text147                           1AEC0    1AEC0       28         0
                text146                           19CF2    19CF2       82         0
                text145                           1A234    1A234       66         0
                text144                           1AF5A    1AF5A       26         0
                text143                           189AA    189AA      128         0
                text142                           1874E    1874E      132         0
                text141                           19BEC    19BEC       84         0
                text140                           19EDC    19EDC       70         0
                text139                           17654    17654      2AE         0
                text138                           1B070    1B070       1E         0
                text137                           1A762    1A762       4C         0
                text136                           1B302    1B302        A         0
                text135                           15058    15058      480         0
                text134                           12BEC    12BEC     1504         0
                text133                           1AABC    1AABC       3C         0
                text132                           196A0    196A0       B0         0
                text131                           1AB6E    1AB6E       3A         0
                text130                           1A716    1A716       4C         0
                text129                           1ABE0    1ABE0       38         0
                text128                           1B328    1B328        6         0
                text127                           1B132    1B132       1A         0
                text126                           1A98A    1A98A       40         0
                text125                           17B68    17B68      258         0
                text124                           1B336    1B336        4         0
                text123                           1B0E2    1B0E2       1C         0
                text122                           1B17C    1B17C       18         0
                text121                           1B34A    1B34A        2         0
                text120                           1AFCA    1AFCA       24         0
                text119                           1B2F8    1B2F8        A         0
                text118                           1B164    1B164       18         0
                text117                           1A630    1A630       4E         0
                text116                           19C70    19C70       82         0
                text115                           1B348    1B348        2         0
                text114                           1AFA6    1AFA6       24         0
                text113                           1AF34    1AF34       26         0
                text112                           1B332    1B332        4         0
                text111                           1B2D6    1B2D6        C         0
                text110                           1B346    1B346        2         0
                text109                           1AD22    1AD22       34         0
                intcode_body                      19070    19070      108         0
                text107                           1AC84    1AC84       36         0
                text106                           1A94A    1A94A       40         0
                text105                           1B344    1B344        2         0
                text104                           1AE98    1AE98       28         0
                text103                           1AF0E    1AF0E       26         0
                text102                           1B322    1B322        6         0
                text101                           1B314    1B314        8         0
                text100                           1B2C8    1B2C8        E         0
                text99                            1B1F8    1B1F8       12         0
                text98                            1B342    1B342        2         0
                text97                            1ACEE    1ACEE       34         0
                text95                            1B2EE    1B2EE        A         0
                text94                            197FE    197FE       A2         0
                text93                            1A83E    1A83E       46         0
                text92                            1A592    1A592       50         0
                text91                            1A092    1A092       6A         0
                text90                            198A0    198A0       9A         0
                text89                            19750    19750       AE         0
                text88                            195D8    195D8       C8         0
                text87                            1A90A    1A90A       40         0
                text86                            1A352    1A352       58         0
                text85                            1AA80    1AA80       3C         0
                text84                            19F4C    19F4C       6E         0
                text83                            1B2BA    1B2BA        E         0
                text82                            1A028    1A028       6A         0
                text81                            1B2AC    1B2AC        E         0
                text80                            1B29E    1B29E        E         0
                text79                            1A1CC    1A1CC       68         0
                text78                            1B290    1B290        E         0
                text77                            1B052    1B052       1E         0
                text76                            1B30C    1B30C        8         0
                text75                            1B23A    1B23A       10         0
                text74                            1AC4E    1AC4E       36         0
                text73                            1B0C6    1B0C6       1C         0
                text72                            1B0AA    1B0AA       1C         0
                text71                            1950C    1950C       CC         0
                text70                            1B08E    1B08E       1C         0
                text69                            1B282    1B282        E         0
                text68                            1ADE8    1ADE8       30         0
                text67                            1B274    1B274        E         0
                text66                            1A542    1A542       50         0
                text65                            1B266    1B266        E         0
                text64                            1AD56    1AD56       32         0
                text63                            1B258    1B258        E         0
                text62                            1A3AA    1A3AA       54         0
                text61                            1AB34    1AB34       3A         0
                text60                            1A450    1A450       52         0
                text59                            1B118    1B118       1A         0
                text58                            1A3FE    1A3FE       52         0
                text57                            184E4    184E4      136         0
                text56                            18D1C    18D1C      122         0
                text55                            1A9CA    1A9CA       3E         0
                text54                            1A4F2    1A4F2       50         0
                text53                            17902    17902      266         0
                text52                            1AC18    1AC18       36         0
                text51                            1ADB8    1ADB8       30         0
                text50                            15EE2    15EE2      33E         0
                text49                            1A7AE    1A7AE       48         0
                text48                            19278    19278       DE         0
                text47                            19B68    19B68       84         0
                text46                            1A164    1A164       68         0
                text45                            1AE70    1AE70       28         0
                text44                            18240    18240      154         0
                text43                            18880    18880      12A         0
                text42                            1861A    1861A      134         0
                text41                            19AE2    19AE2       86         0
                text40                            19E6A    19E6A       72         0
                text39                            15840    15840      352         0
                text38                            16E24    16E24      2C6         0
                text37                            1B010    1B010       22         0
                text36                            1A5E2    1A5E2       4E         0
                text35                            1B1AA    1B1AA       14         0
                text34                            14BB4    14BB4      4A4         0
                text33                            116DE    116DE     150E         0
                text32                            1AA44    1AA44       3C         0
                text31                            1B22A    1B22A       10         0
                text30                            1A6CA    1A6CA       4C         0
                text29                            1B32E    1B32E        4         0
                text28                            170EA    170EA      2B6         0
                text27                            19434    19434       D8         0
                text26                            1AFEE    1AFEE       22         0
                text25                            1B24A    1B24A        E         0
                text24                            1ACBA    1ACBA       34         0
                text23                            1B194    1B194       16         0
                text22                            1AD88    1AD88       30         0
                text21                            1B0FE    1B0FE       1A         0
                text20                            1A8C8    1A8C8       42         0
                text19                            1B032    1B032       20         0
                text18                            1A29A    1A29A       60         0
                text17                            1AA08    1AA08       3C         0
                text16                            1AEE8    1AEE8       26         0
                text15                            1A884    1A884       44         0
                text14                            1A4A2    1A4A2       50         0
                text13                            1ABA8    1ABA8       38         0
                text12                            1A2FA    1A2FA       58         0
                text11                            1993A    1993A       90         0
                text10                            19A56    19A56       8C         0
                text9                             1B21A    1B21A       10         0
                text8                             1A67E    1A67E       4C         0
                text7                             1A0FC    1A0FC       68         0
                text6                             154D8    154D8      368         0
                text5                             1B1E6    1B1E6       12         0
                text4                             10000    10000     16DE         0
                text3                             18BF8    18BF8      124         0
                text2                             1B20A    1B20A       10         0
                text1                             1B14C    1B14C       18         0
                text0                             18AD2    18AD2      126         0
                cinit                             199CA    199CA       8C         0
                idataBANK2                        1AF80    1AF80       25         0
                idataBANK0                        1B31C    1B31C        6         0

        CLASS   CONST          

        CLASS   SMALLCONST     

        CLASS   MEDIUMCONST    
                mediumconst                        CEA2     CEA2     315E         0

        CLASS   COMRAM         
                temp                                 5F       5F        1         1
                cstackCOMRAM                          1        1       5D         1
                bitbssCOMRAM                        2F0       5E        1         1

        CLASS   ABS1           

        CLASS   BIGRAM         

        CLASS   RAM            

        CLASS   BANK0          
                cstackBANK0                          60       60       90         1
                dataBANK0                            F0       F0        6         1
                bssBANK0                             F6       F6        5         1
                bitbssBANK0                         7D8       FB        1         1

        CLASS   BANK1          
                cstackBANK1                         100      100       C6         1
                bssBANK1                            1C6      1C6       23         1

        CLASS   BANK2          
                cstackBANK2                         294      294       3D         1
                dataBANK2                           2D1      2D1       25         1
                bssBANK2                            200      200       94         1
                nvBANK2                             2F6      2F6        1         1

        CLASS   BANK3          
                bssBANK3                            300      300       C0         1

        CLASS   BANK4          
                bssBANK4                            400      400       80         1

        CLASS   BANK5          

        CLASS   BANK6          

        CLASS   BANK7          

        CLASS   BANK8          

        CLASS   BANK9          

        CLASS   BANK10         

        CLASS   BANK11         

        CLASS   BANK12         

        CLASS   BANK13         

        CLASS   SFR            

        CLASS   FARRAM         

        CLASS   CONFIG         
                config                           300000   300000        C         0

        CLASS   IDLOC          
                idloc                            200000   200000       10         0

        CLASS   EEDATA         



SEGMENTS        Name                           Load    Length   Top    Selector   Space  Class

                reset_vec                      000000  000004  000004         0       0  CODE    
                cstackCOMRAM                   000001  00005F  000060         1       1  COMRAM  
                intcode                        000008  000006  00000E         4       0  CODE    
                intcodelo                      000018  0000EA  000102         C       0  CODE    
                cstackBANK0                    000060  00009C  0000FC        60       1  BANK0   
                cstackBANK1                    000100  0000E9  0001E9       100       1  BANK1   
                bssBANK2                       000200  0000F7  0002F7       200       1  BANK2   
                bssBANK3                       000300  0000C0  0003C0       300       1  BANK3   
                bssBANK4                       000400  000080  000480       400       1  BANK4   
                mediumconst                    00CEA2  00315E  010000      6751       0  MEDIUMCO
                text4                          010000  00AFA5  01AFA5      8000       0  CODE    
                text114                        01AFA6  0003A8  01B34E      D7D3       0  CODE    
                idloc                          200000  000010  200010    200000       0  IDLOC   
                config                         300000  00000C  30000C    300000       0  CONFIG  


UNUSED ADDRESS RANGES

        Name                Unused          Largest block    Delta
        BANK0            0000FC-0000FF                4
        BANK1            0001E9-0001FF               17
        BANK10           000A00-000AFF              100
        BANK11           000B00-000BFF              100
        BANK12           000C00-000CFF              100
        BANK13           000D00-000DE9               EA
        BANK2            0002F7-0002FF                9
        BANK3            0003C0-0003FF               40
        BANK4            000480-0004FF               80
        BANK5            000500-0005FF              100
        BANK6            000600-0006FF              100
        BANK7            000700-0007FF              100
        BANK8            000800-0008FF              100
        BANK9            000900-0009FF              100
        BIGRAM           0000FC-0000FF                4
                         0001E9-0001FF               17
                         0002F7-0002FF                9
                         0003C0-0003FF               40
                         000480-000DE9              96A
        CODE             000004-000007                4
                         00000E-000017                A
                         000102-00CEA1             CDA0
                         01AFA5-01AFA5                1
                         01B34E-01FFFF             4CB2
        CONST            000004-000007                4
                         00000E-000017                A
                         000102-00CEA1             CDA0
                         01AFA5-01AFA5                1
                         01B34E-01FFFF             4CB2
        EEDATA           310000-3103FF              400
        MEDIUMCONST      000E00-00CEA1             C0A2
                         01AFA5-01AFA5                1
                         01B34E-01FFFF             4CB2
        RAM              0000FC-0000FF                4
                         0001E9-0001FF               17
                         0002F7-0002FF                9
                         0003C0-0003FF               40
                         000480-000DE9              100
        SFR              000DEF-000FFF              100
        SMALLCONST       000E00-00CEA1              100
                         01AFA5-01AFA5                1
                         01B34E-01FFFF              100
        STACK            000480-000DE9              96A

                                  Symbol Table

?_ADCC_GetConversionResult                     cstackCOMRAM 000001
?_ADCC_GetFilterValue                          cstackCOMRAM 000001
?_FLASH_ReadWord                               cstackBANK1  00011B
?___awdiv                                      cstackBANK1  00011D
?___awmod                                      cstackBANK1  000117
?___fladd                                      cstackBANK1  000129
?___fldiv                                      cstackBANK1  00013D
?___flmul                                      cstackBANK1  000156
?___flneg                                      cstackBANK1  000125
?___flsub                                      cstackBANK1  00013D
?___fltol                                      cstackBANK1  000178
?___lldiv                                      cstackBANK1  000117
?___llmod                                      cstackBANK1  000124
?___wmul                                       cstackBANK1  000117
?___xxtofl                                     cstackBANK1  000117
?__div_to_l_                                   cstackBANK1  000117
?__doprnt                                      cstackBANK1  000182
?__tdiv_to_l_                                  cstackBANK1  000117
?_abs                                          cstackBANK0  000076
?_acos                                         cstackBANK0  0000A9
?_asin                                         cstackBANK0  000091
?_atan                                         cstackBANK0  00007C
?_atoi                                         cstackBANK1  00011D
?_currentMeasuredToPeak                        cstackBANK0  000099
?_eval_poly                                    cstackBANK0  00006C
?_fabs                                         cstackCOMRAM 000030
?_floor                                        cstackBANK0  000076
?_fround                                       cstackBANK1  00016F
?_getCauseOfResetString                        cstackBANK1  000117
?_getDeviceID                                  cstackBANK1  000122
?_getDeviceIDString                            cstackBANK1  000124
?_getUserID                                    cstackBANK1  000122
?_peakToRMS                                    cstackBANK0  0000B1
?_printf                                       cstackBANK1  0001AC
?_readDoubleFromEEPROM                         cstackBANK1  000119
?_scale                                        cstackBANK1  00016F
?_sin                                          cstackBANK0  000088
?_sqrt                                         cstackBANK0  00006C
?_strchr                                       cstackBANK1  000117
?_strcmp                                       cstackBANK1  000117
?_strlen                                       cstackBANK1  000117
?_strncmp                                      cstackBANK1  00011D
?_strstr                                       cstackBANK1  000126
?i2___awdiv                                    cstackCOMRAM 000007
?i2___awmod                                    cstackCOMRAM 000001
?i2___fladd                                    cstackCOMRAM 000056
?i2___fldiv                                    cstackCOMRAM 000013
?i2___flmul                                    cstackCOMRAM 000030
?i2___flneg                                    cstackCOMRAM 00002C
?i2___flsub                                    cstackBANK0  000080
?i2___fltol                                    cstackBANK0  00006C
?i2___lldiv                                    cstackCOMRAM 000001
?i2___llmod                                    cstackCOMRAM 00000E
?i2___wmul                                     cstackCOMRAM 000001
?i2___xxtofl                                   cstackCOMRAM 000005
?i2__div_to_l_                                 cstackCOMRAM 000001
?i2__doprnt                                    cstackBANK0  000088
?i2__tdiv_to_l_                                cstackCOMRAM 000001
?i2_fround                                     cstackCOMRAM 000049
?i2_printf                                     cstackBANK0  0000B2
?i2_readDoubleFromEEPROM                       cstackCOMRAM 000003
?i2_scale                                      cstackCOMRAM 000049
ADCC_SetADTIInterruptHandler@InterruptHandler  cstackBANK1  000117
ADCC_StartConversion@channel                   cstackBANK1  000100
ADCPostProcessingCallback@current_adc_channel  cstackBANK0  0000D5
DATAEE_ReadByte@bAdd                           cstackBANK1  000117
DATAEE_WriteByte@GIEBitValue                   cstackBANK1  00011A
DATAEE_WriteByte@bAdd                          cstackBANK1  000117
DATAEE_WriteByte@bData                         cstackBANK1  000119
EUSART2_Read@readValue                         cstackBANK1  000117
EUSART2_SetRxInterruptHandler@interruptHandler cstackBANK1  000117
EUSART2_SetTxInterruptHandler@interruptHandler cstackBANK1  000117
EUSART2_Write@txData                           cstackBANK1  000117
FLASH_ReadByte@flashAddr                       cstackBANK1  000117
FLASH_ReadWord@flashAddr                       cstackBANK1  00011B
I2C1_ISR@i2c_10bit_address_restart             bssBANK2     00026A
I2C1_ISR@i2c_address                           bssBANK1     0001E6
I2C1_ISR@i2c_bytes_left                        bssBANK2     00026B
I2C1_ISR@pi2c_buf_ptr                          bssBANK2     00025E
I2C1_MasterRead@trBlock                        bssBANK2     000285
I2C1_MasterTRBInsert@count                     cstackBANK1  00011C
I2C1_MasterTRBInsert@pflag                     cstackBANK1  000119
I2C1_MasterTRBInsert@ptrb_list                 cstackBANK1  000117
I2C1_MasterWrite@address                       cstackBANK1  000123
I2C1_MasterWrite@length                        cstackBANK1  000122
I2C1_MasterWrite@pdata                         cstackBANK1  000120
I2C1_MasterWrite@pflag                         cstackBANK1  000125
I2C1_MasterWrite@trBlock                       bssBANK2     00028A
I2C1_MasterWriteTRBBuild@address               cstackBANK1  00011C
I2C1_MasterWriteTRBBuild@length                cstackBANK1  00011B
I2C1_MasterWriteTRBBuild@pdata                 cstackBANK1  000119
I2C1_MasterWriteTRBBuild@ptrb                  cstackBANK1  000117
I2C1_Stop@completion_code                      cstackCOMRAM 000003
INT0_SetInterruptHandler@InterruptHandler      cstackBANK1  000117
OLED_Clear@col                                 cstackBANK1  00013A
OLED_Clear@row                                 cstackBANK1  000138
OLED_Command@data_array                        cstackBANK1  000129
OLED_Command@length                            cstackBANK1  000128
OLED_Command@temp                              cstackBANK1  000127
OLED_PutChar@ch                                cstackBANK1  000137
OLED_PutChar@data_array                        cstackBANK1  00012B
OLED_PutChar@input_base                        cstackBANK1  000134
OLED_PutChar@length                            cstackBANK1  000136
OLED_WriteString@s                             cstackBANK1  000138
OLED_YX@Column                                 cstackBANK1  00012B
OLED_YX@Row                                    cstackBANK1  00012D
TMR4_ISR@CountCallBack                         bssBANK2     000264
TMR4_SetInterruptHandler@InterruptHandler      cstackBANK1  000117
TMR5_SetInterruptHandler@InterruptHandler      cstackBANK1  000117
TMR5_WriteTimer@timerVal                       cstackCOMRAM 000001
TMR6_SetInterruptHandler@InterruptHandler      cstackBANK1  000117
TMR7_SetInterruptHandler@InterruptHandler      cstackBANK1  000117
TMR7_WriteTimer@timerVal                       cstackBANK1  000100
_ADACCH                                        (abs)        000F71
_ADACCL                                        (abs)        000F70
_ADACQ                                         (abs)        000F5C
_ADACT                                         (abs)        000F56
_ADCAP                                         (abs)        000F5D
_ADCC_ADTI_InterruptHandler                    bssBANK2     000250
_ADCC_ClearAccumulator                         text102      01B322
_ADCC_DefaultInterruptHandler                  text148      01B34C
_ADCC_DischargeSampleCapacitor                 text101      01B314
_ADCC_GetConversionResult                      text174      01B1D2
_ADCC_GetCurrentCountofConversions             text173      01B33E
_ADCC_GetFilterValue                           text172      01B1BE
_ADCC_HasAccumulatorOverflowed                 text171      01B2E2
_ADCC_Initialize                               text82       01A028
_ADCC_SetADTIInterruptHandler                  text83       01B2BA
_ADCC_StartConversion                          text100      01B2C8
_ADCC_StopConversion                           text170      01B33A
_ADCC_ThresholdISR                             text147      01AEC0
_ADCLK                                         (abs)        000F57
_ADCNT                                         (abs)        000F67
_ADCON0                                        (abs)        000F60
_ADCON0bits                                    (abs)        000F60
_ADCON1                                        (abs)        000F59
_ADCON1bits                                    (abs)        000F59
_ADCON2                                        (abs)        000F5A
_ADCON2bits                                    (abs)        000F5A
_ADCON3                                        (abs)        000F5B
_ADCON3bits                                    (abs)        000F5B
_ADCPostProcessingCallback                     text149      0140F0
_ADCPostProcessingCallback$5445                cstackBANK0  0000D6
_ADCPostProcessingCallback$5446                cstackBANK0  0000DA
_ADCPostProcessingCallback$5447                cstackBANK0  0000C9
_ADCPostProcessingCallback$5448                cstackBANK0  0000CD
_ADCPostProcessingCallback$5449                cstackBANK0  0000D1
_ADC_Result_Scaling                            bssBANK2     00023C
_ADERRH                                        (abs)        000F6F
_ADERRL                                        (abs)        000F6E
_ADFLTRH                                       (abs)        000F73
_ADFLTRL                                       (abs)        000F72
_ADLTHH                                        (abs)        000F6B
_ADLTHL                                        (abs)        000F6A
_ADPCH                                         (abs)        000F5F
_ADPRE                                         (abs)        000F5E
_ADPREVH                                       (abs)        000F62
_ADPREVL                                       (abs)        000F61
_ADREF                                         (abs)        000F58
_ADRESH                                        (abs)        000F64
_ADRESL                                        (abs)        000F63
_ADRPT                                         (abs)        000F66
_ADSTAT                                        (abs)        000F65
_ADSTATbits                                    (abs)        000F65
_ADSTPTH                                       (abs)        000F69
_ADSTPTL                                       (abs)        000F68
_ADUTHH                                        (abs)        000F6D
_ADUTHL                                        (abs)        000F6C
_ANSELA                                        (abs)        000E92
_ANSELB                                        (abs)        000E9A
_ANSELD                                        (abs)        000EA7
_ANSELE                                        (abs)        000EAF
_ANSELF                                        (abs)        000EB4
_ANSELG                                        (abs)        000EBC
_AVSS_ADC_Result                               bssBANK2     000240
_Avg_Power                                     bssBANK1     0001C6
_BAUD2CON                                      (abs)        000EF7
_DATAEE_ReadByte                               text59       01B118
_DATAEE_WriteByte                              text55       01A9CA
_EUSART2_Initialize                            text79       01A1CC
_EUSART2_Read                                  text30       01A6CA
_EUSART2_Receive_ISR                           text132      0196A0
_EUSART2_RxDefaultInterruptHandler             bssBANK2     000256
_EUSART2_SetRxInterruptHandler                 text81       01B2AC
_EUSART2_SetTxInterruptHandler                 text80       01B29E
_EUSART2_Transmit_ISR                          text107      01AC84
_EUSART2_TxDefaultInterruptHandler             bssBANK2     000259
_EUSART2_Write                                 text36       01A5E2
_EXT_INT_Initialize                            text77       01B052
_FLASH_ReadByte                                text21       01B0FE
_FLASH_ReadWord                                text20       01A8C8
_FVRCON                                        (abs)        000EC4
_FVRCONbits                                    (abs)        000EC4
_FVR_ADC_Result                                bssBANK1     0001E2
_FVR_Initialize                                text76       01B30C
_HLVDCON0                                      (abs)        000EC2
_HLVDCON0bits                                  (abs)        000EC2
_HLVDCON1                                      (abs)        000EC3
_HLVD_ISR                                      text129      01ABE0
_HLVD_Initialize                               text75       01B23A
_I2C1_BusCollisionISR                          text128      01B328
_I2C1_FunctionComplete                         text127      01B132
_I2C1_ISR                                      text125      017B68
_I2C1_Initialize                               text74       01AC4E
_I2C1_MasterTRBInsert                          text94       0197FE
_I2C1_MasterWrite                              text92       01A592
_I2C1_MasterWriteTRBBuild                      text93       01A83E
_I2C1_Stop                                     text126      01A98A
_I2C1_WaitForLastPacketToComplete              text95       01B2EE
_INT0PPS                                       (abs)        000DF0
_INT0_CallBack                                 text120      01AFCA
_INT0_DefaultInterruptHandler                  text121      01B34A
_INT0_ISR                                      text119      01B2F8
_INT0_InterruptHandler                         bssBANK2     000247
_INT0_SetInterruptHandler                      text78       01B290
_INTCONbits                                    (abs)        000FF2
_INTERRUPT_Initialize                          text73       01B0C6
_INTERRUPT_InterruptManagerHigh                intcode      000008
_INTERRUPT_InterruptManagerLow                 intcodelo    000018
_IPR0bits                                      (abs)        000E1F
_IPR1bits                                      (abs)        000E20
_IPR2bits                                      (abs)        000E21
_IPR3bits                                      (abs)        000E22
_IPR5bits                                      (abs)        000E24
_Imeas                                         bssBANK2     000234
_Ipk                                           bssBANK1     0001CE
_Irms                                          bssBANK1     0001CA
_Irms_offset                                   dataBANK2    0002E9
_LATA                                          (abs)        000F79
_LATB                                          (abs)        000F7A
_LATC                                          (abs)        000F7B
_LATD                                          (abs)        000F7C
_LATE                                          (abs)        000F7D
_LATF                                          (abs)        000F7E
_LATFbits                                      (abs)        000F7E
_LATG                                          (abs)        000F7F
_LATGbits                                      (abs)        000F7F
_LATH                                          (abs)        000F80
_NVMADRH                                       (abs)        000F75
_NVMADRL                                       (abs)        000F74
_NVMCON1bits                                   (abs)        000F77
_NVMCON2                                       (abs)        000F78
_NVMDAT                                        (abs)        000F76
_ODCONA                                        (abs)        000E90
_ODCONB                                        (abs)        000E98
_ODCONC                                        (abs)        000EA0
_ODCOND                                        (abs)        000EA5
_ODCONE                                        (abs)        000EAD
_ODCONF                                        (abs)        000EB2
_ODCONG                                        (abs)        000EBA
_ODCONH                                        (abs)        000EBF
_OLED_Clear                                    text87       01A90A
_OLED_Command                                  text91       01A092
_OLED_Frame                                    bssBANK2     000272
_OLED_I2C_Status                               bssBANK1     0001E8
_OLED_Init                                     text90       0198A0
_OLED_PutChar                                  text88       0195D8
_OLED_RAM_Buffer                               bssBANK3     000340
_OLED_UpdateFromRAMBuffer                      text84       019F4C
_OLED_WriteString                              text86       01A352
_OLED_YX                                       text85       01AA80
_OSCCON1                                       (abs)        000E43
_OSCCON3                                       (abs)        000E45
_OSCEN                                         (abs)        000E47
_OSCFRQ                                        (abs)        000E49
_OSCILLATOR_Initialize                         text72       01B0AA
_OSCTUNE                                       (abs)        000E48
_OledFont                                      mediumconst  00CF61
_PCON0bits                                     (abs)        000FD7
_PIE0bits                                      (abs)        000E29
_PIE1bits                                      (abs)        000E2A
_PIE2bits                                      (abs)        000E2B
_PIE3bits                                      (abs)        000E2C
_PIE5bits                                      (abs)        000E2E
_PIN_MANAGER_Initialize                        text71       01950C
_PIR0bits                                      (abs)        000E33
_PIR1bits                                      (abs)        000E34
_PIR2bits                                      (abs)        000E35
_PIR3bits                                      (abs)        000E36
_PIR5bits                                      (abs)        000E38
_PIR8bits                                      (abs)        000E3B
_PLLR                                          (abs)        007230
_PMD0                                          (abs)        000E4C
_PMD1                                          (abs)        000E4D
_PMD2                                          (abs)        000E4E
_PMD3                                          (abs)        000E4F
_PMD4                                          (abs)        000E50
_PMD5                                          (abs)        000E51
_PMD_Initialize                                text70       01B08E
_POS12_ADC_Result                              bssBANK1     0001D6
_POS3P3_ADC_Result                             bssBANK1     0001DA
_PR4                                           (abs)        000FB6
_PR6                                           (abs)        000FB0
_RC2REG                                        (abs)        000EF1
_RC2STA                                        (abs)        000EF5
_RC2STAbits                                    (abs)        000EF5
_RC6PPS                                        (abs)        000E68
_RC7PPS                                        (abs)        000E69
_RG7PPS                                        (abs)        000E89
_RX2PPS                                        (abs)        000E11
_SBOREN                                        (abs)        00725F
_SLRCONA                                       (abs)        000E8F
_SLRCONB                                       (abs)        000E97
_SLRCONC                                       (abs)        000E9F
_SLRCOND                                       (abs)        000EA4
_SLRCONE                                       (abs)        000EAC
_SLRCONF                                       (abs)        000EB1
_SLRCONG                                       (abs)        000EB9
_SLRCONH                                       (abs)        000EBE
_SP2BRGH                                       (abs)        000EF4
_SP2BRGL                                       (abs)        000EF3
_SSP1ADD                                       (abs)        000F92
_SSP1BUF                                       (abs)        000F91
_SSP1CLKPPS                                    (abs)        000E19
_SSP1CON1                                      (abs)        000F95
_SSP1CON1bits                                  (abs)        000F95
_SSP1CON2bits                                  (abs)        000F96
_SSP1CON3                                      (abs)        000F97
_SSP1DATPPS                                    (abs)        000E1A
_SSP1STAT                                      (abs)        000F94
_SYSTEM_Initialize                             text61       01AB34
_T4CLKCON                                      (abs)        000FB9
_T4CON                                         (abs)        000FB7
_T4CONbits                                     (abs)        000FB7
_T4HLT                                         (abs)        000FB8
_T4HLTbits                                     (abs)        000FB8
_T4PR                                          (abs)        000FB6
_T4RST                                         (abs)        000FBA
_T4RSTbits                                     (abs)        000FBA
_T4TMR                                         (abs)        000FB5
_T5CLK                                         (abs)        000FC6
_T5CON                                         (abs)        000FC3
_T5CONbits                                     (abs)        000FC3
_T5GATE                                        (abs)        000FC5
_T5GCON                                        (abs)        000FC4
_T5GCONbits                                    (abs)        000FC4
_T6CLKCON                                      (abs)        000FB3
_T6CON                                         (abs)        000FB1
_T6CONbits                                     (abs)        000FB1
_T6HLT                                         (abs)        000FB2
_T6HLTbits                                     (abs)        000FB2
_T6PR                                          (abs)        000FB0
_T6RST                                         (abs)        000FB4
_T6RSTbits                                     (abs)        000FB4
_T6TMR                                         (abs)        000FAF
_T7CLK                                         (abs)        000F33
_T7CON                                         (abs)        000F30
_T7CONbits                                     (abs)        000F30
_T7GATE                                        (abs)        000F32
_T7GCON                                        (abs)        000F31
_T7GCONbits                                    (abs)        000F31
_TABLAT                                        (abs)        000FF5
_TBLPTRH                                       (abs)        000FF7
_TBLPTRL                                       (abs)        000FF6
_TBLPTRU                                       (abs)        000FF8
_TMR4                                          (abs)        000FB5
_TMR4_CallBack                                 text114      01AFA6
_TMR4_DefaultInterruptHandler                  text115      01B348
_TMR4_ISR                                      text113      01AF34
_TMR4_Initialize                               text68       01ADE8
_TMR4_InterruptHandler                         bssBANK2     000244
_TMR4_SetInterruptHandler                      text69       01B282
_TMR5H                                         (abs)        000FC2
_TMR5L                                         (abs)        000FC1
_TMR5_DefaultInterruptHandler                  text110      01B346
_TMR5_ISR                                      text109      01AD22
_TMR5_Initialize                               text66       01A542
_TMR5_InterruptHandler                         bssBANK2     00024A
_TMR5_SetInterruptHandler                      text67       01B274
_TMR5_StartTimer                               text124      01B336
_TMR5_StopTimer                                text29       01B32E
_TMR5_WriteTimer                               text123      01B0E2
_TMR6                                          (abs)        000FAF
_TMR6_DefaultInterruptHandler                  text105      01B344
_TMR6_ISR                                      text104      01AE98
_TMR6_Initialize                               text64       01AD56
_TMR6_InterruptHandler                         bssBANK2     000253
_TMR6_SetInterruptHandler                      text65       01B266
_TMR7H                                         (abs)        000F2F
_TMR7L                                         (abs)        000F2E
_TMR7_DefaultInterruptHandler                  text98       01B342
_TMR7_ISR                                      text97       01ACEE
_TMR7_Initialize                               text62       01A3AA
_TMR7_InterruptHandler                         bssBANK2     00024D
_TMR7_SetInterruptHandler                      text63       01B258
_TMR7_WriteTimer                               text103      01AF0E
_TRIAC_Firing_Angle                            dataBANK0    0000F2
_TRISA                                         (abs)        000F81
_TRISB                                         (abs)        000F82
_TRISC                                         (abs)        000F83
_TRISD                                         (abs)        000F84
_TRISE                                         (abs)        000F85
_TRISF                                         (abs)        000F86
_TRISG                                         (abs)        000F87
_TRISH                                         (abs)        000F88
_TX2REG                                        (abs)        000EF2
_TX2STA                                        (abs)        000EF6
_TX2STAbits                                    (abs)        000EF6
_Temp_ADC_Offset                               dataBANK2    0002F1
_Temp_ADC_Result                               bssBANK1     0001D2
_Total_Energy                                  bssBANK0     0000F6
_Total_Energy_address                          mediumconst  00CF5F
_Vpk                                           bssBANK2     000238
_Vpk_const                                     dataBANK2    0002ED
_Vrms                                          bssBANK2     000230
_WPUA                                          (abs)        000E91
_WPUB                                          (abs)        000E99
_WPUC                                          (abs)        000EA1
_WPUD                                          (abs)        000EA6
_WPUE                                          (abs)        000EAE
_WPUF                                          (abs)        000EB3
_WPUG                                          (abs)        000EBB
_WPUH                                          (abs)        000EC0
__CFG_BOREN$ON                                 (abs)        000000
__CFG_BORV$VBOR_190                            (abs)        000000
__CFG_CLKOUTEN$OFF                             (abs)        000000
__CFG_CP$OFF                                   (abs)        000000
__CFG_CPD$OFF                                  (abs)        000000
__CFG_CSWEN$OFF                                (abs)        000000
__CFG_DEBUG$OFF                                (abs)        000000
__CFG_EBTR0$OFF                                (abs)        000000
__CFG_EBTR1$OFF                                (abs)        000000
__CFG_EBTR2$OFF                                (abs)        000000
__CFG_EBTR3$OFF                                (abs)        000000
__CFG_EBTR4$OFF                                (abs)        000000
__CFG_EBTR5$OFF                                (abs)        000000
__CFG_EBTR6$OFF                                (abs)        000000
__CFG_EBTR7$OFF                                (abs)        000000
__CFG_EBTRB$OFF                                (abs)        000000
__CFG_FCMEN$ON                                 (abs)        000000
__CFG_FEXTOSC$ECH                              (abs)        000000
__CFG_IDLOC0$                                  (abs)        000000
__CFG_IDLOC1$                                  (abs)        000001
__CFG_IDLOC2$                                  (abs)        000002
__CFG_IDLOC3$                                  (abs)        000003
__CFG_IDLOC4$                                  (abs)        000004
__CFG_IDLOC5$                                  (abs)        000005
__CFG_IDLOC6$                                  (abs)        000006
__CFG_IDLOC7$                                  (abs)        000007
__CFG_LPBOREN$OFF                              (abs)        000000
__CFG_LVP$ON                                   (abs)        000000
__CFG_MCLRE$EXTMCLR                            (abs)        000000
__CFG_PPS1WAY$ON                               (abs)        000000
__CFG_PWRTE$ON                                 (abs)        000000
__CFG_RSTOSC$EXTOSC_4PLL                       (abs)        000000
__CFG_SCANE$OFF                                (abs)        000000
__CFG_STVREN$ON                                (abs)        000000
__CFG_WDTCCS$LFINTOSC                          (abs)        000000
__CFG_WDTCPS$WDTCPS_11                         (abs)        000000
__CFG_WDTCWS$WDTCWS_7                          (abs)        000000
__CFG_WDTE$NSLEEP                              (abs)        000000
__CFG_WRT0$ON                                  (abs)        000000
__CFG_WRT1$ON                                  (abs)        000000
__CFG_WRT2$ON                                  (abs)        000000
__CFG_WRT3$ON                                  (abs)        000000
__CFG_WRT4$ON                                  (abs)        000000
__CFG_WRT5$ON                                  (abs)        000000
__CFG_WRT6$ON                                  (abs)        000000
__CFG_WRT7$ON                                  (abs)        000000
__CFG_WRTB$ON                                  (abs)        000000
__CFG_WRTC$ON                                  (abs)        000000
__CFG_WRTD$OFF                                 (abs)        000000
__CFG_XINST$OFF                                (abs)        000000
__CFG_ZCD$OFF                                  (abs)        000000
__HRAM                                         (abs)        000000
__Habs1                                        abs1         000000
__Hbank0                                       bank0        000000
__Hbank1                                       bank1        000000
__Hbank10                                      bank10       000000
__Hbank11                                      bank11       000000
__Hbank12                                      bank12       000000
__Hbank13                                      bank13       000000
__Hbank2                                       bank2        000000
__Hbank3                                       bank3        000000
__Hbank4                                       bank4        000000
__Hbank5                                       bank5        000000
__Hbank6                                       bank6        000000
__Hbank7                                       bank7        000000
__Hbank8                                       bank8        000000
__Hbank9                                       bank9        000000
__Hbigbss                                      bigbss       000000
__Hbigdata                                     bigdata      000000
__Hbigram                                      bigram       000000
__HbitbssBANK0                                 bitbssBANK0  000000
__HbitbssCOMRAM                                bitbssCOMRAM 000000
__Hbss                                         bss          000000
__HbssBANK0                                    bssBANK0     000000
__HbssBANK1                                    bssBANK1     000000
__HbssBANK2                                    bssBANK2     000000
__HbssBANK3                                    bssBANK3     000000
__HbssBANK4                                    bssBANK4     000000
__Hcinit                                       cinit        000000
__Hclrtext                                     clrtext      000000
__Hcomram                                      comram       000000
__Hconfig                                      config       30000C
__Hconst                                       const        000000
__HcstackBANK0                                 cstackBANK0  000000
__HcstackBANK1                                 cstackBANK1  000000
__HcstackBANK2                                 cstackBANK2  000000
__HcstackCOMRAM                                cstackCOMRAM 000000
__Hdata                                        data         000000
__HdataBANK0                                   dataBANK0    000000
__HdataBANK2                                   dataBANK2    000000
__Heeprom_data                                 eeprom_data  000000
__Hfarbss                                      farbss       000000
__Hfardata                                     fardata      000000
__Hibigdata                                    ibigdata     000000
__Hidata                                       idata        000000
__HidataBANK0                                  idataBANK0   000000
__HidataBANK2                                  idataBANK2   000000
__Hidloc                                       idloc        200010
__Hifardata                                    ifardata     000000
__Hinit                                        init         000102
__Hintcode                                     intcode      00000E
__Hintcode_body                                intcode_body 000000
__Hintcodelo                                   intcodelo    0000FE
__Hintentry                                    intentry     000000
__Hintret                                      intret       000000
__Hintsave_regs                                intsave_regs 000000
__Hirdata                                      irdata       000000
__Hmediumconst                                 mediumconst  010000
__HnvBANK2                                     nvBANK2      000000
__HnvFARRAM                                    nvFARRAM     000000
__Hnvbit                                       nvbit        000000
__Hnvrram                                      nvrram       000000
__Hparam                                       rparam       000000
__Hpowerup                                     powerup      0000FE
__Hram                                         ram          000000
__Hramtop                                      ramtop       000E00
__Hrbit                                        rbit         000000
__Hrbss                                        rbss         000000
__Hrdata                                       rdata        000000
__Hreset_vec                                   reset_vec    000004
__Hrparam                                      rparam       000000
__Hsfr                                         sfr          000000
__Hsmallconst                                  smallconst   000000
__Hspace_0                                     (abs)        30000C
__Hspace_1                                     (abs)        0007D9
__Hspace_2                                     (abs)        000000
__Hstack                                       stack        000000
__Hstruct                                      struct       000000
__Htemp                                        temp         000060
__Htext                                        text         000000
__Htext0                                       text0        000000
__Htext1                                       text1        000000
__Htext10                                      text10       000000
__Htext100                                     text100      000000
__Htext101                                     text101      000000
__Htext102                                     text102      000000
__Htext103                                     text103      000000
__Htext104                                     text104      000000
__Htext105                                     text105      000000
[...]
      Params:         0       0       0       0       0       0       0       0       0       0       0       0       0       0       0
      Locals:         0       0       0       0       0       0       0       0       0       0       0       0       0       0       0
      Temps:          0       0       0       0       0       0       0       0       0       0       0       0       0       0       0
      Totals:         0       0       0       0       0       0       0       0       0       0       0       0       0       0       0
Total ram usage:        0 bytes
 Hardware stack levels used:    1
 This function calls:
		Nothing
 This function is called by:
		_ADCPostProcessingCallback
 This function uses a non-reentrant model


 *************** function _ADCC_GetConversionResult *****************
 Defined at:
		line 133 in file "mcc_generated_files/adcc.c"
 Parameters:    Size  Location     Type
		None
 Auto vars:     Size  Location     Type
		None
 Return value:  Size  Location     Type
                  2    0[COMRAM] unsigned int 
 Registers used:
		wreg, status,2, status,0
 Tracked objects:
		On entry : 
		On exit  : 
		Unchanged: 
 Data sizes:     COMRAM   BANK0   BANK1   BANK2   BANK3   BANK4   BANK5   BANK6   BANK7   BANK8   BANK9  BANK10  BANK11  BANK12  BANK13
      Params:         2       0       0       0       0       0       0       0       0       0       0       0       0       0       0
      Locals:         0       0       0       0       0       0       0       0       0       0       0       0       0       0       0
      Temps:          2       0       0       0       0       0       0       0       0       0       0       0       0       0       0
      Totals:         4       0       0       0       0       0       0       0       0       0       0       0       0       0       0
Total ram usage:        4 bytes
 Hardware stack levels used:    1
 This function calls:
		Nothing
 This function is called by:
		_ADCPostProcessingCallback
 This function uses a non-reentrant model



MODULE INFORMATION

Module		Function		Class		Link	Load	Size
C:\Program Files (x86)\Microchip\xc8\v1.45\sources\common\asin.c
		_asin          		CODE           	1655E	0000	773

C:\Program Files (x86)\Microchip\xc8\v1.45\sources\common\asin.c estimated size: 773

C:\Program Files (x86)\Microchip\xc8\v1.45\sources\common\sprcdiv.c
		___fldiv       		CODE           	170EA	0000	695

C:\Program Files (x86)\Microchip\xc8\v1.45\sources\common\sprcdiv.c estimated size: 695

C:\Program Files (x86)\Microchip\xc8\v1.45\sources\common\sprcsqrt.c
		_sqrt          		CODE           	16B5C	0000	713

C:\Program Files (x86)\Microchip\xc8\v1.45\sources\common\sprcsqrt.c estimated size: 713

C:\Program Files (x86)\Microchip\xc8\v1.45\sources\common\memmove.c
		_memmove       		CODE           	19750	0000	175

C:\Program Files (x86)\Microchip\xc8\v1.45\sources\common\memmove.c estimated size: 175

C:\Program Files (x86)\Microchip\xc8\v1.45\sources\common\flge.c
		___flge        		CODE           	18D1C	0000	291

C:\Program Files (x86)\Microchip\xc8\v1.45\sources\common\flge.c estimated size: 291

mcc_generated_files/tmr6.c
		_TMR6_ISR      		CODE           	1AE98	0000	41
		_TMR6_Initialize		CODE           	1AD56	0000	51
		_TMR6_SetInterruptHandler		CODE           	1B266	0000	15
		_TMR6_DefaultInterruptHandler		CODE           	1B344	0000	3

mcc_generated_files/tmr6.c estimated size: 110

mcc_generated_files/eusart2.c
		_putch         		CODE           	1B1AA	0000	21
		_EUSART2_Read  		CODE           	1A6CA	0000	77
		_EUSART2_Write 		CODE           	1A5E2	0000	79
		_EUSART2_Receive_ISR		CODE           	196A0	0000	177
		_EUSART2_Transmit_ISR		CODE           	1AC84	0000	55
		_EUSART2_SetRxInterruptHandler		CODE           	1B2AC	0000	15
		_EUSART2_SetTxInterruptHandler		CODE           	1B29E	0000	15
		_EUSART2_Initialize		CODE           	1A1CC	0000	105

mcc_generated_files/eusart2.c estimated size: 544

C:\Program Files (x86)\Microchip\xc8\v1.45\sources\common\doprnt.c
		_scale         		CODE           	14BB4	0000	1189
		_fround        		CODE           	16E24	0000	711
		__doprnt       		CODE           	116DE	0000	5391

C:\Program Files (x86)\Microchip\xc8\v1.45\sources\common\doprnt.c estimated size: 7291

mcc_generated_files/fvr.c
		_FVR_Initialize		CODE           	1B30C	0000	9

mcc_generated_files/fvr.c estimated size: 9

error_handling.c
		_updateErrorLEDs		CODE           	1B14C	0000	25
		_getADCError   		CODE           	1ACBA	0000	53
		_clearADCErrors		CODE           	1AFEE	0000	35
		_getCOMMError  		CODE           	1B194	0000	23
		_clearCOMMErrors		CODE           	1B24A	0000	15

error_handling.c estimated size: 151

mcc_generated_files/tmr4.c
		_TMR4_ISR      		CODE           	1AF34	0000	39
		_TMR4_Initialize		CODE           	1ADE8	0000	49
		_TMR4_SetInterruptHandler		CODE           	1B282	0000	15
		_TMR4_DefaultInterruptHandler		CODE           	1B348	0000	3
		_TMR4_CallBack 		CODE           	1AFA6	0000	37

mcc_generated_files/tmr4.c estimated size: 143

mcc_generated_files/interrupt_manager.c
		_INTERRUPT_Initialize		CODE           	1B0C6	0000	29
		_INTERRUPT_InterruptManagerLow		CODE           	0018	0000	231
		_INTERRUPT_InterruptManagerHigh		CODE           	0008	0000	271

mcc_generated_files/interrupt_manager.c estimated size: 531

C:\Program Files (x86)\Microchip\xc8\v1.45\sources\common\Umul16.c
		___wmul        		CODE           	1AE70	0000	41

C:\Program Files (x86)\Microchip\xc8\v1.45\sources\common\Umul16.c estimated size: 41

mcc_generated_files/i2c1.c
		_I2C1_BusCollisionISR		CODE           	1B328	0000	7
		_I2C1_FunctionComplete		CODE           	1B132	0000	27
		_I2C1_MasterWriteTRBBuild		CODE           	1A83E	0000	71
		_I2C1_ISR      		CODE           	17B68	0000	601
		_I2C1_MasterWrite		CODE           	1A592	0000	81
		_I2C1_Initialize		CODE           	1AC4E	0000	55
		_I2C1_Stop     		CODE           	1A98A	0000	65
		_I2C1_WaitForLastPacketToComplete		CODE           	1B2EE	0000	11
		_I2C1_MasterTRBInsert		CODE           	197FE	0000	163

mcc_generated_files/i2c1.c estimated size: 1081

double_to_EEPROM.c
		_readDoubleFromEEPROM		CODE           	1A3FE	0000	83
		_writeDoubleToEEPROM		CODE           	1A4F2	0000	81

double_to_EEPROM.c estimated size: 164

C:\Program Files (x86)\Microchip\xc8\v1.45\sources\common\frexp.c
		_frexp         		CODE           	19DF0	0000	123

C:\Program Files (x86)\Microchip\xc8\v1.45\sources\common\frexp.c estimated size: 123

mcc_generated_files/pin_manager.c
		_PIN_MANAGER_Initialize		CODE           	1950C	0000	205

mcc_generated_files/pin_manager.c estimated size: 205

C:\Program Files (x86)\Microchip\xc8\v1.45\sources\common\fabs.c
		_fabs          		CODE           	1AAF8	0000	61

C:\Program Files (x86)\Microchip\xc8\v1.45\sources\common\fabs.c estimated size: 61

C:\Program Files (x86)\Microchip\xc8\v1.45\sources\common\isdigit.c
		_isdigit       		CODE           	1B010	0000	35

C:\Program Files (x86)\Microchip\xc8\v1.45\sources\common\isdigit.c estimated size: 35

C:\Program Files (x86)\Microchip\xc8\v1.45\sources\common\sprcadd.c
		___flsub       		CODE           	1A7AE	0000	73
		___fladd       		CODE           	15EE2	0000	831

C:\Program Files (x86)\Microchip\xc8\v1.45\sources\common\sprcadd.c estimated size: 904

C:\Program Files (x86)\Microchip\xc8\v1.45\sources\common\floor.c
		_floor         		CODE           	18F5E	0000	275

C:\Program Files (x86)\Microchip\xc8\v1.45\sources\common\floor.c estimated size: 275

C:\Program Files (x86)\Microchip\xc8\v1.45\sources\common\ftdivl.c
		__tdiv_to_l_   		CODE           	1861A	0000	309

C:\Program Files (x86)\Microchip\xc8\v1.45\sources\common\ftdivl.c estimated size: 309

C:\Program Files (x86)\Microchip\xc8\v1.45\sources\common\awmod.c
		___awmod       		CODE           	19E6A	0000	115

C:\Program Files (x86)\Microchip\xc8\v1.45\sources\common\awmod.c estimated size: 115

C:\Program Files (x86)\Microchip\xc8\v1.45\sources\common\strstr.c
		_strstr        		CODE           	19A56	0000	141

C:\Program Files (x86)\Microchip\xc8\v1.45\sources\common\strstr.c estimated size: 141

device_IDs.c
		_getDeviceID   		CODE           	1B032	0000	33
		_getUserID     		CODE           	1A884	0000	69
		_getMinorRevisionID		CODE           	1AEE8	0000	39
		_getDeviceIDString		CODE           	1A29A	0000	97
		_getMajorRevisionID		CODE           	1AA08	0000	61

device_IDs.c estimated size: 299

C:\Program Files (x86)\Microchip\xc8\v1.45\sources\common\acos.c
		_acos          		CODE           	19FBA	0000	111

C:\Program Files (x86)\Microchip\xc8\v1.45\sources\common\acos.c estimated size: 111

C:\Program Files (x86)\Microchip\xc8\v1.45\sources\common\llmod.c
		___llmod       		CODE           	1A164	0000	105

C:\Program Files (x86)\Microchip\xc8\v1.45\sources\common\llmod.c estimated size: 105

C:\Program Files (x86)\Microchip\xc8\v1.45\sources\common\fldivl.c
		__div_to_l_    		CODE           	18880	0000	299

C:\Program Files (x86)\Microchip\xc8\v1.45\sources\common\fldivl.c estimated size: 299

C:\Program Files (x86)\Microchip\xc8\v1.45\sources\common\fltol.c
		___fltol       		CODE           	19278	0000	223

C:\Program Files (x86)\Microchip\xc8\v1.45\sources\common\fltol.c estimated size: 223

mcc_generated_files/ext_int.c
		_INT0_SetInterruptHandler		CODE           	1B290	0000	15
		_EXT_INT_Initialize		CODE           	1B052	0000	31
		_INT0_DefaultInterruptHandler		CODE           	1B34A	0000	3
		_INT0_CallBack 		CODE           	1AFCA	0000	37
		_INT0_ISR      		CODE           	1B2F8	0000	11

mcc_generated_files/ext_int.c estimated size: 97

C:\Program Files (x86)\Microchip\xc8\v1.45\sources\common\atoi.c
		_atoi          		CODE           	19434	0000	217

C:\Program Files (x86)\Microchip\xc8\v1.45\sources\common\atoi.c estimated size: 217

mcc_generated_files/tmr7.c
		_TMR7_DefaultInterruptHandler		CODE           	1B342	0000	3
		_TMR7_WriteTimer		CODE           	1AF0E	0000	39
		_TMR7_ISR      		CODE           	1ACEE	0000	53
		_TMR7_Initialize		CODE           	1A3AA	0000	85
		_TMR7_SetInterruptHandler		CODE           	1B258	0000	15

mcc_generated_files/tmr7.c estimated size: 195

mcc_generated_files/hlvd.c
		_HLVD_ISR      		CODE           	1ABE0	0000	57
		_HLVD_Initialize		CODE           	1B23A	0000	17

mcc_generated_files/hlvd.c estimated size: 74

C:\Program Files (x86)\Microchip\xc8\v1.45\sources\common\printf.c
		_printf        		CODE           	1AA44	0000	61

C:\Program Files (x86)\Microchip\xc8\v1.45\sources\common\printf.c estimated size: 61

mcc_generated_files/tmr5.c
		_TMR5_ISR      		CODE           	1AD22	0000	53
		_TMR5_Initialize		CODE           	1A542	0000	81
		_TMR5_SetInterruptHandler		CODE           	1B274	0000	15
		_TMR5_StopTimer		CODE           	1B32E	0000	5
		_TMR5_DefaultInterruptHandler		CODE           	1B346	0000	3
		_TMR5_WriteTimer		CODE           	1B0E2	0000	29
		_TMR5_StartTimer		CODE           	1B336	0000	5

mcc_generated_files/tmr5.c estimated size: 191

shared
		i2_writeDoubleToEEPROM		CODE           	1A716	0000	77
		i2_DATAEE_WriteByte		CODE           	1AB6E	0000	59
		i2_printf      		CODE           	1AABC	0000	61
		_OledFont      		MEDIUMCONST    	CF61	0000	769
		i2_readDoubleFromEEPROM		CODE           	1A630	0000	79
		i2_putch       		CODE           	1B302	0000	11
		__powers_      		MEDIUMCONST    	CEA3	0000	53
		_dpowers       		MEDIUMCONST    	CF0B	0000	41
		i2_isdigit     		CODE           	1B070	0000	31
		i2___flneg     		CODE           	1AE18	0000	47
		atan@coeff_a   		MEDIUMCONST    	D261	0000	25
		atan@coeff_b   		MEDIUMCONST    	D28D	0000	21
		i2___awdiv     		CODE           	19BEC	0000	133
		i2___fladd     		CODE           	16220	0000	831
		i2__tdiv_to_l_ 		CODE           	1874E	0000	307
		i2___wmul      		CODE           	1AF5A	0000	39
		i2__doprnt     		CODE           	12BEC	0000	5381
		i2___fldiv     		CODE           	173A0	0000	693
		i2__div_to_l_  		CODE           	189AA	0000	297
		__npowers_     		MEDIUMCONST    	CED7	0000	53
		i2___fltol     		CODE           	19356	0000	223
		i2_scale       		CODE           	15058	0000	1153
		i2___lldiv     		CODE           	19CF2	0000	131
		__initialization		CODE           	199CA	0000	131
		i2___flge      		CODE           	18E3E	0000	289
		i2___awmod     		CODE           	19EDC	0000	113
		i2_EUSART2_Write		CODE           	1A762	0000	77
		_max_Temp_ADC_Result_address		MEDIUMCONST    	CF55	0000	3
		_max_Irms_address		MEDIUMCONST    	CF5D	0000	3
		_max_POS12_ADC_Result_address		MEDIUMCONST    	CF57	0000	3
		i2___flmul     		CODE           	15B92	0000	849
		_hexpowers     		MEDIUMCONST    	CF33	0000	33
		i2___llmod     		CODE           	1A234	0000	103
		i2___xxtofl    		CODE           	18394	0000	337
		_Total_Energy_address		MEDIUMCONST    	CF5F	0000	3
		i2_DATAEE_ReadByte		CODE           	1B164	0000	25
		i2___flsub     		CODE           	1A7F6	0000	73
		i2_TMR5_StopTimer		CODE           	1B332	0000	5
		_max_Power_address		MEDIUMCONST    	CF5B	0000	3
		i2_fround      		CODE           	17654	0000	687
		sin@coeff_a    		MEDIUMCONST    	D279	0000	21
		sin@coeff_b    		MEDIUMCONST    	D2A1	0000	17
		_max_POS3P3_ADC_Result_address		MEDIUMCONST    	CF59	0000	3
		_max_FVR_ADC_Result_address		MEDIUMCONST    	CF53	0000	3

shared estimated size: 13296

mcc_generated_files/mcc.c
		_PMD_Initialize		CODE           	1B08E	0000	29
		_OSCILLATOR_Initialize		CODE           	1B0AA	0000	29
		_SYSTEM_Initialize		CODE           	1AB34	0000	59

mcc_generated_files/mcc.c estimated size: 117

ring_buffer_interface.c
		_terminal_ringBufferPull		CODE           	18BF8	0000	293
		_terminal_textAttributes		CODE           	154D8	0000	873
		_terminal_textAttributesReset		CODE           	1B1E6	0000	19
		_terminal_setCursorHome		CODE           	1B20A	0000	17
		_terminal_printNewline		CODE           	1B21A	0000	17
		_terminal_clearTerminal		CODE           	1B22A	0000	17

ring_buffer_interface.c estimated size: 1236

C:\Program Files (x86)\Microchip\xc8\v1.45\sources\common\atan.c
		_atan          		CODE           	1800A	0000	567

C:\Program Files (x86)\Microchip\xc8\v1.45\sources\common\atan.c estimated size: 567

cause_of_reset.c
		_getCauseOfResetString		CODE           	1AD88	0000	49
		_getCauseOfReset		CODE           	1A450	0000	83

cause_of_reset.c estimated size: 132

C:\Program Files (x86)\Microchip\xc8\v1.45\sources\common\awdiv.c
		___awdiv       		CODE           	19AE2	0000	135

C:\Program Files (x86)\Microchip\xc8\v1.45\sources\common\awdiv.c estimated size: 135

C:\Program Files (x86)\Microchip\xc8\v1.45\sources\common\strcat.c
		_strcat        		CODE           	1A67E	0000	77

C:\Program Files (x86)\Microchip\xc8\v1.45\sources\common\strcat.c estimated size: 77

oled.c
		_OLED_Clear    		CODE           	1A90A	0000	65
		_OLED_Command  		CODE           	1A092	0000	107
		_OLED_WriteString		CODE           	1A352	0000	89
		_OLED_UpdateFromRAMBuffer		CODE           	19F4C	0000	111
		_OLED_Init     		CODE           	198A0	0000	155
		_OLED_PutChar  		CODE           	195D8	0000	201
		_OLED_YX       		CODE           	1AA80	0000	61

oled.c estimated size: 789

C:\Program Files (x86)\Microchip\xc8\v1.45\sources\common\evalpoly.c
		_eval_poly     		CODE           	19178	0000	257

C:\Program Files (x86)\Microchip\xc8\v1.45\sources\common\evalpoly.c estimated size: 257

mcc_generated_files/memory.c
		_FLASH_ReadWord		CODE           	1A8C8	0000	67
		_FLASH_ReadByte		CODE           	1B0FE	0000	27
		_DATAEE_WriteByte		CODE           	1A9CA	0000	63
		_DATAEE_ReadByte		CODE           	1B118	0000	27

mcc_generated_files/memory.c estimated size: 184

C:\Program Files (x86)\Microchip\xc8\v1.45\sources\common\sin.c
		_sin           		CODE           	16862	0000	763

C:\Program Files (x86)\Microchip\xc8\v1.45\sources\common\sin.c estimated size: 763

C:\Program Files (x86)\Microchip\xc8\v1.45\sources\common\abs.c
		_abs           		CODE           	1AE46	0000	43

C:\Program Files (x86)\Microchip\xc8\v1.45\sources\common\abs.c estimated size: 43

C:\Program Files (x86)\Microchip\xc8\v1.45\sources\common\lldiv.c
		___lldiv       		CODE           	19B68	0000	133

C:\Program Files (x86)\Microchip\xc8\v1.45\sources\common\lldiv.c estimated size: 133

ring_buffer_LUT.c
		_ringBufferLUT 		CODE           	10000	0000	5855

ring_buffer_LUT.c estimated size: 5855

C:\Program Files (x86)\Microchip\xc8\v1.45\sources\common\xxtofl.c
		___xxtofl      		CODE           	18240	0000	341

C:\Program Files (x86)\Microchip\xc8\v1.45\sources\common\xxtofl.c estimated size: 341

mcc_generated_files/adcc.c
		_ADCC_StopConversion		CODE           	1B33A	0000	5
		_ADCC_DefaultInterruptHandler		CODE           	1B34C	0000	3
		_ADCC_ClearAccumulator		CODE           	1B322	0000	7
		_ADCC_GetFilterValue		CODE           	1B1BE	0000	21
		_ADCC_GetCurrentCountofConversions		CODE           	1B33E	0000	5
		_ADCC_SetADTIInterruptHandler		CODE           	1B2BA	0000	15
		_ADCC_GetConversionResult		CODE           	1B1D2	0000	21
		_ADCC_ThresholdISR		CODE           	1AEC0	0000	41
		_ADCC_StartConversion		CODE           	1B2C8	0000	15
		_ADCC_Initialize		CODE           	1A028	0000	107
		_ADCC_HasAccumulatorOverflowed		CODE           	1B2E2	0000	13
		_ADCC_DischargeSampleCapacitor		CODE           	1B314	0000	9

mcc_generated_files/adcc.c estimated size: 262

C:\Program Files (x86)\Microchip\xc8\v1.45\sources\common\flneg.c
		___flneg       		CODE           	1ADB8	0000	49

C:\Program Files (x86)\Microchip\xc8\v1.45\sources\common\flneg.c estimated size: 49

main.c
		_dimmingOffTimeCallback		CODE           	1B17C	0000	25
		_saveSRAMMaxToEEPROM		CODE           	17902	0000	615
		_acquisitionTimerCallback		CODE           	1B1F8	0000	19
		_main          		CODE           	18AD2	0000	295
		_heartbeatTimerCallback		CODE           	1A94A	0000	65
		_currentMeasuredToPeak		CODE           	19D74	0000	125
		_recoverSRAMMaxFromEEPROM		CODE           	184E4	0000	311
		_dimmingOnTimeCallback		CODE           	1B2D6	0000	13
		_ADCPostProcessingCallback		CODE           	140F0	0000	2757
		_writeEnergyToEEPROMCallback		CODE           	19C70	0000	131
		_peakToRMS     		CODE           	17DC0	0000	587

main.c estimated size: 4943

C:\Program Files (x86)\Microchip\xc8\v1.45\sources\common\strlen.c
		_strlen        		CODE           	1A2FA	0000	89

C:\Program Files (x86)\Microchip\xc8\v1.45\sources\common\strlen.c estimated size: 89

C:\Program Files (x86)\Microchip\xc8\v1.45\sources\common\strcmp.c
		_strcmp        		CODE           	1A4A2	0000	81

C:\Program Files (x86)\Microchip\xc8\v1.45\sources\common\strcmp.c estimated size: 81

C:\Program Files (x86)\Microchip\xc8\v1.45\sources\common\strchr.c
		_strchr        		CODE           	1ABA8	0000	57

C:\Program Files (x86)\Microchip\xc8\v1.45\sources\common\strchr.c estimated size: 57

C:\Program Files (x86)\Microchip\xc8\v1.45\sources\common\strcpy.c
		_strcpy        		CODE           	1AC18	0000	55

C:\Program Files (x86)\Microchip\xc8\v1.45\sources\common\strcpy.c estimated size: 55

C:\Program Files (x86)\Microchip\xc8\v1.45\sources\common\strncmp.c
		_strncmp       		CODE           	1993A	0000	145

C:\Program Files (x86)\Microchip\xc8\v1.45\sources\common\strncmp.c estimated size: 145

C:\Program Files (x86)\Microchip\xc8\v1.45\sources\common\sprcmul.c
		___flmul       		CODE           	15840	0000	851

C:\Program Files (x86)\Microchip\xc8\v1.45\sources\common\sprcmul.c estimated size: 851

C:\Program Files (x86)\Microchip\xc8\v1.45\sources\common\strncpy.c
		_strncpy       		CODE           	1A0FC	0000	105

C:\Program Files (x86)\Microchip\xc8\v1.45\sources\common\strncpy.c estimated size: 105

