Microchip MPLAB XC8 Compiler V1.45 ()

Linker command line:

-W-3 --edf=C:\Program Files (x86)\Microchip\xc8\v1.45\dat\en_msgs.txt -cs \
  -h+dist/default/production\AC_Power_Meter.X.production.sym \
  --cmf=dist/default/production\AC_Power_Meter.X.production.cmf -z \
  -Q18LF67K40 -oC:\Users\DREWMA~1\AppData\Local\Temp\s4sg.2 \
  -Mdist/default/production/AC_Power_Meter.X.production.map -E1 -ver=XC8 \
  --acfsm=1493 -ASTACK=06CAh-0de9h -pstack=STACK -ACODE=00h-01FFFFh \
  -ACONST=00h-01FFFFh -ASMALLCONST=0E00h-0EFFhx498 \
  -AMEDIUMCONST=0E00h-0FFFFh,010E00h-01FFFFh -ACOMRAM=01h-05Fh \
  -AABS1=00h-0DE9h -ABIGRAM=01h-0DE9h \
  -ARAM=060h-0FFh,0100h-01FFhx12,0D00h-0DE9h -ABANK0=060h-0FFh \
  -ABANK1=0100h-01FFh -ABANK2=0200h-02FFh -ABANK3=0300h-03FFh \
  -ABANK4=0400h-04FFh -ABANK5=0500h-05FFh -ABANK6=0600h-06FFh \
  -ABANK7=0700h-07FFh -ABANK8=0800h-08FFh -ABANK9=0900h-09FFh \
  -ABANK10=0A00h-0AFFh -ABANK11=0B00h-0BFFh -ABANK12=0C00h-0CFFh \
  -ABANK13=0D00h-0DE9h \
  -ASFR=0DEFh-0DFFh,0E00h-0EFFh,0F00h-0F5Fh,0F60h-0FFFh \
  -preset_vec=00h,intcode=08h,intcodelo=018h,powerup,init -pramtop=0E00h \
  -psmallconst=SMALLCONST -pmediumconst=MEDIUMCONST -pconst=CONST \
  -AFARRAM=00h-00h -ACONFIG=0300000h-030000Bh -pconfig=CONFIG \
  -AIDLOC=0200000h-020000Fh -pidloc=IDLOC -AEEDATA=0310000h-03103FFh \
  -peeprom_data=EEDATA \
  -prdata=COMRAM,nvrram=COMRAM,nvbit=COMRAM,rbss=COMRAM,rbit=COMRAM \
  -pfarbss=FARRAM,fardata=FARRAM,nvFARRAM=FARRAM \
  -pintsave_regs=BIGRAM,bigbss=BIGRAM,bigdata=BIGRAM -pbss=RAM \
  -pidata=CODE,irdata=CODE,ibigdata=CODE,ifardata=CODE -prparam=COMRAM \
  C:\Users\DREWMA~1\AppData\Local\Temp\s4sg.obj \
  dist/default/production\AC_Power_Meter.X.production.obj 

Object code version is 3.11

Machine type is 18LF67K40

Call graph: (short form)




                Name                               Link     Load   Length Selector   Space Scale
C:\Users\DREWMA~1\AppData\Local\Temp\s4sg.obj
                init                                 EA       EA        4        C       0
                reset_vec                             0        0        4        0       0
                idloc                            200000   200000       10   200000       0
                config                           300000   300000        C   300000       0
dist/default/production\AC_Power_Meter.X.production.obj
                intcodelo                            18       18       D2        C       0
                intcode                               8        8        6        4       0
                temp                                 5F       5F        1        1       1
                mediumconst                        C932     C932     36CE     6499       0
                text270                            4F66     4F66       14        C       0
                text269                            51B6     51B6        4        C       0
                text268                            4F52     4F52       14        C       0
                text267                            50FC     50FC        C        C       0
                text266                            51B2     51B2        4        C       0
                text265                            4A90     4A90       2A        C       0
                text264                           1CD3C    1CD3C      33E     8000       0
                text263                            14F8     14F8      122        C       0
                text262                            1FC2     1FC2       DC        C       0
                text261                             806      806      150        C       0
                text260                            32EA     32EA       7A        C       0
                text259                            161A     161A      114        C       0
                text258                           1EFF2    1EFF2      2B6     8000       0
                text257                            4A62     4A62       2E        C       0
                text256                            4166     4166       48        C       0
                text255                           1C370    1C370      350     8000       0
                text254                            1A3C     1A3C      100        C       0
                text253                           1D9A6    1D9A6      300     8000       0
                text252                            317A     317A       7C        C       0
                text251                            472A     472A       3C        C       0
                text250                             326      326      238        C       0
                text249                           1DF6E    1DF6E      2C8     8000       0
                text248                           1D38A    1D38A      310     8000       0
                text247                            3598     3598       70        C       0
                text246                           1FA30    1FA30      24A     8000       0
                text245                           19812    19812      B30     8000       0
                text244                            51C6     51C6        2        C       0
                text243                            4B32     4B32       28        C       0
                text242                            2FFC     2FFC       82        C       0
                text241                            3948     3948       66        C       0
                text240                            4C64     4C64       26        C       0
                text239                             F44      F44      128        C       0
                text238                             BBE      BBE      132        C       0
                text237                            2F78     2F78       84        C       0
                text236                            3528     3528       70        C       0
                text235                           1F2A8    1F2A8      2AE     8000       0
                text234                            4E1A     4E1A       1E        C       0
                text233                            423A     423A       46        C       0
                text232                            514E     514E        A        C       0
                text231                           1B17C    1B17C      480     8000       0
                text230                           16034    16034     1F20     8000       0
                text229                            46EE     46EE       3C        C       0
                text228                            269A     269A       B0        C       0
                text227                            480E     480E       36        C       0
                text226                            4766     4766       3A        C       0
                text225                            3EDA     3EDA       4C        C       0
                text224                            444E     444E       40        C       0
                text223                            518C     518C        6        C       0
                text222                            4DFC     4DFC       1E        C       0
                text221                            438C     438C       42        C       0
                text220                           1F556    1F556      274     8000       0
                text219                            51AE     51AE        4        C       0
                text218                            4E70     4E70       1C        C       0
                text217                            4F24     4F24       18        C       0
                text216                            51C4     51C4        2        C       0
                text215                            4CF6     4CF6       24        C       0
                text214                            5144     5144        A        C       0
                text213                            4F0C     4F0C       18        C       0
                text212                            3DF4     3DF4       4E        C       0
                text211                            2EF4     2EF4       84        C       0
                text210                            51C2     51C2        2        C       0
                text209                            4CD2     4CD2       24        C       0
                text208                            4C3E     4C3E       26        C       0
                text207                            51AA     51AA        4        C       0
                text206                            50F0     50F0        C        C       0
                text205                            51C0     51C0        2        C       0
                text204                            48AC     48AC       34        C       0
                intcode_body                       1190     1190      124        C       0
                text202                            513A     513A        A        C       0
                text201                            2948     2948       A2        C       0
                text200                            41F4     41F4       46        C       0
                text199                            3D56     3D56       50        C       0
                text198                            27F8     27F8       AE        C       0
                text197                            2308     2308       C6        C       0
                text196                            440E     440E       40        C       0
                text195                            3B18     3B18       58        C       0
                text194                            387A     387A       68        C       0
                text193                            46B2     46B2       3C        C       0
                text192                            3270     3270       7A        C       0
                text191                            5130     5130        A        C       0
                text190                            51A6     51A6        4        C       0
                text189                            5186     5186        6        C       0
                text188                            51A2     51A2        4        C       0
                text187                            5180     5180        6        C       0
                text186                            5126     5126        A        C       0
                text185                            50D6     50D6        E        C       0
                text184                            25EA     25EA       B0        C       0
                text183                            1D1E     1D1E       E8        C       0
                text182                            4C18     4C18       26        C       0
                text181                           1ED3C    1ED3C      2B6     8000       0
                text180                            13D6     13D6      122        C       0
                text179                           1C9FE    1C9FE      33E     8000       0
                text178                           1C01E    1C01E      352     8000       0
                text177                            193C     193C      100        C       0
                text176                            4A32     4A32       30        C       0
                text175                            4548     4548       3E        C       0
                text174                              EE       EE      238        C       0
                text173                           1DCA6    1DCA6      2C8     8000       0
                text172                           1D07A    1D07A      310     8000       0
                text171                            34B8     34B8       70        C       0
                text170                            4A02     4A02       30        C       0
                text169                            4EDA     4EDA       1A        C       0
                text168                            434A     434A       42        C       0
                text167                            4DA0     4DA0       20        C       0
                text166                            4676     4676       3C        C       0
                text165                            4BF2     4BF2       26        C       0
                text164                            1EE4     1EE4       DE        C       0
                text163                             6B2      6B2      154        C       0
                text162                            30FC     30FC       7E        C       0
                text161                            2A8A     2A8A       A0        C       0
                text160                            2484     2484       B6        C       0
                text159                            411E     411E       48        C       0
                text158                            2E70     2E70       84        C       0
                text157                            3812     3812       68        C       0
                text156                            4B0A     4B0A       28        C       0
                text155                             E1A      E1A      12A        C       0
                text154                             A8A      A8A      134        C       0
                text153                            2D66     2D66       86        C       0
                text152                            33D6     33D6       72        C       0
                text151                           1E4FC    1E4FC      2C6     8000       0
                text150                            4D5E     4D5E       22        C       0
                text149                            40D6     40D6       48        C       0
                text148                            50C8     50C8        E        C       0
                text147                           1ACD8    1ACD8      4A4     8000       0
                text146                           140F8    140F8     1F3C     8000       0
                text145                            408E     408E       48        C       0
                text144                            4046     4046       48        C       0
                text143                            463A     463A       3C        C       0
                text142                            5010     5010       10        C       0
                text141                            5000     5000       10        C       0
                text140                            4FF0     4FF0       10        C       0
                text139                            3E8E     3E8E       4C        C       0
                text138                            37AA     37AA       68        C       0
                text137                           1B964    1B964      368     8000       0
                text136                            4F9E     4F9E       12        C       0
                text135                           18BB6    18BB6      C5C     8000       0
                text134                            51BE     51BE        2        C       0
                text133                            4CAE     4CAE       24        C       0
                text132                            4BCC     4BCC       26        C       0
                text131                            42C4     42C4       44        C       0
                text130                            51BC     51BC        2        C       0
                text129                            4AE2     4AE2       28        C       0
                text128                            4BA6     4BA6       26        C       0
                text127                            517A     517A        6        C       0
                text126                            5160     5160        8        C       0
                text125                            50BA     50BA        E        C       0
                text124                            4F8C     4F8C       12        C       0
                text123                            51BA     51BA        2        C       0
                text122                            4878     4878       34        C       0
                text120                            511C     511C        A        C       0
                text119                            28A6     28A6       A2        C       0
                text118                            41AE     41AE       46        C       0
                text117                            3D06     3D06       50        C       0
                text116                            3742     3742       68        C       0
                text115                            2B2A     2B2A       9A        C       0
                text114                            50AC     50AC        E        C       0
                text113                            3608     3608       6A        C       0
                text112                            509E     509E        E        C       0
                text111                            5090     5090        E        C       0
                text110                            38E2     38E2       66        C       0
                text109                            5082     5082        E        C       0
                text108                            4DDE     4DDE       1E        C       0
                text107                            5158     5158        8        C       0
                text106                            4FE0     4FE0       10        C       0
                text105                            47D8     47D8       36        C       0
                text104                            4DC0     4DC0       1E        C       0
                text103                            4E54     4E54       1C        C       0
                text102                            2176     2176       CC        C       0
                text101                            4E38     4E38       1C        C       0
                text100                            5074     5074        E        C       0
                text99                             49D2     49D2       30        C       0
                text98                             5066     5066        E        C       0
                text97                             49A2     49A2       30        C       0
                text96                             5058     5058        E        C       0
                text95                             3CB6     3CB6       50        C       0
                text94                             504A     504A        E        C       0
                text93                             48E0     48E0       32        C       0
                text92                             503C     503C        E        C       0
                text91                             3B70     3B70       54        C       0
                text90                             450A     450A       3E        C       0
                text89                             3A0E     3A0E       5A        C       0
                text88                             4EC0     4EC0       1A        C       0
                text87                             3BC4     3BC4       52        C       0
                text86                            1FEB2    1FEB2      14C     8000       0
                text85                             12B4     12B4      122        C       0
                text84                             44CC     44CC       3E        C       0
                text83                             3C66     3C66       50        C       0
                text82                            1F7CA    1F7CA      266     8000       0
                text81                             4844     4844       34        C       0
                text80                             4F3C     4F3C       16        C       0
                text79                             4972     4972       30        C       0
                text78                             4EA6     4EA6       1A        C       0
                text77                             4308     4308       42        C       0
                text76                             4D80     4D80       20        C       0
                text75                             39AE     39AE       60        C       0
                text74                             45FE     45FE       3C        C       0
                text73                             4B80     4B80       26        C       0
                text72                             4280     4280       44        C       0
                text71                            1EA86    1EA86      2B6     8000       0
                text70                             4942     4942       30        C       0
                text69                            1C6C0    1C6C0      33E     8000       0
                text68                             3FFE     3FFE       48        C       0
                text67                             1E06     1E06       DE        C       0
                text66                             2DEC     2DEC       84        C       0
                text65                             36DA     36DA       68        C       0
                text64                             4ABA     4ABA       28        C       0
                text63                              55E      55E      154        C       0
                text62                              CF0      CF0      12A        C       0
                text61                              956      956      134        C       0
                text60                             2CE0     2CE0       86        C       0
                text59                             3364     3364       72        C       0
                text58                            1BCCC    1BCCC      352     8000       0
                text57                            1E236    1E236      2C6     8000       0
                text56                             4D3C     4D3C       22        C       0
                text55                             3FB6     3FB6       48        C       0
                text54                             4E8C     4E8C       1A        C       0
                text53                            1A834    1A834      4A4     8000       0
                text52                            121BC    121BC     1F3C     8000       0
                text51                             45C2     45C2       3C        C       0
                text50                             4FD0     4FD0       10        C       0
                text49                             3E42     3E42       4C        C       0
                text48                             3672     3672       68        C       0
                text47                            1B5FC    1B5FC      368     8000       0
                text46                             4F7A     4F7A       12        C       0
                text45                            1A342    1A342      4F2     8000       0
                text44                             3DA6     3DA6       4E        C       0
                text43                             274A     274A       AE        C       0
                text42                             2242     2242       C6        C       0
                text41                             43CE     43CE       40        C       0
                text40                             3AC0     3AC0       58        C       0
                text39                             4586     4586       3C        C       0
                text38                             31F6     31F6       7A        C       0
                text37                             5112     5112        A        C       0
                text36                             519E     519E        4        C       0
                text35                             5174     5174        6        C       0
                text34                             519A     519A        4        C       0
                text33                             516E     516E        6        C       0
                text32                             5108     5108        A        C       0
                text31                             502E     502E        E        C       0
                text30                             253A     253A       B0        C       0
                text29                             1C36     1C36       E8        C       0
                text28                             4B5A     4B5A       26        C       0
                text27                             183C     183C      100        C       0
                text26                             448E     448E       3E        C       0
                text25                            1FC7A    1FC7A      238     8000       0
                text24                            1E7C2    1E7C2      2C4     8000       0
                text23                            1D69A    1D69A      30C     8000       0
                text22                             3448     3448       70        C       0
                text21                             4912     4912       30        C       0
                text20                             307E     307E       7E        C       0
                text19                             29EA     29EA       A0        C       0
                text18                             23CE     23CE       B6        C       0
                text17                             3F6E     3F6E       48        C       0
                text16                             3F26     3F26       48        C       0
                text15                             4FC0     4FC0       10        C       0
                text14                             4FB0     4FB0       10        C       0
                text13                            17F54    17F54      C62     8000       0
                text12                             5196     5196        4        C       0
                text11                             209E     209E       D8        C       0
                text10                             4D1A     4D1A       22        C       0
                text9                              5020     5020        E        C       0
                text8                              3C16     3C16       50        C       0
                text7                              47A0     47A0       38        C       0
                text6                              3A68     3A68       58        C       0
                text5                              2BC4     2BC4       90        C       0
                text4                              2C54     2C54       8C        C       0
                text3                             10000    10000     21BC     8000       0
                text2                              106C     106C      124        C       0
                text1                              4EF4     4EF4       18        C       0
                text0                              1B3C     1B3C       FA        C       0
                cstackCOMRAM                          1        1       5E        1       1
                cstackBANK0                          60       60       93       60       1
                cstackBANK1                         100      100       D5      100       1
                cstackBANK2                         200      200       85      200       1
                cstackBANK3                         300      300       CC      300       1
                cstackBANK4                         400      400       7C      400       1
                cstackBANK6                         680      680       4A      600       1
                bssBANK6                            600      600       80      600       1
                dataBANK5                           5C4      5C4       24      500       1
                bssBANK5                            500      500       C4      500       1
                dataBANK4                           4D6      4D6        2      400       1
                bssBANK4                            47C      47C       5A      400       1
                dataBANK3                           3FA      3FA        6      300       1
                bssBANK3                            3CC      3CC       2E      300       1
                dataBANK2                           2E7      2E7        C      200       1
                bssBANK2                            285      285       62      200       1
                dataBANK1                           1EA      1EA        1      100       1
                bssBANK1                            1D5      1D5       15      100       1
                dataBANK0                            F9       F9        4       60       1
                bssBANK0                             F3       F3        6       60       1
                bitbssBANK0                         7E8       FD        3       60       1     8
                cinit                              172E     172E      10E        C       0
                nvBANK4                             4D8      4D8        1      400       1
                idataBANK5                         4C8A     4C8A       24        C       0
                idataBANK4                        1FFFE    1FFFE        2     8000       0
                idataBANK3                         5168     5168        6        C       0
                idataBANK2                         50E4     50E4        C        C       0
                idataBANK1                         51C8     51C8        1        C       0
                idataBANK0                         5192     5192        4        C       0

TOTAL           Name                               Link     Load   Length     Space
        CLASS   STACK          

        CLASS   CODE           
                intcodelo                            18       18       D2         0
                intcode                               8        8        6         0
                init                                 EA       EA        4         0
                reset_vec                             0        0        4         0
                text270                            4F66     4F66       14         0
                text269                            51B6     51B6        4         0
                text268                            4F52     4F52       14         0
                text267                            50FC     50FC        C         0
                text266                            51B2     51B2        4         0
                text265                            4A90     4A90       2A         0
                text264                           1CD3C    1CD3C      33E         0
                text263                            14F8     14F8      122         0
                text262                            1FC2     1FC2       DC         0
                text261                             806      806      150         0
                text260                            32EA     32EA       7A         0
                text259                            161A     161A      114         0
                text258                           1EFF2    1EFF2      2B6         0
                text257                            4A62     4A62       2E         0
                text256                            4166     4166       48         0
                text255                           1C370    1C370      350         0
                text254                            1A3C     1A3C      100         0
                text253                           1D9A6    1D9A6      300         0
                text252                            317A     317A       7C         0
                text251                            472A     472A       3C         0
                text250                             326      326      238         0
                text249                           1DF6E    1DF6E      2C8         0
                text248                           1D38A    1D38A      310         0
                text247                            3598     3598       70         0
                text246                           1FA30    1FA30      24A         0
                text245                           19812    19812      B30         0
                text244                            51C6     51C6        2         0
                text243                            4B32     4B32       28         0
                text242                            2FFC     2FFC       82         0
                text241                            3948     3948       66         0
                text240                            4C64     4C64       26         0
                text239                             F44      F44      128         0
                text238                             BBE      BBE      132         0
                text237                            2F78     2F78       84         0
                text236                            3528     3528       70         0
                text235                           1F2A8    1F2A8      2AE         0
                text234                            4E1A     4E1A       1E         0
                text233                            423A     423A       46         0
                text232                            514E     514E        A         0
                text231                           1B17C    1B17C      480         0
                text230                           16034    16034     1F20         0
                text229                            46EE     46EE       3C         0
                text228                            269A     269A       B0         0
                text227                            480E     480E       36         0
                text226                            4766     4766       3A         0
                text225                            3EDA     3EDA       4C         0
                text224                            444E     444E       40         0
                text223                            518C     518C        6         0
                text222                            4DFC     4DFC       1E         0
                text221                            438C     438C       42         0
                text220                           1F556    1F556      274         0
                text219                            51AE     51AE        4         0
                text218                            4E70     4E70       1C         0
                text217                            4F24     4F24       18         0
                text216                            51C4     51C4        2         0
                text215                            4CF6     4CF6       24         0
                text214                            5144     5144        A         0
                text213                            4F0C     4F0C       18         0
                text212                            3DF4     3DF4       4E         0
                text211                            2EF4     2EF4       84         0
                text210                            51C2     51C2        2         0
                text209                            4CD2     4CD2       24         0
                text208                            4C3E     4C3E       26         0
                text207                            51AA     51AA        4         0
                text206                            50F0     50F0        C         0
                text205                            51C0     51C0        2         0
                text204                            48AC     48AC       34         0
                intcode_body                       1190     1190      124         0
                text202                            513A     513A        A         0
                text201                            2948     2948       A2         0
                text200                            41F4     41F4       46         0
                text199                            3D56     3D56       50         0
                text198                            27F8     27F8       AE         0
                text197                            2308     2308       C6         0
                text196                            440E     440E       40         0
                text195                            3B18     3B18       58         0
                text194                            387A     387A       68         0
                text193                            46B2     46B2       3C         0
                text192                            3270     3270       7A         0
                text191                            5130     5130        A         0
                text190                            51A6     51A6        4         0
                text189                            5186     5186        6         0
                text188                            51A2     51A2        4         0
                text187                            5180     5180        6         0
                text186                            5126     5126        A         0
                text185                            50D6     50D6        E         0
                text184                            25EA     25EA       B0         0
                text183                            1D1E     1D1E       E8         0
                text182                            4C18     4C18       26         0
                text181                           1ED3C    1ED3C      2B6         0
                text180                            13D6     13D6      122         0
                text179                           1C9FE    1C9FE      33E         0
                text178                           1C01E    1C01E      352         0
                text177                            193C     193C      100         0
                text176                            4A32     4A32       30         0
                text175                            4548     4548       3E         0
                text174                              EE       EE      238         0
                text173                           1DCA6    1DCA6      2C8         0
                text172                           1D07A    1D07A      310         0
                text171                            34B8     34B8       70         0
                text170                            4A02     4A02       30         0
                text169                            4EDA     4EDA       1A         0
                text168                            434A     434A       42         0
                text167                            4DA0     4DA0       20         0
                text166                            4676     4676       3C         0
                text165                            4BF2     4BF2       26         0
                text164                            1EE4     1EE4       DE         0
                text163                             6B2      6B2      154         0
                text162                            30FC     30FC       7E         0
                text161                            2A8A     2A8A       A0         0
                text160                            2484     2484       B6         0
                text159                            411E     411E       48         0
                text158                            2E70     2E70       84         0
                text157                            3812     3812       68         0
                text156                            4B0A     4B0A       28         0
                text155                             E1A      E1A      12A         0
                text154                             A8A      A8A      134         0
                text153                            2D66     2D66       86         0
                text152                            33D6     33D6       72         0
                text151                           1E4FC    1E4FC      2C6         0
                text150                            4D5E     4D5E       22         0
                text149                            40D6     40D6       48         0
                text148                            50C8     50C8        E         0
                text147                           1ACD8    1ACD8      4A4         0
                text146                           140F8    140F8     1F3C         0
                text145                            408E     408E       48         0
                text144                            4046     4046       48         0
                text143                            463A     463A       3C         0
                text142                            5010     5010       10         0
                text141                            5000     5000       10         0
                text140                            4FF0     4FF0       10         0
                text139                            3E8E     3E8E       4C         0
                text138                            37AA     37AA       68         0
                text137                           1B964    1B964      368         0
                text136                            4F9E     4F9E       12         0
                text135                           18BB6    18BB6      C5C         0
                text134                            51BE     51BE        2         0
                text133                            4CAE     4CAE       24         0
                text132                            4BCC     4BCC       26         0
                text131                            42C4     42C4       44         0
                text130                            51BC     51BC        2         0
                text129                            4AE2     4AE2       28         0
                text128                            4BA6     4BA6       26         0
                text127                            517A     517A        6         0
                text126                            5160     5160        8         0
                text125                            50BA     50BA        E         0
                text124                            4F8C     4F8C       12         0
                text123                            51BA     51BA        2         0
                text122                            4878     4878       34         0
                text120                            511C     511C        A         0
                text119                            28A6     28A6       A2         0
                text118                            41AE     41AE       46         0
                text117                            3D06     3D06       50         0
                text116                            3742     3742       68         0
                text115                            2B2A     2B2A       9A         0
                text114                            50AC     50AC        E         0
                text113                            3608     3608       6A         0
                text112                            509E     509E        E         0
                text111                            5090     5090        E         0
                text110                            38E2     38E2       66         0
                text109                            5082     5082        E         0
                text108                            4DDE     4DDE       1E         0
                text107                            5158     5158        8         0
                text106                            4FE0     4FE0       10         0
                text105                            47D8     47D8       36         0
                text104                            4DC0     4DC0       1E         0
                text103                            4E54     4E54       1C         0
                text102                            2176     2176       CC         0
                text101                            4E38     4E38       1C         0
                text100                            5074     5074        E         0
                text99                             49D2     49D2       30         0
                text98                             5066     5066        E         0
                text97                             49A2     49A2       30         0
                text96                             5058     5058        E         0
                text95                             3CB6     3CB6       50         0
                text94                             504A     504A        E         0
                text93                             48E0     48E0       32         0
                text92                             503C     503C        E         0
                text91                             3B70     3B70       54         0
                text90                             450A     450A       3E         0
                text89                             3A0E     3A0E       5A         0
                text88                             4EC0     4EC0       1A         0
                text87                             3BC4     3BC4       52         0
                text86                            1FEB2    1FEB2      14C         0
                text85                             12B4     12B4      122         0
                text84                             44CC     44CC       3E         0
                text83                             3C66     3C66       50         0
                text82                            1F7CA    1F7CA      266         0
                text81                             4844     4844       34         0
                text80                             4F3C     4F3C       16         0
                text79                             4972     4972       30         0
                text78                             4EA6     4EA6       1A         0
                text77                             4308     4308       42         0
                text76                             4D80     4D80       20         0
                text75                             39AE     39AE       60         0
                text74                             45FE     45FE       3C         0
                text73                             4B80     4B80       26         0
                text72                             4280     4280       44         0
                text71                            1EA86    1EA86      2B6         0
                text70                             4942     4942       30         0
                text69                            1C6C0    1C6C0      33E         0
                text68                             3FFE     3FFE       48         0
                text67                             1E06     1E06       DE         0
                text66                             2DEC     2DEC       84         0
                text65                             36DA     36DA       68         0
                text64                             4ABA     4ABA       28         0
                text63                              55E      55E      154         0
                text62                              CF0      CF0      12A         0
                text61                              956      956      134         0
                text60                             2CE0     2CE0       86         0
                text59                             3364     3364       72         0
                text58                            1BCCC    1BCCC      352         0
                text57                            1E236    1E236      2C6         0
                text56                             4D3C     4D3C       22         0
                text55                             3FB6     3FB6       48         0
                text54                             4E8C     4E8C       1A         0
                text53                            1A834    1A834      4A4         0
                text52                            121BC    121BC     1F3C         0
                text51                             45C2     45C2       3C         0
                text50                             4FD0     4FD0       10         0
                text49                             3E42     3E42       4C         0
                text48                             3672     3672       68         0
                text47                            1B5FC    1B5FC      368         0
                text46                             4F7A     4F7A       12         0
                text45                            1A342    1A342      4F2         0
                text44                             3DA6     3DA6       4E         0
                text43                             274A     274A       AE         0
                text42                             2242     2242       C6         0
                text41                             43CE     43CE       40         0
                text40                             3AC0     3AC0       58         0
                text39                             4586     4586       3C         0
                text38                             31F6     31F6       7A         0
                text37                             5112     5112        A         0
                text36                             519E     519E        4         0
                text35                             5174     5174        6         0
                text34                             519A     519A        4         0
                text33                             516E     516E        6         0
                text32                             5108     5108        A         0
                text31                             502E     502E        E         0
                text30                             253A     253A       B0         0
                text29                             1C36     1C36       E8         0
                text28                             4B5A     4B5A       26         0
                text27                             183C     183C      100         0
                text26                             448E     448E       3E         0
                text25                            1FC7A    1FC7A      238         0
                text24                            1E7C2    1E7C2      2C4         0
                text23                            1D69A    1D69A      30C         0
                text22                             3448     3448       70         0
                text21                             4912     4912       30         0
                text20                             307E     307E       7E         0
                text19                             29EA     29EA       A0         0
                text18                             23CE     23CE       B6         0
                text17                             3F6E     3F6E       48         0
                text16                             3F26     3F26       48         0
                text15                             4FC0     4FC0       10         0
                text14                             4FB0     4FB0       10         0
                text13                            17F54    17F54      C62         0
                text12                             5196     5196        4         0
                text11                             209E     209E       D8         0
                text10                             4D1A     4D1A       22         0
                text9                              5020     5020        E         0
                text8                              3C16     3C16       50         0
                text7                              47A0     47A0       38         0
                text6                              3A68     3A68       58         0
                text5                              2BC4     2BC4       90         0
                text4                              2C54     2C54       8C         0
                text3                             10000    10000     21BC         0
                text2                              106C     106C      124         0
                text1                              4EF4     4EF4       18         0
                text0                              1B3C     1B3C       FA         0
                cinit                              172E     172E      10E         0
                idataBANK5                         4C8A     4C8A       24         0
                idataBANK4                        1FFFE    1FFFE        2         0
                idataBANK3                         5168     5168        6         0
                idataBANK2                         50E4     50E4        C         0
                idataBANK1                         51C8     51C8        1         0
                idataBANK0                         5192     5192        4         0

        CLASS   CONST          

        CLASS   SMALLCONST     

        CLASS   MEDIUMCONST    
                mediumconst                        C932     C932     36CE         0

        CLASS   COMRAM         
                temp                                 5F       5F        1         1
                cstackCOMRAM                          1        1       5E         1

        CLASS   ABS1           

        CLASS   BIGRAM         

        CLASS   RAM            

        CLASS   BANK0          
                cstackBANK0                          60       60       93         1
                dataBANK0                            F9       F9        4         1
                bssBANK0                             F3       F3        6         1
                bitbssBANK0                         7E8       FD        3         1

        CLASS   BANK1          
                cstackBANK1                         100      100       D5         1
                dataBANK1                           1EA      1EA        1         1
                bssBANK1                            1D5      1D5       15         1

        CLASS   BANK2          
                cstackBANK2                         200      200       85         1
                dataBANK2                           2E7      2E7        C         1
                bssBANK2                            285      285       62         1

        CLASS   BANK3          
                cstackBANK3                         300      300       CC         1
                dataBANK3                           3FA      3FA        6         1
                bssBANK3                            3CC      3CC       2E         1

        CLASS   BANK4          
                cstackBANK4                         400      400       7C         1
                dataBANK4                           4D6      4D6        2         1
                bssBANK4                            47C      47C       5A         1
                nvBANK4                             4D8      4D8        1         1

        CLASS   BANK5          
                dataBANK5                           5C4      5C4       24         1
                bssBANK5                            500      500       C4         1

        CLASS   BANK6          
                cstackBANK6                         680      680       4A         1
                bssBANK6                            600      600       80         1

        CLASS   BANK7          

        CLASS   BANK8          

        CLASS   BANK9          

        CLASS   BANK10         

        CLASS   BANK11         

        CLASS   BANK12         

        CLASS   BANK13         

        CLASS   SFR            

        CLASS   FARRAM         

        CLASS   CONFIG         
                config                           300000   300000        C         0

        CLASS   IDLOC          
                idloc                            200000   200000       10         0

        CLASS   EEDATA         



SEGMENTS        Name                           Load    Length   Top    Selector   Space  Class

                reset_vec                      000000  000004  000004         0       0  CODE    
                cstackCOMRAM                   000001  00005F  000060         1       1  COMRAM  
                intcode                        000008  000006  00000E         4       0  CODE    
                intcodelo                      000018  0051B1  0051C9         C       0  CODE    
                cstackBANK0                    000060  00009E  0000FE        60       1  BANK0   
                cstackBANK1                    000100  0000EB  0001EB       100       1  BANK1   
                cstackBANK2                    000200  0000F3  0002F3       200       1  BANK2   
                cstackBANK3                    000300  000100  000400       300       1  BANK3   
                cstackBANK4                    000400  0000D9  0004D9       400       1  BANK4   
                bssBANK5                       000500  0000E8  0005E8       500       1  BANK5   
                bssBANK6                       000600  0000CA  0006CA       600       1  BANK6   
                mediumconst                    00C932  0036CE  010000      6499       0  MEDIUMCO
                text3                          010000  010000  020000      8000       0  CODE    
                idloc                          200000  000010  200010    200000       0  IDLOC   
                config                         300000  00000C  30000C    300000       0  CONFIG  


UNUSED ADDRESS RANGES

        Name                Unused          Largest block    Delta
        BANK0            0000FE-0000FF                2
        BANK1            0001EB-0001FF               15
        BANK10           000A00-000AFF              100
        BANK11           000B00-000BFF              100
        BANK12           000C00-000CFF              100
        BANK13           000D00-000DE9               EA
        BANK2            0002F3-0002FF                D
        BANK4            0004D9-0004FF               27
        BANK5            0005E8-0005FF               18
        BANK6            0006CA-0006FF               36
        BANK7            000700-0007FF              100
        BANK8            000800-0008FF              100
        BANK9            000900-0009FF              100
        BIGRAM           0000FE-0000FF                2
                         0001EB-0001FF               15
                         0002F3-0002FF                D
                         0004D9-0004FF               27
                         0005E8-0005FF               18
                         0006CA-000DE9              720
        CODE             000004-000007                4
                         00000E-000017                A
                         0051C9-00C931             7769
        CONST            000004-000007                4
                         00000E-000017                A
                         0051C9-00C931             7769
        EEDATA           310000-3103FF              400
        MEDIUMCONST      0051C9-00C931             7769
        RAM              0000FE-0000FF                2
                         0001EB-0001FF               15
                         0002F3-0002FF                D
                         0004D9-0004FF               27
                         0005E8-0005FF               18
                         0006CA-000DE9              100
        SFR              000DEF-000FFF              100
        SMALLCONST       0051C9-00C931              100
        STACK            0006CA-000DE9              720

                                  Symbol Table

?_ADCC_GetConversionResult                     cstackCOMRAM 000001
?_ADCC_GetFilterValue                          cstackCOMRAM 000001
?_FLASH_ReadWord                               cstackBANK3  000304
?___awdiv                                      cstackBANK3  000306
?___awmod                                      cstackBANK3  000300
?___fladd                                      cstackBANK3  000334
?___fldiv                                      cstackBANK3  000348
?___flmul                                      cstackBANK3  000361
?___flneg                                      cstackBANK3  000330
?___flsub                                      cstackBANK3  000348
?___fltol                                      cstackBANK3  00030E
?___ftdiv                                      cstackBANK3  00030B
?___ftpack                                     cstackBANK3  000300
?___lldiv                                      cstackBANK3  000300
?___llmod                                      cstackBANK3  00030D
?___lwtoft                                     cstackBANK3  000308
?___wmul                                       cstackBANK3  000300
?___xxtofl                                     cstackBANK3  000318
?__div_to_l_                                   cstackBANK3  000300
?__doprnt                                      cstackBANK3  000387
?__tdiv_to_l_                                  cstackBANK3  000300
?_abs                                          cstackBANK0  00007D
?_acos                                         cstackBANK3  0003B7
?_asin                                         cstackBANK3  00039F
?_atan                                         cstackBANK3  00038A
?_atoi                                         cstackBANK3  000306
?_currentMeasuredToPeak                        cstackBANK0  0000AC
?_eval_poly                                    cstackBANK3  00037A
?_fabs                                         cstackBANK3  000334
?_floor                                        cstackBANK0  000089
?_fround                                       cstackBANK3  00037A
?_getCauseOfResetString                        cstackBANK3  000300
?_getCauseOfResetStringSmall                   cstackBANK3  000300
?_getDeviceID                                  cstackBANK3  00030B
?_getDeviceIDString                            cstackBANK3  00030D
?_getUserID                                    cstackBANK3  00030B
?_peakToRMS                                    cstackBANK0  0000C2
?_printf                                       cstackBANK3  0003B1
?_readDoubleFromEEPROM                         cstackBANK3  000302
?_round                                        cstackBANK3  0003BF
?_scale                                        cstackBANK3  00037A
?_sin                                          cstackBANK0  00009B
?_sprintf                                      cstackBANK3  0003B1
?_sqrt                                         cstackBANK3  00037A
?_strchr                                       cstackBANK3  000300
?_strcmp                                       cstackBANK3  000300
?_strlen                                       cstackBANK3  000300
?_strncmp                                      cstackBANK3  000306
?_strstr                                       cstackBANK3  00030F
?_trunc                                        cstackBANK3  000326
?i1_FLASH_ReadWord                             cstackBANK1  000116
?i1___awdiv                                    cstackBANK1  000118
?i1___awmod                                    cstackBANK1  000112
?i1___fladd                                    cstackBANK1  000146
?i1___fldiv                                    cstackBANK1  00015A
?i1___flmul                                    cstackBANK1  000173
?i1___flneg                                    cstackBANK1  000142
?i1___flsub                                    cstackBANK1  00015A
?i1___fltol                                    cstackBANK1  000120
?i1___ftdiv                                    cstackBANK1  00011D
?i1___ftpack                                   cstackBANK1  000112
?i1___lldiv                                    cstackBANK1  000112
?i1___llmod                                    cstackBANK1  00011F
?i1___lwtoft                                   cstackBANK1  00011A
?i1___wmul                                     cstackBANK1  000112
?i1___xxtofl                                   cstackBANK1  00012A
?i1__div_to_l_                                 cstackBANK1  000112
?i1__doprnt                                    cstackBANK1  000199
?i1__tdiv_to_l_                                cstackBANK1  000112
?i1_acos                                       cstackBANK1  0001C9
?i1_asin                                       cstackBANK1  0001B1
?i1_atan                                       cstackBANK1  00019C
?i1_eval_poly                                  cstackBANK1  00018C
?i1_fabs                                       cstackBANK1  000146
?i1_fround                                     cstackBANK1  00018C
?i1_getCauseOfResetStringSmall                 cstackBANK1  000112
?i1_getDeviceID                                cstackBANK1  00011D
?i1_printf                                     cstackBANK1  0001C3
?i1_round                                      cstackBANK1  0001D1
?i1_scale                                      cstackBANK1  00018C
?i1_sprintf                                    cstackBANK1  0001C3
?i1_sqrt                                       cstackBANK1  00018C
?i1_trunc                                      cstackBANK1  000138
?i2___awdiv                                    cstackCOMRAM 000007
?i2___awmod                                    cstackCOMRAM 000001
?i2___fladd                                    cstackBANK0  00006D
?i2___fldiv                                    cstackCOMRAM 000049
?i2___flmul                                    cstackCOMRAM 00000F
?i2___flneg                                    cstackCOMRAM 000055
?i2___flsub                                    cstackBANK0  000093
?i2___fltol                                    cstackCOMRAM 000031
?i2___lldiv                                    cstackCOMRAM 000001
?i2___llmod                                    cstackCOMRAM 00000E
?i2___wmul                                     cstackCOMRAM 000001
?i2___xxtofl                                   cstackCOMRAM 00003B
?i2__div_to_l_                                 cstackCOMRAM 000001
?i2__doprnt                                    cstackBANK0  00009B
?i2__tdiv_to_l_                                cstackCOMRAM 000001
?i2_acos                                       cstackBANK0  0000BA
?i2_asin                                       cstackBANK0  0000A2
?i2_atan                                       cstackBANK0  00008D
?i2_eval_poly                                  cstackBANK0  00007D
?i2_fabs                                       cstackCOMRAM 000059
?i2_fround                                     cstackCOMRAM 000028
?i2_printf                                     cstackBANK0  0000C5
?i2_readDoubleFromEEPROM                       cstackCOMRAM 000003
?i2_scale                                      cstackCOMRAM 000028
?i2_sqrt                                       cstackBANK0  00007D
ADCC_SetADTIInterruptHandler@InterruptHandler  cstackBANK3  000300
ADCC_StartConversion@channel                   cstackBANK1  000112
ADC_PostProcessingCallback@current_adc_channel cstackBANK0  0000EA
DATAEE_ReadByte@bAdd                           cstackBANK3  000300
DATAEE_WriteByte@GIEBitValue                   cstackBANK3  000303
DATAEE_WriteByte@bAdd                          cstackBANK3  000300
DATAEE_WriteByte@bData                         cstackBANK3  000302
EUSART2_Read@readValue                         cstackBANK3  000300
EUSART2_SetRxInterruptHandler@interruptHandler cstackBANK3  000300
EUSART2_SetTxInterruptHandler@interruptHandler cstackBANK3  000300
EUSART2_Write@txData                           cstackBANK3  000300
FLASH_ReadByte@flashAddr                       cstackBANK3  000300
FLASH_ReadWord@flashAddr                       cstackBANK3  000304
I2C1_ISR@i2c_10bit_address_restart             bssBANK1     0001E5
I2C1_ISR@i2c_address                           bssBANK1     0001E8
I2C1_ISR@i2c_bytes_left                        bssBANK1     0001E6
I2C1_ISR@pi2c_buf_ptr                          bssBANK2     0002D2
I2C1_MasterRead@trBlock                        bssBANK3     0003F0
I2C1_MasterTRBInsert@count                     cstackBANK3  000305
I2C1_MasterTRBInsert@pflag                     cstackBANK3  000302
I2C1_MasterTRBInsert@ptrb_list                 cstackBANK3  000300
I2C1_MasterWrite@address                       cstackBANK3  00030C
I2C1_MasterWrite@length                        cstackBANK3  00030B
I2C1_MasterWrite@pdata                         cstackBANK3  000309
I2C1_MasterWrite@pflag                         cstackBANK3  00030E
I2C1_MasterWrite@trBlock                       bssBANK3     0003F5
I2C1_MasterWriteTRBBuild@address               cstackBANK3  000305
I2C1_MasterWriteTRBBuild@length                cstackBANK3  000304
I2C1_MasterWriteTRBBuild@pdata                 cstackBANK3  000302
I2C1_MasterWriteTRBBuild@ptrb                  cstackBANK3  000300
I2C1_Stop@completion_code                      cstackCOMRAM 000003
INT0_SetInterruptHandler@InterruptHandler      cstackBANK3  000300
OLED_Clear@col                                 cstackBANK3  000323
OLED_Clear@row                                 cstackBANK3  000321
OLED_Command@data_array                        cstackBANK3  000312
OLED_Command@length                            cstackBANK3  000311
OLED_Command@temp                              cstackBANK3  000310
OLED_PutChar@ch                                cstackBANK3  000320
OLED_PutChar@data_array                        cstackBANK3  000314
OLED_PutChar@input_base                        cstackBANK3  00031D
OLED_PutChar@length                            cstackBANK3  00031F
OLED_WriteString@s                             cstackBANK3  000321
OLED_YX@Column                                 cstackBANK3  000314
OLED_YX@Row                                    cstackBANK3  000316
OLED_updateCallback@TRIAC_degrees              cstackBANK4  00041F
OLED_updateCallback@angle_degrees              cstackBANK4  000417
OLED_updateCallback@angle_string               cstackBANK4  00045F
OLED_updateCallback@dev_id_str                 cstackBANK4  00042C
OLED_updateCallback@percentage                 cstackBANK4  000429
OLED_updateCallback@percentage_print           cstackBANK4  000422
OLED_updateCallback@percentage_string          cstackBANK4  00044E
OLED_updateCallback@rev_id_str                 cstackBANK4  00043D
TMR2_Counter8BitSet@timerVal                   cstackBANK3  000300
TMR2_Period8BitSet@periodVal                   cstackBANK3  000300
TMR2_SetInterruptHandler@InterruptHandler      cstackBANK3  000300
TMR2_WriteTimer@timerVal                       cstackBANK3  000301
TMR4_ISR@CountCallBack                         bssBANK1     0001DD
TMR4_SetInterruptHandler@InterruptHandler      cstackBANK3  000300
TMR5_SetInterruptHandler@InterruptHandler      cstackBANK3  000300
TMR5_WriteTimer@timerVal                       cstackCOMRAM 000001
TMR6_SetInterruptHandler@InterruptHandler      cstackBANK3  000300
TMR7_SetInterruptHandler@InterruptHandler      cstackBANK3  000300
TMR7_WriteTimer@timerVal                       cstackBANK1  000112
_ADACCH                                        (abs)        000F71
_ADACCL                                        (abs)        000F70
_ADACQ                                         (abs)        000F5C
_ADACT                                         (abs)        000F56
_ADCAP                                         (abs)        000F5D
_ADCC_ADTI_InterruptHandler                    bssBANK2     0002CC
_ADCC_ClearAccumulator                         text127      00517A
_ADCC_DefaultInterruptHandler                  text244      0051C6
_ADCC_DischargeSampleCapacitor                 text126      005160
_ADCC_GetConversionResult                      text270      004F66
_ADCC_GetCurrentCountofConversions             text269      0051B6
_ADCC_GetFilterValue                           text268      004F52
_ADCC_HasAccumulatorOverflowed                 text267      0050FC
_ADCC_Initialize                               text113      003608
_ADCC_SetADTIInterruptHandler                  text114      0050AC
_ADCC_StartConversion                          text125      0050BA
_ADCC_StopConversion                           text266      0051B2
_ADCC_ThresholdISR                             text243      004B32
_ADCLK                                         (abs)        000F57
_ADCNT                                         (abs)        000F67
_ADCON0                                        (abs)        000F60
_ADCON0bits                                    (abs)        000F60
_ADCON1                                        (abs)        000F59
_ADCON1bits                                    (abs)        000F59
_ADCON2                                        (abs)        000F5A
_ADCON2bits                                    (abs)        000F5A
_ADCON3                                        (abs)        000F5B
_ADCON3bits                                    (abs)        000F5B
_ADC_PostProcessingCallback                    text245      019812
_ADC_PostProcessingCallback$6617               cstackBANK0  0000EB
_ADC_PostProcessingCallback$6618               cstackBANK0  0000EF
_ADC_PostProcessingCallback$6619               cstackBANK0  0000DA
_ADC_PostProcessingCallback$6620               cstackBANK0  0000DE
_ADC_PostProcessingCallback$6621               cstackBANK0  0000E2
_ADC_PostProcessingCallback$6622               cstackBANK0  0000E6
_ADC_Result_Scaling                            bssBANK2     0002B5
_ADERRH                                        (abs)        000F6F
_ADERRL                                        (abs)        000F6E
_ADFLTRH                                       (abs)        000F73
_ADFLTRL                                       (abs)        000F72
_ADLTHH                                        (abs)        000F6B
_ADLTHL                                        (abs)        000F6A
_ADPCH                                         (abs)        000F5F
_ADPRE                                         (abs)        000F5E
_ADPREVH                                       (abs)        000F62
_ADPREVL                                       (abs)        000F61
_ADREF                                         (abs)        000F58
_ADRESH                                        (abs)        000F64
_ADRESL                                        (abs)        000F63
_ADRPT                                         (abs)        000F66
_ADSTAT                                        (abs)        000F65
_ADSTATbits                                    (abs)        000F65
_ADSTPTH                                       (abs)        000F69
_ADSTPTL                                       (abs)        000F68
_ADUTHH                                        (abs)        000F6D
_ADUTHL                                        (abs)        000F6C
_ANSELA                                        (abs)        000E92
_ANSELB                                        (abs)        000E9A
_ANSELD                                        (abs)        000EA7
_ANSELE                                        (abs)        000EAF
_ANSELF                                        (abs)        000EB4
_ANSELG                                        (abs)        000EBC
_AVSS_ADC_Result                               bssBANK3     0003E4
_Avg_Power                                     bssBANK2     00029D
_BAUD2CON                                      (abs)        000EF7
_CountCallBack                                 bssBANK2     0002D6
_DATAEE_ReadByte                               text88       004EC0
_DATAEE_WriteByte                              text84       0044CC
_EUSART2_Initialize                            text110      0038E2
_EUSART2_Read                                  text44       003DA6
_EUSART2_Receive_ISR                           text228      00269A
_EUSART2_RxDefaultInterruptHandler             bssBANK3     0003E8
_EUSART2_SetRxInterruptHandler                 text112      00509E
_EUSART2_SetTxInterruptHandler                 text111      005090
_EUSART2_Transmit_ISR                          text227      00480E
_EUSART2_TxDefaultInterruptHandler             bssBANK3     0003EB
_EUSART2_Write                                 text55       003FB6
_EXT_INT_Initialize                            text108      004DDE
_FLASH_ReadByte                                text78       004EA6
_FLASH_ReadWord                                text77       004308
_FVRCON                                        (abs)        000EC4
_FVRCONbits                                    (abs)        000EC4
_FVR_ADC_Result                                bssBANK2     0002E2
_FVR_Initialize                                text107      005158
_HLVDCON0                                      (abs)        000EC2
_HLVDCON0bits                                  (abs)        000EC2
_HLVDCON1                                      (abs)        000EC3
_HLVD_ISR                                      text224      00444E
_HLVD_Initialize                               text106      004FE0
_I2C1_BusCollisionISR                          text223      00518C
_I2C1_FunctionComplete                         text222      004DFC
_I2C1_ISR                                      text220      01F556
_I2C1_Initialize                               text105      0047D8
_I2C1_MasterTRBInsert                          text119      0028A6
_I2C1_MasterWrite                              text117      003D06
_I2C1_MasterWriteTRBBuild                      text118      0041AE
_I2C1_Stop                                     text221      00438C
_I2C1_WaitForLastPacketToComplete              text120      00511C
_INT0PPS                                       (abs)        000DF0
_INT0_CallBack                                 text215      004CF6
_INT0_DefaultInterruptHandler                  text216      0051C4
_INT0_ISR                                      text214      005144
_INT0_InterruptHandler                         bssBANK2     0002C3
_INT0_SetInterruptHandler                      text109      005082
[...]
		_TMR2_StopTimer		CODE           	516E	0000	7
		_TMR2_DefaultInterruptHandler		CODE           	51BE	0000	3
		_TMR2_CallBack 		CODE           	4CAE	0000	37
		_TMR2_WriteTimer		CODE           	502E	0000	15
		_TMR2_StartTimer		CODE           	5174	0000	7

mcc_generated_files/tmr2.c estimated size: 204

mcc_generated_files/interrupt_manager.c
		_INTERRUPT_Initialize		CODE           	4DC0	0000	31
		_INTERRUPT_InterruptManagerLow		CODE           	0018	0000	211
		_INTERRUPT_InterruptManagerHigh		CODE           	0008	0000	299

mcc_generated_files/interrupt_manager.c estimated size: 541

C:\Program Files (x86)\Microchip\xc8\v1.45\sources\common\Umul16.c
		___wmul        		CODE           	4ABA	0000	41

C:\Program Files (x86)\Microchip\xc8\v1.45\sources\common\Umul16.c estimated size: 41

mcc_generated_files/i2c1.c
		_I2C1_BusCollisionISR		CODE           	518C	0000	7
		_I2C1_FunctionComplete		CODE           	4DFC	0000	31
		_I2C1_MasterWriteTRBBuild		CODE           	41AE	0000	71
		_I2C1_ISR      		CODE           	1F556	0000	629
		_I2C1_MasterWrite		CODE           	3D06	0000	81
		_I2C1_Initialize		CODE           	47D8	0000	55
		_I2C1_Stop     		CODE           	438C	0000	67
		_I2C1_WaitForLastPacketToComplete		CODE           	511C	0000	11
		_I2C1_MasterTRBInsert		CODE           	28A6	0000	163

mcc_generated_files/i2c1.c estimated size: 1115

double_to_EEPROM.c
		_readDoubleFromEEPROM		CODE           	3BC4	0000	83
		_writeDoubleToEEPROM		CODE           	3C66	0000	81

double_to_EEPROM.c estimated size: 164

C:\Program Files (x86)\Microchip\xc8\v1.45\sources\common\frexp.c
		_frexp         		CODE           	307E	0000	127

C:\Program Files (x86)\Microchip\xc8\v1.45\sources\common\frexp.c estimated size: 127

mcc_generated_files/pin_manager.c
		_PIN_MANAGER_Initialize		CODE           	2176	0000	205

mcc_generated_files/pin_manager.c estimated size: 205

C:\Program Files (x86)\Microchip\xc8\v1.45\sources\common\fabs.c
		_fabs          		CODE           	448E	0000	63

C:\Program Files (x86)\Microchip\xc8\v1.45\sources\common\fabs.c estimated size: 63

C:\Program Files (x86)\Microchip\xc8\v1.45\sources\common\isdigit.c
		_isdigit       		CODE           	4D3C	0000	35

C:\Program Files (x86)\Microchip\xc8\v1.45\sources\common\isdigit.c estimated size: 35

C:\Program Files (x86)\Microchip\xc8\v1.45\sources\common\sprcadd.c
		___flsub       		CODE           	3FFE	0000	73
		___fladd       		CODE           	1C6C0	0000	831

C:\Program Files (x86)\Microchip\xc8\v1.45\sources\common\sprcadd.c estimated size: 904

C:\Program Files (x86)\Microchip\xc8\v1.45\sources\common\floor.c
		_floor         		CODE           	161A	0000	277

C:\Program Files (x86)\Microchip\xc8\v1.45\sources\common\floor.c estimated size: 277

C:\Program Files (x86)\Microchip\xc8\v1.45\sources\common\ftdivl.c
		__tdiv_to_l_   		CODE           	0956	0000	309

C:\Program Files (x86)\Microchip\xc8\v1.45\sources\common\ftdivl.c estimated size: 309

C:\Program Files (x86)\Microchip\xc8\v1.45\sources\common\awmod.c
		___awmod       		CODE           	3364	0000	115

C:\Program Files (x86)\Microchip\xc8\v1.45\sources\common\awmod.c estimated size: 115

C:\Program Files (x86)\Microchip\xc8\v1.45\sources\common\strstr.c
		_strstr        		CODE           	2C54	0000	141

C:\Program Files (x86)\Microchip\xc8\v1.45\sources\common\strstr.c estimated size: 141

C:\Program Files (x86)\Microchip\xc8\v1.45\sources\common\ftdiv.c
		___ftdiv       		CODE           	1C36	0000	233

C:\Program Files (x86)\Microchip\xc8\v1.45\sources\common\ftdiv.c estimated size: 233

device_IDs.c
		_getDeviceID   		CODE           	4D80	0000	33
		_getUserID     		CODE           	4280	0000	69
		_getMinorRevisionID		CODE           	4B80	0000	39
		_getDeviceIDString		CODE           	39AE	0000	97
		_getMajorRevisionID		CODE           	45FE	0000	61

device_IDs.c estimated size: 299

C:\Program Files (x86)\Microchip\xc8\v1.45\sources\common\acos.c
		_acos          		CODE           	3448	0000	113

C:\Program Files (x86)\Microchip\xc8\v1.45\sources\common\acos.c estimated size: 113

C:\Program Files (x86)\Microchip\xc8\v1.45\sources\common\llmod.c
		___llmod       		CODE           	36DA	0000	105

C:\Program Files (x86)\Microchip\xc8\v1.45\sources\common\llmod.c estimated size: 105

C:\Program Files (x86)\Microchip\xc8\v1.45\sources\common\fldivl.c
		__div_to_l_    		CODE           	0CF0	0000	299

C:\Program Files (x86)\Microchip\xc8\v1.45\sources\common\fldivl.c estimated size: 299

C:\Program Files (x86)\Microchip\xc8\v1.45\sources\common\sprintf.c
		_sprintf       		CODE           	3F6E	0000	73

C:\Program Files (x86)\Microchip\xc8\v1.45\sources\common\sprintf.c estimated size: 73

C:\Program Files (x86)\Microchip\xc8\v1.45\sources\common\fltol.c
		___fltol       		CODE           	1E06	0000	223

C:\Program Files (x86)\Microchip\xc8\v1.45\sources\common\fltol.c estimated size: 223

mcc_generated_files/ext_int.c
		_INT0_SetInterruptHandler		CODE           	5082	0000	15
		_EXT_INT_Initialize		CODE           	4DDE	0000	31
		_INT0_DefaultInterruptHandler		CODE           	51C4	0000	3
		_INT0_CallBack 		CODE           	4CF6	0000	37
		_INT0_ISR      		CODE           	5144	0000	11

mcc_generated_files/ext_int.c estimated size: 97

C:\Program Files (x86)\Microchip\xc8\v1.45\sources\common\atoi.c
		_atoi          		CODE           	209E	0000	217

C:\Program Files (x86)\Microchip\xc8\v1.45\sources\common\atoi.c estimated size: 217

mcc_generated_files/tmr7.c
		_TMR7_DefaultInterruptHandler		CODE           	51BA	0000	3
		_TMR7_WriteTimer		CODE           	4BA6	0000	39
		_TMR7_ISR      		CODE           	4878	0000	53
		_TMR7_Initialize		CODE           	3B70	0000	85
		_TMR7_SetInterruptHandler		CODE           	503C	0000	15

mcc_generated_files/tmr7.c estimated size: 195

mcc_generated_files/hlvd.c
		_HLVD_ISR      		CODE           	444E	0000	65
		_HLVD_Initialize		CODE           	4FE0	0000	17

mcc_generated_files/hlvd.c estimated size: 82

C:\Program Files (x86)\Microchip\xc8\v1.45\sources\common\printf.c
		_printf        		CODE           	45C2	0000	61

C:\Program Files (x86)\Microchip\xc8\v1.45\sources\common\printf.c estimated size: 61

mcc_generated_files/tmr5.c
		_TMR5_ISR      		CODE           	48AC	0000	53
		_TMR5_Initialize		CODE           	3CB6	0000	81
		_TMR5_SetInterruptHandler		CODE           	5058	0000	15
		_TMR5_StopTimer		CODE           	5196	0000	5
		_TMR5_DefaultInterruptHandler		CODE           	51C0	0000	3
		_TMR5_WriteTimer		CODE           	4E70	0000	29
		_TMR5_StartTimer		CODE           	51AE	0000	5

mcc_generated_files/tmr5.c estimated size: 191

shared
		i1_strcat      		CODE           	3E8E	0000	77
		i2_writeDoubleToEEPROM		CODE           	3EDA	0000	77
		i1_printf      		CODE           	463A	0000	61
		i2_DATAEE_WriteByte		CODE           	4766	0000	59
		i1_acos        		CODE           	34B8	0000	113
		i2_printf      		CODE           	46EE	0000	61
		i2_acos        		CODE           	3598	0000	113
		_OledFont      		MEDIUMCONST    	C9F1	0000	769
		i2_readDoubleFromEEPROM		CODE           	3DF4	0000	79
		i1_putch       		CODE           	50C8	0000	15
		i2_putch       		CODE           	514E	0000	11
		i1_strncpy     		CODE           	37AA	0000	105
		i1_getMinorRevisionID		CODE           	4BF2	0000	39
		i1___ftdiv     		CODE           	1D1E	0000	233
		__powers_      		MEDIUMCONST    	C933	0000	53
		i1_TMR2_Counter8BitSet		CODE           	5126	0000	11
		i1_OLED_YX     		CODE           	46B2	0000	61
		i1_I2C1_WaitForLastPacketToComplete		CODE           	513A	0000	11
		i1_terminal_textAttributes		CODE           	1B964	0000	873
		_dpowers       		MEDIUMCONST    	C99B	0000	41
		i1___lwtoft    		CODE           	4C18	0000	39
		i1_isdigit     		CODE           	4D5E	0000	35
		i2_isdigit     		CODE           	4E1A	0000	31
		i1_getCauseOfResetStringSmall		CODE           	4A02	0000	49
		i1_OLED_Clear  		CODE           	440E	0000	65
		i1___flneg     		CODE           	4A32	0000	49
		i1_strcpy      		CODE           	4046	0000	73
		i2___flneg     		CODE           	4A62	0000	47
		i1_atan        		CODE           	00EE	0000	569
		i1___awdiv     		CODE           	2D66	0000	135
		i2_atan        		CODE           	0326	0000	569
		atan@coeff_a   		MEDIUMCONST    	CCF1	0000	25
		atan@coeff_b   		MEDIUMCONST    	CD1D	0000	21
		i2___awdiv     		CODE           	2F78	0000	133
		i1___fladd     		CODE           	1C9FE	0000	831
		i1__tdiv_to_l_ 		CODE           	0A8A	0000	309
		i2___fladd     		CODE           	1CD3C	0000	831
		i2__tdiv_to_l_ 		CODE           	0BBE	0000	307
		i1___wmul      		CODE           	4B0A	0000	41
		i1_eval_poly   		CODE           	193C	0000	257
		i2___wmul      		CODE           	4C64	0000	39
		i1_I2C1_MasterWrite		CODE           	3D56	0000	81
		i2_eval_poly   		CODE           	1A3C	0000	257
		i1__doprnt     		CODE           	140F8	0000	7997
		i2__doprnt     		CODE           	16034	0000	7969
		i1___fldiv     		CODE           	1ED3C	0000	695
		i1__div_to_l_  		CODE           	0E1A	0000	299
		i1___fltol     		CODE           	1EE4	0000	223
		i2___fldiv     		CODE           	1EFF2	0000	695
		i2__div_to_l_  		CODE           	0F44	0000	297
		i1___ftpack    		CODE           	25EA	0000	177
		__npowers_     		MEDIUMCONST    	C967	0000	53
		i2___fltol     		CODE           	1FC2	0000	221
		i1_scale       		CODE           	1ACD8	0000	1189
		i1___lldiv     		CODE           	2E70	0000	133
		i2_scale       		CODE           	1B17C	0000	1153
		i2___lldiv     		CODE           	2FFC	0000	131
		__initialization		CODE           	172E	0000	261
		i1___flge      		CODE           	13D6	0000	291
		i2___flge      		CODE           	14F8	0000	291
		i1_OLED_Command		CODE           	387A	0000	105
		i1_OLED_UpdateFromRAMBuffer		CODE           	3270	0000	123
		i1_OLED_PutChar		CODE           	2308	0000	199
		i1_terminal_textAttributesReset		CODE           	4F9E	0000	19
		i1_trunc       		CODE           	2A8A	0000	161
		i1___awmod     		CODE           	33D6	0000	115
		i2___awmod     		CODE           	3528	0000	113
		i1_EUSART2_Write		CODE           	40D6	0000	73
		i1_frexp       		CODE           	30FC	0000	127
		i2_EUSART2_Write		CODE           	423A	0000	71
		i2_frexp       		CODE           	32EA	0000	123
		_max_Temp_ADC_Result_address		MEDIUMCONST    	C9E5	0000	3
		i1_FLASH_ReadWord		CODE           	434A	0000	67
		_max_Irms_address		MEDIUMCONST    	C9ED	0000	3
		i1_TMR2_Stop   		CODE           	51A2	0000	5
		_max_POS12_ADC_Result_address		MEDIUMCONST    	C9E7	0000	3
		i1_FLASH_ReadByte		CODE           	4EDA	0000	27
		i1___flmul     		CODE           	1C01E	0000	851
		i1_terminal_setCursorHome		CODE           	4FF0	0000	17
		i1_I2C1_MasterWriteTRBBuild		CODE           	41F4	0000	71
		i2___flmul     		CODE           	1C370	0000	849
		i1_asin        		CODE           	1D07A	0000	785
		i1_TMR2_Start  		CODE           	51A6	0000	5
		i2_asin        		CODE           	1D38A	0000	785
		i1_OLED_updateCallback		CODE           	18BB6	0000	3165
		i1___llmod     		CODE           	3812	0000	105
		_hexpowers     		MEDIUMCONST    	C9C3	0000	33
		i1_memmove     		CODE           	27F8	0000	175
		i1_sprintf     		CODE           	408E	0000	73
		i2___llmod     		CODE           	3948	0000	103
		i1_getMajorRevisionID		CODE           	4676	0000	61
		i1___xxtofl    		CODE           	06B2	0000	341
		i2___xxtofl    		CODE           	0806	0000	337
		i1_terminal_printNewline		CODE           	5000	0000	17
		_Total_Energy_address		MEDIUMCONST    	C9EF	0000	3
		i1_getDeviceID 		CODE           	4DA0	0000	33
		i2_DATAEE_ReadByte		CODE           	4F0C	0000	25
		i1_TMR2_StopTimer		CODE           	5180	0000	7
		i1___flsub     		CODE           	411E	0000	73
		i2___flsub     		CODE           	4166	0000	73
		i1_OLED_WriteString		CODE           	3B18	0000	89
		i2_TMR5_StopTimer		CODE           	51AA	0000	5
		i1_fabs        		CODE           	4548	0000	63
		i1_terminal_clearTerminal		CODE           	5010	0000	17
		i2_fabs        		CODE           	472A	0000	61
		i1_sqrt        		CODE           	1DCA6	0000	713
		i2_sqrt        		CODE           	1DF6E	0000	713
		_max_Power_address		MEDIUMCONST    	C9EB	0000	3
		i1_TMR2_Period8BitSet		CODE           	5130	0000	11
		i1_fround      		CODE           	1E4FC	0000	711
		i1_round       		CODE           	2484	0000	183
		i2_fround      		CODE           	1F2A8	0000	687
		i1_TMR2_WriteTimer		CODE           	50D6	0000	15
		i1_TMR2_StartTimer		CODE           	5186	0000	7
		sin@coeff_a    		MEDIUMCONST    	CD09	0000	21
		sin@coeff_b    		MEDIUMCONST    	CD31	0000	17
		_max_POS3P3_ADC_Result_address		MEDIUMCONST    	C9E9	0000	3
		i1_I2C1_MasterTRBInsert		CODE           	2948	0000	163
		_max_FVR_ADC_Result_address		MEDIUMCONST    	C9E3	0000	3

shared estimated size: 42539

mcc_generated_files/mcc.c
		_PMD_Initialize		CODE           	4E38	0000	29
		_OSCILLATOR_Initialize		CODE           	4E54	0000	29
		_SYSTEM_Initialize		CODE           	450A	0000	63

mcc_generated_files/mcc.c estimated size: 121

ring_buffer_interface.c
		_terminal_ringBufferPull		CODE           	106C	0000	293
		_terminal_textAttributes		CODE           	1B5FC	0000	873
		_terminal_textAttributesReset		CODE           	4F7A	0000	19
		_terminal_setCursorHome		CODE           	4FB0	0000	17
		_terminal_printNewline		CODE           	4FD0	0000	17
		_terminal_clearTerminal		CODE           	4FC0	0000	17

ring_buffer_interface.c estimated size: 1236

C:\Program Files (x86)\Microchip\xc8\v1.45\sources\common\atan.c
		_atan          		CODE           	1FC7A	0000	569

C:\Program Files (x86)\Microchip\xc8\v1.45\sources\common\atan.c estimated size: 569

cause_of_reset.c
		_getCauseOfResetStringSmall		CODE           	4912	0000	49
		_getCauseOfResetString		CODE           	4972	0000	49
		_getCauseOfReset		CODE           	3A0E	0000	91

cause_of_reset.c estimated size: 189

C:\Program Files (x86)\Microchip\xc8\v1.45\sources\common\awdiv.c
		___awdiv       		CODE           	2CE0	0000	135

C:\Program Files (x86)\Microchip\xc8\v1.45\sources\common\awdiv.c estimated size: 135

C:\Program Files (x86)\Microchip\xc8\v1.45\sources\common\strcat.c
		_strcat        		CODE           	3E42	0000	77

C:\Program Files (x86)\Microchip\xc8\v1.45\sources\common\strcat.c estimated size: 77

oled.c
		_OLED_Clear    		CODE           	43CE	0000	65
		_OLED_Command  		CODE           	3742	0000	105
		_OLED_WriteString		CODE           	3AC0	0000	89
		_OLED_UpdateFromRAMBuffer		CODE           	31F6	0000	123
		_OLED_Init     		CODE           	2B2A	0000	155
		_OLED_PutChar  		CODE           	2242	0000	199
		_OLED_YX       		CODE           	4586	0000	61

oled.c estimated size: 797

C:\Program Files (x86)\Microchip\xc8\v1.45\sources\common\evalpoly.c
		_eval_poly     		CODE           	183C	0000	257

C:\Program Files (x86)\Microchip\xc8\v1.45\sources\common\evalpoly.c estimated size: 257

mcc_generated_files/memory.c
		_FLASH_ReadWord		CODE           	4308	0000	67
		_FLASH_ReadByte		CODE           	4EA6	0000	27
		_DATAEE_WriteByte		CODE           	44CC	0000	63
		_DATAEE_ReadByte		CODE           	4EC0	0000	27

mcc_generated_files/memory.c estimated size: 184

C:\Program Files (x86)\Microchip\xc8\v1.45\sources\common\sin.c
		_sin           		CODE           	1D9A6	0000	769

C:\Program Files (x86)\Microchip\xc8\v1.45\sources\common\sin.c estimated size: 769

C:\Program Files (x86)\Microchip\xc8\v1.45\sources\common\abs.c
		_abs           		CODE           	4A90	0000	43

C:\Program Files (x86)\Microchip\xc8\v1.45\sources\common\abs.c estimated size: 43

C:\Program Files (x86)\Microchip\xc8\v1.45\sources\common\lldiv.c
		___lldiv       		CODE           	2DEC	0000	133

C:\Program Files (x86)\Microchip\xc8\v1.45\sources\common\lldiv.c estimated size: 133

ring_buffer_LUT.c
		_ringBufferLUT 		CODE           	10000	0000	8637
		_terminal_printResetMessage		CODE           	1A342	0000	1267

ring_buffer_LUT.c estimated size: 9904

C:\Program Files (x86)\Microchip\xc8\v1.45\sources\common\xxtofl.c
		___xxtofl      		CODE           	055E	0000	341

C:\Program Files (x86)\Microchip\xc8\v1.45\sources\common\xxtofl.c estimated size: 341

C:\Program Files (x86)\Microchip\xc8\v1.45\sources\common\trunc.c
		_trunc         		CODE           	29EA	0000	161

C:\Program Files (x86)\Microchip\xc8\v1.45\sources\common\trunc.c estimated size: 161

mcc_generated_files/adcc.c
		_ADCC_StopConversion		CODE           	51B2	0000	5
		_ADCC_DefaultInterruptHandler		CODE           	51C6	0000	3
		_ADCC_ClearAccumulator		CODE           	517A	0000	7
		_ADCC_GetFilterValue		CODE           	4F52	0000	21
		_ADCC_GetCurrentCountofConversions		CODE           	51B6	0000	5
		_ADCC_SetADTIInterruptHandler		CODE           	50AC	0000	15
		_ADCC_GetConversionResult		CODE           	4F66	0000	21
		_ADCC_ThresholdISR		CODE           	4B32	0000	41
		_ADCC_StartConversion		CODE           	50BA	0000	15
		_ADCC_Initialize		CODE           	3608	0000	107
		_ADCC_HasAccumulatorOverflowed		CODE           	50FC	0000	13
		_ADCC_DischargeSampleCapacitor		CODE           	5160	0000	9

mcc_generated_files/adcc.c estimated size: 262

C:\Program Files (x86)\Microchip\xc8\v1.45\sources\common\flneg.c
		___flneg       		CODE           	4942	0000	49

C:\Program Files (x86)\Microchip\xc8\v1.45\sources\common\flneg.c estimated size: 49

main.c
		_dimmingOffTimeCallback		CODE           	4F24	0000	25
		_saveSRAMMaxToEEPROM		CODE           	1F7CA	0000	615
		_acquisitionTimerCallback		CODE           	4F8C	0000	19
		_ADC_PostProcessingCallback		CODE           	19812	0000	2865
		_main          		CODE           	1B3C	0000	251
		_heartbeatTimerCallback		CODE           	42C4	0000	69
		_currentMeasuredToPeak		CODE           	317A	0000	125
		_recoverSRAMMaxFromEEPROM		CODE           	1FEB2	0000	333
		_dimmingOnTimeCallback		CODE           	50F0	0000	13
		_writeEnergyToEEPROMCallback		CODE           	2EF4	0000	133
		_OLED_updateCallback		CODE           	17F54	0000	3171
		_peakToRMS     		CODE           	1FA30	0000	587

main.c estimated size: 8206

C:\Program Files (x86)\Microchip\xc8\v1.45\sources\common\strlen.c
		_strlen        		CODE           	3A68	0000	89

C:\Program Files (x86)\Microchip\xc8\v1.45\sources\common\strlen.c estimated size: 89

C:\Program Files (x86)\Microchip\xc8\v1.45\sources\common\lwtoft.c
		___lwtoft      		CODE           	4B5A	0000	39

C:\Program Files (x86)\Microchip\xc8\v1.45\sources\common\lwtoft.c estimated size: 39

C:\Program Files (x86)\Microchip\xc8\v1.45\sources\common\strcmp.c
		_strcmp        		CODE           	3C16	0000	81

C:\Program Files (x86)\Microchip\xc8\v1.45\sources\common\strcmp.c estimated size: 81

C:\Program Files (x86)\Microchip\xc8\v1.45\sources\common\strchr.c
		_strchr        		CODE           	47A0	0000	57

C:\Program Files (x86)\Microchip\xc8\v1.45\sources\common\strchr.c estimated size: 57

C:\Program Files (x86)\Microchip\xc8\v1.45\sources\common\strcpy.c
		_strcpy        		CODE           	3F26	0000	73

C:\Program Files (x86)\Microchip\xc8\v1.45\sources\common\strcpy.c estimated size: 73

C:\Program Files (x86)\Microchip\xc8\v1.45\sources\common\strncmp.c
		_strncmp       		CODE           	2BC4	0000	145

C:\Program Files (x86)\Microchip\xc8\v1.45\sources\common\strncmp.c estimated size: 145

C:\Program Files (x86)\Microchip\xc8\v1.45\sources\common\sprcmul.c
		___flmul       		CODE           	1BCCC	0000	851

C:\Program Files (x86)\Microchip\xc8\v1.45\sources\common\sprcmul.c estimated size: 851

C:\Program Files (x86)\Microchip\xc8\v1.45\sources\common\strncpy.c
		_strncpy       		CODE           	3672	0000	105

C:\Program Files (x86)\Microchip\xc8\v1.45\sources\common\strncpy.c estimated size: 105

