Microchip MPLAB XC8 Compiler V1.45 ()

Linker command line:

-W-3 --edf=C:\Program Files (x86)\Microchip\xc8\v1.45\dat\en_msgs.txt -cs \
  -h+dist/default/production\AC_Power_Meter.X.production.sym \
  --cmf=dist/default/production\AC_Power_Meter.X.production.cmf -z \
  -Q18LF67K40 -oC:\Users\DREWMA~1\AppData\Local\Temp\s2q4.2 \
  -Mdist/default/production/AC_Power_Meter.X.production.map -E1 -ver=XC8 \
  --acfsm=1493 -ASTACK=03C6h-0de9h -pstack=STACK -ACODE=00h-01FFFFh \
  -ACONST=00h-01FFFFh -ASMALLCONST=0E00h-0EFFhx498 \
  -AMEDIUMCONST=0E00h-0FFFFh,010E00h-01FFFFh -ACOMRAM=01h-05Fh \
  -AABS1=00h-0DE9h -ABIGRAM=01h-0DE9h \
  -ARAM=060h-0FFh,0100h-01FFhx12,0D00h-0DE9h -ABANK0=060h-0FFh \
  -ABANK1=0100h-01FFh -ABANK2=0200h-02FFh -ABANK3=0300h-03FFh \
  -ABANK4=0400h-04FFh -ABANK5=0500h-05FFh -ABANK6=0600h-06FFh \
  -ABANK7=0700h-07FFh -ABANK8=0800h-08FFh -ABANK9=0900h-09FFh \
  -ABANK10=0A00h-0AFFh -ABANK11=0B00h-0BFFh -ABANK12=0C00h-0CFFh \
  -ABANK13=0D00h-0DE9h \
  -ASFR=0DEFh-0DFFh,0E00h-0EFFh,0F00h-0F5Fh,0F60h-0FFFh \
  -preset_vec=00h,intcode=08h,intcodelo=018h,powerup,init -pramtop=0E00h \
  -psmallconst=SMALLCONST -pmediumconst=MEDIUMCONST -pconst=CONST \
  -AFARRAM=00h-00h -ACONFIG=0300000h-030000Bh -pconfig=CONFIG \
  -AIDLOC=0200000h-020000Fh -pidloc=IDLOC -AEEDATA=0310000h-03103FFh \
  -peeprom_data=EEDATA \
  -prdata=COMRAM,nvrram=COMRAM,nvbit=COMRAM,rbss=COMRAM,rbit=COMRAM \
  -pfarbss=FARRAM,fardata=FARRAM,nvFARRAM=FARRAM \
  -pintsave_regs=BIGRAM,bigbss=BIGRAM,bigdata=BIGRAM -pbss=RAM \
  -pidata=CODE,irdata=CODE,ibigdata=CODE,ifardata=CODE -prparam=COMRAM \
  C:\Users\DREWMA~1\AppData\Local\Temp\s2q4.obj \
  dist/default/production\AC_Power_Meter.X.production.obj 

Object code version is 3.11

Machine type is 18LF67K40

Call graph: (short form)




                Name                               Link     Load   Length Selector   Space Scale
C:\Users\DREWMA~1\AppData\Local\Temp\s2q4.obj
                init                                 FE       FE        4        C       0
                reset_vec                             0        0        4        0       0
                idloc                            200000   200000       10   200000       0
                config                           300000   300000        C   300000       0
dist/default/production\AC_Power_Meter.X.production.obj
                intcodelo                            18       18       E6        C       0
                intcode                               8        8        6        4       0
                temp                                 5F       5F        1        1       1
                mediumconst                        D45E     D45E     2BA2     6A2F       0
                text151                           198A2    198A2       14     8000       0
                text150                           1988E    1988E       14     8000       0
                text149                           199B2    199B2        C     8000       0
                text148                           19A06    19A06        4     8000       0
                text147                           1959A    1959A       2A     8000       0
                text146                           15272    15272      33E     8000       0
                text145                           14BE4    14BE4      350     8000       0
                text144                           17D44    17D44      100     8000       0
                text143                           188BC    188BC       7A     8000       0
                text142                           17B12    17B12      120     8000       0
                text141                           18012    18012       DE     8000       0
                text140                           1718E    1718E      150     8000       0
                text139                           17C32    17C32      112     8000       0
                text138                           163F2    163F2      2B4     8000       0
                text137                           1956C    1956C       2E     8000       0
                text136                           19132    19132       48     8000       0
                text135                           158B4    158B4      2FA     8000       0
                text134                           18840    18840       7C     8000       0
                text133                           192BA    192BA       3C     8000       0
                text132                           16E04    16E04      236     8000       0
                text131                           15BAE    15BAE      2C8     8000       0
                text130                           155B0    155B0      304     8000       0
                text129                           18A18    18A18       6E     8000       0
                text128                           16BBA    16BBA      24A     8000       0
                text127                           199F4    199F4        6     8000       0
                text126                           1312C    1312C      ADA     8000       0
                text125                           19A14    19A14        2     8000       0
                text124                           19614    19614       28     8000       0
                text123                           187BE    187BE       82     8000       0
                text122                           18BC0    18BC0       66     8000       0
                text121                           196AE    196AE       26     8000       0
                text120                           177A4    177A4      128     8000       0
                text119                           17548    17548      132     8000       0
                text118                           186B8    186B8       84     8000       0
                text117                           189A8    189A8       70     8000       0
                text116                           166A6    166A6      2AE     8000       0
                text115                           197A0    197A0       1E     8000       0
                text114                           19058    19058       4A     8000       0
                text113                           199C8    199C8        A     8000       0
                text112                           140AA    140AA      480     8000       0
                text111                           12368    12368      DC4     8000       0
                text110                           18352    18352       AE     8000       0
                text109                           192F6    192F6       3A     8000       0
                text108                           1900C    1900C       4C     8000       0
                text107                           19368    19368       38     8000       0
                text106                           19A02    19A02        4     8000       0
                text105                           197F6    197F6       1C     8000       0
                text104                           19876    19876       18     8000       0
                text103                           19A12    19A12        2     8000       0
                text102                           1971C    1971C       24     8000       0
                text101                           199BE    199BE        A     8000       0
                text100                           1985E    1985E       18     8000       0
                text99                            18F26    18F26       4E     8000       0
                text98                            1873C    1873C       82     8000       0
                text97                            19A10    19A10        2     8000       0
                text96                            196F8    196F8       24     8000       0
                text95                            19688    19688       26     8000       0
                text94                            199FE    199FE        4     8000       0
                text93                            199A6    199A6        C     8000       0
                text92                            19A0E    19A0E        2     8000       0
                text91                            19476    19476       34     8000       0
                intcode_body                      17E44    17E44       F0     8000       0
                text89                            1940C    1940C       36     8000       0
                text88                            19200    19200       40     8000       0
                text87                            19A0C    19A0C        2     8000       0
                text86                            195EC    195EC       28     8000       0
                text85                            19662    19662       26     8000       0
                text84                            199EE    199EE        6     8000       0
                text83                            199DA    199DA        8     8000       0
                text82                            19998    19998        E     8000       0
                text81                            198C8    198C8       12     8000       0
                text80                            19A0A    19A0A        2     8000       0
                text79                            19442    19442       34     8000       0
                text77                            1998A    1998A        E     8000       0
                text76                            18C86    18C86       60     8000       0
                text75                            1997C    1997C        E     8000       0
                text74                            1996E    1996E        E     8000       0
                text73                            18A86    18A86       6A     8000       0
                text72                            19960    19960        E     8000       0
                text71                            19782    19782       1E     8000       0
                text70                            199D2    199D2        8     8000       0
                text69                            1990A    1990A       10     8000       0
                text68                            19846    19846       18     8000       0
                text67                            197DA    197DA       1C     8000       0
                text66                            18296    18296       BC     8000       0
                text65                            197BE    197BE       1C     8000       0
                text64                            19952    19952        E     8000       0
                text63                            1953C    1953C       30     8000       0
                text62                            19944    19944        E     8000       0
                text61                            18ED6    18ED6       50     8000       0
                text60                            19936    19936        E     8000       0
                text59                            194AA    194AA       32     8000       0
                text58                            19928    19928        E     8000       0
                text57                            18D3E    18D3E       54     8000       0
                text56                            193D6    193D6       36     8000       0
                text55                            18DE4    18DE4       52     8000       0
                text54                            1982C    1982C       1A     8000       0
                text53                            18D92    18D92       52     8000       0
                text52                            172DE    172DE      136     8000       0
                text51                            179F0    179F0      122     8000       0
                text50                            19240    19240       3E     8000       0
                text49                            18E86    18E86       50     8000       0
                text48                            16954    16954      266     8000       0
                text47                            1950C    1950C       30     8000       0
                text46                            14F34    14F34      33E     8000       0
                text45                            190EA    190EA       48     8000       0
                text44                            17F34    17F34       DE     8000       0
                text43                            18634    18634       84     8000       0
                text42                            18B58    18B58       68     8000       0
                text41                            195C4    195C4       28     8000       0
                text40                            1703A    1703A      154     8000       0
                text39                            1767A    1767A      12A     8000       0
                text38                            17414    17414      134     8000       0
                text37                            185AE    185AE       86     8000       0
                text36                            18936    18936       72     8000       0
                text35                            14892    14892      352     8000       0
                text34                            15E76    15E76      2C6     8000       0
                text33                            19740    19740       22     8000       0
                text32                            18FC0    18FC0       4C     8000       0
                text31                            1991A    1991A        E     8000       0
                text30                            13C06    13C06      4A4     8000       0
                text29                            1159A    1159A      DCE     8000       0
                text28                            198FA    198FA       10     8000       0
                text27                            190A2    190A2       48     8000       0
                text26                            199FA    199FA        4     8000       0
                text25                            199E8    199E8        6     8000       0
                text24                            1613C    1613C      2B6     8000       0
                text23                            180F0    180F0       D8     8000       0
                text22                            194DC    194DC       30     8000       0
                text21                            19812    19812       1A     8000       0
                text20                            191BE    191BE       42     8000       0
                text19                            19762    19762       20     8000       0
                text18                            18C26    18C26       60     8000       0
                text17                            1927E    1927E       3C     8000       0
                text16                            1963C    1963C       26     8000       0
                text15                            1917A    1917A       44     8000       0
                text14                            18E36    18E36       50     8000       0
                text13                            193A0    193A0       36     8000       0
                text12                            19330    19330       38     8000       0
                text11                            18CE6    18CE6       58     8000       0
                text10                            18492    18492       90     8000       0
                text9                             18522    18522       8C     8000       0
                text8                             198EA    198EA       10     8000       0
                text7                             18F74    18F74       4C     8000       0
                text6                             18AF0    18AF0       68     8000       0
                text5                             1452A    1452A      368     8000       0
                text4                             198B6    198B6       12     8000       0
                text3                             10000    10000     159A     8000       0
                text2                             178CC    178CC      124     8000       0
                text1                             198DA    198DA       10     8000       0
                text0                             181C8    181C8       CE     8000       0
                cstackCOMRAM                          1        1       5D        1       1
                cstackBANK0                          60       60       90       60       1
                cstackBANK1                         100      100       BB      100       1
                cstackBANK2                         28C      28C       4D      200       1
                cstackBANK3                         3C0      3C0        6      300       1
                bssBANK3                            300      300       C0      300       1
                dataBANK2                           2D9      2D9       24      200       1
                bssBANK2                            200      200       8C      200       1
                dataBANK1                           1E8      1E8        1      100       1
                bssBANK1                            1BB      1BB       2D      100       1
                dataBANK0                            F0       F0        6       60       1
                bssBANK0                             F6       F6        5       60       1
                bitbssBANK0                         7D8       FB        1       60       1     8
                bitbssCOMRAM                        2F0       5E        2        1       1     8
                cinit                             18400    18400       92     8000       0
                nvBANK2                             2FD      2FD        1      200       1
                idataBANK2                        196D4    196D4       24     8000       0
                idataBANK1                        19A16    19A16        1     8000       0
                idataBANK0                        199E2    199E2        6     8000       0

TOTAL           Name                               Link     Load   Length     Space
        CLASS   STACK          

        CLASS   CODE           
                intcodelo                            18       18       E6         0
                intcode                               8        8        6         0
                init                                 FE       FE        4         0
                reset_vec                             0        0        4         0
                text151                           198A2    198A2       14         0
                text150                           1988E    1988E       14         0
                text149                           199B2    199B2        C         0
                text148                           19A06    19A06        4         0
                text147                           1959A    1959A       2A         0
                text146                           15272    15272      33E         0
                text145                           14BE4    14BE4      350         0
                text144                           17D44    17D44      100         0
                text143                           188BC    188BC       7A         0
                text142                           17B12    17B12      120         0
                text141                           18012    18012       DE         0
                text140                           1718E    1718E      150         0
                text139                           17C32    17C32      112         0
                text138                           163F2    163F2      2B4         0
                text137                           1956C    1956C       2E         0
                text136                           19132    19132       48         0
                text135                           158B4    158B4      2FA         0
                text134                           18840    18840       7C         0
                text133                           192BA    192BA       3C         0
                text132                           16E04    16E04      236         0
                text131                           15BAE    15BAE      2C8         0
                text130                           155B0    155B0      304         0
                text129                           18A18    18A18       6E         0
                text128                           16BBA    16BBA      24A         0
                text127                           199F4    199F4        6         0
                text126                           1312C    1312C      ADA         0
                text125                           19A14    19A14        2         0
                text124                           19614    19614       28         0
                text123                           187BE    187BE       82         0
                text122                           18BC0    18BC0       66         0
                text121                           196AE    196AE       26         0
                text120                           177A4    177A4      128         0
                text119                           17548    17548      132         0
                text118                           186B8    186B8       84         0
                text117                           189A8    189A8       70         0
                text116                           166A6    166A6      2AE         0
                text115                           197A0    197A0       1E         0
                text114                           19058    19058       4A         0
                text113                           199C8    199C8        A         0
                text112                           140AA    140AA      480         0
                text111                           12368    12368      DC4         0
                text110                           18352    18352       AE         0
                text109                           192F6    192F6       3A         0
                text108                           1900C    1900C       4C         0
                text107                           19368    19368       38         0
                text106                           19A02    19A02        4         0
                text105                           197F6    197F6       1C         0
                text104                           19876    19876       18         0
                text103                           19A12    19A12        2         0
                text102                           1971C    1971C       24         0
                text101                           199BE    199BE        A         0
                text100                           1985E    1985E       18         0
                text99                            18F26    18F26       4E         0
                text98                            1873C    1873C       82         0
                text97                            19A10    19A10        2         0
                text96                            196F8    196F8       24         0
                text95                            19688    19688       26         0
                text94                            199FE    199FE        4         0
                text93                            199A6    199A6        C         0
                text92                            19A0E    19A0E        2         0
                text91                            19476    19476       34         0
                intcode_body                      17E44    17E44       F0         0
                text89                            1940C    1940C       36         0
                text88                            19200    19200       40         0
                text87                            19A0C    19A0C        2         0
                text86                            195EC    195EC       28         0
                text85                            19662    19662       26         0
                text84                            199EE    199EE        6         0
                text83                            199DA    199DA        8         0
                text82                            19998    19998        E         0
                text81                            198C8    198C8       12         0
                text80                            19A0A    19A0A        2         0
                text79                            19442    19442       34         0
                text77                            1998A    1998A        E         0
                text76                            18C86    18C86       60         0
                text75                            1997C    1997C        E         0
                text74                            1996E    1996E        E         0
                text73                            18A86    18A86       6A         0
                text72                            19960    19960        E         0
                text71                            19782    19782       1E         0
                text70                            199D2    199D2        8         0
                text69                            1990A    1990A       10         0
                text68                            19846    19846       18         0
                text67                            197DA    197DA       1C         0
                text66                            18296    18296       BC         0
                text65                            197BE    197BE       1C         0
                text64                            19952    19952        E         0
                text63                            1953C    1953C       30         0
                text62                            19944    19944        E         0
                text61                            18ED6    18ED6       50         0
                text60                            19936    19936        E         0
                text59                            194AA    194AA       32         0
                text58                            19928    19928        E         0
                text57                            18D3E    18D3E       54         0
                text56                            193D6    193D6       36         0
                text55                            18DE4    18DE4       52         0
                text54                            1982C    1982C       1A         0
                text53                            18D92    18D92       52         0
                text52                            172DE    172DE      136         0
                text51                            179F0    179F0      122         0
                text50                            19240    19240       3E         0
                text49                            18E86    18E86       50         0
                text48                            16954    16954      266         0
                text47                            1950C    1950C       30         0
                text46                            14F34    14F34      33E         0
                text45                            190EA    190EA       48         0
                text44                            17F34    17F34       DE         0
                text43                            18634    18634       84         0
                text42                            18B58    18B58       68         0
                text41                            195C4    195C4       28         0
                text40                            1703A    1703A      154         0
                text39                            1767A    1767A      12A         0
                text38                            17414    17414      134         0
                text37                            185AE    185AE       86         0
                text36                            18936    18936       72         0
                text35                            14892    14892      352         0
                text34                            15E76    15E76      2C6         0
                text33                            19740    19740       22         0
                text32                            18FC0    18FC0       4C         0
                text31                            1991A    1991A        E         0
                text30                            13C06    13C06      4A4         0
                text29                            1159A    1159A      DCE         0
                text28                            198FA    198FA       10         0
                text27                            190A2    190A2       48         0
                text26                            199FA    199FA        4         0
                text25                            199E8    199E8        6         0
                text24                            1613C    1613C      2B6         0
                text23                            180F0    180F0       D8         0
                text22                            194DC    194DC       30         0
                text21                            19812    19812       1A         0
                text20                            191BE    191BE       42         0
                text19                            19762    19762       20         0
                text18                            18C26    18C26       60         0
                text17                            1927E    1927E       3C         0
                text16                            1963C    1963C       26         0
                text15                            1917A    1917A       44         0
                text14                            18E36    18E36       50         0
                text13                            193A0    193A0       36         0
                text12                            19330    19330       38         0
                text11                            18CE6    18CE6       58         0
                text10                            18492    18492       90         0
                text9                             18522    18522       8C         0
                text8                             198EA    198EA       10         0
                text7                             18F74    18F74       4C         0
                text6                             18AF0    18AF0       68         0
                text5                             1452A    1452A      368         0
                text4                             198B6    198B6       12         0
                text3                             10000    10000     159A         0
                text2                             178CC    178CC      124         0
                text1                             198DA    198DA       10         0
                text0                             181C8    181C8       CE         0
                cinit                             18400    18400       92         0
                idataBANK2                        196D4    196D4       24         0
                idataBANK1                        19A16    19A16        1         0
                idataBANK0                        199E2    199E2        6         0

        CLASS   CONST          

        CLASS   SMALLCONST     

        CLASS   MEDIUMCONST    
                mediumconst                        D45E     D45E     2BA2         0

        CLASS   COMRAM         
                temp                                 5F       5F        1         1
                cstackCOMRAM                          1        1       5D         1
                bitbssCOMRAM                        2F0       5E        2         1

        CLASS   ABS1           

        CLASS   BIGRAM         

        CLASS   RAM            

        CLASS   BANK0          
                cstackBANK0                          60       60       90         1
                dataBANK0                            F0       F0        6         1
                bssBANK0                             F6       F6        5         1
                bitbssBANK0                         7D8       FB        1         1

        CLASS   BANK1          
                cstackBANK1                         100      100       BB         1
                dataBANK1                           1E8      1E8        1         1
                bssBANK1                            1BB      1BB       2D         1

        CLASS   BANK2          
                cstackBANK2                         28C      28C       4D         1
                dataBANK2                           2D9      2D9       24         1
                bssBANK2                            200      200       8C         1
                nvBANK2                             2FD      2FD        1         1

        CLASS   BANK3          
                cstackBANK3                         3C0      3C0        6         1
                bssBANK3                            300      300       C0         1

        CLASS   BANK4          

        CLASS   BANK5          

        CLASS   BANK6          

        CLASS   BANK7          

        CLASS   BANK8          

        CLASS   BANK9          

        CLASS   BANK10         

        CLASS   BANK11         

        CLASS   BANK12         

        CLASS   BANK13         

        CLASS   SFR            

        CLASS   FARRAM         

        CLASS   CONFIG         
                config                           300000   300000        C         0

        CLASS   IDLOC          
                idloc                            200000   200000       10         0

        CLASS   EEDATA         



SEGMENTS        Name                           Load    Length   Top    Selector   Space  Class

                reset_vec                      000000  000004  000004         0       0  CODE    
                cstackCOMRAM                   000001  00005F  000060         1       1  COMRAM  
                intcode                        000008  000006  00000E         4       0  CODE    
                intcodelo                      000018  0000EA  000102         C       0  CODE    
                cstackBANK0                    000060  00009C  0000FC        60       1  BANK0   
                cstackBANK1                    000100  0000E9  0001E9       100       1  BANK1   
                bssBANK2                       000200  0000FE  0002FE       200       1  BANK2   
                bssBANK3                       000300  0000C6  0003C6       300       1  BANK3   
                mediumconst                    00D45E  002BA2  010000      6A2F       0  MEDIUMCO
                text3                          010000  009A17  019A17      8000       0  CODE    
                idloc                          200000  000010  200010    200000       0  IDLOC   
                config                         300000  00000C  30000C    300000       0  CONFIG  


UNUSED ADDRESS RANGES

        Name                Unused          Largest block    Delta
        BANK0            0000FC-0000FF                4
        BANK1            0001E9-0001FF               17
        BANK10           000A00-000AFF              100
        BANK11           000B00-000BFF              100
        BANK12           000C00-000CFF              100
        BANK13           000D00-000DE9               EA
        BANK2            0002FE-0002FF                2
        BANK3            0003C6-0003FF               3A
        BANK4            000400-0004FF              100
        BANK5            000500-0005FF              100
        BANK6            000600-0006FF              100
        BANK7            000700-0007FF              100
        BANK8            000800-0008FF              100
        BANK9            000900-0009FF              100
        BIGRAM           0000FC-0000FF                4
                         0001E9-0001FF               17
                         0002FE-0002FF                2
                         0003C6-000DE9              A24
        CODE             000004-000007                4
                         00000E-000017                A
                         000102-00D45D             D35C
                         019A17-01FFFF             65E9
        CONST            000004-000007                4
                         00000E-000017                A
                         000102-00D45D             D35C
                         019A17-01FFFF             65E9
        EEDATA           310000-3103FF              400
        MEDIUMCONST      000E00-00D45D             C65E
                         019A17-01FFFF             65E9
        RAM              0000FC-0000FF                4
                         0001E9-0001FF               17
                         0002FE-0002FF                2
                         0003C6-000DE9              100
        SFR              000DEF-000FFF              100
        SMALLCONST       000E00-00D45D              100
                         019A17-01FFFF              100
        STACK            0003C6-000DE9              A24

                                  Symbol Table

?_ADCC_GetConversionResult                     cstackCOMRAM 000001
?_ADCC_GetFilterValue                          cstackCOMRAM 000001
?_FLASH_ReadWord                               cstackBANK1  00011B
?___awdiv                                      cstackBANK1  00011D
?___awmod                                      cstackBANK1  000117
?___fladd                                      cstackBANK1  000129
?___fldiv                                      cstackBANK1  00013D
?___flmul                                      cstackBANK1  000156
?___flneg                                      cstackBANK1  000125
?___flsub                                      cstackBANK1  00013D
?___fltol                                      cstackBANK1  000178
?___lldiv                                      cstackBANK1  000117
?___llmod                                      cstackBANK1  000124
?___wmul                                       cstackBANK1  000117
?___xxtofl                                     cstackBANK1  000117
?__div_to_l_                                   cstackBANK1  000117
?__tdiv_to_l_                                  cstackBANK1  000117
?_abs                                          cstackBANK0  000076
?_acos                                         cstackBANK0  0000A9
?_asin                                         cstackBANK0  000091
?_atan                                         cstackBANK0  00007C
?_atoi                                         cstackBANK1  00011D
?_currentMeasuredToPeak                        cstackBANK0  000099
?_eval_poly                                    cstackBANK0  00006C
?_fabs                                         cstackCOMRAM 000030
?_floor                                        cstackBANK0  000076
?_fround                                       cstackBANK1  00016F
?_getCauseOfResetString                        cstackBANK1  000117
?_getDeviceID                                  cstackBANK1  000122
?_getDeviceIDString                            cstackBANK1  000124
?_getUserID                                    cstackBANK1  000122
?_peakToRMS                                    cstackBANK0  0000B1
?_printf                                       cstackBANK1  000182
?_readDoubleFromEEPROM                         cstackBANK1  000119
?_scale                                        cstackBANK1  00016F
?_sin                                          cstackBANK0  000088
?_sqrt                                         cstackBANK0  00006C
?_strchr                                       cstackBANK1  000117
?_strcmp                                       cstackBANK1  000117
?_strlen                                       cstackBANK1  000117
?_strncmp                                      cstackBANK1  00011D
?_strstr                                       cstackBANK1  000126
?i2___awdiv                                    cstackCOMRAM 000007
?i2___awmod                                    cstackCOMRAM 000001
?i2___fladd                                    cstackCOMRAM 000056
?i2___fldiv                                    cstackCOMRAM 000013
?i2___flmul                                    cstackCOMRAM 000030
?i2___flneg                                    cstackCOMRAM 00002C
?i2___flsub                                    cstackBANK0  000080
?i2___fltol                                    cstackBANK0  00006C
?i2___lldiv                                    cstackCOMRAM 000001
?i2___llmod                                    cstackCOMRAM 00000E
?i2___wmul                                     cstackCOMRAM 000001
?i2___xxtofl                                   cstackCOMRAM 000005
?i2__div_to_l_                                 cstackCOMRAM 000001
?i2__tdiv_to_l_                                cstackCOMRAM 000001
?i2_fround                                     cstackCOMRAM 000049
?i2_printf                                     cstackBANK0  000088
?i2_readDoubleFromEEPROM                       cstackCOMRAM 000003
?i2_scale                                      cstackCOMRAM 000049
ADCC_SetADTIInterruptHandler@InterruptHandler  cstackBANK1  000117
ADCC_StartConversion@channel                   cstackBANK1  000100
ADCPostProcessingCallback@current_adc_channel  cstackBANK0  0000D5
DATAEE_ReadByte@bAdd                           cstackBANK1  000117
DATAEE_WriteByte@GIEBitValue                   cstackBANK1  00011A
DATAEE_WriteByte@bAdd                          cstackBANK1  000117
DATAEE_WriteByte@bData                         cstackBANK1  000119
EUSART2_Read@readValue                         cstackBANK1  000117
EUSART2_SetRxInterruptHandler@interruptHandler cstackBANK1  000117
EUSART2_SetTxInterruptHandler@interruptHandler cstackBANK1  000117
EUSART2_Write@txData                           cstackBANK1  000117
FLASH_ReadByte@flashAddr                       cstackBANK1  000117
FLASH_ReadWord@flashAddr                       cstackBANK1  00011B
INT0_SetInterruptHandler@InterruptHandler      cstackBANK1  000117
TMR4_ISR@CountCallBack                         bssBANK2     000242
TMR4_SetInterruptHandler@InterruptHandler      cstackBANK1  000117
TMR5_SetInterruptHandler@InterruptHandler      cstackBANK1  000117
TMR5_WriteTimer@timerVal                       cstackCOMRAM 000001
TMR6_SetInterruptHandler@InterruptHandler      cstackBANK1  000117
TMR7_SetInterruptHandler@InterruptHandler      cstackBANK1  000117
TMR7_WriteTimer@timerVal                       cstackBANK1  000100
_ADACCH                                        (abs)        000F71
_ADACCL                                        (abs)        000F70
_ADACQ                                         (abs)        000F5C
_ADACT                                         (abs)        000F56
_ADCAP                                         (abs)        000F5D
_ADCC_ADTI_InterruptHandler                    bssBANK2     000234
_ADCC_ClearAccumulator                         text84       0199EE
_ADCC_DefaultInterruptHandler                  text125      019A14
_ADCC_DischargeSampleCapacitor                 text83       0199DA
_ADCC_GetConversionResult                      text151      0198A2
_ADCC_GetFilterValue                           text150      01988E
_ADCC_HasAccumulatorOverflowed                 text149      0199B2
_ADCC_Initialize                               text76       018C86
_ADCC_SetADTIInterruptHandler                  text77       01998A
_ADCC_StartConversion                          text82       019998
_ADCC_StopConversion                           text148      019A06
_ADCC_ThresholdISR                             text124      019614
_ADCLK                                         (abs)        000F57
_ADCNT                                         (abs)        000F67
_ADCON0                                        (abs)        000F60
_ADCON0bits                                    (abs)        000F60
_ADCON1                                        (abs)        000F59
_ADCON1bits                                    (abs)        000F59
_ADCON2                                        (abs)        000F5A
_ADCON2bits                                    (abs)        000F5A
_ADCON3                                        (abs)        000F5B
_ADCON3bits                                    (abs)        000F5B
_ADCPostProcessingCallback                     text126      01312C
_ADCPostProcessingCallback$4725                cstackBANK0  0000D6
_ADCPostProcessingCallback$4726                cstackBANK0  0000DA
_ADCPostProcessingCallback$4727                cstackBANK0  0000C9
_ADCPostProcessingCallback$4728                cstackBANK0  0000CD
_ADCPostProcessingCallback$4729                cstackBANK0  0000D1
_ADC_Result_Scaling                            bssBANK2     000224
_ADERRH                                        (abs)        000F6F
_ADERRL                                        (abs)        000F6E
_ADFLTRH                                       (abs)        000F73
_ADFLTRL                                       (abs)        000F72
_ADLTHH                                        (abs)        000F6B
_ADLTHL                                        (abs)        000F6A
_ADPCH                                         (abs)        000F5F
_ADPRE                                         (abs)        000F5E
_ADPREVH                                       (abs)        000F62
_ADPREVL                                       (abs)        000F61
_ADREF                                         (abs)        000F58
_ADRESH                                        (abs)        000F64
_ADRESL                                        (abs)        000F63
_ADRPT                                         (abs)        000F66
_ADSTAT                                        (abs)        000F65
_ADSTATbits                                    (abs)        000F65
_ADSTPTH                                       (abs)        000F69
_ADSTPTL                                       (abs)        000F68
_ADUTHH                                        (abs)        000F6D
_ADUTHL                                        (abs)        000F6C
_ANSELA                                        (abs)        000E92
_ANSELB                                        (abs)        000E9A
_ANSELD                                        (abs)        000EA7
_ANSELE                                        (abs)        000EAF
_ANSELF                                        (abs)        000EB4
_ANSELG                                        (abs)        000EBC
_AVSS_ADC_Result                               bssBANK1     0001DB
_Avg_Power                                     bssBANK1     0001BB
_BAUD2CON                                      (abs)        000EF7
_DATAEE_ReadByte                               text54       01982C
_DATAEE_WriteByte                              text50       019240
_EUSART2_Initialize                            text73       018A86
_EUSART2_Read                                  text27       0190A2
_EUSART2_Receive_ISR                           text110      018352
_EUSART2_RxDefaultInterruptHandler             bssBANK2     00023A
_EUSART2_SetRxInterruptHandler                 text75       01997C
_EUSART2_SetTxInterruptHandler                 text74       01996E
_EUSART2_Transmit_ISR                          text89       01940C
_EUSART2_TxDefaultInterruptHandler             bssBANK2     00023D
_EUSART2_Write                                 text32       018FC0
_EXT_INT_Initialize                            text71       019782
_FLASH_ReadByte                                text21       019812
_FLASH_ReadWord                                text20       0191BE
_FVRCON                                        (abs)        000EC4
_FVRCONbits                                    (abs)        000EC4
_FVR_ADC_Result                                bssBANK1     0001E4
_FVR_Initialize                                text70       0199D2
_HLVDCON0                                      (abs)        000EC2
_HLVDCON0bits                                  (abs)        000EC2
_HLVDCON1                                      (abs)        000EC3
_HLVD_ISR                                      text107      019368
_HLVD_Initialize                               text69       01990A
_INT0PPS                                       (abs)        000DF0
_INT0_CallBack                                 text102      01971C
_INT0_DefaultInterruptHandler                  text103      019A12
_INT0_ISR                                      text101      0199BE
_INT0_InterruptHandler                         bssBANK2     00022B
_INT0_SetInterruptHandler                      text72       019960
_INTCONbits                                    (abs)        000FF2
_INTERRUPT_Initialize                          text68       019846
_INTERRUPT_InterruptManagerHigh                intcode      000008
_INTERRUPT_InterruptManagerLow                 intcodelo    000018
_IPR0bits                                      (abs)        000E1F
_IPR1bits                                      (abs)        000E20
_IPR2bits                                      (abs)        000E21
_IPR3bits                                      (abs)        000E22
_IPR5bits                                      (abs)        000E24
_Imeas                                         bssBANK1     0001C7
_Ipk                                           bssBANK1     0001CB
_Irms                                          bssBANK1     0001C3
_Irms_offset                                   dataBANK2    0002F1
_LATA                                          (abs)        000F79
_LATB                                          (abs)        000F7A
_LATC                                          (abs)        000F7B
_LATD                                          (abs)        000F7C
_LATE                                          (abs)        000F7D
_LATF                                          (abs)        000F7E
_LATFbits                                      (abs)        000F7E
_LATG                                          (abs)        000F7F
_LATGbits                                      (abs)        000F7F
_LATH                                          (abs)        000F80
_NVMADRH                                       (abs)        000F75
_NVMADRL                                       (abs)        000F74
_NVMCON1bits                                   (abs)        000F77
_NVMCON2                                       (abs)        000F78
_NVMDAT                                        (abs)        000F76
_ODCONA                                        (abs)        000E90
_ODCONB                                        (abs)        000E98
_ODCONC                                        (abs)        000EA0
_ODCOND                                        (abs)        000EA5
_ODCONE                                        (abs)        000EAD
_ODCONF                                        (abs)        000EB2
_ODCONG                                        (abs)        000EBA
_ODCONH                                        (abs)        000EBF
_OSCCON1                                       (abs)        000E43
_OSCCON3                                       (abs)        000E45
_OSCEN                                         (abs)        000E47
_OSCFRQ                                        (abs)        000E49
_OSCILLATOR_Initialize                         text67       0197DA
_OSCTUNE                                       (abs)        000E48
_PCON0bits                                     (abs)        000FD7
_PIE0bits                                      (abs)        000E29
_PIE1bits                                      (abs)        000E2A
_PIE2bits                                      (abs)        000E2B
_PIE3bits                                      (abs)        000E2C
_PIE5bits                                      (abs)        000E2E
_PIN_MANAGER_Initialize                        text66       018296
_PIR0bits                                      (abs)        000E33
_PIR1bits                                      (abs)        000E34
_PIR2bits                                      (abs)        000E35
_PIR3bits                                      (abs)        000E36
_PIR5bits                                      (abs)        000E38
_PIR8bits                                      (abs)        000E3B
_PLLR                                          (abs)        007230
_PMD0                                          (abs)        000E4C
_PMD1                                          (abs)        000E4D
_PMD2                                          (abs)        000E4E
_PMD3                                          (abs)        000E4F
_PMD4                                          (abs)        000E50
_PMD5                                          (abs)        000E51
_PMD_Initialize                                text65       0197BE
_POS12_ADC_Result                              bssBANK1     0001D3
_POS3P3_ADC_Result                             bssBANK1     0001D7
_PR4                                           (abs)        000FB6
_PR6                                           (abs)        000FB0
_RC2REG                                        (abs)        000EF1
_RC2STA                                        (abs)        000EF5
_RC2STAbits                                    (abs)        000EF5
_RG7PPS                                        (abs)        000E89
_RX2PPS                                        (abs)        000E11
_SBOREN                                        (abs)        00725F
_SLRCONA                                       (abs)        000E8F
_SLRCONB                                       (abs)        000E97
_SLRCONC                                       (abs)        000E9F
_SLRCOND                                       (abs)        000EA4
_SLRCONE                                       (abs)        000EAC
_SLRCONF                                       (abs)        000EB1
_SLRCONG                                       (abs)        000EB9
_SLRCONH                                       (abs)        000EBE
_SP2BRGH                                       (abs)        000EF4
_SP2BRGL                                       (abs)        000EF3
_SYSTEM_Initialize                             text56       0193D6
_T4CLKCON                                      (abs)        000FB9
_T4CON                                         (abs)        000FB7
_T4CONbits                                     (abs)        000FB7
_T4HLT                                         (abs)        000FB8
_T4HLTbits                                     (abs)        000FB8
_T4PR                                          (abs)        000FB6
_T4RST                                         (abs)        000FBA
_T4RSTbits                                     (abs)        000FBA
_T4TMR                                         (abs)        000FB5
_T5CLK                                         (abs)        000FC6
_T5CON                                         (abs)        000FC3
_T5CONbits                                     (abs)        000FC3
_T5GATE                                        (abs)        000FC5
_T5GCON                                        (abs)        000FC4
_T5GCONbits                                    (abs)        000FC4
_T6CLKCON                                      (abs)        000FB3
_T6CON                                         (abs)        000FB1
_T6CONbits                                     (abs)        000FB1
_T6HLT                                         (abs)        000FB2
_T6HLTbits                                     (abs)        000FB2
_T6PR                                          (abs)        000FB0
_T6RST                                         (abs)        000FB4
_T6RSTbits                                     (abs)        000FB4
_T6TMR                                         (abs)        000FAF
_T7CLK                                         (abs)        000F33
_T7CON                                         (abs)        000F30
_T7CONbits                                     (abs)        000F30
_T7GATE                                        (abs)        000F32
_T7GCON                                        (abs)        000F31
_T7GCONbits                                    (abs)        000F31
_TABLAT                                        (abs)        000FF5
_TBLPTRH                                       (abs)        000FF7
_TBLPTRL                                       (abs)        000FF6
_TBLPTRU                                       (abs)        000FF8
_TMR4                                          (abs)        000FB5
_TMR4_CallBack                                 text96       0196F8
_TMR4_DefaultInterruptHandler                  text97       019A10
_TMR4_ISR                                      text95       019688
_TMR4_Initialize                               text63       01953C
_TMR4_InterruptHandler                         bssBANK2     000228
_TMR4_SetInterruptHandler                      text64       019952
_TMR5H                                         (abs)        000FC2
_TMR5L                                         (abs)        000FC1
_TMR5_DefaultInterruptHandler                  text92       019A0E
_TMR5_ISR                                      text91       019476
_TMR5_Initialize                               text61       018ED6
_TMR5_InterruptHandler                         bssBANK2     00022E
_TMR5_SetInterruptHandler                      text62       019944
_TMR5_StartTimer                               text106      019A02
_TMR5_StopTimer                                text26       0199FA
_TMR5_WriteTimer                               text105      0197F6
_TMR6                                          (abs)        000FAF
_TMR6_DefaultInterruptHandler                  text87       019A0C
_TMR6_ISR                                      text86       0195EC
_TMR6_Initialize                               text59       0194AA
_TMR6_InterruptHandler                         bssBANK2     000237
_TMR6_SetInterruptHandler                      text60       019936
_TMR7H                                         (abs)        000F2F
_TMR7L                                         (abs)        000F2E
_TMR7_DefaultInterruptHandler                  text80       019A0A
_TMR7_ISR                                      text79       019442
_TMR7_Initialize                               text57       018D3E
_TMR7_InterruptHandler                         bssBANK2     000231
_TMR7_SetInterruptHandler                      text58       019928
_TMR7_StopTimer                                text25       0199E8
_TMR7_WriteTimer                               text85       019662
_TRIAC_Firing_Angle                            dataBANK0    0000F2
_TRISA                                         (abs)        000F81
_TRISB                                         (abs)        000F82
_TRISC                                         (abs)        000F83
_TRISD                                         (abs)        000F84
_TRISE                                         (abs)        000F85
_TRISF                                         (abs)        000F86
_TRISG                                         (abs)        000F87
_TRISH                                         (abs)        000F88
_TX2REG                                        (abs)        000EF2
_TX2STA                                        (abs)        000EF6
_TX2STAbits                                    (abs)        000EF6
_Temp_ADC_Offset                               dataBANK2    0002F9
_Temp_ADC_Result                               bssBANK1     0001CF
_Total_Energy                                  bssBANK0     0000F6
_Total_Energy_address                          mediumconst  00D51B
_Vpk                                           bssBANK2     000220
_Vpk_const                                     dataBANK2    0002F5
_Vrms                                          bssBANK1     0001BF
_WPUA                                          (abs)        000E91
_WPUB                                          (abs)        000E99
_WPUC                                          (abs)        000EA1
_WPUD                                          (abs)        000EA6
_WPUE                                          (abs)        000EAE
_WPUF                                          (abs)        000EB3
_WPUG                                          (abs)        000EBB
_WPUH                                          (abs)        000EC0
__CFG_BOREN$ON                                 (abs)        000000
__CFG_BORV$VBOR_190                            (abs)        000000
__CFG_CLKOUTEN$OFF                             (abs)        000000
__CFG_CP$OFF                                   (abs)        000000
__CFG_CPD$OFF                                  (abs)        000000
__CFG_CSWEN$OFF                                (abs)        000000
__CFG_DEBUG$OFF                                (abs)        000000
__CFG_EBTR0$OFF                                (abs)        000000
__CFG_EBTR1$OFF                                (abs)        000000
__CFG_EBTR2$OFF                                (abs)        000000
__CFG_EBTR3$OFF                                (abs)        000000
__CFG_EBTR4$OFF                                (abs)        000000
__CFG_EBTR5$OFF                                (abs)        000000
__CFG_EBTR6$OFF                                (abs)        000000
__CFG_EBTR7$OFF                                (abs)        000000
__CFG_EBTRB$OFF                                (abs)        000000
__CFG_FCMEN$ON                                 (abs)        000000
__CFG_FEXTOSC$ECH                              (abs)        000000
__CFG_IDLOC0$                                  (abs)        000000
__CFG_IDLOC1$                                  (abs)        000001
__CFG_IDLOC2$                                  (abs)        000002
__CFG_IDLOC3$                                  (abs)        000003
__CFG_IDLOC4$                                  (abs)        000004
__CFG_IDLOC5$                                  (abs)        000005
__CFG_IDLOC6$                                  (abs)        000006
__CFG_IDLOC7$                                  (abs)        000007
__CFG_LPBOREN$OFF                              (abs)        000000
__CFG_LVP$ON                                   (abs)        000000
__CFG_MCLRE$EXTMCLR                            (abs)        000000
__CFG_PPS1WAY$ON                               (abs)        000000
__CFG_PWRTE$ON                                 (abs)        000000
__CFG_RSTOSC$EXTOSC_4PLL                       (abs)        000000
__CFG_SCANE$OFF                                (abs)        000000
__CFG_STVREN$ON                                (abs)        000000
__CFG_WDTCCS$LFINTOSC                          (abs)        000000
__CFG_WDTCPS$WDTCPS_11                         (abs)        000000
__CFG_WDTCWS$WDTCWS_7                          (abs)        000000
__CFG_WDTE$NSLEEP                              (abs)        000000
__CFG_WRT0$ON                                  (abs)        000000
__CFG_WRT1$ON                                  (abs)        000000
__CFG_WRT2$ON                                  (abs)        000000
__CFG_WRT3$ON                                  (abs)        000000
__CFG_WRT4$ON                                  (abs)        000000
__CFG_WRT5$ON                                  (abs)        000000
__CFG_WRT6$ON                                  (abs)        000000
__CFG_WRT7$ON                                  (abs)        000000
__CFG_WRTB$ON                                  (abs)        000000
__CFG_WRTC$ON                                  (abs)        000000
__CFG_WRTD$OFF                                 (abs)        000000
__CFG_XINST$OFF                                (abs)        000000
__CFG_ZCD$OFF                                  (abs)        000000
__HRAM                                         (abs)        000000
__Habs1                                        abs1         000000
__Hbank0                                       bank0        000000
__Hbank1                                       bank1        000000
__Hbank10                                      bank10       000000
__Hbank11                                      bank11       000000
__Hbank12                                      bank12       000000
__Hbank13                                      bank13       000000
__Hbank2                                       bank2        000000
__Hbank3                                       bank3        000000
__Hbank4                                       bank4        000000
__Hbank5                                       bank5        000000
__Hbank6                                       bank6        000000
__Hbank7                                       bank7        000000
__Hbank8                                       bank8        000000
__Hbank9                                       bank9        000000
__Hbigbss                                      bigbss       000000
__Hbigdata                                     bigdata      000000
__Hbigram                                      bigram       000000
__HbitbssBANK0                                 bitbssBANK0  000000
__HbitbssCOMRAM                                bitbssCOMRAM 000000
__Hbss                                         bss          000000
__HbssBANK0                                    bssBANK0     000000
__HbssBANK1                                    bssBANK1     000000
__HbssBANK2                                    bssBANK2     000000
__HbssBANK3                                    bssBANK3     000000
__Hcinit                                       cinit        000000
__Hclrtext                                     clrtext      000000
__Hcomram                                      comram       000000
__Hconfig                                      config       30000C
__Hconst                                       const        000000
__HcstackBANK0                                 cstackBANK0  000000
__HcstackBANK1                                 cstackBANK1  000000
__HcstackBANK2                                 cstackBANK2  000000
__HcstackBANK3                                 cstackBANK3  000000
__HcstackCOMRAM                                cstackCOMRAM 000000
__Hdata                                        data         000000
__HdataBANK0                                   dataBANK0    000000
__HdataBANK1                                   dataBANK1    000000
__HdataBANK2                                   dataBANK2    000000
__Heeprom_data                                 eeprom_data  000000
__Hfarbss                                      farbss       000000
__Hfardata                                     fardata      000000
__Hibigdata                                    ibigdata     000000
__Hidata                                       idata        000000
__HidataBANK0                                  idataBANK0   000000
__HidataBANK1                                  idataBANK1   000000
__HidataBANK2                                  idataBANK2   000000
__Hidloc                                       idloc        200010
__Hifardata                                    ifardata     000000
__Hinit                                        init         000102
__Hintcode                                     intcode      00000E
__Hintcode_body                                intcode_body 000000
__Hintcodelo                                   intcodelo    0000FE
__Hintentry                                    intentry     000000
__Hintret                                      intret       000000
__Hintsave_regs                                intsave_regs 000000
__Hirdata                                      irdata       000000
__Hmediumconst                                 mediumconst  010000
__HnvBANK2                                     nvBANK2      000000
__HnvFARRAM                                    nvFARRAM     000000
__Hnvbit                                       nvbit        000000
__Hnvrram                                      nvrram       000000
__Hparam                                       rparam       000000
__Hpowerup                                     powerup      0000FE
__Hram                                         ram          000000
__Hramtop                                      ramtop       000E00
__Hrbit                                        rbit         000000
__Hrbss                                        rbss         000000
__Hrdata                                       rdata        000000
__Hreset_vec                                   reset_vec    000004
__Hrparam                                      rparam       000000
__Hsfr                                         sfr          000000
__Hsmallconst                                  smallconst   000000
__Hspace_0                                     (abs)        30000C
__Hspace_1                                     (abs)        0007D9
__Hspace_2                                     (abs)        000000
__Hstack                                       stack        000000
__Hstruct                                      struct       000000
__Htemp                                        temp         000060
__Htext                                        text         000000
__Htext0                                       text0        000000
__Htext1                                       text1        000000
__Htext10                                      text10       000000
__Htext100                                     text100      000000
__Htext101                                     text101      000000
__Htext102                                     text102      000000
__Htext103                                     text103      000000
__Htext104                                     text104      000000
__Htext105                                     text105      000000
__Htext106                                     text106      000000
__Htext107                                     text107      000000
__Htext108                                     text108      000000
__Htext109                                     text109      000000
__Htext11                                      text11       000000
__Htext110                                     text110      000000
__Htext111                                     text111      000000
__Htext112                                     text112      000000
__Htext113                                     text113      000000
__Htext114                                     text114      000000
__Htext115                                     text115      000000
__Htext116                                     text116      000000
__Htext117                                     text117      000000
__Htext118                                     text118      000000
__Htext119                                     text119      000000
__Htext12                                      text12       000000
__Htext120                                     text120      000000
__Htext121                                     text121      000000
__Htext122                                     text122      000000
__Htext123                                     text123      000000
__Htext124                                     text124      000000
__Htext125                                     text125      000000
__Htext126                                     text126      000000
__Htext127                                     text127      000000
__Htext128                                     text128      000000
__Htext129                                     text129      000000
__Htext13                                      text13       000000
__Htext130                                     text130      000000
__Htext131                                     text131      000000
__Htext132                                     text132      000000
__Htext133                                     text133      000000
__Htext134                                     text134      000000
__Htext135                                     text135      000000
__Htext136                                     text136      000000
__Htext137                                     text137      000000
__Htext138                                     text138      000000
__Htext139                                     text139      000000
__Htext14                                      text14       000000
__Htext140                                     text140      000000
__Htext141                                     text141      000000
__Htext142                                     text142      000000
__Htext143                                     text143      000000
__Htext144                                     text144      000000
__Htext145                                     text145      000000
__Htext146                                     text146      000000
__Htext147                                     text147      000000
__Htext148                                     text148      000000
__Htext149                                     text149      000000
__Htext15                                      text15       000000
__Htext150                                     text150      000000
__Htext151                                     text151      000000
__Htext152                                     text152      000000
__Htext16                                      text16       000000
__Htext17                                      text17       000000
__Htext18                                      text18       000000
__Htext19                                      text19       000000
__Htext2                                       text2        000000
__Htext20                                      text20       000000
__Htext21                                      text21       000000
__Htext22                                      text22       000000
__Htext23                                      text23       000000
__Htext24                                      text24       000000
__Htext25                                      text25       000000
__Htext26                                      text26       000000
__Htext27                                      text27       000000
__Htext28                                      text28       000000
__Htext29                                      text29       000000
__Htext3                                       text3        000000
__Htext30                                      text30       000000
__Htext31                                      text31       000000
__Htext32                                      text32       000000
__Htext33                                      text33       000000
__Htext34                                      text34       000000
__Htext35                                      text35       000000
__Htext36                                      text36       000000
__Htext37                                      text37       000000
__Htext38                                      text38       000000
__Htext39                                      text39       000000
__Htext4                                       text4        000000
__Htext40                                      text40       000000
__Htext41                                      text41       000000
__Htext42                                      text42       000000
__Htext43                                      text43       000000
__Htext44                                      text44       000000
__Htext45                                      text45       000000
__Htext46                                      text46       000000
__Htext47                                      text47       000000
__Htext48                                      text48       000000
__Htext49                                      text49       000000
__Htext5                                       text5        000000
__Htext50                                      text50       000000
__Htext51                                      text51       000000
__Htext52                                      text52       000000
__Htext53                                      text53       000000
__Htext54                                      text54       000000
__Htext55                                      text55       000000
__Htext56                                      text56       000000
__Htext57                                      text57       000000
__Htext58                                      text58       000000
__Htext59                                      text59       000000
__Htext6                                       text6        000000
__Htext60                                      text60       000000
__Htext61                                      text61       000000
__Htext62                                      text62       000000
__Htext63                                      text63       000000
__Htext64                                      text64       000000
__Htext65                                      text65       000000
__Htext66                                      text66       000000
__Htext67                                      text67       000000
__Htext68                                      text68       000000
__Htext69                                      text69       000000
__Htext7                                       text7        000000
__Htext70                                      text70       000000
__Htext71                                      text71       000000
__Htext72                                      text72       000000
__Htext73                                      text73       000000
__Htext74                                      text74       000000
__Htext75                                      text75       000000
__Htext76                                      text76       000000
__Htext77                                      text77       000000
__Htext79                                      text79       000000
__Htext8                                       text8        000000
__Htext80                                      text80       000000
__Htext81                                      text81       000000
[...]
		line 216 in file "mcc_generated_files/adcc.c"
 Parameters:    Size  Location     Type
		None
 Auto vars:     Size  Location     Type
		None
 Return value:  Size  Location     Type
                  1    wreg      unsigned char 
 Registers used:
		wreg
 Tracked objects:
		On entry : 
		On exit  : 
		Unchanged: 
 Data sizes:     COMRAM   BANK0   BANK1   BANK2   BANK3   BANK4   BANK5   BANK6   BANK7   BANK8   BANK9  BANK10  BANK11  BANK12  BANK13
      Params:         0       0       0       0       0       0       0       0       0       0       0       0       0       0       0
      Locals:         0       0       0       0       0       0       0       0       0       0       0       0       0       0       0
      Temps:          0       0       0       0       0       0       0       0       0       0       0       0       0       0       0
      Totals:         0       0       0       0       0       0       0       0       0       0       0       0       0       0       0
Total ram usage:        0 bytes
 Hardware stack levels used:    1
 This function calls:
		Nothing
 This function is called by:
		_ADCPostProcessingCallback
 This function uses a non-reentrant model


 *************** function _ADCC_GetFilterValue *****************
 Defined at:
		line 222 in file "mcc_generated_files/adcc.c"
 Parameters:    Size  Location     Type
		None
 Auto vars:     Size  Location     Type
		None
 Return value:  Size  Location     Type
                  2    0[COMRAM] unsigned int 
 Registers used:
		wreg, status,2, status,0
 Tracked objects:
		On entry : 
		On exit  : 
		Unchanged: 
 Data sizes:     COMRAM   BANK0   BANK1   BANK2   BANK3   BANK4   BANK5   BANK6   BANK7   BANK8   BANK9  BANK10  BANK11  BANK12  BANK13
      Params:         2       0       0       0       0       0       0       0       0       0       0       0       0       0       0
      Locals:         0       0       0       0       0       0       0       0       0       0       0       0       0       0       0
      Temps:          2       0       0       0       0       0       0       0       0       0       0       0       0       0       0
      Totals:         4       0       0       0       0       0       0       0       0       0       0       0       0       0       0
Total ram usage:        4 bytes
 Hardware stack levels used:    1
 This function calls:
		Nothing
 This function is called by:
		_ADCPostProcessingCallback
 This function uses a non-reentrant model


 *************** function _ADCC_GetConversionResult *****************
 Defined at:
		line 130 in file "mcc_generated_files/adcc.c"
 Parameters:    Size  Location     Type
		None
 Auto vars:     Size  Location     Type
		None
 Return value:  Size  Location     Type
                  2    0[COMRAM] unsigned int 
 Registers used:
		wreg, status,2, status,0
 Tracked objects:
		On entry : 
		On exit  : 
		Unchanged: 
 Data sizes:     COMRAM   BANK0   BANK1   BANK2   BANK3   BANK4   BANK5   BANK6   BANK7   BANK8   BANK9  BANK10  BANK11  BANK12  BANK13
      Params:         2       0       0       0       0       0       0       0       0       0       0       0       0       0       0
      Locals:         0       0       0       0       0       0       0       0       0       0       0       0       0       0       0
      Temps:          2       0       0       0       0       0       0       0       0       0       0       0       0       0       0
      Totals:         4       0       0       0       0       0       0       0       0       0       0       0       0       0       0
Total ram usage:        4 bytes
 Hardware stack levels used:    1
 This function calls:
		Nothing
 This function is called by:
		_ADCPostProcessingCallback
 This function uses a non-reentrant model



MODULE INFORMATION

Module		Function		Class		Link	Load	Size
C:\Program Files (x86)\Microchip\xc8\v1.45\sources\common\asin.c
		_asin          		CODE           	155B0	0000	773

C:\Program Files (x86)\Microchip\xc8\v1.45\sources\common\asin.c estimated size: 773

C:\Program Files (x86)\Microchip\xc8\v1.45\sources\common\sprcdiv.c
		___fldiv       		CODE           	1613C	0000	695

C:\Program Files (x86)\Microchip\xc8\v1.45\sources\common\sprcdiv.c estimated size: 695

C:\Program Files (x86)\Microchip\xc8\v1.45\sources\common\sprcsqrt.c
		_sqrt          		CODE           	15BAE	0000	713

C:\Program Files (x86)\Microchip\xc8\v1.45\sources\common\sprcsqrt.c estimated size: 713

C:\Program Files (x86)\Microchip\xc8\v1.45\sources\common\flge.c
		___flge        		CODE           	179F0	0000	291

C:\Program Files (x86)\Microchip\xc8\v1.45\sources\common\flge.c estimated size: 291

mcc_generated_files/tmr6.c
		_TMR6_ISR      		CODE           	195EC	0000	41
		_TMR6_Initialize		CODE           	194AA	0000	51
		_TMR6_SetInterruptHandler		CODE           	19936	0000	15
		_TMR6_DefaultInterruptHandler		CODE           	19A0C	0000	3

mcc_generated_files/tmr6.c estimated size: 110

mcc_generated_files/eusart2.c
		_putch         		CODE           	1991A	0000	15
		_EUSART2_Read  		CODE           	190A2	0000	73
		_EUSART2_Write 		CODE           	18FC0	0000	77
		_EUSART2_Receive_ISR		CODE           	18352	0000	175
		_EUSART2_Transmit_ISR		CODE           	1940C	0000	55
		_EUSART2_SetRxInterruptHandler		CODE           	1997C	0000	15
		_EUSART2_SetTxInterruptHandler		CODE           	1996E	0000	15
		_EUSART2_Initialize		CODE           	18A86	0000	107

mcc_generated_files/eusart2.c estimated size: 532

C:\Program Files (x86)\Microchip\xc8\v1.45\sources\common\doprnt.c
		_scale         		CODE           	13C06	0000	1189
		_printf        		CODE           	1159A	0000	3535
		_fround        		CODE           	15E76	0000	711

C:\Program Files (x86)\Microchip\xc8\v1.45\sources\common\doprnt.c estimated size: 5435

mcc_generated_files/fvr.c
		_FVR_Initialize		CODE           	199D2	0000	9

mcc_generated_files/fvr.c estimated size: 9

mcc_generated_files/tmr4.c
		_TMR4_ISR      		CODE           	19688	0000	39
		_TMR4_Initialize		CODE           	1953C	0000	49
		_TMR4_SetInterruptHandler		CODE           	19952	0000	15
		_TMR4_DefaultInterruptHandler		CODE           	19A10	0000	3
		_TMR4_CallBack 		CODE           	196F8	0000	37

mcc_generated_files/tmr4.c estimated size: 143

mcc_generated_files/interrupt_manager.c
		_INTERRUPT_Initialize		CODE           	19846	0000	25
		_INTERRUPT_InterruptManagerLow		CODE           	0018	0000	231
		_INTERRUPT_InterruptManagerHigh		CODE           	0008	0000	247

mcc_generated_files/interrupt_manager.c estimated size: 503

C:\Program Files (x86)\Microchip\xc8\v1.45\sources\common\Umul16.c
		___wmul        		CODE           	195C4	0000	41

C:\Program Files (x86)\Microchip\xc8\v1.45\sources\common\Umul16.c estimated size: 41

double_to_EEPROM.c
		_readDoubleFromEEPROM		CODE           	18D92	0000	83
		_writeDoubleToEEPROM		CODE           	18E86	0000	81

double_to_EEPROM.c estimated size: 164

C:\Program Files (x86)\Microchip\xc8\v1.45\sources\common\frexp.c
		_frexp         		CODE           	188BC	0000	123

C:\Program Files (x86)\Microchip\xc8\v1.45\sources\common\frexp.c estimated size: 123

mcc_generated_files/pin_manager.c
		_PIN_MANAGER_Initialize		CODE           	18296	0000	189

mcc_generated_files/pin_manager.c estimated size: 189

C:\Program Files (x86)\Microchip\xc8\v1.45\sources\common\fabs.c
		_fabs          		CODE           	192BA	0000	61

C:\Program Files (x86)\Microchip\xc8\v1.45\sources\common\fabs.c estimated size: 61

C:\Program Files (x86)\Microchip\xc8\v1.45\sources\common\isdigit.c
		_isdigit       		CODE           	19740	0000	35

C:\Program Files (x86)\Microchip\xc8\v1.45\sources\common\isdigit.c estimated size: 35

C:\Program Files (x86)\Microchip\xc8\v1.45\sources\common\sprcadd.c
		___flsub       		CODE           	190EA	0000	73
		___fladd       		CODE           	14F34	0000	831

C:\Program Files (x86)\Microchip\xc8\v1.45\sources\common\sprcadd.c estimated size: 904

C:\Program Files (x86)\Microchip\xc8\v1.45\sources\common\floor.c
		_floor         		CODE           	17C32	0000	275

C:\Program Files (x86)\Microchip\xc8\v1.45\sources\common\floor.c estimated size: 275

C:\Program Files (x86)\Microchip\xc8\v1.45\sources\common\ftdivl.c
		__tdiv_to_l_   		CODE           	17414	0000	309

C:\Program Files (x86)\Microchip\xc8\v1.45\sources\common\ftdivl.c estimated size: 309

C:\Program Files (x86)\Microchip\xc8\v1.45\sources\common\awmod.c
		___awmod       		CODE           	18936	0000	115

C:\Program Files (x86)\Microchip\xc8\v1.45\sources\common\awmod.c estimated size: 115

C:\Program Files (x86)\Microchip\xc8\v1.45\sources\common\strstr.c
		_strstr        		CODE           	18522	0000	141

C:\Program Files (x86)\Microchip\xc8\v1.45\sources\common\strstr.c estimated size: 141

device_IDs.c
		_getDeviceID   		CODE           	19762	0000	33
		_getUserID     		CODE           	1917A	0000	69
		_getMinorRevisionID		CODE           	1963C	0000	39
		_getDeviceIDString		CODE           	18C26	0000	97
		_getMajorRevisionID		CODE           	1927E	0000	61

device_IDs.c estimated size: 299

C:\Program Files (x86)\Microchip\xc8\v1.45\sources\common\acos.c
		_acos          		CODE           	18A18	0000	111

C:\Program Files (x86)\Microchip\xc8\v1.45\sources\common\acos.c estimated size: 111

C:\Program Files (x86)\Microchip\xc8\v1.45\sources\common\llmod.c
		___llmod       		CODE           	18B58	0000	105

C:\Program Files (x86)\Microchip\xc8\v1.45\sources\common\llmod.c estimated size: 105

C:\Program Files (x86)\Microchip\xc8\v1.45\sources\common\fldivl.c
		__div_to_l_    		CODE           	1767A	0000	299

C:\Program Files (x86)\Microchip\xc8\v1.45\sources\common\fldivl.c estimated size: 299

C:\Program Files (x86)\Microchip\xc8\v1.45\sources\common\fltol.c
		___fltol       		CODE           	17F34	0000	223

C:\Program Files (x86)\Microchip\xc8\v1.45\sources\common\fltol.c estimated size: 223

mcc_generated_files/ext_int.c
		_INT0_SetInterruptHandler		CODE           	19960	0000	15
		_EXT_INT_Initialize		CODE           	19782	0000	31
		_INT0_DefaultInterruptHandler		CODE           	19A12	0000	3
		_INT0_CallBack 		CODE           	1971C	0000	37
		_INT0_ISR      		CODE           	199BE	0000	11

mcc_generated_files/ext_int.c estimated size: 97

C:\Program Files (x86)\Microchip\xc8\v1.45\sources\common\atoi.c
		_atoi          		CODE           	180F0	0000	217

C:\Program Files (x86)\Microchip\xc8\v1.45\sources\common\atoi.c estimated size: 217

mcc_generated_files/tmr7.c
		_TMR7_DefaultInterruptHandler		CODE           	19A0A	0000	3
		_TMR7_WriteTimer		CODE           	19662	0000	39
		_TMR7_ISR      		CODE           	19442	0000	53
		_TMR7_Initialize		CODE           	18D3E	0000	85
		_TMR7_SetInterruptHandler		CODE           	19928	0000	15
		_TMR7_StopTimer		CODE           	199E8	0000	7

mcc_generated_files/tmr7.c estimated size: 202

mcc_generated_files/hlvd.c
		_HLVD_ISR      		CODE           	19368	0000	57
		_HLVD_Initialize		CODE           	1990A	0000	17

mcc_generated_files/hlvd.c estimated size: 74

mcc_generated_files/tmr5.c
		_TMR5_ISR      		CODE           	19476	0000	53
		_TMR5_Initialize		CODE           	18ED6	0000	81
		_TMR5_SetInterruptHandler		CODE           	19944	0000	15
		_TMR5_StopTimer		CODE           	199FA	0000	5
		_TMR5_DefaultInterruptHandler		CODE           	19A0E	0000	3
		_TMR5_WriteTimer		CODE           	197F6	0000	29
		_TMR5_StartTimer		CODE           	19A02	0000	5

mcc_generated_files/tmr5.c estimated size: 191

shared
		i2_writeDoubleToEEPROM		CODE           	1900C	0000	77
		i2_DATAEE_WriteByte		CODE           	192F6	0000	59
		i2_printf      		CODE           	12368	0000	3525
		i2_readDoubleFromEEPROM		CODE           	18F26	0000	79
		i2_putch       		CODE           	199C8	0000	11
		__powers_      		MEDIUMCONST    	D45F	0000	53
		_dpowers       		MEDIUMCONST    	D4C7	0000	41
		i2_isdigit     		CODE           	197A0	0000	31
		i2___flneg     		CODE           	1956C	0000	47
		atan@coeff_a   		MEDIUMCONST    	D51D	0000	25
		atan@coeff_b   		MEDIUMCONST    	D549	0000	21
		i2___awdiv     		CODE           	186B8	0000	133
		i2___fladd     		CODE           	15272	0000	831
		i2__tdiv_to_l_ 		CODE           	17548	0000	307
		i2___wmul      		CODE           	196AE	0000	39
		i2___fldiv     		CODE           	163F2	0000	693
		i2__div_to_l_  		CODE           	177A4	0000	297
		__npowers_     		MEDIUMCONST    	D493	0000	53
		i2___fltol     		CODE           	18012	0000	223
		i2_TMR7_StopTimer		CODE           	199F4	0000	7
		i2_scale       		CODE           	140AA	0000	1153
		i2___lldiv     		CODE           	187BE	0000	131
		__initialization		CODE           	18400	0000	137
		i2___flge      		CODE           	17B12	0000	289
		i2___awmod     		CODE           	189A8	0000	113
		i2_EUSART2_Write		CODE           	19058	0000	75
		_max_Temp_ADC_Result_address		MEDIUMCONST    	D511	0000	3
		_max_Irms_address		MEDIUMCONST    	D519	0000	3
		_max_POS12_ADC_Result_address		MEDIUMCONST    	D513	0000	3
		i2___flmul     		CODE           	14BE4	0000	849
		_hexpowers     		MEDIUMCONST    	D4EF	0000	33
		i2___llmod     		CODE           	18BC0	0000	103
		i2___xxtofl    		CODE           	1718E	0000	337
		_Total_Energy_address		MEDIUMCONST    	D51B	0000	3
		i2_DATAEE_ReadByte		CODE           	1985E	0000	25
		i2___flsub     		CODE           	19132	0000	73
		i2_TMR5_StopTimer		CODE           	199FE	0000	5
		_max_Power_address		MEDIUMCONST    	D517	0000	3
		i2_fround      		CODE           	166A6	0000	687
		sin@coeff_a    		MEDIUMCONST    	D535	0000	21
		sin@coeff_b    		MEDIUMCONST    	D55D	0000	17
		_max_POS3P3_ADC_Result_address		MEDIUMCONST    	D515	0000	3
		_max_FVR_ADC_Result_address		MEDIUMCONST    	D50F	0000	3

shared estimated size: 10621

mcc_generated_files/mcc.c
		_PMD_Initialize		CODE           	197BE	0000	29
		_OSCILLATOR_Initialize		CODE           	197DA	0000	29
		_SYSTEM_Initialize		CODE           	193D6	0000	55

mcc_generated_files/mcc.c estimated size: 113

ring_buffer_interface.c
		_terminal_ringBufferPull		CODE           	178CC	0000	293
		_terminal_textAttributes		CODE           	1452A	0000	873
		_terminal_textAttributesReset		CODE           	198B6	0000	19
		_terminal_setCursorHome		CODE           	198DA	0000	17
		_terminal_printNewline		CODE           	198EA	0000	17
		_terminal_clearTerminal		CODE           	198FA	0000	17

ring_buffer_interface.c estimated size: 1236

C:\Program Files (x86)\Microchip\xc8\v1.45\sources\common\atan.c
		_atan          		CODE           	16E04	0000	567

C:\Program Files (x86)\Microchip\xc8\v1.45\sources\common\atan.c estimated size: 567

cause_of_reset.c
		_getCauseOfResetString		CODE           	194DC	0000	49
		_getCauseOfReset		CODE           	18DE4	0000	83

cause_of_reset.c estimated size: 132

C:\Program Files (x86)\Microchip\xc8\v1.45\sources\common\awdiv.c
		___awdiv       		CODE           	185AE	0000	135

C:\Program Files (x86)\Microchip\xc8\v1.45\sources\common\awdiv.c estimated size: 135

C:\Program Files (x86)\Microchip\xc8\v1.45\sources\common\strcat.c
		_strcat        		CODE           	18F74	0000	77

C:\Program Files (x86)\Microchip\xc8\v1.45\sources\common\strcat.c estimated size: 77

C:\Program Files (x86)\Microchip\xc8\v1.45\sources\common\evalpoly.c
		_eval_poly     		CODE           	17D44	0000	257

C:\Program Files (x86)\Microchip\xc8\v1.45\sources\common\evalpoly.c estimated size: 257

mcc_generated_files/memory.c
		_FLASH_ReadWord		CODE           	191BE	0000	67
		_FLASH_ReadByte		CODE           	19812	0000	27
		_DATAEE_WriteByte		CODE           	19240	0000	63
		_DATAEE_ReadByte		CODE           	1982C	0000	27

mcc_generated_files/memory.c estimated size: 184

C:\Program Files (x86)\Microchip\xc8\v1.45\sources\common\sin.c
		_sin           		CODE           	158B4	0000	763

C:\Program Files (x86)\Microchip\xc8\v1.45\sources\common\sin.c estimated size: 763

C:\Program Files (x86)\Microchip\xc8\v1.45\sources\common\abs.c
		_abs           		CODE           	1959A	0000	43

C:\Program Files (x86)\Microchip\xc8\v1.45\sources\common\abs.c estimated size: 43

C:\Program Files (x86)\Microchip\xc8\v1.45\sources\common\lldiv.c
		___lldiv       		CODE           	18634	0000	133

C:\Program Files (x86)\Microchip\xc8\v1.45\sources\common\lldiv.c estimated size: 133

ring_buffer_LUT.c
		_ringBufferLUT 		CODE           	10000	0000	5531

ring_buffer_LUT.c estimated size: 5531

C:\Program Files (x86)\Microchip\xc8\v1.45\sources\common\xxtofl.c
		___xxtofl      		CODE           	1703A	0000	341

C:\Program Files (x86)\Microchip\xc8\v1.45\sources\common\xxtofl.c estimated size: 341

mcc_generated_files/adcc.c
		_ADCC_StopConversion		CODE           	19A06	0000	5
		_ADCC_DefaultInterruptHandler		CODE           	19A14	0000	3
		_ADCC_ClearAccumulator		CODE           	199EE	0000	7
		_ADCC_GetFilterValue		CODE           	1988E	0000	21
		_ADCC_SetADTIInterruptHandler		CODE           	1998A	0000	15
		_ADCC_GetConversionResult		CODE           	198A2	0000	21
		_ADCC_ThresholdISR		CODE           	19614	0000	41
		_ADCC_StartConversion		CODE           	19998	0000	15
		_ADCC_Initialize		CODE           	18C86	0000	97
		_ADCC_HasAccumulatorOverflowed		CODE           	199B2	0000	13
		_ADCC_DischargeSampleCapacitor		CODE           	199DA	0000	9

mcc_generated_files/adcc.c estimated size: 247

C:\Program Files (x86)\Microchip\xc8\v1.45\sources\common\flneg.c
		___flneg       		CODE           	1950C	0000	49

C:\Program Files (x86)\Microchip\xc8\v1.45\sources\common\flneg.c estimated size: 49

main.c
		_dimmingOffTimeCallback		CODE           	19876	0000	25
		_saveSRAMMaxToEEPROM		CODE           	16954	0000	615
		_acquisitionTimerCallback		CODE           	198C8	0000	19
		_main          		CODE           	181C8	0000	207
		_heartbeatTimerCallback		CODE           	19200	0000	65
		_currentMeasuredToPeak		CODE           	18840	0000	125
		_recoverSRAMMaxFromEEPROM		CODE           	172DE	0000	311
		_dimmingOnTimeCallback		CODE           	199A6	0000	13
		_ADCPostProcessingCallback		CODE           	1312C	0000	2779
		_writeEnergyToEEPROMCallback		CODE           	1873C	0000	131
		_peakToRMS     		CODE           	16BBA	0000	587

main.c estimated size: 4877

C:\Program Files (x86)\Microchip\xc8\v1.45\sources\common\strlen.c
		_strlen        		CODE           	18CE6	0000	89

C:\Program Files (x86)\Microchip\xc8\v1.45\sources\common\strlen.c estimated size: 89

C:\Program Files (x86)\Microchip\xc8\v1.45\sources\common\strcmp.c
		_strcmp        		CODE           	18E36	0000	81

C:\Program Files (x86)\Microchip\xc8\v1.45\sources\common\strcmp.c estimated size: 81

C:\Program Files (x86)\Microchip\xc8\v1.45\sources\common\strchr.c
		_strchr        		CODE           	19330	0000	57

C:\Program Files (x86)\Microchip\xc8\v1.45\sources\common\strchr.c estimated size: 57

C:\Program Files (x86)\Microchip\xc8\v1.45\sources\common\strcpy.c
		_strcpy        		CODE           	193A0	0000	55

C:\Program Files (x86)\Microchip\xc8\v1.45\sources\common\strcpy.c estimated size: 55

C:\Program Files (x86)\Microchip\xc8\v1.45\sources\common\strncmp.c
		_strncmp       		CODE           	18492	0000	145

C:\Program Files (x86)\Microchip\xc8\v1.45\sources\common\strncmp.c estimated size: 145

C:\Program Files (x86)\Microchip\xc8\v1.45\sources\common\sprcmul.c
		___flmul       		CODE           	14892	0000	851

C:\Program Files (x86)\Microchip\xc8\v1.45\sources\common\sprcmul.c estimated size: 851

C:\Program Files (x86)\Microchip\xc8\v1.45\sources\common\strncpy.c
		_strncpy       		CODE           	18AF0	0000	105

C:\Program Files (x86)\Microchip\xc8\v1.45\sources\common\strncpy.c estimated size: 105

