Microchip MPLAB XC8 Compiler V1.45 ()

Linker command line:

-W-3 --edf=C:\Program Files (x86)\Microchip\xc8\v1.45\dat\en_msgs.txt -cs \
  -h+dist/default/production\AC_Power_Meter.X.production.sym \
  --cmf=dist/default/production\AC_Power_Meter.X.production.cmf -z \
  -Q18LF67K40 -oC:\Users\DREWMA~1\AppData\Local\Temp\s82g.2 \
  -Mdist/default/production/AC_Power_Meter.X.production.map -E1 -ver=XC8 \
  --acfsm=1493 -ASTACK=0680h-0de9h -pstack=STACK -ACODE=00h-01FFFFh \
  -ACONST=00h-01FFFFh -ASMALLCONST=0E00h-0EFFhx498 \
  -AMEDIUMCONST=0E00h-0FFFFh,010E00h-01FFFFh -ACOMRAM=01h-05Fh \
  -AABS1=00h-0DE9h -ABIGRAM=01h-0DE9h \
  -ARAM=060h-0FFh,0100h-01FFhx12,0D00h-0DE9h -ABANK0=060h-0FFh \
  -ABANK1=0100h-01FFh -ABANK2=0200h-02FFh -ABANK3=0300h-03FFh \
  -ABANK4=0400h-04FFh -ABANK5=0500h-05FFh -ABANK6=0600h-06FFh \
  -ABANK7=0700h-07FFh -ABANK8=0800h-08FFh -ABANK9=0900h-09FFh \
  -ABANK10=0A00h-0AFFh -ABANK11=0B00h-0BFFh -ABANK12=0C00h-0CFFh \
  -ABANK13=0D00h-0DE9h \
  -ASFR=0DEFh-0DFFh,0E00h-0EFFh,0F00h-0F5Fh,0F60h-0FFFh \
  -preset_vec=00h,intcode=08h,intcodelo=018h,powerup,init -pramtop=0E00h \
  -psmallconst=SMALLCONST -pmediumconst=MEDIUMCONST -pconst=CONST \
  -AFARRAM=00h-00h -ACONFIG=0300000h-030000Bh -pconfig=CONFIG \
  -AIDLOC=0200000h-020000Fh -pidloc=IDLOC -AEEDATA=0310000h-03103FFh \
  -peeprom_data=EEDATA \
  -prdata=COMRAM,nvrram=COMRAM,nvbit=COMRAM,rbss=COMRAM,rbit=COMRAM \
  -pfarbss=FARRAM,fardata=FARRAM,nvFARRAM=FARRAM \
  -pintsave_regs=BIGRAM,bigbss=BIGRAM,bigdata=BIGRAM -pbss=RAM \
  -pidata=CODE,irdata=CODE,ibigdata=CODE,ifardata=CODE -prparam=COMRAM \
  C:\Users\DREWMA~1\AppData\Local\Temp\s82g.obj \
  dist/default/production\AC_Power_Meter.X.production.obj 

Object code version is 3.11

Machine type is 18LF67K40

Call graph: (short form)




                Name                               Link     Load   Length Selector   Space Scale
C:\Users\DREWMA~1\AppData\Local\Temp\s82g.obj
                init                                10A      10A        4        C       0
                reset_vec                             0        0        4        0       0
                idloc                            200000   200000       10   200000       0
                config                           300000   300000        C   300000       0
dist/default/production\AC_Power_Meter.X.production.obj
                intcodelo                            18       18       F2        C       0
                intcode                               8        8        6        4       0
                temp                                 5F       5F        1        1       1
                mediumconst                        CCDE     CCDE     3322     666F       0
                text259                            3346     3346       14        C       0
                text258                            353C     353C        4        C       0
                text257                            3332     3332       14        C       0
                text256                            349A     349A        C        C       0
                text255                            3538     3538        4        C       0
                text254                            2E7C     2E7C       2A        C       0
                text253                           1B246    1B246      33E     8000       0
                text252                           1F6B4    1F6B4      122     8000       0
                text251                             49A      49A       DC        C       0
                text250                           1EAD4    1EAD4      150     8000       0
                text249                            17C2     17C2       7A        C       0
                text248                           1F8F2    1F8F2      114     8000       0
                text247                           1D504    1D504      2B6     8000       0
                text246                            2E4E     2E4E       2E        C       0
                text245                            25DC     25DC       48        C       0
                text244                           1A87A    1A87A      350     8000       0
                text243                           1FD0E    1FD0E      100     8000       0
                text242                           1BEB4    1BEB4      300     8000       0
                text241                            1652     1652       7C        C       0
                text240                            2ADE     2ADE       3C        C       0
                text239                           1E5F4    1E5F4      238     8000       0
                text238                           1C744    1C744      2C8     8000       0
                text237                           1BBA4    1BBA4      310     8000       0
                text236                            1A70     1A70       70        C       0
                text235                           1DF3A    1DF3A      24A     8000       0
                text234                           17528    17528      AE4     8000       0
                text233                            354C     354C        2        C       0
                text232                            2F1E     2F1E       28        C       0
                text231                            14D4     14D4       82        C       0
                text230                            1DB8     1DB8       66        C       0
                text229                            3050     3050       26        C       0
                text228                           1F348    1F348      128     8000       0
                text227                           1EFC2    1EFC2      132     8000       0
                text226                            1450     1450       84        C       0
                text225                            1A00     1A00       70        C       0
                text224                           1D7BA    1D7BA      2AE     8000       0
                text223                            31E2     31E2       1E        C       0
                text222                            23DE     23DE       4C        C       0
                text221                            34D8     34D8        A        C       0
                text220                           199EE    199EE      480     8000       0
                text219                           13E6E    13E6E     1F20     8000       0
                text218                            2AA2     2AA2       3C        C       0
                text217                             B72      B72       B0        C       0
                text216                            2B1A     2B1A       3A        C       0
                text215                            2392     2392       4C        C       0
                text214                            2B8C     2B8C       38        C       0
                text213                            3516     3516        6        C       0
                text212                            31C4     31C4       1E        C       0
                text211                            27BC     27BC       42        C       0
                text210                           1DA68    1DA68      26C     8000       0
                text209                            3534     3534        4        C       0
                text208                            3238     3238       1C        C       0
                text207                            3304     3304       18        C       0
                text206                            354A     354A        2        C       0
                text205                            30BE     30BE       24        C       0
                text204                            34CE     34CE        A        C       0
                text203                            32EC     32EC       18        C       0
                text202                            22F8     22F8       4E        C       0
                text201                            13CC     13CC       84        C       0
                text200                            3548     3548        2        C       0
                text199                            309A     309A       24        C       0
                text198                            302A     302A       26        C       0
                text197                            3530     3530        4        C       0
                text196                            348E     348E        C        C       0
                text195                            3546     3546        2        C       0
                text194                            2C98     2C98       34        C       0
                intcode_body                      1FA06    1FA06      108     8000       0
                text192                            2BFA     2BFA       36        C       0
                text191                            34C4     34C4        A        C       0
                text190                             E20      E20       A2        C       0
                text189                            266A     266A       46        C       0
                text188                            21BE     21BE       50        C       0
                text187                             CD0      CD0       AE        C       0
                text186                             7E0      7E0       C6        C       0
                text185                            283E     283E       40        C       0
                text184                            1F2E     1F2E       58        C       0
                text183                            1CEA     1CEA       68        C       0
                text182                            2A66     2A66       3C        C       0
                text181                            1748     1748       7A        C       0
                text180                            352C     352C        4        C       0
                text179                            3510     3510        6        C       0
                text178                            3528     3528        4        C       0
                text177                            350A     350A        6        C       0
                text176                            34BA     34BA        A        C       0
                text175                            3474     3474        E        C       0
                text174                             AC2      AC2       B0        C       0
                text173                             1F6      1F6       E8        C       0
                text172                            3004     3004       26        C       0
                text171                           1D24E    1D24E      2B6     8000       0
                text170                           1F592    1F592      122     8000       0
                text169                           1AF08    1AF08      33E     8000       0
                text168                           1A528    1A528      352     8000       0
                text167                           1FC0E    1FC0E      100     8000       0
                text166                            2E1E     2E1E       30        C       0
                text165                            2938     2938       3E        C       0
                text164                           1E3BC    1E3BC      238     8000       0
                text163                           1C47C    1C47C      2C8     8000       0
                text162                           1B894    1B894      310     8000       0
                text161                            1990     1990       70        C       0
                text160                            2DEE     2DEE       30        C       0
                text159                            32A2     32A2       1A        C       0
                text158                            277A     277A       42        C       0
                text157                            3168     3168       20        C       0
                text156                            2A2A     2A2A       3C        C       0
                text155                            2FDE     2FDE       26        C       0
                text154                             3BC      3BC       DE        C       0
                text153                           1E980    1E980      154     8000       0
                text152                            15D4     15D4       7E        C       0
                text151                             F62      F62       A0        C       0
                text150                             95C      95C       B6        C       0
                text149                            2594     2594       48        C       0
                text148                            1348     1348       84        C       0
                text147                            1C82     1C82       68        C       0
                text146                            2EF6     2EF6       28        C       0
                text145                           1F21E    1F21E      12A     8000       0
                text144                           1EE8E    1EE8E      134     8000       0
                text143                            123E     123E       86        C       0
                text142                            18AE     18AE       72        C       0
                text141                           1CCD2    1CCD2      2C6     8000       0
                text140                            3126     3126       22        C       0
                text139                            22AA     22AA       4E        C       0
                text138                            3466     3466        E        C       0
                text137                           1954A    1954A      4A4     8000       0
                text136                           11F3C    11F3C     1F32     8000       0
                text135                            242A     242A       4A        C       0
                text134                            254C     254C       48        C       0
                text133                           1800C    1800C      858     8000       0
                text132                            3544     3544        2        C       0
                text131                            3076     3076       24        C       0
                text130                            2FB8     2FB8       26        C       0
                text129                            26F4     26F4       44        C       0
                text128                            3542     3542        2        C       0
                text127                            2ECE     2ECE       28        C       0
                text126                            2F92     2F92       26        C       0
                text125                            3504     3504        6        C       0
                text124                            34EA     34EA        8        C       0
                text123                            3458     3458        E        C       0
                text122                            336C     336C       12        C       0
                text121                            3540     3540        2        C       0
                text120                            2C64     2C64       34        C       0
                text118                            34B0     34B0        A        C       0
                text117                             D7E      D7E       A2        C       0
                text116                            2624     2624       46        C       0
                text115                            216E     216E       50        C       0
                text114                            1C1A     1C1A       68        C       0
                text113                            1002     1002       9A        C       0
                text112                            344A     344A        E        C       0
                text111                            1AE0     1AE0       6A        C       0
                text110                            343C     343C        E        C       0
                text109                            342E     342E        E        C       0
                text108                            1D52     1D52       66        C       0
                text107                            3420     3420        E        C       0
                text106                            31A6     31A6       1E        C       0
                text105                            34E2     34E2        8        C       0
                text104                            33AE     33AE       10        C       0
                text103                            2BC4     2BC4       36        C       0
                text102                            3188     3188       1E        C       0
                text101                            321C     321C       1C        C       0
                text100                             64E      64E       CC        C       0
                text99                             3200     3200       1C        C       0
                text98                             3412     3412        E        C       0
                text97                             2DBE     2DBE       30        C       0
                text96                             3404     3404        E        C       0
                text95                             2D8E     2D8E       30        C       0
                text94                             33F6     33F6        E        C       0
                text93                             211E     211E       50        C       0
                text92                             33E8     33E8        E        C       0
                text91                             2CCC     2CCC       32        C       0
                text90                             33DA     33DA        E        C       0
                text89                             1F86     1F86       54        C       0
                text88                             28FA     28FA       3E        C       0
                text87                             202C     202C       52        C       0
                text86                             3288     3288       1A        C       0
                text85                             1FDA     1FDA       52        C       0
                text84                            1EC24    1EC24      136     8000       0
                text83                            1F470    1F470      122     8000       0
                text82                             28BC     28BC       3E        C       0
                text81                             20CE     20CE       50        C       0
                text80                            1DCD4    1DCD4      266     8000       0
                text79                            1CF98    1CF98      2B6     8000       0
                text78                             2D5E     2D5E       30        C       0
                text77                            1ABCA    1ABCA      33E     8000       0
                text76                             2504     2504       48        C       0
                text75                              2DE      2DE       DE        C       0
                text74                             12C4     12C4       84        C       0
                text73                             1BB2     1BB2       68        C       0
                text72                             2EA6     2EA6       28        C       0
                text71                            1E82C    1E82C      154     8000       0
                text70                            1F0F4    1F0F4      12A     8000       0
                text69                            1ED5A    1ED5A      134     8000       0
                text68                             11B8     11B8       86        C       0
                text67                             183C     183C       72        C       0
                text66                            1A1D6    1A1D6      352     8000       0
                text65                            1CA0C    1CA0C      2C6     8000       0
                text64                             3104     3104       22        C       0
                text63                             225C     225C       4E        C       0
                text62                             326E     326E       1A        C       0
                text61                            190A6    190A6      4A4     8000       0
                text60                            10000    10000     1F3C     8000       0
                text59                             29EE     29EE       3C        C       0
                text58                             339E     339E       10        C       0
                text57                             220E     220E       4E        C       0
                text56                              C22      C22       AE        C       0
                text55                              71A      71A       C6        C       0
                text54                             27FE     27FE       40        C       0
                text53                             1ED6     1ED6       58        C       0
                text52                             29B2     29B2       3C        C       0
                text51                             16CE     16CE       7A        C       0
                text50                             3524     3524        4        C       0
                text49                             34FE     34FE        6        C       0
                text48                             3520     3520        4        C       0
                text47                             34F8     34F8        6        C       0
                text46                             34A6     34A6        A        C       0
                text45                             33CC     33CC        E        C       0
                text44                              A12      A12       B0        C       0
                text43                              10E      10E       E8        C       0
                text42                             2F6C     2F6C       26        C       0
                text41                            1FB0E    1FB0E      100     8000       0
                text40                             287E     287E       3E        C       0
                text39                            1E184    1E184      238     8000       0
                text38                            1C1B4    1C1B4      2C8     8000       0
                text37                            1B584    1B584      310     8000       0
                text36                             1920     1920       70        C       0
                text35                             2D2E     2D2E       30        C       0
                text34                             3254     3254       1A        C       0
                text33                             2738     2738       42        C       0
                text32                             3148     3148       20        C       0
                text31                             2976     2976       3C        C       0
                text30                             2F46     2F46       26        C       0
                text29                             1556     1556       7E        C       0
                text28                              EC2      EC2       A0        C       0
                text27                              8A6      8A6       B6        C       0
                text26                             24BC     24BC       48        C       0
                text25                             2474     2474       48        C       0
                text24                            18864    18864      842     8000       0
                text23                             351C     351C        4        C       0
                text22                              576      576       D8        C       0
                text21                             30E2     30E2       22        C       0
                text20                             33BE     33BE        E        C       0
                text19                             2C30     2C30       34        C       0
                text18                             331C     331C       16        C       0
                text17                             2CFE     2CFE       30        C       0
                text16                             1E1E     1E1E       60        C       0
                text15                             26B0     26B0       44        C       0
                text14                             207E     207E       50        C       0
                text13                             2B54     2B54       38        C       0
                text12                             1E7E     1E7E       58        C       0
                text11                             109C     109C       90        C       0
                text10                             112C     112C       8C        C       0
                text9                              338E     338E       10        C       0
                text8                              2346     2346       4C        C       0
                text7                              1B4A     1B4A       68        C       0
                text6                             19E6E    19E6E      368     8000       0
                text5                              335A     335A       12        C       0
                text4                             15D8E    15D8E     179A     8000       0
                text3                             1F7D6    1F7D6      11C     8000       0
                text2                              337E     337E       10        C       0
                text1                              32D4     32D4       18        C       0
                text0                             1FF02    1FF02       EC     8000       0
                cstackCOMRAM                          1        1       5E        1       1
                cstackBANK0                          60       60       8F       60       1
                cstackBANK1                         100      100       D6      100       1
                cstackBANK2                         200      200       76      200       1
                cstackBANK3                         300      300       E3      300       1
                cstackBANK4                         4BA      4BA       25      400       1
                cstackBANK5                         591      591       4E      500       1
                bssBANK6                            600      600       80      600       1
                dataBANK5                           5DF      5DF       12      500       1
                bssBANK5                            500      500       91      500       1
                dataBANK4                           4DF      4DF       18      400       1
                bssBANK4                            400      400       BA      400       1
                bssBANK3                            3E3      3E3        D      300       1
                dataBANK2                           2CC      2CC        C      200       1
                bssBANK2                            276      276       56      200       1
                dataBANK1                           1EB      1EB        1      100       1
                bssBANK1                            1D6      1D6       15      100       1
                dataBANK0                            F7       F7        6       60       1
                bssBANK0                             EF       EF        8       60       1
                bitbssBANK0                         7E8       FD        2       60       1     8
                cinit                             1FE0E    1FE0E       F4     8000       0
                nvBANK2                             2D8      2D8        1      200       1
                idataBANK5                        1FFEE    1FFEE       12     8000       0
                idataBANK4                         32BC     32BC       18        C       0
                idataBANK2                         3482     3482        C        C       0
                idataBANK1                         354E     354E        1        C       0
                idataBANK0                         34F2     34F2        6        C       0

TOTAL           Name                               Link     Load   Length     Space
        CLASS   STACK          

        CLASS   CODE           
                intcodelo                            18       18       F2         0
                intcode                               8        8        6         0
                init                                10A      10A        4         0
                reset_vec                             0        0        4         0
                text259                            3346     3346       14         0
                text258                            353C     353C        4         0
                text257                            3332     3332       14         0
                text256                            349A     349A        C         0
                text255                            3538     3538        4         0
                text254                            2E7C     2E7C       2A         0
                text253                           1B246    1B246      33E         0
                text252                           1F6B4    1F6B4      122         0
                text251                             49A      49A       DC         0
                text250                           1EAD4    1EAD4      150         0
                text249                            17C2     17C2       7A         0
                text248                           1F8F2    1F8F2      114         0
                text247                           1D504    1D504      2B6         0
                text246                            2E4E     2E4E       2E         0
                text245                            25DC     25DC       48         0
                text244                           1A87A    1A87A      350         0
                text243                           1FD0E    1FD0E      100         0
                text242                           1BEB4    1BEB4      300         0
                text241                            1652     1652       7C         0
                text240                            2ADE     2ADE       3C         0
                text239                           1E5F4    1E5F4      238         0
                text238                           1C744    1C744      2C8         0
                text237                           1BBA4    1BBA4      310         0
                text236                            1A70     1A70       70         0
                text235                           1DF3A    1DF3A      24A         0
                text234                           17528    17528      AE4         0
                text233                            354C     354C        2         0
                text232                            2F1E     2F1E       28         0
                text231                            14D4     14D4       82         0
                text230                            1DB8     1DB8       66         0
                text229                            3050     3050       26         0
                text228                           1F348    1F348      128         0
                text227                           1EFC2    1EFC2      132         0
                text226                            1450     1450       84         0
                text225                            1A00     1A00       70         0
                text224                           1D7BA    1D7BA      2AE         0
                text223                            31E2     31E2       1E         0
                text222                            23DE     23DE       4C         0
                text221                            34D8     34D8        A         0
                text220                           199EE    199EE      480         0
                text219                           13E6E    13E6E     1F20         0
                text218                            2AA2     2AA2       3C         0
                text217                             B72      B72       B0         0
                text216                            2B1A     2B1A       3A         0
                text215                            2392     2392       4C         0
                text214                            2B8C     2B8C       38         0
                text213                            3516     3516        6         0
                text212                            31C4     31C4       1E         0
                text211                            27BC     27BC       42         0
                text210                           1DA68    1DA68      26C         0
                text209                            3534     3534        4         0
                text208                            3238     3238       1C         0
                text207                            3304     3304       18         0
                text206                            354A     354A        2         0
                text205                            30BE     30BE       24         0
                text204                            34CE     34CE        A         0
                text203                            32EC     32EC       18         0
                text202                            22F8     22F8       4E         0
                text201                            13CC     13CC       84         0
                text200                            3548     3548        2         0
                text199                            309A     309A       24         0
                text198                            302A     302A       26         0
                text197                            3530     3530        4         0
                text196                            348E     348E        C         0
                text195                            3546     3546        2         0
                text194                            2C98     2C98       34         0
                intcode_body                      1FA06    1FA06      108         0
                text192                            2BFA     2BFA       36         0
                text191                            34C4     34C4        A         0
                text190                             E20      E20       A2         0
                text189                            266A     266A       46         0
                text188                            21BE     21BE       50         0
                text187                             CD0      CD0       AE         0
                text186                             7E0      7E0       C6         0
                text185                            283E     283E       40         0
                text184                            1F2E     1F2E       58         0
                text183                            1CEA     1CEA       68         0
                text182                            2A66     2A66       3C         0
                text181                            1748     1748       7A         0
                text180                            352C     352C        4         0
                text179                            3510     3510        6         0
                text178                            3528     3528        4         0
                text177                            350A     350A        6         0
                text176                            34BA     34BA        A         0
                text175                            3474     3474        E         0
                text174                             AC2      AC2       B0         0
                text173                             1F6      1F6       E8         0
                text172                            3004     3004       26         0
                text171                           1D24E    1D24E      2B6         0
                text170                           1F592    1F592      122         0
                text169                           1AF08    1AF08      33E         0
                text168                           1A528    1A528      352         0
                text167                           1FC0E    1FC0E      100         0
                text166                            2E1E     2E1E       30         0
                text165                            2938     2938       3E         0
                text164                           1E3BC    1E3BC      238         0
                text163                           1C47C    1C47C      2C8         0
                text162                           1B894    1B894      310         0
                text161                            1990     1990       70         0
                text160                            2DEE     2DEE       30         0
                text159                            32A2     32A2       1A         0
                text158                            277A     277A       42         0
                text157                            3168     3168       20         0
                text156                            2A2A     2A2A       3C         0
                text155                            2FDE     2FDE       26         0
                text154                             3BC      3BC       DE         0
                text153                           1E980    1E980      154         0
                text152                            15D4     15D4       7E         0
                text151                             F62      F62       A0         0
                text150                             95C      95C       B6         0
                text149                            2594     2594       48         0
                text148                            1348     1348       84         0
                text147                            1C82     1C82       68         0
                text146                            2EF6     2EF6       28         0
                text145                           1F21E    1F21E      12A         0
                text144                           1EE8E    1EE8E      134         0
                text143                            123E     123E       86         0
                text142                            18AE     18AE       72         0
                text141                           1CCD2    1CCD2      2C6         0
                text140                            3126     3126       22         0
                text139                            22AA     22AA       4E         0
                text138                            3466     3466        E         0
                text137                           1954A    1954A      4A4         0
                text136                           11F3C    11F3C     1F32         0
                text135                            242A     242A       4A         0
                text134                            254C     254C       48         0
                text133                           1800C    1800C      858         0
                text132                            3544     3544        2         0
                text131                            3076     3076       24         0
                text130                            2FB8     2FB8       26         0
                text129                            26F4     26F4       44         0
                text128                            3542     3542        2         0
                text127                            2ECE     2ECE       28         0
                text126                            2F92     2F92       26         0
                text125                            3504     3504        6         0
                text124                            34EA     34EA        8         0
                text123                            3458     3458        E         0
                text122                            336C     336C       12         0
                text121                            3540     3540        2         0
                text120                            2C64     2C64       34         0
                text118                            34B0     34B0        A         0
                text117                             D7E      D7E       A2         0
                text116                            2624     2624       46         0
                text115                            216E     216E       50         0
                text114                            1C1A     1C1A       68         0
                text113                            1002     1002       9A         0
                text112                            344A     344A        E         0
                text111                            1AE0     1AE0       6A         0
                text110                            343C     343C        E         0
                text109                            342E     342E        E         0
                text108                            1D52     1D52       66         0
                text107                            3420     3420        E         0
                text106                            31A6     31A6       1E         0
                text105                            34E2     34E2        8         0
                text104                            33AE     33AE       10         0
                text103                            2BC4     2BC4       36         0
                text102                            3188     3188       1E         0
                text101                            321C     321C       1C         0
                text100                             64E      64E       CC         0
                text99                             3200     3200       1C         0
                text98                             3412     3412        E         0
                text97                             2DBE     2DBE       30         0
                text96                             3404     3404        E         0
                text95                             2D8E     2D8E       30         0
                text94                             33F6     33F6        E         0
                text93                             211E     211E       50         0
                text92                             33E8     33E8        E         0
                text91                             2CCC     2CCC       32         0
                text90                             33DA     33DA        E         0
                text89                             1F86     1F86       54         0
                text88                             28FA     28FA       3E         0
                text87                             202C     202C       52         0
                text86                             3288     3288       1A         0
                text85                             1FDA     1FDA       52         0
                text84                            1EC24    1EC24      136         0
                text83                            1F470    1F470      122         0
                text82                             28BC     28BC       3E         0
                text81                             20CE     20CE       50         0
                text80                            1DCD4    1DCD4      266         0
                text79                            1CF98    1CF98      2B6         0
                text78                             2D5E     2D5E       30         0
                text77                            1ABCA    1ABCA      33E         0
                text76                             2504     2504       48         0
                text75                              2DE      2DE       DE         0
                text74                             12C4     12C4       84         0
                text73                             1BB2     1BB2       68         0
                text72                             2EA6     2EA6       28         0
                text71                            1E82C    1E82C      154         0
                text70                            1F0F4    1F0F4      12A         0
                text69                            1ED5A    1ED5A      134         0
                text68                             11B8     11B8       86         0
                text67                             183C     183C       72         0
                text66                            1A1D6    1A1D6      352         0
                text65                            1CA0C    1CA0C      2C6         0
                text64                             3104     3104       22         0
                text63                             225C     225C       4E         0
                text62                             326E     326E       1A         0
                text61                            190A6    190A6      4A4         0
                text60                            10000    10000     1F3C         0
                text59                             29EE     29EE       3C         0
                text58                             339E     339E       10         0
                text57                             220E     220E       4E         0
                text56                              C22      C22       AE         0
                text55                              71A      71A       C6         0
                text54                             27FE     27FE       40         0
                text53                             1ED6     1ED6       58         0
                text52                             29B2     29B2       3C         0
                text51                             16CE     16CE       7A         0
                text50                             3524     3524        4         0
                text49                             34FE     34FE        6         0
                text48                             3520     3520        4         0
                text47                             34F8     34F8        6         0
                text46                             34A6     34A6        A         0
                text45                             33CC     33CC        E         0
                text44                              A12      A12       B0         0
                text43                              10E      10E       E8         0
                text42                             2F6C     2F6C       26         0
                text41                            1FB0E    1FB0E      100         0
                text40                             287E     287E       3E         0
                text39                            1E184    1E184      238         0
                text38                            1C1B4    1C1B4      2C8         0
                text37                            1B584    1B584      310         0
                text36                             1920     1920       70         0
                text35                             2D2E     2D2E       30         0
                text34                             3254     3254       1A         0
                text33                             2738     2738       42         0
                text32                             3148     3148       20         0
                text31                             2976     2976       3C         0
                text30                             2F46     2F46       26         0
                text29                             1556     1556       7E         0
                text28                              EC2      EC2       A0         0
                text27                              8A6      8A6       B6         0
                text26                             24BC     24BC       48         0
                text25                             2474     2474       48         0
                text24                            18864    18864      842         0
                text23                             351C     351C        4         0
                text22                              576      576       D8         0
                text21                             30E2     30E2       22         0
                text20                             33BE     33BE        E         0
                text19                             2C30     2C30       34         0
                text18                             331C     331C       16         0
                text17                             2CFE     2CFE       30         0
                text16                             1E1E     1E1E       60         0
                text15                             26B0     26B0       44         0
                text14                             207E     207E       50         0
                text13                             2B54     2B54       38         0
                text12                             1E7E     1E7E       58         0
                text11                             109C     109C       90         0
                text10                             112C     112C       8C         0
                text9                              338E     338E       10         0
                text8                              2346     2346       4C         0
                text7                              1B4A     1B4A       68         0
                text6                             19E6E    19E6E      368         0
                text5                              335A     335A       12         0
                text4                             15D8E    15D8E     179A         0
                text3                             1F7D6    1F7D6      11C         0
                text2                              337E     337E       10         0
                text1                              32D4     32D4       18         0
                text0                             1FF02    1FF02       EC         0
                cinit                             1FE0E    1FE0E       F4         0
                idataBANK5                        1FFEE    1FFEE       12         0
                idataBANK4                         32BC     32BC       18         0
                idataBANK2                         3482     3482        C         0
                idataBANK1                         354E     354E        1         0
                idataBANK0                         34F2     34F2        6         0

        CLASS   CONST          

        CLASS   SMALLCONST     

        CLASS   MEDIUMCONST    
                mediumconst                        CCDE     CCDE     3322         0

        CLASS   COMRAM         
                temp                                 5F       5F        1         1
                cstackCOMRAM                          1        1       5E         1

        CLASS   ABS1           

        CLASS   BIGRAM         

        CLASS   RAM            

        CLASS   BANK0          
                cstackBANK0                          60       60       8F         1
                dataBANK0                            F7       F7        6         1
                bssBANK0                             EF       EF        8         1
                bitbssBANK0                         7E8       FD        2         1

        CLASS   BANK1          
                cstackBANK1                         100      100       D6         1
                dataBANK1                           1EB      1EB        1         1
                bssBANK1                            1D6      1D6       15         1

        CLASS   BANK2          
                cstackBANK2                         200      200       76         1
                dataBANK2                           2CC      2CC        C         1
                bssBANK2                            276      276       56         1
                nvBANK2                             2D8      2D8        1         1

        CLASS   BANK3          
                cstackBANK3                         300      300       E3         1
                bssBANK3                            3E3      3E3        D         1

        CLASS   BANK4          
                cstackBANK4                         4BA      4BA       25         1
                dataBANK4                           4DF      4DF       18         1
                bssBANK4                            400      400       BA         1

        CLASS   BANK5          
                cstackBANK5                         591      591       4E         1
                dataBANK5                           5DF      5DF       12         1
                bssBANK5                            500      500       91         1

        CLASS   BANK6          
                bssBANK6                            600      600       80         1

        CLASS   BANK7          

        CLASS   BANK8          

        CLASS   BANK9          

        CLASS   BANK10         

        CLASS   BANK11         

        CLASS   BANK12         

        CLASS   BANK13         

        CLASS   SFR            

        CLASS   FARRAM         

        CLASS   CONFIG         
                config                           300000   300000        C         0

        CLASS   IDLOC          
                idloc                            200000   200000       10         0

        CLASS   EEDATA         



SEGMENTS        Name                           Load    Length   Top    Selector   Space  Class

                reset_vec                      000000  000004  000004         0       0  CODE    
                cstackCOMRAM                   000001  00005F  000060         1       1  COMRAM  
                intcode                        000008  000006  00000E         4       0  CODE    
                intcodelo                      000018  003537  00354F         C       0  CODE    
                cstackBANK0                    000060  00009E  0000FE        60       1  BANK0   
                cstackBANK1                    000100  0000EC  0001EC       100       1  BANK1   
                cstackBANK2                    000200  0000D9  0002D9       200       1  BANK2   
                cstackBANK3                    000300  0000F0  0003F0       300       1  BANK3   
                bssBANK4                       000400  0000F7  0004F7       400       1  BANK4   
                bssBANK5                       000500  0000F1  0005F1       500       1  BANK5   
                bssBANK6                       000600  000080  000680       600       1  BANK6   
                mediumconst                    00CCDE  003322  010000      666F       0  MEDIUMCO
                text60                         010000  010000  020000      8000       0  CODE    
                idloc                          200000  000010  200010    200000       0  IDLOC   
                config                         300000  00000C  30000C    300000       0  CONFIG  


UNUSED ADDRESS RANGES

        Name                Unused          Largest block    Delta
        BANK0            0000FE-0000FF                2
        BANK1            0001EC-0001FF               14
        BANK10           000A00-000AFF              100
        BANK11           000B00-000BFF              100
        BANK12           000C00-000CFF              100
        BANK13           000D00-000DE9               EA
        BANK2            0002D9-0002FF               27
        BANK3            0003F0-0003FF               10
        BANK4            0004F7-0004FF                9
        BANK5            0005F1-0005FF                F
        BANK6            000680-0006FF               80
        BANK7            000700-0007FF              100
        BANK8            000800-0008FF              100
        BANK9            000900-0009FF              100
        BIGRAM           0000FE-0000FF                2
                         0001EC-0001FF               14
                         0002D9-0002FF               27
                         0003F0-0003FF               10
                         0004F7-0004FF                9
                         0005F1-0005FF                F
                         000680-000DE9              76A
        CODE             000004-000007                4
                         00000E-000017                A
                         00354F-00CCDD             978F
        CONST            000004-000007                4
                         00000E-000017                A
                         00354F-00CCDD             978F
        EEDATA           310000-3103FF              400
        MEDIUMCONST      00354F-00CCDD             978F
        RAM              0000FE-0000FF                2
                         0001EC-0001FF               14
                         0002D9-0002FF               27
                         0003F0-0003FF               10
                         0004F7-0004FF                9
                         0005F1-0005FF                F
                         000680-000DE9              100
        SFR              000DEF-000FFF              100
        SMALLCONST       00354F-00CCDD              100
        STACK            000680-000DE9              76A

                                  Symbol Table

?_ADCC_GetConversionResult                     cstackCOMRAM 000001
?_ADCC_GetFilterValue                          cstackCOMRAM 000001
?_FLASH_ReadWord                               cstackBANK3  000304
?___awdiv                                      cstackBANK3  000306
?___awmod                                      cstackBANK3  000300
?___fladd                                      cstackBANK3  000334
?___fldiv                                      cstackBANK3  000348
?___flmul                                      cstackBANK3  000361
?___flneg                                      cstackBANK3  000330
?___flsub                                      cstackBANK3  000348
?___fltol                                      cstackBANK3  00030E
?___ftdiv                                      cstackBANK3  00030B
?___ftpack                                     cstackBANK3  000300
?___lldiv                                      cstackBANK3  000300
?___llmod                                      cstackBANK3  00030D
?___lwtoft                                     cstackBANK3  000308
?___wmul                                       cstackBANK3  000300
?___xxtofl                                     cstackBANK3  000318
?__div_to_l_                                   cstackBANK3  000300
?__doprnt                                      cstackBANK3  000387
?__tdiv_to_l_                                  cstackBANK3  000300
?_abs                                          cstackBANK0  00007D
?_acos                                         cstackBANK3  0003B7
?_asin                                         cstackBANK3  00039F
?_atan                                         cstackBANK3  00038A
?_atoi                                         cstackBANK3  000306
?_currentMeasuredToPeak                        cstackBANK0  0000AC
?_eval_poly                                    cstackBANK3  00037A
?_fabs                                         cstackBANK3  000334
?_floor                                        cstackBANK0  000089
?_fround                                       cstackBANK3  00037A
?_getCauseOfResetString                        cstackBANK3  000300
?_getCauseOfResetStringSmall                   cstackBANK3  000300
?_getDeviceID                                  cstackBANK3  00030B
?_getDeviceIDString                            cstackBANK3  00030D
?_getUserID                                    cstackBANK3  00030B
?_peakToRMS                                    cstackBANK0  0000C2
?_printf                                       cstackBANK3  0003B1
?_readDoubleFromEEPROM                         cstackBANK3  000302
?_round                                        cstackBANK3  0003BF
?_scale                                        cstackBANK3  00037A
?_sin                                          cstackBANK0  00009B
?_sprintf                                      cstackBANK3  0003B1
?_sqrt                                         cstackBANK3  00037A
?_strchr                                       cstackBANK3  000300
?_strcmp                                       cstackBANK3  000300
?_strlen                                       cstackBANK3  000300
?_strncmp                                      cstackBANK3  000306
?_strstr                                       cstackBANK3  00030F
?_trunc                                        cstackBANK3  000326
?i1_FLASH_ReadWord                             cstackBANK1  000116
?i1___awdiv                                    cstackBANK1  000118
?i1___awmod                                    cstackBANK1  000112
?i1___fladd                                    cstackBANK1  000181
?i1___fldiv                                    cstackBANK1  000120
?i1___flmul                                    cstackBANK1  000139
?i1___flneg                                    cstackBANK1  00017D
?i1___flsub                                    cstackBANK1  000195
?i1___fltol                                    cstackBANK1  00015B
?i1___ftdiv                                    cstackBANK1  00011D
?i1___ftpack                                   cstackBANK1  000112
?i1___lldiv                                    cstackBANK1  000112
?i1___llmod                                    cstackBANK1  00011F
?i1___lwtoft                                   cstackBANK1  00011A
?i1___wmul                                     cstackBANK1  000112
?i1___xxtofl                                   cstackBANK1  000165
?i1__div_to_l_                                 cstackBANK1  000112
?i1__tdiv_to_l_                                cstackBANK1  000112
?i1_acos                                       cstackBANK1  0001D2
?i1_asin                                       cstackBANK1  0001BA
?i1_atan                                       cstackBANK1  0001A5
?i1_eval_poly                                  cstackBANK1  000195
?i1_fabs                                       cstackBANK1  000181
?i1_fround                                     cstackBANK1  000152
?i1_getCauseOfResetStringSmall                 cstackBANK1  000112
?i1_getDeviceID                                cstackBANK1  00011D
?i1_round                                      cstackBANK2  000204
?i1_scale                                      cstackBANK1  000152
?i1_sprintf                                    cstackBANK1  0001CB
?i1_sqrt                                       cstackBANK1  000195
?i1_trunc                                      cstackBANK1  000173
?i2___awdiv                                    cstackCOMRAM 000007
?i2___awmod                                    cstackCOMRAM 000001
?i2___fladd                                    cstackBANK0  00006D
?i2___fldiv                                    cstackCOMRAM 000049
?i2___flmul                                    cstackCOMRAM 00000F
?i2___flneg                                    cstackCOMRAM 000055
?i2___flsub                                    cstackBANK0  000093
?i2___fltol                                    cstackCOMRAM 000031
?i2___lldiv                                    cstackCOMRAM 000001
?i2___llmod                                    cstackCOMRAM 00000E
?i2___wmul                                     cstackCOMRAM 000001
?i2___xxtofl                                   cstackCOMRAM 00003B
?i2__div_to_l_                                 cstackCOMRAM 000001
?i2__doprnt                                    cstackBANK0  00009B
?i2__tdiv_to_l_                                cstackCOMRAM 000001
?i2_acos                                       cstackBANK0  0000BA
?i2_asin                                       cstackBANK0  0000A2
?i2_atan                                       cstackBANK0  00008D
?i2_eval_poly                                  cstackBANK0  00007D
?i2_fabs                                       cstackCOMRAM 000059
?i2_fround                                     cstackCOMRAM 000028
?i2_printf                                     cstackBANK0  0000C5
?i2_readDoubleFromEEPROM                       cstackCOMRAM 000003
?i2_scale                                      cstackCOMRAM 000028
?i2_sqrt                                       cstackBANK0  00007D
ADCC_SetADTIInterruptHandler@InterruptHandler  cstackBANK3  000300
ADCC_StartConversion@channel                   cstackBANK1  000112
ADC_PostProcessingCallback@current_adc_channel cstackBANK0  0000E6
DATAEE_ReadByte@bAdd                           cstackBANK3  000300
DATAEE_WriteByte@GIEBitValue                   cstackBANK3  000303
DATAEE_WriteByte@bAdd                          cstackBANK3  000300
DATAEE_WriteByte@bData                         cstackBANK3  000302
EUSART2_Read@readValue                         cstackBANK3  000300
EUSART2_SetRxInterruptHandler@interruptHandler cstackBANK3  000300
EUSART2_SetTxInterruptHandler@interruptHandler cstackBANK3  000300
EUSART2_Write@txData                           cstackBANK3  000300
FLASH_ReadByte@flashAddr                       cstackBANK3  000300
FLASH_ReadWord@flashAddr                       cstackBANK3  000304
I2C1_ISR@i2c_10bit_address_restart             bssBANK1     0001E8
I2C1_ISR@i2c_address                           bssBANK0     0000F5
I2C1_ISR@i2c_bytes_left                        bssBANK1     0001E9
I2C1_ISR@pi2c_buf_ptr                          bssBANK1     0001DA
I2C1_MasterRead@trBlock                        bssBANK4     0004B0
I2C1_MasterTRBInsert@count                     cstackBANK3  000305
I2C1_MasterTRBInsert@pflag                     cstackBANK3  000302
I2C1_MasterTRBInsert@ptrb_list                 cstackBANK3  000300
I2C1_MasterWrite@address                       cstackBANK3  00030C
I2C1_MasterWrite@length                        cstackBANK3  00030B
I2C1_MasterWrite@pdata                         cstackBANK3  000309
I2C1_MasterWrite@pflag                         cstackBANK3  00030E
I2C1_MasterWrite@trBlock                       bssBANK4     0004B5
I2C1_MasterWriteTRBBuild@address               cstackBANK3  000305
I2C1_MasterWriteTRBBuild@length                cstackBANK3  000304
I2C1_MasterWriteTRBBuild@pdata                 cstackBANK3  000302
I2C1_MasterWriteTRBBuild@ptrb                  cstackBANK3  000300
I2C1_Stop@completion_code                      cstackCOMRAM 000003
INT0_SetInterruptHandler@InterruptHandler      cstackBANK3  000300
OLED_Clear@col                                 cstackBANK3  000323
OLED_Clear@row                                 cstackBANK3  000321
OLED_Command@data_array                        cstackBANK3  000312
OLED_Command@length                            cstackBANK3  000311
OLED_Command@temp                              cstackBANK3  000310
OLED_PutChar@ch                                cstackBANK3  000320
OLED_PutChar@data_array                        cstackBANK3  000314
OLED_PutChar@input_base                        cstackBANK3  00031D
OLED_PutChar@length                            cstackBANK3  00031F
OLED_WriteString@s                             cstackBANK3  000321
OLED_YX@Column                                 cstackBANK3  000314
OLED_YX@Row                                    cstackBANK3  000316
OLED_updateCallback@TRIAC_degrees              cstackBANK5  000595
OLED_updateCallback@angle_string               cstackBANK5  0005CE
OLED_updateCallback@dev_id_str                 cstackBANK5  00059B
OLED_updateCallback@percentage                 cstackBANK5  000598
OLED_updateCallback@percentage_string          cstackBANK5  0005BD
OLED_updateCallback@rev_id_str                 cstackBANK5  0005AC
TMR2_Counter8BitSet@timerVal                   cstackBANK3  000300
TMR2_SetInterruptHandler@InterruptHandler      cstackBANK3  000300
TMR2_WriteTimer@timerVal                       cstackBANK3  000301
TMR4_ISR@CountCallBack                         bssBANK1     0001E0
TMR4_SetInterruptHandler@InterruptHandler      cstackBANK3  000300
TMR5_SetInterruptHandler@InterruptHandler      cstackBANK3  000300
TMR5_WriteTimer@timerVal                       cstackCOMRAM 000001
TMR6_SetInterruptHandler@InterruptHandler      cstackBANK3  000300
TMR7_SetInterruptHandler@InterruptHandler      cstackBANK3  000300
TMR7_WriteTimer@timerVal                       cstackBANK1  000112
_ADACCH                                        (abs)        000F71
_ADACCL                                        (abs)        000F70
_ADACQ                                         (abs)        000F5C
_ADACT                                         (abs)        000F56
_ADCAP                                         (abs)        000F5D
_ADCC_ADTI_InterruptHandler                    bssBANK2     0002B1
_ADCC_ClearAccumulator                         text125      003504
_ADCC_DefaultInterruptHandler                  text233      00354C
_ADCC_DischargeSampleCapacitor                 text124      0034EA
_ADCC_GetConversionResult                      text259      003346
_ADCC_GetCurrentCountofConversions             text258      00353C
_ADCC_GetFilterValue                           text257      003332
_ADCC_HasAccumulatorOverflowed                 text256      00349A
_ADCC_Initialize                               text111      001AE0
_ADCC_SetADTIInterruptHandler                  text112      00344A
_ADCC_StartConversion                          text123      003458
_ADCC_StopConversion                           text255      003538
_ADCC_ThresholdISR                             text232      002F1E
_ADCLK                                         (abs)        000F57
_ADCNT                                         (abs)        000F67
_ADCON0                                        (abs)        000F60
_ADCON0bits                                    (abs)        000F60
_ADCON1                                        (abs)        000F59
_ADCON1bits                                    (abs)        000F59
_ADCON2                                        (abs)        000F5A
_ADCON2bits                                    (abs)        000F5A
_ADCON3                                        (abs)        000F5B
_ADCON3bits                                    (abs)        000F5B
_ADC_PostProcessingCallback                    text234      017528
_ADC_PostProcessingCallback$6381               cstackBANK0  0000E7
_ADC_PostProcessingCallback$6382               cstackBANK0  0000EB
_ADC_PostProcessingCallback$6383               cstackBANK0  0000DA
_ADC_PostProcessingCallback$6384               cstackBANK0  0000DE
_ADC_PostProcessingCallback$6385               cstackBANK0  0000E2
_ADC_Result_Scaling                            bssBANK2     00029E
_ADERRH                                        (abs)        000F6F
_ADERRL                                        (abs)        000F6E
_ADFLTRH                                       (abs)        000F73
_ADFLTRL                                       (abs)        000F72
_ADLTHH                                        (abs)        000F6B
_ADLTHL                                        (abs)        000F6A
_ADPCH                                         (abs)        000F5F
_ADPRE                                         (abs)        000F5E
_ADPREVH                                       (abs)        000F62
_ADPREVL                                       (abs)        000F61
_ADREF                                         (abs)        000F58
_ADRESH                                        (abs)        000F64
_ADRESL                                        (abs)        000F63
_ADRPT                                         (abs)        000F66
_ADSTAT                                        (abs)        000F65
_ADSTATbits                                    (abs)        000F65
_ADSTPTH                                       (abs)        000F69
_ADSTPTL                                       (abs)        000F68
_ADUTHH                                        (abs)        000F6D
_ADUTHL                                        (abs)        000F6C
_ANSELA                                        (abs)        000E92
_ANSELB                                        (abs)        000E9A
_ANSELD                                        (abs)        000EA7
_ANSELE                                        (abs)        000EAF
_ANSELF                                        (abs)        000EB4
_ANSELG                                        (abs)        000EBC
_AVSS_ADC_Result                               bssBANK3     0003EB
_Avg_Power                                     bssBANK2     000286
_BAUD2CON                                      (abs)        000EF7
_CountCallBack                                 bssBANK2     0002BB
_DATAEE_ReadByte                               text86       003288
_DATAEE_WriteByte                              text82       0028BC
_EUSART2_Initialize                            text108      001D52
_EUSART2_Read                                  text57       00220E
_EUSART2_Receive_ISR                           text217      000B72
_EUSART2_RxDefaultInterruptHandler             bssBANK4     000420
_EUSART2_SetRxInterruptHandler                 text110      00343C
_EUSART2_SetTxInterruptHandler                 text109      00342E
_EUSART2_Transmit_ISR                          text192      002BFA
_EUSART2_TxDefaultInterruptHandler             bssBANK4     000423
_EUSART2_Write                                 text63       00225C
_EXT_INT_Initialize                            text106      0031A6
_FLASH_ReadByte                                text34       003254
_FLASH_ReadWord                                text33       002738
_FVRCON                                        (abs)        000EC4
_FVRCONbits                                    (abs)        000EC4
_FVR_ADC_Result                                bssBANK2     0002C7
_FVR_Initialize                                text105      0034E2
_HLVDCON0                                      (abs)        000EC2
_HLVDCON0bits                                  (abs)        000EC2
_HLVDCON1                                      (abs)        000EC3
_HLVD_ISR                                      text214      002B8C
_HLVD_Initialize                               text104      0033AE
_I2C1_BusCollisionISR                          text213      003516
_I2C1_FunctionComplete                         text212      0031C4
_I2C1_ISR                                      text210      01DA68
_I2C1_Initialize                               text103      002BC4
_I2C1_MasterTRBInsert                          text117      000D7E
_I2C1_MasterWrite                              text115      00216E
_I2C1_MasterWriteTRBBuild                      text116      002624
_I2C1_Stop                                     text211      0027BC
_I2C1_WaitForLastPacketToComplete              text118      0034B0
_INT0PPS                                       (abs)        000DF0
_INT0_CallBack                                 text205      0030BE
_INT0_DefaultInterruptHandler                  text206      00354A
_INT0_ISR                                      text204      0034CE
_INT0_InterruptHandler                         bssBANK2     0002A8
_INT0_SetInterruptHandler                      text107      003420
_INTCONbits                                    (abs)        000FF2
_INTERRUPT_Initialize                          text102      003188
_INTERRUPT_InterruptManagerHigh                intcode      000008
_INTERRUPT_InterruptManagerLow                 intcodelo    000018
_IPR0bits                                      (abs)        000E1F
_IPR1bits                                      (abs)        000E20
_IPR2bits                                      (abs)        000E21
_IPR3bits                                      (abs)        000E22
_IPR5bits                                      (abs)        000E24
_Imeas                                         bssBANK3     0003E7
_Ipk                                           bssBANK1     0001D6
_Irms                                          bssBANK2     00028A
_Irms_offset                                   dataBANK2    0002CC
_LATA                                          (abs)        000F79
_LATB                                          (abs)        000F7A
_LATC                                          (abs)        000F7B
_LATD                                          (abs)        000F7C
_LATE                                          (abs)        000F7D
_LATF                                          (abs)        000F7E
_LATFbits                                      (abs)        000F7E
_LATG                                          (abs)        000F7F
_LATGbits                                      (abs)        000F7F
_LATH                                          (abs)        000F80
_NVMADRH                                       (abs)        000F75
_NVMADRL                                       (abs)        000F74
_NVMCON1bits                                   (abs)        000F77
_NVMCON2                                       (abs)        000F78
_NVMDAT                                        (abs)        000F76
_ODCONA                                        (abs)        000E90
_ODCONB                                        (abs)        000E98
_ODCONC                                        (abs)        000EA0
_ODCOND                                        (abs)        000EA5
_ODCONE                                        (abs)        000EAD
_ODCONF                                        (abs)        000EB2
_ODCONG                                        (abs)        000EBA
_ODCONH                                        (abs)        000EBF
_OLED_Clear                                    text54       0027FE
_OLED_Command                                  text114      001C1A
[...]

mcc_generated_files/tmr4.c estimated size: 143

C:\Program Files (x86)\Microchip\xc8\v1.45\sources\common\round.c
		_round         		CODE           	08A6	0000	183

C:\Program Files (x86)\Microchip\xc8\v1.45\sources\common\round.c estimated size: 183

mcc_generated_files/tmr2.c
		_TMR2_ISR      		CODE           	2FB8	0000	39
		_TMR2_Initialize		CODE           	2DBE	0000	49
		_TMR2_Stop     		CODE           	3520	0000	5
		_TMR2_Start    		CODE           	3524	0000	5
		_TMR2_SetInterruptHandler		CODE           	3412	0000	15
		_TMR2_Counter8BitSet		CODE           	34A6	0000	11
		_TMR2_StopTimer		CODE           	34F8	0000	7
		_TMR2_DefaultInterruptHandler		CODE           	3544	0000	3
		_TMR2_CallBack 		CODE           	3076	0000	37
		_TMR2_WriteTimer		CODE           	33CC	0000	15
		_TMR2_StartTimer		CODE           	34FE	0000	7

mcc_generated_files/tmr2.c estimated size: 193

mcc_generated_files/interrupt_manager.c
		_INTERRUPT_Initialize		CODE           	3188	0000	31
		_INTERRUPT_InterruptManagerLow		CODE           	0018	0000	243
		_INTERRUPT_InterruptManagerHigh		CODE           	0008	0000	271

mcc_generated_files/interrupt_manager.c estimated size: 545

C:\Program Files (x86)\Microchip\xc8\v1.45\sources\common\Umul16.c
		___wmul        		CODE           	2EA6	0000	41

C:\Program Files (x86)\Microchip\xc8\v1.45\sources\common\Umul16.c estimated size: 41

mcc_generated_files/i2c1.c
		_I2C1_BusCollisionISR		CODE           	3516	0000	7
		_I2C1_FunctionComplete		CODE           	31C4	0000	31
		_I2C1_MasterWriteTRBBuild		CODE           	2624	0000	71
		_I2C1_ISR      		CODE           	1DA68	0000	621
		_I2C1_MasterWrite		CODE           	216E	0000	81
		_I2C1_Initialize		CODE           	2BC4	0000	55
		_I2C1_Stop     		CODE           	27BC	0000	67
		_I2C1_WaitForLastPacketToComplete		CODE           	34B0	0000	11
		_I2C1_MasterTRBInsert		CODE           	0D7E	0000	163

mcc_generated_files/i2c1.c estimated size: 1107

double_to_EEPROM.c
		_readDoubleFromEEPROM		CODE           	1FDA	0000	83
		_writeDoubleToEEPROM		CODE           	20CE	0000	81

double_to_EEPROM.c estimated size: 164

C:\Program Files (x86)\Microchip\xc8\v1.45\sources\common\frexp.c
		_frexp         		CODE           	1556	0000	127

C:\Program Files (x86)\Microchip\xc8\v1.45\sources\common\frexp.c estimated size: 127

mcc_generated_files/pin_manager.c
		_PIN_MANAGER_Initialize		CODE           	064E	0000	205

mcc_generated_files/pin_manager.c estimated size: 205

C:\Program Files (x86)\Microchip\xc8\v1.45\sources\common\fabs.c
		_fabs          		CODE           	287E	0000	63

C:\Program Files (x86)\Microchip\xc8\v1.45\sources\common\fabs.c estimated size: 63

C:\Program Files (x86)\Microchip\xc8\v1.45\sources\common\isdigit.c
		_isdigit       		CODE           	3104	0000	35

C:\Program Files (x86)\Microchip\xc8\v1.45\sources\common\isdigit.c estimated size: 35

C:\Program Files (x86)\Microchip\xc8\v1.45\sources\common\sprcadd.c
		___flsub       		CODE           	2504	0000	73
		___fladd       		CODE           	1ABCA	0000	831

C:\Program Files (x86)\Microchip\xc8\v1.45\sources\common\sprcadd.c estimated size: 904

C:\Program Files (x86)\Microchip\xc8\v1.45\sources\common\floor.c
		_floor         		CODE           	1F8F2	0000	277

C:\Program Files (x86)\Microchip\xc8\v1.45\sources\common\floor.c estimated size: 277

C:\Program Files (x86)\Microchip\xc8\v1.45\sources\common\ftdivl.c
		__tdiv_to_l_   		CODE           	1ED5A	0000	309

C:\Program Files (x86)\Microchip\xc8\v1.45\sources\common\ftdivl.c estimated size: 309

C:\Program Files (x86)\Microchip\xc8\v1.45\sources\common\awmod.c
		___awmod       		CODE           	183C	0000	115

C:\Program Files (x86)\Microchip\xc8\v1.45\sources\common\awmod.c estimated size: 115

C:\Program Files (x86)\Microchip\xc8\v1.45\sources\common\strstr.c
		_strstr        		CODE           	112C	0000	141

C:\Program Files (x86)\Microchip\xc8\v1.45\sources\common\strstr.c estimated size: 141

device_IDs.c
		_getDeviceID   		CODE           	3148	0000	33
		_getUserID     		CODE           	26B0	0000	69
		_getMinorRevisionID		CODE           	2F46	0000	39
		_getDeviceIDString		CODE           	1E1E	0000	97
		_getMajorRevisionID		CODE           	2976	0000	61

device_IDs.c estimated size: 299

C:\Program Files (x86)\Microchip\xc8\v1.45\sources\common\ftdiv.c
		___ftdiv       		CODE           	010E	0000	233

C:\Program Files (x86)\Microchip\xc8\v1.45\sources\common\ftdiv.c estimated size: 233

C:\Program Files (x86)\Microchip\xc8\v1.45\sources\common\acos.c
		_acos          		CODE           	1920	0000	113

C:\Program Files (x86)\Microchip\xc8\v1.45\sources\common\acos.c estimated size: 113

C:\Program Files (x86)\Microchip\xc8\v1.45\sources\common\llmod.c
		___llmod       		CODE           	1BB2	0000	105

C:\Program Files (x86)\Microchip\xc8\v1.45\sources\common\llmod.c estimated size: 105

C:\Program Files (x86)\Microchip\xc8\v1.45\sources\common\fldivl.c
		__div_to_l_    		CODE           	1F0F4	0000	299

C:\Program Files (x86)\Microchip\xc8\v1.45\sources\common\fldivl.c estimated size: 299

C:\Program Files (x86)\Microchip\xc8\v1.45\sources\common\sprintf.c
		_sprintf       		CODE           	24BC	0000	73

C:\Program Files (x86)\Microchip\xc8\v1.45\sources\common\sprintf.c estimated size: 73

C:\Program Files (x86)\Microchip\xc8\v1.45\sources\common\fltol.c
		___fltol       		CODE           	02DE	0000	223

C:\Program Files (x86)\Microchip\xc8\v1.45\sources\common\fltol.c estimated size: 223

mcc_generated_files/ext_int.c
		_INT0_SetInterruptHandler		CODE           	3420	0000	15
		_EXT_INT_Initialize		CODE           	31A6	0000	31
		_INT0_DefaultInterruptHandler		CODE           	354A	0000	3
		_INT0_CallBack 		CODE           	30BE	0000	37
		_INT0_ISR      		CODE           	34CE	0000	11

mcc_generated_files/ext_int.c estimated size: 97

C:\Program Files (x86)\Microchip\xc8\v1.45\sources\common\atoi.c
		_atoi          		CODE           	0576	0000	217

C:\Program Files (x86)\Microchip\xc8\v1.45\sources\common\atoi.c estimated size: 217

mcc_generated_files/tmr7.c
		_TMR7_DefaultInterruptHandler		CODE           	3540	0000	3
		_TMR7_WriteTimer		CODE           	2F92	0000	39
		_TMR7_ISR      		CODE           	2C64	0000	53
		_TMR7_Initialize		CODE           	1F86	0000	85
		_TMR7_SetInterruptHandler		CODE           	33DA	0000	15

mcc_generated_files/tmr7.c estimated size: 195

mcc_generated_files/hlvd.c
		_HLVD_ISR      		CODE           	2B8C	0000	57
		_HLVD_Initialize		CODE           	33AE	0000	17

mcc_generated_files/hlvd.c estimated size: 74

C:\Program Files (x86)\Microchip\xc8\v1.45\sources\common\printf.c
		_printf        		CODE           	29EE	0000	61

C:\Program Files (x86)\Microchip\xc8\v1.45\sources\common\printf.c estimated size: 61

mcc_generated_files/tmr5.c
		_TMR5_ISR      		CODE           	2C98	0000	53
		_TMR5_Initialize		CODE           	211E	0000	81
		_TMR5_SetInterruptHandler		CODE           	33F6	0000	15
		_TMR5_StopTimer		CODE           	351C	0000	5
		_TMR5_DefaultInterruptHandler		CODE           	3546	0000	3
		_TMR5_WriteTimer		CODE           	3238	0000	29
		_TMR5_StartTimer		CODE           	3534	0000	5

mcc_generated_files/tmr5.c estimated size: 191

shared
		i2_writeDoubleToEEPROM		CODE           	2392	0000	77
		i2_DATAEE_WriteByte		CODE           	2B1A	0000	59
		i1_acos        		CODE           	1990	0000	113
		i2_printf      		CODE           	2AA2	0000	61
		i2_acos        		CODE           	1A70	0000	113
		_OledFont      		MEDIUMCONST    	CD9D	0000	769
		i2_readDoubleFromEEPROM		CODE           	22F8	0000	79
		i1_putch       		CODE           	3466	0000	15
		i2_putch       		CODE           	34D8	0000	11
		i1_getMinorRevisionID		CODE           	2FDE	0000	39
		i1___ftdiv     		CODE           	01F6	0000	233
		__powers_      		MEDIUMCONST    	CCDF	0000	53
		i1_TMR2_Counter8BitSet		CODE           	34BA	0000	11
		i1_OLED_YX     		CODE           	2A66	0000	61
		i1_I2C1_WaitForLastPacketToComplete		CODE           	34C4	0000	11
		_dpowers       		MEDIUMCONST    	CD47	0000	41
		i1___lwtoft    		CODE           	3004	0000	39
		i1_isdigit     		CODE           	3126	0000	35
		i2_isdigit     		CODE           	31E2	0000	31
		i1_getCauseOfResetStringSmall		CODE           	2DEE	0000	49
		i1_OLED_Clear  		CODE           	283E	0000	65
		i1___flneg     		CODE           	2E1E	0000	49
		i1_strcpy      		CODE           	254C	0000	73
		i2___flneg     		CODE           	2E4E	0000	47
		i1_atan        		CODE           	1E3BC	0000	569
		i1___awdiv     		CODE           	123E	0000	135
		i2_atan        		CODE           	1E5F4	0000	569
		atan@coeff_a   		MEDIUMCONST    	D09D	0000	25
		atan@coeff_b   		MEDIUMCONST    	D0C9	0000	21
		i2___awdiv     		CODE           	1450	0000	133
		i1___fladd     		CODE           	1AF08	0000	831
		i1__tdiv_to_l_ 		CODE           	1EE8E	0000	309
		i2___fladd     		CODE           	1B246	0000	831
		i2__tdiv_to_l_ 		CODE           	1EFC2	0000	307
		i1___wmul      		CODE           	2EF6	0000	41
		i1_eval_poly   		CODE           	1FC0E	0000	257
		i2___wmul      		CODE           	3050	0000	39
		i1_I2C1_MasterWrite		CODE           	21BE	0000	81
		i2_eval_poly   		CODE           	1FD0E	0000	257
		i1__doprnt     		CODE           	11F3C	0000	7987
		i2__doprnt     		CODE           	13E6E	0000	7969
		i1___fldiv     		CODE           	1D24E	0000	695
		i1__div_to_l_  		CODE           	1F21E	0000	299
		i1___fltol     		CODE           	03BC	0000	223
		i2___fldiv     		CODE           	1D504	0000	695
		i2__div_to_l_  		CODE           	1F348	0000	297
		i1___ftpack    		CODE           	0AC2	0000	177
		__npowers_     		MEDIUMCONST    	CD13	0000	53
		i2___fltol     		CODE           	049A	0000	221
		i1_scale       		CODE           	1954A	0000	1189
		i1___lldiv     		CODE           	1348	0000	133
		i2_scale       		CODE           	199EE	0000	1153
		i2___lldiv     		CODE           	14D4	0000	131
		__initialization		CODE           	1FE0E	0000	235
		i1___flge      		CODE           	1F592	0000	291
		i2___flge      		CODE           	1F6B4	0000	291
		i1_OLED_Command		CODE           	1CEA	0000	105
		i1_OLED_UpdateFromRAMBuffer		CODE           	1748	0000	123
		i1_OLED_PutChar		CODE           	07E0	0000	199
		i1_trunc       		CODE           	0F62	0000	161
		i1___awmod     		CODE           	18AE	0000	115
		i2___awmod     		CODE           	1A00	0000	113
		i1_EUSART2_Write		CODE           	22AA	0000	79
		i1_frexp       		CODE           	15D4	0000	127
		i2_EUSART2_Write		CODE           	23DE	0000	77
		i2_frexp       		CODE           	17C2	0000	123
		_max_Temp_ADC_Result_address		MEDIUMCONST    	CD91	0000	3
		i1_FLASH_ReadWord		CODE           	277A	0000	67
		_max_Irms_address		MEDIUMCONST    	CD99	0000	3
		i1_TMR2_Stop   		CODE           	3528	0000	5
		_max_POS12_ADC_Result_address		MEDIUMCONST    	CD93	0000	3
		i1_FLASH_ReadByte		CODE           	32A2	0000	27
		i1___flmul     		CODE           	1A528	0000	851
		i1_I2C1_MasterWriteTRBBuild		CODE           	266A	0000	71
		i2___flmul     		CODE           	1A87A	0000	849
		i1_asin        		CODE           	1B894	0000	785
		i1_TMR2_Start  		CODE           	352C	0000	5
		i2_asin        		CODE           	1BBA4	0000	785
		i1_OLED_updateCallback		CODE           	1800C	0000	2137
		i1___llmod     		CODE           	1C82	0000	105
		_hexpowers     		MEDIUMCONST    	CD6F	0000	33
		i1_memmove     		CODE           	0CD0	0000	175
		i1_sprintf     		CODE           	242A	0000	75
		i2___llmod     		CODE           	1DB8	0000	103
		i1_getMajorRevisionID		CODE           	2A2A	0000	61
		i1___xxtofl    		CODE           	1E980	0000	341
		i2___xxtofl    		CODE           	1EAD4	0000	337
		_Total_Energy_address		MEDIUMCONST    	CD9B	0000	3
		i1_getDeviceID 		CODE           	3168	0000	33
		i2_DATAEE_ReadByte		CODE           	32EC	0000	25
		i1_TMR2_StopTimer		CODE           	350A	0000	7
		i1___flsub     		CODE           	2594	0000	73
		i2___flsub     		CODE           	25DC	0000	73
		i1_OLED_WriteString		CODE           	1F2E	0000	89
		i2_TMR5_StopTimer		CODE           	3530	0000	5
		i1_fabs        		CODE           	2938	0000	63
		i2_fabs        		CODE           	2ADE	0000	61
		i1_sqrt        		CODE           	1C47C	0000	713
		i2_sqrt        		CODE           	1C744	0000	713
		_max_Power_address		MEDIUMCONST    	CD97	0000	3
		i1_fround      		CODE           	1CCD2	0000	711
		i1_round       		CODE           	095C	0000	183
		i2_fround      		CODE           	1D7BA	0000	687
		i1_TMR2_WriteTimer		CODE           	3474	0000	15
		i1_TMR2_StartTimer		CODE           	3510	0000	7
		sin@coeff_a    		MEDIUMCONST    	D0B5	0000	21
		sin@coeff_b    		MEDIUMCONST    	D0DD	0000	17
		_max_POS3P3_ADC_Result_address		MEDIUMCONST    	CD95	0000	3
		i1_I2C1_MasterTRBInsert		CODE           	0E20	0000	163
		_max_FVR_ADC_Result_address		MEDIUMCONST    	CD8F	0000	3

shared estimated size: 40292

mcc_generated_files/mcc.c
		_PMD_Initialize		CODE           	3200	0000	29
		_OSCILLATOR_Initialize		CODE           	321C	0000	29
		_SYSTEM_Initialize		CODE           	28FA	0000	63

mcc_generated_files/mcc.c estimated size: 121

ring_buffer_interface.c
		_terminal_ringBufferPull		CODE           	1F7D6	0000	285
		_terminal_textAttributes		CODE           	19E6E	0000	873
		_terminal_textAttributesReset		CODE           	335A	0000	19
		_terminal_setCursorHome		CODE           	337E	0000	17
		_terminal_printNewline		CODE           	338E	0000	17
		_terminal_clearTerminal		CODE           	339E	0000	17

ring_buffer_interface.c estimated size: 1228

C:\Program Files (x86)\Microchip\xc8\v1.45\sources\common\atan.c
		_atan          		CODE           	1E184	0000	569

C:\Program Files (x86)\Microchip\xc8\v1.45\sources\common\atan.c estimated size: 569

cause_of_reset.c
		_getCauseOfResetStringSmall		CODE           	2D2E	0000	49
		_getCauseOfResetString		CODE           	2CFE	0000	49
		_getCauseOfReset		CODE           	202C	0000	83

cause_of_reset.c estimated size: 181

C:\Program Files (x86)\Microchip\xc8\v1.45\sources\common\awdiv.c
		___awdiv       		CODE           	11B8	0000	135

C:\Program Files (x86)\Microchip\xc8\v1.45\sources\common\awdiv.c estimated size: 135

C:\Program Files (x86)\Microchip\xc8\v1.45\sources\common\strcat.c
		_strcat        		CODE           	2346	0000	77

C:\Program Files (x86)\Microchip\xc8\v1.45\sources\common\strcat.c estimated size: 77

oled.c
		_OLED_Clear    		CODE           	27FE	0000	65
		_OLED_Command  		CODE           	1C1A	0000	105
		_OLED_WriteString		CODE           	1ED6	0000	89
		_OLED_UpdateFromRAMBuffer		CODE           	16CE	0000	123
		_OLED_Init     		CODE           	1002	0000	155
		_OLED_PutChar  		CODE           	071A	0000	199
		_OLED_YX       		CODE           	29B2	0000	61

oled.c estimated size: 797

C:\Program Files (x86)\Microchip\xc8\v1.45\sources\common\evalpoly.c
		_eval_poly     		CODE           	1FB0E	0000	257

C:\Program Files (x86)\Microchip\xc8\v1.45\sources\common\evalpoly.c estimated size: 257

mcc_generated_files/memory.c
		_FLASH_ReadWord		CODE           	2738	0000	67
		_FLASH_ReadByte		CODE           	3254	0000	27
		_DATAEE_WriteByte		CODE           	28BC	0000	63
		_DATAEE_ReadByte		CODE           	3288	0000	27

mcc_generated_files/memory.c estimated size: 184

C:\Program Files (x86)\Microchip\xc8\v1.45\sources\common\sin.c
		_sin           		CODE           	1BEB4	0000	769

C:\Program Files (x86)\Microchip\xc8\v1.45\sources\common\sin.c estimated size: 769

C:\Program Files (x86)\Microchip\xc8\v1.45\sources\common\abs.c
		_abs           		CODE           	2E7C	0000	43

C:\Program Files (x86)\Microchip\xc8\v1.45\sources\common\abs.c estimated size: 43

C:\Program Files (x86)\Microchip\xc8\v1.45\sources\common\lldiv.c
		___lldiv       		CODE           	12C4	0000	133

C:\Program Files (x86)\Microchip\xc8\v1.45\sources\common\lldiv.c estimated size: 133

ring_buffer_LUT.c
		_ringBufferLUT 		CODE           	15D8E	0000	6043

ring_buffer_LUT.c estimated size: 6043

C:\Program Files (x86)\Microchip\xc8\v1.45\sources\common\xxtofl.c
		___xxtofl      		CODE           	1E82C	0000	341

C:\Program Files (x86)\Microchip\xc8\v1.45\sources\common\xxtofl.c estimated size: 341

C:\Program Files (x86)\Microchip\xc8\v1.45\sources\common\trunc.c
		_trunc         		CODE           	0EC2	0000	161

C:\Program Files (x86)\Microchip\xc8\v1.45\sources\common\trunc.c estimated size: 161

mcc_generated_files/adcc.c
		_ADCC_StopConversion		CODE           	3538	0000	5
		_ADCC_DefaultInterruptHandler		CODE           	354C	0000	3
		_ADCC_ClearAccumulator		CODE           	3504	0000	7
		_ADCC_GetFilterValue		CODE           	3332	0000	21
		_ADCC_GetCurrentCountofConversions		CODE           	353C	0000	5
		_ADCC_SetADTIInterruptHandler		CODE           	344A	0000	15
		_ADCC_GetConversionResult		CODE           	3346	0000	21
		_ADCC_ThresholdISR		CODE           	2F1E	0000	41
		_ADCC_StartConversion		CODE           	3458	0000	15
		_ADCC_Initialize		CODE           	1AE0	0000	107
		_ADCC_HasAccumulatorOverflowed		CODE           	349A	0000	13
		_ADCC_DischargeSampleCapacitor		CODE           	34EA	0000	9

mcc_generated_files/adcc.c estimated size: 262

C:\Program Files (x86)\Microchip\xc8\v1.45\sources\common\flneg.c
		___flneg       		CODE           	2D5E	0000	49

C:\Program Files (x86)\Microchip\xc8\v1.45\sources\common\flneg.c estimated size: 49

main.c
		_dimmingOffTimeCallback		CODE           	3304	0000	25
		_saveSRAMMaxToEEPROM		CODE           	1DCD4	0000	615
		_acquisitionTimerCallback		CODE           	336C	0000	19
		_ADC_PostProcessingCallback		CODE           	17528	0000	2789
		_main          		CODE           	1FF02	0000	237
		_heartbeatTimerCallback		CODE           	26F4	0000	69
		_currentMeasuredToPeak		CODE           	1652	0000	125
		_recoverSRAMMaxFromEEPROM		CODE           	1EC24	0000	311
		_dimmingOnTimeCallback		CODE           	348E	0000	13
		_writeEnergyToEEPROMCallback		CODE           	13CC	0000	133
		_OLED_updateCallback		CODE           	18864	0000	2115
		_peakToRMS     		CODE           	1DF3A	0000	587

main.c estimated size: 7038

C:\Program Files (x86)\Microchip\xc8\v1.45\sources\common\strlen.c
		_strlen        		CODE           	1E7E	0000	89

C:\Program Files (x86)\Microchip\xc8\v1.45\sources\common\strlen.c estimated size: 89

C:\Program Files (x86)\Microchip\xc8\v1.45\sources\common\lwtoft.c
		___lwtoft      		CODE           	2F6C	0000	39

C:\Program Files (x86)\Microchip\xc8\v1.45\sources\common\lwtoft.c estimated size: 39

C:\Program Files (x86)\Microchip\xc8\v1.45\sources\common\strcmp.c
		_strcmp        		CODE           	207E	0000	81

C:\Program Files (x86)\Microchip\xc8\v1.45\sources\common\strcmp.c estimated size: 81

C:\Program Files (x86)\Microchip\xc8\v1.45\sources\common\strchr.c
		_strchr        		CODE           	2B54	0000	57

C:\Program Files (x86)\Microchip\xc8\v1.45\sources\common\strchr.c estimated size: 57

C:\Program Files (x86)\Microchip\xc8\v1.45\sources\common\strcpy.c
		_strcpy        		CODE           	2474	0000	73

C:\Program Files (x86)\Microchip\xc8\v1.45\sources\common\strcpy.c estimated size: 73

C:\Program Files (x86)\Microchip\xc8\v1.45\sources\common\strncmp.c
		_strncmp       		CODE           	109C	0000	145

C:\Program Files (x86)\Microchip\xc8\v1.45\sources\common\strncmp.c estimated size: 145

C:\Program Files (x86)\Microchip\xc8\v1.45\sources\common\sprcmul.c
		___flmul       		CODE           	1A1D6	0000	851

C:\Program Files (x86)\Microchip\xc8\v1.45\sources\common\sprcmul.c estimated size: 851

C:\Program Files (x86)\Microchip\xc8\v1.45\sources\common\strncpy.c
		_strncpy       		CODE           	1B4A	0000	105

C:\Program Files (x86)\Microchip\xc8\v1.45\sources\common\strncpy.c estimated size: 105

