Microchip MPLAB XC8 Compiler V1.45 ()

Linker command line:

-W-3 --edf=C:\Program Files (x86)\Microchip\xc8\v1.45\dat\en_msgs.txt -cs \
  -h+dist/default/production\AC_Power_Meter.X.production.sym \
  --cmf=dist/default/production\AC_Power_Meter.X.production.cmf -z \
  -Q18LF67K40 -oC:\Users\DREWMA~1\AppData\Local\Temp\s35g.2 \
  -Mdist/default/production/AC_Power_Meter.X.production.map -E1 -ver=XC8 \
  --acfsm=1493 -ASTACK=03A3h-0de9h -pstack=STACK -ACODE=00h-01FFFFh \
  -ACONST=00h-01FFFFh -ASMALLCONST=0E00h-0EFFhx498 \
  -AMEDIUMCONST=0E00h-0FFFFh,010E00h-01FFFFh -ACOMRAM=01h-05Fh \
  -AABS1=00h-0DE9h -ABIGRAM=01h-0DE9h \
  -ARAM=060h-0FFh,0100h-01FFhx12,0D00h-0DE9h -ABANK0=060h-0FFh \
  -ABANK1=0100h-01FFh -ABANK2=0200h-02FFh -ABANK3=0300h-03FFh \
  -ABANK4=0400h-04FFh -ABANK5=0500h-05FFh -ABANK6=0600h-06FFh \
  -ABANK7=0700h-07FFh -ABANK8=0800h-08FFh -ABANK9=0900h-09FFh \
  -ABANK10=0A00h-0AFFh -ABANK11=0B00h-0BFFh -ABANK12=0C00h-0CFFh \
  -ABANK13=0D00h-0DE9h \
  -ASFR=0DEFh-0DFFh,0E00h-0EFFh,0F00h-0F5Fh,0F60h-0FFFh \
  -preset_vec=00h,intcode=08h,intcodelo=018h,powerup,init -pramtop=0E00h \
  -psmallconst=SMALLCONST -pmediumconst=MEDIUMCONST -pconst=CONST \
  -AFARRAM=00h-00h -ACONFIG=0300000h-030000Bh -pconfig=CONFIG \
  -AIDLOC=0200000h-020000Fh -pidloc=IDLOC -AEEDATA=0310000h-03103FFh \
  -peeprom_data=EEDATA \
  -prdata=COMRAM,nvrram=COMRAM,nvbit=COMRAM,rbss=COMRAM,rbit=COMRAM \
  -pfarbss=FARRAM,fardata=FARRAM,nvFARRAM=FARRAM \
  -pintsave_regs=BIGRAM,bigbss=BIGRAM,bigdata=BIGRAM -pbss=RAM \
  -pidata=CODE,irdata=CODE,ibigdata=CODE,ifardata=CODE -prparam=COMRAM \
  C:\Users\DREWMA~1\AppData\Local\Temp\s35g.obj \
  dist/default/production\AC_Power_Meter.X.production.obj 

Object code version is 3.11

Machine type is 18LF67K40

Call graph: (short form)




                Name                               Link     Load   Length Selector   Space Scale
C:\Users\DREWMA~1\AppData\Local\Temp\s35g.obj
                init                                10A      10A        4        C       0
                reset_vec                             0        0        4        0       0
                idloc                            200000   200000       10   200000       0
                config                           300000   300000        C   300000       0
dist/default/production\AC_Power_Meter.X.production.obj
                intcodelo                            18       18       F2        C       0
                intcode                               8        8        6        4       0
                temp                                 5F       5F        1        1       1
                mediumconst                        EA1A     EA1A     15E6     750D       0
                text125                           182B6    182B6       14     8000       0
                text124                           182A2    182A2       14     8000       0
                text123                           1839E    1839E        C     8000       0
                text122                           183E4    183E4        4     8000       0
                text121                           18088    18088       2A     8000       0
                text120                           14430    14430      33E     8000       0
                text119                           13DA2    13DA2      350     8000       0
                text118                           16B5E    16B5E      100     8000       0
                text117                           175D4    175D4       7A     8000       0
                text116                           16810    16810      120     8000       0
                text115                           16D3C    16D3C       DE     8000       0
                text114                           160E6    160E6      150     8000       0
                text113                           16A4C    16A4C      112     8000       0
                text112                           155B0    155B0      2B4     8000       0
                text111                           1805A    1805A       2E     8000       0
                text110                           17D08    17D08       48     8000       0
                text109                           14A72    14A72      2FA     8000       0
                text108                           17558    17558       7C     8000       0
                text107                           17E52    17E52       3C     8000       0
                text106                           15D5C    15D5C      236     8000       0
                text105                           14D6C    14D6C      2C8     8000       0
                text104                           1476E    1476E      304     8000       0
                text103                           17730    17730       6E     8000       0
                text102                           15B12    15B12      24A     8000       0
                text101                           183DE    183DE        6     8000       0
                text100                           123E4    123E4      9E0     8000       0
                text99                            183EE    183EE        2     8000       0
                text98                            18102    18102       28     8000       0
                text97                            174D6    174D6       82     8000       0
                text96                            178D8    178D8       66     8000       0
                text95                            18176    18176       26     8000       0
                text94                            165C6    165C6      128     8000       0
                text93                            1636A    1636A      132     8000       0
                text92                            17452    17452       84     8000       0
                text91                            176C0    176C0       70     8000       0
                text90                            15864    15864      2AE     8000       0
                text89                            18202    18202       1E     8000       0
                text88                            17C2E    17C2E       4A     8000       0
                text87                            183AA    183AA        A     8000       0
                text86                            13268    13268      480     8000       0
                text85                            118C6    118C6      B1E     8000       0
                text84                            16FBE    16FBE       AE     8000       0
                text83                            183EC    183EC        2     8000       0
                text82                            18258    18258       1C     8000       0
                text81                            17F66    17F66       34     8000       0
                intcode_body                      16EF2    16EF2       CC     8000       0
                text79                            17EFC    17EFC       36     8000       0
                text78                            183C4    183C4        8     8000       0
                text77                            17DD6    17DD6       40     8000       0
                text76                            183EA    183EA        2     8000       0
                text75                            180DA    180DA       28     8000       0
                text74                            18150    18150       26     8000       0
                text73                            183D8    183D8        6     8000       0
                text72                            183BC    183BC        8     8000       0
                text71                            18390    18390        E     8000       0
                text70                            182DC    182DC       12     8000       0
                text69                            183E8    183E8        2     8000       0
                text68                            17F32    17F32       34     8000       0
                text66                            18382    18382        E     8000       0
                text65                            1799E    1799E       60     8000       0
                text64                            18374    18374        E     8000       0
                text63                            18366    18366        E     8000       0
                text62                            1779E    1779E       6A     8000       0
                text61                            183B4    183B4        8     8000       0
                text60                            1831E    1831E       10     8000       0
                text59                            1828E    1828E       14     8000       0
                text58                            1823C    1823C       1C     8000       0
                text57                            1706C    1706C       A2     8000       0
                text56                            18220    18220       1C     8000       0
                text55                            18358    18358        E     8000       0
                text54                            17AF8    17AF8       50     8000       0
                text53                            1834A    1834A        E     8000       0
                text52                            17F9A    17F9A       32     8000       0
                text51                            1833C    1833C        E     8000       0
                text50                            17B48    17B48       4E     8000       0
                text49                            1802C    1802C       2E     8000       0
                text48                            17A56    17A56       52     8000       0
                text47                            166EE    166EE      122     8000       0
                text46                            17FFC    17FFC       30     8000       0
                text45                            140F2    140F2      33E     8000       0
                text44                            17CC0    17CC0       48     8000       0
                text43                            16C5E    16C5E       DE     8000       0
                text42                            173CE    173CE       84     8000       0
                text41                            17870    17870       68     8000       0
                text40                            180B2    180B2       28     8000       0
                text39                            15F92    15F92      154     8000       0
                text38                            1649C    1649C      12A     8000       0
                text37                            16236    16236      134     8000       0
                text36                            17348    17348       86     8000       0
                text35                            1764E    1764E       72     8000       0
                text34                            13A50    13A50      352     8000       0
                text33                            15034    15034      2C6     8000       0
                text32                            181C0    181C0       22     8000       0
                text31                            17BE2    17BE2       4C     8000       0
                text30                            1832E    1832E        E     8000       0
                text29                            12DC4    12DC4      4A4     8000       0
                text28                            10DA0    10DA0      B26     8000       0
                text27                            1830E    1830E       10     8000       0
                text26                            17C78    17C78       48     8000       0
                text25                            183D2    183D2        6     8000       0
                text24                            152FA    152FA      2B6     8000       0
                text23                            16E1A    16E1A       D8     8000       0
                text22                            17FCC    17FCC       30     8000       0
                text21                            18274    18274       1A     8000       0
                text20                            17D94    17D94       42     8000       0
                text19                            181E2    181E2       20     8000       0
                text18                            1793E    1793E       60     8000       0
                text17                            17E16    17E16       3C     8000       0
                text16                            1812A    1812A       26     8000       0
                text15                            17D50    17D50       44     8000       0
                text14                            17AA8    17AA8       50     8000       0
                text13                            17EC6    17EC6       36     8000       0
                text12                            17E8E    17E8E       38     8000       0
                text11                            179FE    179FE       58     8000       0
                text10                            171A0    171A0       90     8000       0
                text9                             172BC    172BC       8C     8000       0
                text8                             182FE    182FE       10     8000       0
                text7                             17B96    17B96       4C     8000       0
                text6                             17808    17808       68     8000       0
                text5                             136E8    136E8      368     8000       0
                text4                             182CA    182CA       12     8000       0
                text3                             10000    10000      DA0     8000       0
                text2                             16930    16930      11C     8000       0
                text1                             182EE    182EE       10     8000       0
                text0                             17230    17230       8C     8000       0
                cstackCOMRAM                          1        1       5D        1       1
                cstackBANK0                          60       60       90       60       1
                cstackBANK1                         100      100       CB      100       1
                cstackBANK3                         380      380       23      300       1
                bssBANK3                            300      300       80      300       1
                dataBANK2                           2BE      2BE       24      200       1
                bssBANK2                            200      200       BE      200       1
                dataBANK1                           1E2      1E2        1      100       1
                bssBANK1                            1CB      1CB       17      100       1
                dataBANK0                            F0       F0        6       60       1
                bssBANK0                             F6       F6        5       60       1
                bitbssBANK0                         7D8       FB        1       60       1     8
                bitbssCOMRAM                        2F0       5E        3        1       1     8
                cinit                             1710E    1710E       92     8000       0
                nvBANK2                             2E2      2E2        1      200       1
                idataBANK2                        1819C    1819C       24     8000       0
                idataBANK1                        183F0    183F0        1     8000       0
                idataBANK0                        183CC    183CC        6     8000       0

TOTAL           Name                               Link     Load   Length     Space
        CLASS   STACK          

        CLASS   CODE           
                intcodelo                            18       18       F2         0
                intcode                               8        8        6         0
                init                                10A      10A        4         0
                reset_vec                             0        0        4         0
                text125                           182B6    182B6       14         0
                text124                           182A2    182A2       14         0
                text123                           1839E    1839E        C         0
                text122                           183E4    183E4        4         0
                text121                           18088    18088       2A         0
                text120                           14430    14430      33E         0
                text119                           13DA2    13DA2      350         0
                text118                           16B5E    16B5E      100         0
                text117                           175D4    175D4       7A         0
                text116                           16810    16810      120         0
                text115                           16D3C    16D3C       DE         0
                text114                           160E6    160E6      150         0
                text113                           16A4C    16A4C      112         0
                text112                           155B0    155B0      2B4         0
                text111                           1805A    1805A       2E         0
                text110                           17D08    17D08       48         0
                text109                           14A72    14A72      2FA         0
                text108                           17558    17558       7C         0
                text107                           17E52    17E52       3C         0
                text106                           15D5C    15D5C      236         0
                text105                           14D6C    14D6C      2C8         0
                text104                           1476E    1476E      304         0
                text103                           17730    17730       6E         0
                text102                           15B12    15B12      24A         0
                text101                           183DE    183DE        6         0
                text100                           123E4    123E4      9E0         0
                text99                            183EE    183EE        2         0
                text98                            18102    18102       28         0
                text97                            174D6    174D6       82         0
                text96                            178D8    178D8       66         0
                text95                            18176    18176       26         0
                text94                            165C6    165C6      128         0
                text93                            1636A    1636A      132         0
                text92                            17452    17452       84         0
                text91                            176C0    176C0       70         0
                text90                            15864    15864      2AE         0
                text89                            18202    18202       1E         0
                text88                            17C2E    17C2E       4A         0
                text87                            183AA    183AA        A         0
                text86                            13268    13268      480         0
                text85                            118C6    118C6      B1E         0
                text84                            16FBE    16FBE       AE         0
                text83                            183EC    183EC        2         0
                text82                            18258    18258       1C         0
                text81                            17F66    17F66       34         0
                intcode_body                      16EF2    16EF2       CC         0
                text79                            17EFC    17EFC       36         0
                text78                            183C4    183C4        8         0
                text77                            17DD6    17DD6       40         0
                text76                            183EA    183EA        2         0
                text75                            180DA    180DA       28         0
                text74                            18150    18150       26         0
                text73                            183D8    183D8        6         0
                text72                            183BC    183BC        8         0
                text71                            18390    18390        E         0
                text70                            182DC    182DC       12         0
                text69                            183E8    183E8        2         0
                text68                            17F32    17F32       34         0
                text66                            18382    18382        E         0
                text65                            1799E    1799E       60         0
                text64                            18374    18374        E         0
                text63                            18366    18366        E         0
                text62                            1779E    1779E       6A         0
                text61                            183B4    183B4        8         0
                text60                            1831E    1831E       10         0
                text59                            1828E    1828E       14         0
                text58                            1823C    1823C       1C         0
                text57                            1706C    1706C       A2         0
                text56                            18220    18220       1C         0
                text55                            18358    18358        E         0
                text54                            17AF8    17AF8       50         0
                text53                            1834A    1834A        E         0
                text52                            17F9A    17F9A       32         0
                text51                            1833C    1833C        E         0
                text50                            17B48    17B48       4E         0
                text49                            1802C    1802C       2E         0
                text48                            17A56    17A56       52         0
                text47                            166EE    166EE      122         0
                text46                            17FFC    17FFC       30         0
                text45                            140F2    140F2      33E         0
                text44                            17CC0    17CC0       48         0
                text43                            16C5E    16C5E       DE         0
                text42                            173CE    173CE       84         0
                text41                            17870    17870       68         0
                text40                            180B2    180B2       28         0
                text39                            15F92    15F92      154         0
                text38                            1649C    1649C      12A         0
                text37                            16236    16236      134         0
                text36                            17348    17348       86         0
                text35                            1764E    1764E       72         0
                text34                            13A50    13A50      352         0
                text33                            15034    15034      2C6         0
                text32                            181C0    181C0       22         0
                text31                            17BE2    17BE2       4C         0
                text30                            1832E    1832E        E         0
                text29                            12DC4    12DC4      4A4         0
                text28                            10DA0    10DA0      B26         0
                text27                            1830E    1830E       10         0
                text26                            17C78    17C78       48         0
                text25                            183D2    183D2        6         0
                text24                            152FA    152FA      2B6         0
                text23                            16E1A    16E1A       D8         0
                text22                            17FCC    17FCC       30         0
                text21                            18274    18274       1A         0
                text20                            17D94    17D94       42         0
                text19                            181E2    181E2       20         0
                text18                            1793E    1793E       60         0
                text17                            17E16    17E16       3C         0
                text16                            1812A    1812A       26         0
                text15                            17D50    17D50       44         0
                text14                            17AA8    17AA8       50         0
                text13                            17EC6    17EC6       36         0
                text12                            17E8E    17E8E       38         0
                text11                            179FE    179FE       58         0
                text10                            171A0    171A0       90         0
                text9                             172BC    172BC       8C         0
                text8                             182FE    182FE       10         0
                text7                             17B96    17B96       4C         0
                text6                             17808    17808       68         0
                text5                             136E8    136E8      368         0
                text4                             182CA    182CA       12         0
                text3                             10000    10000      DA0         0
                text2                             16930    16930      11C         0
                text1                             182EE    182EE       10         0
                text0                             17230    17230       8C         0
                cinit                             1710E    1710E       92         0
                idataBANK2                        1819C    1819C       24         0
                idataBANK1                        183F0    183F0        1         0
                idataBANK0                        183CC    183CC        6         0

        CLASS   CONST          

        CLASS   SMALLCONST     

        CLASS   MEDIUMCONST    
                mediumconst                        EA1A     EA1A     15E6         0

        CLASS   COMRAM         
                temp                                 5F       5F        1         1
                cstackCOMRAM                          1        1       5D         1
                bitbssCOMRAM                        2F0       5E        3         1

        CLASS   ABS1           

        CLASS   BIGRAM         

        CLASS   RAM            

        CLASS   BANK0          
                cstackBANK0                          60       60       90         1
                dataBANK0                            F0       F0        6         1
                bssBANK0                             F6       F6        5         1
                bitbssBANK0                         7D8       FB        1         1

        CLASS   BANK1          
                cstackBANK1                         100      100       CB         1
                dataBANK1                           1E2      1E2        1         1
                bssBANK1                            1CB      1CB       17         1

        CLASS   BANK2          
                dataBANK2                           2BE      2BE       24         1
                bssBANK2                            200      200       BE         1
                nvBANK2                             2E2      2E2        1         1

        CLASS   BANK3          
                cstackBANK3                         380      380       23         1
                bssBANK3                            300      300       80         1

        CLASS   BANK4          

        CLASS   BANK5          

        CLASS   BANK6          

        CLASS   BANK7          

        CLASS   BANK8          

        CLASS   BANK9          

        CLASS   BANK10         

        CLASS   BANK11         

        CLASS   BANK12         

        CLASS   BANK13         

        CLASS   SFR            

        CLASS   FARRAM         

        CLASS   CONFIG         
                config                           300000   300000        C         0

        CLASS   IDLOC          
                idloc                            200000   200000       10         0

        CLASS   EEDATA         



SEGMENTS        Name                           Load    Length   Top    Selector   Space  Class

                reset_vec                      000000  000004  000004         0       0  CODE    
                cstackCOMRAM                   000001  00005F  000060         1       1  COMRAM  
                intcode                        000008  000006  00000E         4       0  CODE    
                intcodelo                      000018  0000F6  00010E         C       0  CODE    
                cstackBANK0                    000060  00009C  0000FC        60       1  BANK0   
                cstackBANK1                    000100  0000E3  0001E3       100       1  BANK1   
                bssBANK2                       000200  0000E3  0002E3       200       1  BANK2   
                bssBANK3                       000300  0000A3  0003A3       300       1  BANK3   
                mediumconst                    00EA1A  0015E6  010000      750D       0  MEDIUMCO
                text3                          010000  0083F1  0183F1      8000       0  CODE    
                idloc                          200000  000010  200010    200000       0  IDLOC   
                config                         300000  00000C  30000C    300000       0  CONFIG  


UNUSED ADDRESS RANGES

        Name                Unused          Largest block    Delta
        BANK0            0000FC-0000FF                4
        BANK1            0001E3-0001FF               1D
        BANK10           000A00-000AFF              100
        BANK11           000B00-000BFF              100
        BANK12           000C00-000CFF              100
        BANK13           000D00-000DE9               EA
        BANK2            0002E3-0002FF               1D
        BANK3            0003A3-0003FF               5D
        BANK4            000400-0004FF              100
        BANK5            000500-0005FF              100
        BANK6            000600-0006FF              100
        BANK7            000700-0007FF              100
        BANK8            000800-0008FF              100
        BANK9            000900-0009FF              100
        BIGRAM           0000FC-0000FF                4
                         0001E3-0001FF               1D
                         0002E3-0002FF               1D
                         0003A3-000DE9              A47
        CODE             000004-000007                4
                         00000E-000017                A
                         00010E-00EA19             E90C
                         0183F1-01FFFF             7C0F
        CONST            000004-000007                4
                         00000E-000017                A
                         00010E-00EA19             E90C
                         0183F1-01FFFF             7C0F
        EEDATA           310000-3103FF              400
        MEDIUMCONST      000E00-00EA19             DC1A
                         0183F1-01FFFF             7C0F
        RAM              0000FC-0000FF                4
                         0001E3-0001FF               1D
                         0002E3-0002FF               1D
                         0003A3-000DE9              100
        SFR              000DEF-000FFF              100
        SMALLCONST       000E00-00EA19              100
                         0183F1-01FFFF              100
        STACK            0003A3-000DE9              A47

                                  Symbol Table

?_ADCC_GetConversionResult                     cstackCOMRAM 000001
?_ADCC_GetFilterValue                          cstackCOMRAM 000001
?_FLASH_ReadWord                               cstackBANK1  00011B
?___awdiv                                      cstackBANK1  00011D
?___awmod                                      cstackBANK1  000117
?___fladd                                      cstackBANK1  000129
?___fldiv                                      cstackBANK1  00013D
?___flmul                                      cstackBANK1  000156
?___flneg                                      cstackBANK1  000125
?___flsub                                      cstackBANK1  00013D
?___fltol                                      cstackBANK1  00016F
?___lldiv                                      cstackBANK1  000117
?___llmod                                      cstackBANK1  000124
?___wmul                                       cstackBANK1  000117
?___xxtofl                                     cstackBANK1  000117
?__div_to_l_                                   cstackBANK1  000117
?__tdiv_to_l_                                  cstackBANK1  000117
?_abs                                          cstackBANK0  000076
?_acos                                         cstackBANK0  0000A9
?_asin                                         cstackBANK0  000091
?_atan                                         cstackBANK0  00007C
?_atoi                                         cstackBANK1  00011D
?_currentMeasuredToPeak                        cstackBANK0  000099
?_eval_poly                                    cstackBANK0  00006C
?_fabs                                         cstackCOMRAM 000030
?_floor                                        cstackBANK0  000076
?_fround                                       cstackBANK1  00016F
?_getCauseOfResetString                        cstackBANK1  000117
?_getDeviceID                                  cstackBANK1  000122
?_getDeviceIDString                            cstackBANK1  000124
?_getUserID                                    cstackBANK1  000122
?_peakToRMS                                    cstackBANK0  0000B1
?_printf                                       cstackBANK1  00017C
?_scale                                        cstackBANK1  00016F
?_sin                                          cstackBANK0  000088
?_sqrt                                         cstackBANK0  00006C
?_strchr                                       cstackBANK1  000117
?_strcmp                                       cstackBANK1  000117
?_strlen                                       cstackBANK1  000117
?_strncmp                                      cstackBANK1  00011D
?_strstr                                       cstackBANK1  000126
?i2___awdiv                                    cstackCOMRAM 000007
?i2___awmod                                    cstackCOMRAM 000001
?i2___fladd                                    cstackCOMRAM 000056
?i2___fldiv                                    cstackCOMRAM 000013
?i2___flmul                                    cstackCOMRAM 000030
?i2___flneg                                    cstackCOMRAM 00002C
?i2___flsub                                    cstackBANK0  000080
?i2___fltol                                    cstackBANK0  00006C
?i2___lldiv                                    cstackCOMRAM 000001
?i2___llmod                                    cstackCOMRAM 00000E
?i2___wmul                                     cstackCOMRAM 000001
?i2___xxtofl                                   cstackCOMRAM 000005
?i2__div_to_l_                                 cstackCOMRAM 000001
?i2__tdiv_to_l_                                cstackCOMRAM 000001
?i2_fround                                     cstackCOMRAM 000049
?i2_printf                                     cstackBANK0  000088
?i2_scale                                      cstackCOMRAM 000049
ADCC_SetADTIInterruptHandler@InterruptHandler  cstackBANK1  000117
ADCC_StartConversion@channel                   cstackBANK1  000100
ADCPostProcessingCallback@current_adc_channel  cstackBANK0  0000D5
EUSART2_Read@readValue                         cstackBANK1  000117
EUSART2_SetRxInterruptHandler@interruptHandler cstackBANK1  000117
EUSART2_SetTxInterruptHandler@interruptHandler cstackBANK1  000117
EUSART2_Write@txData                           cstackBANK1  000117
FLASH_ReadByte@flashAddr                       cstackBANK1  000117
FLASH_ReadWord@flashAddr                       cstackBANK1  00011B
TMR5_SetInterruptHandler@InterruptHandler      cstackBANK1  000117
TMR5_WriteTimer@timerVal                       cstackCOMRAM 000001
TMR6_SetInterruptHandler@InterruptHandler      cstackBANK1  000117
TMR7_SetInterruptHandler@InterruptHandler      cstackBANK1  000117
TMR7_WriteTimer@timerVal                       cstackBANK1  000100
_ADACCH                                        (abs)        000F71
_ADACCL                                        (abs)        000F70
_ADACQ                                         (abs)        000F5C
_ADACT                                         (abs)        000F56
_ADCAP                                         (abs)        000F5D
_ADCC_ADTI_InterruptHandler                    bssBANK2     00026A
_ADCC_ClearAccumulator                         text73       0183D8
_ADCC_DefaultInterruptHandler                  text99       0183EE
_ADCC_DischargeSampleCapacitor                 text72       0183BC
_ADCC_GetConversionResult                      text125      0182B6
_ADCC_GetFilterValue                           text124      0182A2
_ADCC_HasAccumulatorOverflowed                 text123      01839E
_ADCC_Initialize                               text65       01799E
_ADCC_SetADTIInterruptHandler                  text66       018382
_ADCC_StartConversion                          text71       018390
_ADCC_StopConversion                           text122      0183E4
_ADCC_ThresholdISR                             text98       018102
_ADCLK                                         (abs)        000F57
_ADCNT                                         (abs)        000F67
_ADCON0                                        (abs)        000F60
_ADCON0bits                                    (abs)        000F60
_ADCON1                                        (abs)        000F59
_ADCON1bits                                    (abs)        000F59
_ADCON2                                        (abs)        000F5A
_ADCON2bits                                    (abs)        000F5A
_ADCON3                                        (abs)        000F5B
_ADCON3bits                                    (abs)        000F5B
_ADCPostProcessingCallback                     text100      0123E4
_ADCPostProcessingCallback$4088                cstackBANK0  0000D6
_ADCPostProcessingCallback$4089                cstackBANK0  0000DA
_ADCPostProcessingCallback$4090                cstackBANK0  0000C9
_ADCPostProcessingCallback$4091                cstackBANK0  0000CD
_ADCPostProcessingCallback$4092                cstackBANK0  0000D1
_ADC_Result_Scaling                            bssBANK2     00025C
_ADERRH                                        (abs)        000F6F
_ADERRL                                        (abs)        000F6E
_ADFLTRH                                       (abs)        000F73
_ADFLTRL                                       (abs)        000F72
_ADLTHH                                        (abs)        000F6B
_ADLTHL                                        (abs)        000F6A
_ADPCH                                         (abs)        000F5F
_ADPRE                                         (abs)        000F5E
_ADPREVH                                       (abs)        000F62
_ADPREVL                                       (abs)        000F61
_ADREF                                         (abs)        000F58
_ADRESH                                        (abs)        000F64
_ADRESL                                        (abs)        000F63
_ADRPT                                         (abs)        000F66
_ADSTAT                                        (abs)        000F65
_ADSTATbits                                    (abs)        000F65
_ADSTPTH                                       (abs)        000F69
_ADSTPTL                                       (abs)        000F68
_ADUTHH                                        (abs)        000F6D
_ADUTHL                                        (abs)        000F6C
_ANSELA                                        (abs)        000E92
_ANSELB                                        (abs)        000E9A
_ANSELD                                        (abs)        000EA7
_ANSELE                                        (abs)        000EAF
_ANSELF                                        (abs)        000EB4
_ANSELG                                        (abs)        000EBC
_AVSS_ADC_Result                               bssBANK2     000260
_Avg_Power                                     bssBANK2     000248
_BAUD2CON                                      (abs)        000EF7
_EUSART2_Initialize                            text62       01779E
_EUSART2_Read                                  text26       017C78
_EUSART2_Receive_ISR                           text84       016FBE
_EUSART2_RxDefaultInterruptHandler             bssBANK2     000270
_EUSART2_SetRxInterruptHandler                 text64       018374
_EUSART2_SetTxInterruptHandler                 text63       018366
_EUSART2_Transmit_ISR                          text79       017EFC
_EUSART2_TxDefaultInterruptHandler             bssBANK2     000273
_EUSART2_Write                                 text31       017BE2
_FLASH_ReadByte                                text21       018274
_FLASH_ReadWord                                text20       017D94
_FVRCON                                        (abs)        000EC4
_FVRCONbits                                    (abs)        000EC4
_FVR_ADC_Result                                bssBANK1     0001DE
_FVR_Initialize                                text61       0183B4
_HLVDCON0                                      (abs)        000EC2
_HLVDCON0bits                                  (abs)        000EC2
_HLVDCON1                                      (abs)        000EC3
_HLVD_ISR                                      text78       0183C4
_HLVD_Initialize                               text60       01831E
_INTCONbits                                    (abs)        000FF2
_INTERRUPT_Initialize                          text59       01828E
_INTERRUPT_InterruptManagerHigh                intcode      000008
_INTERRUPT_InterruptManagerLow                 intcodelo    000018
_IPR1bits                                      (abs)        000E20
_IPR2bits                                      (abs)        000E21
_IPR3bits                                      (abs)        000E22
_IPR5bits                                      (abs)        000E24
_Imeas                                         bssBANK1     0001CF
_Ipk                                           bssBANK1     0001D3
_Irms                                          bssBANK1     0001CB
_Irms_offset                                   dataBANK2    0002D6
_LATA                                          (abs)        000F79
_LATB                                          (abs)        000F7A
_LATC                                          (abs)        000F7B
_LATD                                          (abs)        000F7C
_LATE                                          (abs)        000F7D
_LATF                                          (abs)        000F7E
_LATFbits                                      (abs)        000F7E
_LATG                                          (abs)        000F7F
_LATGbits                                      (abs)        000F7F
_LATH                                          (abs)        000F80
_NVMADRH                                       (abs)        000F75
_NVMADRL                                       (abs)        000F74
_NVMCON1bits                                   (abs)        000F77
_NVMCON2                                       (abs)        000F78
_NVMDAT                                        (abs)        000F76
_ODCONA                                        (abs)        000E90
_ODCONB                                        (abs)        000E98
_ODCONC                                        (abs)        000EA0
_ODCOND                                        (abs)        000EA5
_ODCONE                                        (abs)        000EAD
_ODCONF                                        (abs)        000EB2
_ODCONG                                        (abs)        000EBA
_ODCONH                                        (abs)        000EBF
_OSCCON1                                       (abs)        000E43
_OSCCON3                                       (abs)        000E45
_OSCEN                                         (abs)        000E47
_OSCFRQ                                        (abs)        000E49
_OSCILLATOR_Initialize                         text58       01823C
_OSCTUNE                                       (abs)        000E48
_PCON0bits                                     (abs)        000FD7
_PIE1bits                                      (abs)        000E2A
_PIE2bits                                      (abs)        000E2B
_PIE3bits                                      (abs)        000E2C
_PIE5bits                                      (abs)        000E2E
_PIN_MANAGER_Initialize                        text57       01706C
_PIR1bits                                      (abs)        000E34
_PIR2bits                                      (abs)        000E35
_PIR3bits                                      (abs)        000E36
_PIR5bits                                      (abs)        000E38
_PIR8bits                                      (abs)        000E3B
_PLLR                                          (abs)        007230
_PMD0                                          (abs)        000E4C
_PMD1                                          (abs)        000E4D
_PMD2                                          (abs)        000E4E
_PMD3                                          (abs)        000E4F
_PMD4                                          (abs)        000E50
_PMD5                                          (abs)        000E51
_PMD_Initialize                                text56       018220
_POS12_ADC_Result                              bssBANK2     000258
_POS3P3_ADC_Result                             bssBANK0     0000F6
_PR6                                           (abs)        000FB0
_RC2REG                                        (abs)        000EF1
_RC2STA                                        (abs)        000EF5
_RC2STAbits                                    (abs)        000EF5
_RG7PPS                                        (abs)        000E89
_RX2PPS                                        (abs)        000E11
_SLRCONA                                       (abs)        000E8F
_SLRCONB                                       (abs)        000E97
_SLRCONC                                       (abs)        000E9F
_SLRCOND                                       (abs)        000EA4
_SLRCONE                                       (abs)        000EAC
_SLRCONF                                       (abs)        000EB1
_SLRCONG                                       (abs)        000EB9
_SLRCONH                                       (abs)        000EBE
_SP2BRGH                                       (abs)        000EF4
_SP2BRGL                                       (abs)        000EF3
_SYSTEM_Initialize                             text49       01802C
_T5CLK                                         (abs)        000FC6
_T5CON                                         (abs)        000FC3
_T5CONbits                                     (abs)        000FC3
_T5GATE                                        (abs)        000FC5
_T5GCON                                        (abs)        000FC4
_T5GCONbits                                    (abs)        000FC4
_T6CLKCON                                      (abs)        000FB3
_T6CON                                         (abs)        000FB1
_T6CONbits                                     (abs)        000FB1
_T6HLT                                         (abs)        000FB2
_T6HLTbits                                     (abs)        000FB2
_T6PR                                          (abs)        000FB0
_T6RST                                         (abs)        000FB4
_T6RSTbits                                     (abs)        000FB4
_T6TMR                                         (abs)        000FAF
_T7CLK                                         (abs)        000F33
_T7CON                                         (abs)        000F30
_T7CONbits                                     (abs)        000F30
_T7GATE                                        (abs)        000F32
_T7GCON                                        (abs)        000F31
_T7GCONbits                                    (abs)        000F31
_TABLAT                                        (abs)        000FF5
_TBLPTRH                                       (abs)        000FF7
_TBLPTRL                                       (abs)        000FF6
_TBLPTRU                                       (abs)        000FF8
_TMR5H                                         (abs)        000FC2
_TMR5L                                         (abs)        000FC1
_TMR5_DefaultInterruptHandler                  text83       0183EC
_TMR5_ISR                                      text81       017F66
_TMR5_Initialize                               text54       017AF8
_TMR5_InterruptHandler                         bssBANK2     000264
_TMR5_SetInterruptHandler                      text55       018358
_TMR5_WriteTimer                               text82       018258
_TMR6                                          (abs)        000FAF
_TMR6_DefaultInterruptHandler                  text76       0183EA
_TMR6_ISR                                      text75       0180DA
_TMR6_Initialize                               text52       017F9A
_TMR6_InterruptHandler                         bssBANK2     00026D
_TMR6_SetInterruptHandler                      text53       01834A
_TMR7H                                         (abs)        000F2F
_TMR7L                                         (abs)        000F2E
_TMR7_DefaultInterruptHandler                  text69       0183E8
_TMR7_ISR                                      text68       017F32
_TMR7_Initialize                               text50       017B48
_TMR7_InterruptHandler                         bssBANK2     000267
_TMR7_SetInterruptHandler                      text51       01833C
_TMR7_StopTimer                                text25       0183D2
_TMR7_WriteTimer                               text74       018150
_TRIAC_Firing_Angle                            dataBANK0    0000F2
_TRISA                                         (abs)        000F81
_TRISB                                         (abs)        000F82
_TRISC                                         (abs)        000F83
_TRISD                                         (abs)        000F84
_TRISE                                         (abs)        000F85
_TRISF                                         (abs)        000F86
_TRISG                                         (abs)        000F87
_TRISH                                         (abs)        000F88
_TX2REG                                        (abs)        000EF2
_TX2STA                                        (abs)        000EF6
_TX2STAbits                                    (abs)        000EF6
_Temp_ADC_Offset                               dataBANK2    0002DE
_Temp_ADC_Result                               bssBANK2     000254
_VCC_overvoltage_flag                          bitbssCOMRAM 0002F2
_Vpk                                           bssBANK2     000250
_Vpk_const                                     dataBANK2    0002DA
_Vrms                                          bssBANK2     00024C
_WPUA                                          (abs)        000E91
_WPUB                                          (abs)        000E99
_WPUC                                          (abs)        000EA1
_WPUD                                          (abs)        000EA6
_WPUE                                          (abs)        000EAE
_WPUF                                          (abs)        000EB3
_WPUG                                          (abs)        000EBB
_WPUH                                          (abs)        000EC0
__CFG_BOREN$SBORDIS                            (abs)        000000
__CFG_BORV$VBOR_190                            (abs)        000000
__CFG_CLKOUTEN$OFF                             (abs)        000000
__CFG_CP$OFF                                   (abs)        000000
__CFG_CPD$OFF                                  (abs)        000000
__CFG_CSWEN$ON                                 (abs)        000000
__CFG_DEBUG$OFF                                (abs)        000000
__CFG_EBTR0$OFF                                (abs)        000000
__CFG_EBTR1$OFF                                (abs)        000000
__CFG_EBTR2$OFF                                (abs)        000000
__CFG_EBTR3$OFF                                (abs)        000000
__CFG_EBTR4$OFF                                (abs)        000000
__CFG_EBTR5$OFF                                (abs)        000000
__CFG_EBTR6$OFF                                (abs)        000000
__CFG_EBTR7$OFF                                (abs)        000000
__CFG_EBTRB$OFF                                (abs)        000000
__CFG_FCMEN$ON                                 (abs)        000000
__CFG_FEXTOSC$ECH                              (abs)        000000
__CFG_IDLOC0$                                  (abs)        000000
__CFG_IDLOC1$                                  (abs)        000001
__CFG_IDLOC2$                                  (abs)        000002
__CFG_IDLOC3$                                  (abs)        000003
__CFG_IDLOC4$                                  (abs)        000004
__CFG_IDLOC5$                                  (abs)        000005
__CFG_IDLOC6$                                  (abs)        000006
__CFG_IDLOC7$                                  (abs)        000007
__CFG_LPBOREN$OFF                              (abs)        000000
__CFG_LVP$OFF                                  (abs)        000000
__CFG_MCLRE$EXTMCLR                            (abs)        000000
__CFG_PPS1WAY$ON                               (abs)        000000
__CFG_PWRTE$ON                                 (abs)        000000
__CFG_RSTOSC$EXTOSC_4PLL                       (abs)        000000
__CFG_SCANE$OFF                                (abs)        000000
__CFG_STVREN$ON                                (abs)        000000
__CFG_WDTCCS$LFINTOSC                          (abs)        000000
__CFG_WDTCPS$WDTCPS_11                         (abs)        000000
__CFG_WDTCWS$WDTCWS_7                          (abs)        000000
__CFG_WDTE$NSLEEP                              (abs)        000000
__CFG_WRT0$OFF                                 (abs)        000000
__CFG_WRT1$OFF                                 (abs)        000000
__CFG_WRT2$OFF                                 (abs)        000000
__CFG_WRT3$OFF                                 (abs)        000000
__CFG_WRT4$OFF                                 (abs)        000000
__CFG_WRT5$OFF                                 (abs)        000000
__CFG_WRT6$OFF                                 (abs)        000000
__CFG_WRT7$OFF                                 (abs)        000000
__CFG_WRTB$OFF                                 (abs)        000000
__CFG_WRTC$OFF                                 (abs)        000000
__CFG_WRTD$OFF                                 (abs)        000000
__CFG_XINST$OFF                                (abs)        000000
__CFG_ZCD$OFF                                  (abs)        000000
__HRAM                                         (abs)        000000
__Habs1                                        abs1         000000
__Hbank0                                       bank0        000000
__Hbank1                                       bank1        000000
__Hbank10                                      bank10       000000
__Hbank11                                      bank11       000000
__Hbank12                                      bank12       000000
__Hbank13                                      bank13       000000
__Hbank2                                       bank2        000000
__Hbank3                                       bank3        000000
__Hbank4                                       bank4        000000
__Hbank5                                       bank5        000000
__Hbank6                                       bank6        000000
__Hbank7                                       bank7        000000
__Hbank8                                       bank8        000000
__Hbank9                                       bank9        000000
__Hbigbss                                      bigbss       000000
__Hbigdata                                     bigdata      000000
__Hbigram                                      bigram       000000
__HbitbssBANK0                                 bitbssBANK0  000000
__HbitbssCOMRAM                                bitbssCOMRAM 000000
__Hbss                                         bss          000000
__HbssBANK0                                    bssBANK0     000000
__HbssBANK1                                    bssBANK1     000000
__HbssBANK2                                    bssBANK2     000000
__HbssBANK3                                    bssBANK3     000000
__Hcinit                                       cinit        000000
__Hclrtext                                     clrtext      000000
__Hcomram                                      comram       000000
__Hconfig                                      config       30000C
__Hconst                                       const        000000
__HcstackBANK0                                 cstackBANK0  000000
__HcstackBANK1                                 cstackBANK1  000000
__HcstackBANK3                                 cstackBANK3  000000
__HcstackCOMRAM                                cstackCOMRAM 000000
__Hdata                                        data         000000
__HdataBANK0                                   dataBANK0    000000
__HdataBANK1                                   dataBANK1    000000
__HdataBANK2                                   dataBANK2    000000
__Heeprom_data                                 eeprom_data  000000
__Hfarbss                                      farbss       000000
__Hfardata                                     fardata      000000
__Hibigdata                                    ibigdata     000000
__Hidata                                       idata        000000
__HidataBANK0                                  idataBANK0   000000
__HidataBANK1                                  idataBANK1   000000
__HidataBANK2                                  idataBANK2   000000
__Hidloc                                       idloc        200010
__Hifardata                                    ifardata     000000
__Hinit                                        init         00010E
__Hintcode                                     intcode      00000E
__Hintcode_body                                intcode_body 000000
__Hintcodelo                                   intcodelo    00010A
__Hintentry                                    intentry     000000
__Hintret                                      intret       000000
__Hintsave_regs                                intsave_regs 000000
__Hirdata                                      irdata       000000
__Hmediumconst                                 mediumconst  010000
__HnvBANK2                                     nvBANK2      000000
__HnvFARRAM                                    nvFARRAM     000000
__Hnvbit                                       nvbit        000000
__Hnvrram                                      nvrram       000000
__Hparam                                       rparam       000000
__Hpowerup                                     powerup      00010A
__Hram                                         ram          000000
__Hramtop                                      ramtop       000E00
__Hrbit                                        rbit         000000
__Hrbss                                        rbss         000000
__Hrdata                                       rdata        000000
__Hreset_vec                                   reset_vec    000004
__Hrparam                                      rparam       000000
__Hsfr                                         sfr          000000
__Hsmallconst                                  smallconst   000000
__Hspace_0                                     (abs)        30000C
__Hspace_1                                     (abs)        0007D9
__Hspace_2                                     (abs)        000000
__Hstack                                       stack        000000
__Hstruct                                      struct       000000
__Htemp                                        temp         000060
__Htext                                        text         000000
__Htext0                                       text0        000000
__Htext1                                       text1        000000
__Htext10                                      text10       000000
__Htext100                                     text100      000000
__Htext101                                     text101      000000
__Htext102                                     text102      000000
__Htext103                                     text103      000000
__Htext104                                     text104      000000
__Htext105                                     text105      000000
__Htext106                                     text106      000000
__Htext107                                     text107      000000
__Htext108                                     text108      000000
__Htext109                                     text109      000000
__Htext11                                      text11       000000
__Htext110                                     text110      000000
__Htext111                                     text111      000000
__Htext112                                     text112      000000
__Htext113                                     text113      000000
__Htext114                                     text114      000000
__Htext115                                     text115      000000
__Htext116                                     text116      000000
__Htext117                                     text117      000000
__Htext118                                     text118      000000
__Htext119                                     text119      000000
__Htext12                                      text12       000000
__Htext120                                     text120      000000
__Htext121                                     text121      000000
__Htext122                                     text122      000000
__Htext123                                     text123      000000
__Htext124                                     text124      000000
__Htext125                                     text125      000000
__Htext126                                     text126      000000
__Htext13                                      text13       000000
__Htext14                                      text14       000000
__Htext15                                      text15       000000
__Htext16                                      text16       000000
__Htext17                                      text17       000000
__Htext18                                      text18       000000
__Htext19                                      text19       000000
__Htext2                                       text2        000000
__Htext20                                      text20       000000
__Htext21                                      text21       000000
__Htext22                                      text22       000000
__Htext23                                      text23       000000
__Htext24                                      text24       000000
__Htext25                                      text25       000000
__Htext26                                      text26       000000
__Htext27                                      text27       000000
__Htext28                                      text28       000000
__Htext29                                      text29       000000
__Htext3                                       text3        000000
__Htext30                                      text30       000000
__Htext31                                      text31       000000
__Htext32                                      text32       000000
__Htext33                                      text33       000000
__Htext34                                      text34       000000
__Htext35                                      text35       000000
__Htext36                                      text36       000000
__Htext37                                      text37       000000
__Htext38                                      text38       000000
__Htext39                                      text39       000000
__Htext4                                       text4        000000
__Htext40                                      text40       000000
__Htext41                                      text41       000000
__Htext42                                      text42       000000
__Htext43                                      text43       000000
__Htext44                                      text44       000000
__Htext45                                      text45       000000
__Htext46                                      text46       000000
__Htext47                                      text47       000000
__Htext48                                      text48       000000
__Htext49                                      text49       000000
__Htext5                                       text5        000000
__Htext50                                      text50       000000
__Htext51                                      text51       000000
__Htext52                                      text52       000000
__Htext53                                      text53       000000
__Htext54                                      text54       000000
__Htext55                                      text55       000000
__Htext56                                      text56       000000
__Htext57                                      text57       000000
__Htext58                                      text58       000000
__Htext59                                      text59       000000
__Htext6                                       text6        000000
__Htext60                                      text60       000000
__Htext61                                      text61       000000
__Htext62                                      text62       000000
__Htext63                                      text63       000000
__Htext64                                      text64       000000
__Htext65                                      text65       000000
__Htext66                                      text66       000000
__Htext68                                      text68       000000
__Htext69                                      text69       000000
__Htext7                                       text7        000000
__Htext70                                      text70       000000
__Htext71                                      text71       000000
__Htext72                                      text72       000000
__Htext73                                      text73       000000
__Htext74                                      text74       000000
__Htext75                                      text75       000000
__Htext76                                      text76       000000
__Htext77                                      text77       000000
__Htext78                                      text78       000000
__Htext79                                      text79       000000
__Htext8                                       text8        000000
__Htext81                                      text81       000000
__Htext82                                      text82       000000
__Htext83                                      text83       000000
__Htext84                                      text84       000000
__Htext85                                      text85       000000
__Htext86                                      text86       000000
__Htext87                                      text87       000000
__Htext88                                      text88       000000
__Htext89                                      text89       000000
__Htext9                                       text9        000000
__Htext90                                      text90       000000
__Htext91                                      text91       000000
__Htext92                                      text92       000000
__Htext93                                      text93       000000
__Htext94                                      text94       000000
__Htext95                                      text95       000000
__Htext96                                      text96       000000
__Htext97                                      text97       000000
__Htext98                                      text98       000000
__Htext99                                      text99       000000
__LRAM                                         (abs)        000001
__Labs1                                        abs1         000000
__Lbank0                                       bank0        000000
__Lbank1                                       bank1        000000
__Lbank10                                      bank10       000000
__Lbank11                                      bank11       000000
__Lbank12                                      bank12       000000
__Lbank13                                      bank13       000000
__Lbank2                                       bank2        000000
__Lbank3                                       bank3        000000
__Lbank4                                       bank4        000000
__Lbank5                                       bank5        000000
__Lbank6                                       bank6        000000
__Lbank7                                       bank7        000000
__Lbank8                                       bank8        000000
__Lbank9                                       bank9        000000
__Lbigbss                                      bigbss       000000
__Lbigdata                                     bigdata      000000
__Lbigram                                      bigram       000000
__LbitbssBANK0                                 bitbssBANK0  000000
__LbitbssCOMRAM                                bitbssCOMRAM 000000
__Lbss                                         bss          000000
__LbssBANK0                                    bssBANK0     000000
__LbssBANK1                                    bssBANK1     000000
__LbssBANK2                                    bssBANK2     000000
__LbssBANK3                                    bssBANK3     000000
__Lcinit                                       cinit        000000
__Lclrtext                                     clrtext      000000
__Lcomram                                      comram       000000
__Lconfig                                      config       300000
__Lconst                                       const        000000
__LcstackBANK0                                 cstackBANK0  000000
__LcstackBANK1                                 cstackBANK1  000000
__LcstackBANK3                                 cstackBANK3  000000
__LcstackCOMRAM                                cstackCOMRAM 000000
__Ldata                                        data         000000
__LdataBANK0                                   dataBANK0    000000
__LdataBANK1                                   dataBANK1    000000
__LdataBANK2                                   dataBANK2    000000
__Leeprom_data                                 eeprom_data  000000
__Lfarbss                                      farbss       000000
__Lfardata                                     fardata      000000
__Libigdata                                    ibigdata     000000
__Lidata                                       idata        000000
__LidataBANK0                                  idataBANK0   000000
__LidataBANK1                                  idataBANK1   000000
__LidataBANK2                                  idataBANK2   000000
__Lidloc                                       idloc        200000
__Lifardata                                    ifardata     000000
__Linit                                        init         00010A
__Lintcode                                     intcode      000008
__Lintcode_body                                intcode_body 000000
__Lintcodelo                                   intcodelo    000018
__Lintentry                                    intentry     000000
__Lintret                                      intret       000000
__Lintsave_regs                                intsave_regs 000000
__Lirdata                                      irdata       000000
__Lmediumconst                                 mediumconst  00EA1A
__LnvBANK2                                     nvBANK2      000000
__LnvFARRAM                                    nvFARRAM     000000
__Lnvbit                                       nvbit        000000
__Lnvrram                                      nvrram       000000
__Lparam                                       rparam       000000
__Lpowerup                                     powerup      00010A
__Lram                                         ram          000000
__Lramtop                                      ramtop       000E00
__Lrbit                                        rbit         000000
__Lrbss                                        rbss         000000
__Lrdata                                       rdata        000000
__Lreset_vec                                   reset_vec    000000
__Lrparam                                      rparam       000000
__Lsfr                                         sfr          000000
__Lsmallconst                                  smallconst   000000
__Lspace_0                                     (abs)        000000
__Lspace_1                                     (abs)        000000
__Lspace_2                                     (abs)        000000
__Lstack                                       stack        000000
__Lstruct                                      struct       000000
__Ltemp                                        temp         00005F
__Ltext                                        text         000000
__Ltext0                                       text0        000000
__Ltext1                                       text1        000000
__Ltext10                                      text10       000000
__Ltext100                                     text100      000000
__Ltext101                                     text101      000000
__Ltext102                                     text102      000000
__Ltext103                                     text103      000000
__Ltext104                                     text104      000000
__Ltext105                                     text105      000000
__Ltext106                                     text106      000000
__Ltext107                                     text107      000000
__Ltext108                                     text108      000000
__Ltext109                                     text109      000000
__Ltext11                                      text11       000000
__Ltext110                                     text110      000000
__Ltext111                                     text111      000000
__Ltext112                                     text112      000000
__Ltext113                                     text113      000000
__Ltext114                                     text114      000000
__Ltext115                                     text115      000000
__Ltext116                                     text116      000000
__Ltext117                                     text117      000000
__Ltext118                                     text118      000000
__Ltext119                                     text119      000000
__Ltext12                                      text12       000000
__Ltext120                                     text120      000000
__Ltext121                                     text121      000000
__Ltext122                                     text122      000000
__Ltext123                                     text123      000000
__Ltext124                                     text124      000000
__Ltext125                                     text125      000000
__Ltext126                                     text126      000000
__Ltext13                                      text13       000000
__Ltext14                                      text14       000000
__Ltext15                                      text15       000000
__Ltext16                                      text16       000000
__Ltext17                                      text17       000000
__Ltext18                                      text18       000000
__Ltext19                                      text19       000000
__Ltext2                                       text2        000000
__Ltext20                                      text20       000000
__Ltext21                                      text21       000000
__Ltext22                                      text22       000000
__Ltext23                                      text23       000000
__Ltext24                                      text24       000000
__Ltext25                                      text25       000000
__Ltext26                                      text26       000000
__Ltext27                                      text27       000000
__Ltext28                                      text28       000000
__Ltext29                                      text29       000000
__Ltext3                                       text3        000000
__Ltext30                                      text30       000000
__Ltext31                                      text31       000000
__Ltext32                                      text32       000000
__Ltext33                                      text33       000000
__Ltext34                                      text34       000000
__Ltext35                                      text35       000000
__Ltext36                                      text36       000000
[...]
  a               2   22[BANK0 ] int 
 Auto vars:     Size  Location     Type
		None
 Return value:  Size  Location     Type
                  2   22[BANK0 ] int 
 Registers used:
		wreg, status,2, status,0
 Tracked objects:
		On entry : 
		On exit  : 
		Unchanged: 
 Data sizes:     COMRAM   BANK0   BANK1   BANK2   BANK3   BANK4   BANK5   BANK6   BANK7   BANK8   BANK9  BANK10  BANK11  BANK12  BANK13
      Params:         0       2       0       0       0       0       0       0       0       0       0       0       0       0       0
      Locals:         0       0       0       0       0       0       0       0       0       0       0       0       0       0       0
      Temps:          0       2       0       0       0       0       0       0       0       0       0       0       0       0       0
      Totals:         0       4       0       0       0       0       0       0       0       0       0       0       0       0       0
Total ram usage:        4 bytes
 Hardware stack levels used:    1
 This function calls:
		Nothing
 This function is called by:
		_ADCPostProcessingCallback
 This function uses a non-reentrant model


 *************** function _ADCC_StopConversion *****************
 Defined at:
		line 162 in file "mcc_generated_files/adcc.c"
 Parameters:    Size  Location     Type
		None
 Auto vars:     Size  Location     Type
		None
 Return value:  Size  Location     Type
                  1    wreg      void 
 Registers used:
		None
 Tracked objects:
		On entry : 
		On exit  : 
		Unchanged: 
 Data sizes:     COMRAM   BANK0   BANK1   BANK2   BANK3   BANK4   BANK5   BANK6   BANK7   BANK8   BANK9  BANK10  BANK11  BANK12  BANK13
      Params:         0       0       0       0       0       0       0       0       0       0       0       0       0       0       0
      Locals:         0       0       0       0       0       0       0       0       0       0       0       0       0       0       0
      Temps:          0       0       0       0       0       0       0       0       0       0       0       0       0       0       0
      Totals:         0       0       0       0       0       0       0       0       0       0       0       0       0       0       0
Total ram usage:        0 bytes
 Hardware stack levels used:    1
 This function calls:
		Nothing
 This function is called by:
		_ADCPostProcessingCallback
 This function uses a non-reentrant model


 *************** function _ADCC_HasAccumulatorOverflowed *****************
 Defined at:
		line 216 in file "mcc_generated_files/adcc.c"
 Parameters:    Size  Location     Type
		None
 Auto vars:     Size  Location     Type
		None
 Return value:  Size  Location     Type
                  1    wreg      unsigned char 
 Registers used:
		wreg
 Tracked objects:
		On entry : 
		On exit  : 
		Unchanged: 
 Data sizes:     COMRAM   BANK0   BANK1   BANK2   BANK3   BANK4   BANK5   BANK6   BANK7   BANK8   BANK9  BANK10  BANK11  BANK12  BANK13
      Params:         0       0       0       0       0       0       0       0       0       0       0       0       0       0       0
      Locals:         0       0       0       0       0       0       0       0       0       0       0       0       0       0       0
      Temps:          0       0       0       0       0       0       0       0       0       0       0       0       0       0       0
      Totals:         0       0       0       0       0       0       0       0       0       0       0       0       0       0       0
Total ram usage:        0 bytes
 Hardware stack levels used:    1
 This function calls:
		Nothing
 This function is called by:
		_ADCPostProcessingCallback
 This function uses a non-reentrant model


 *************** function _ADCC_GetFilterValue *****************
 Defined at:
		line 222 in file "mcc_generated_files/adcc.c"
 Parameters:    Size  Location     Type
		None
 Auto vars:     Size  Location     Type
		None
 Return value:  Size  Location     Type
                  2    0[COMRAM] unsigned int 
 Registers used:
		wreg, status,2, status,0
 Tracked objects:
		On entry : 
		On exit  : 
		Unchanged: 
 Data sizes:     COMRAM   BANK0   BANK1   BANK2   BANK3   BANK4   BANK5   BANK6   BANK7   BANK8   BANK9  BANK10  BANK11  BANK12  BANK13
      Params:         2       0       0       0       0       0       0       0       0       0       0       0       0       0       0
      Locals:         0       0       0       0       0       0       0       0       0       0       0       0       0       0       0
      Temps:          2       0       0       0       0       0       0       0       0       0       0       0       0       0       0
      Totals:         4       0       0       0       0       0       0       0       0       0       0       0       0       0       0
Total ram usage:        4 bytes
 Hardware stack levels used:    1
 This function calls:
		Nothing
 This function is called by:
		_ADCPostProcessingCallback
 This function uses a non-reentrant model


 *************** function _ADCC_GetConversionResult *****************
 Defined at:
		line 130 in file "mcc_generated_files/adcc.c"
 Parameters:    Size  Location     Type
		None
 Auto vars:     Size  Location     Type
		None
 Return value:  Size  Location     Type
                  2    0[COMRAM] unsigned int 
 Registers used:
		wreg, status,2, status,0
 Tracked objects:
		On entry : 
		On exit  : 
		Unchanged: 
 Data sizes:     COMRAM   BANK0   BANK1   BANK2   BANK3   BANK4   BANK5   BANK6   BANK7   BANK8   BANK9  BANK10  BANK11  BANK12  BANK13
      Params:         2       0       0       0       0       0       0       0       0       0       0       0       0       0       0
      Locals:         0       0       0       0       0       0       0       0       0       0       0       0       0       0       0
      Temps:          2       0       0       0       0       0       0       0       0       0       0       0       0       0       0
      Totals:         4       0       0       0       0       0       0       0       0       0       0       0       0       0       0
Total ram usage:        4 bytes
 Hardware stack levels used:    1
 This function calls:
		Nothing
 This function is called by:
		_ADCPostProcessingCallback
 This function uses a non-reentrant model



MODULE INFORMATION

Module		Function		Class		Link	Load	Size
C:\Program Files (x86)\Microchip\xc8\v1.45\sources\common\asin.c
		_asin          		CODE           	1476E	0000	773

C:\Program Files (x86)\Microchip\xc8\v1.45\sources\common\asin.c estimated size: 773

C:\Program Files (x86)\Microchip\xc8\v1.45\sources\common\sprcdiv.c
		___fldiv       		CODE           	152FA	0000	695

C:\Program Files (x86)\Microchip\xc8\v1.45\sources\common\sprcdiv.c estimated size: 695

C:\Program Files (x86)\Microchip\xc8\v1.45\sources\common\sprcsqrt.c
		_sqrt          		CODE           	14D6C	0000	713

C:\Program Files (x86)\Microchip\xc8\v1.45\sources\common\sprcsqrt.c estimated size: 713

C:\Program Files (x86)\Microchip\xc8\v1.45\sources\common\flge.c
		___flge        		CODE           	166EE	0000	291

C:\Program Files (x86)\Microchip\xc8\v1.45\sources\common\flge.c estimated size: 291

mcc_generated_files/tmr6.c
		_TMR6_ISR      		CODE           	180DA	0000	41
		_TMR6_Initialize		CODE           	17F9A	0000	51
		_TMR6_SetInterruptHandler		CODE           	1834A	0000	15
		_TMR6_DefaultInterruptHandler		CODE           	183EA	0000	3

mcc_generated_files/tmr6.c estimated size: 110

mcc_generated_files/eusart2.c
		_putch         		CODE           	1832E	0000	15
		_EUSART2_Read  		CODE           	17C78	0000	73
		_EUSART2_Write 		CODE           	17BE2	0000	77
		_EUSART2_Receive_ISR		CODE           	16FBE	0000	175
		_EUSART2_Transmit_ISR		CODE           	17EFC	0000	55
		_EUSART2_SetRxInterruptHandler		CODE           	18374	0000	15
		_EUSART2_SetTxInterruptHandler		CODE           	18366	0000	15
		_EUSART2_Initialize		CODE           	1779E	0000	107

mcc_generated_files/eusart2.c estimated size: 532

C:\Program Files (x86)\Microchip\xc8\v1.45\sources\common\doprnt.c
		_scale         		CODE           	12DC4	0000	1189
		_printf        		CODE           	10DA0	0000	2855
		_fround        		CODE           	15034	0000	711

C:\Program Files (x86)\Microchip\xc8\v1.45\sources\common\doprnt.c estimated size: 4755

mcc_generated_files/fvr.c
		_FVR_Initialize		CODE           	183B4	0000	9

mcc_generated_files/fvr.c estimated size: 9

mcc_generated_files/interrupt_manager.c
		_INTERRUPT_Initialize		CODE           	1828E	0000	21
		_INTERRUPT_InterruptManagerLow		CODE           	0018	0000	243
		_INTERRUPT_InterruptManagerHigh		CODE           	0008	0000	211

mcc_generated_files/interrupt_manager.c estimated size: 475

C:\Program Files (x86)\Microchip\xc8\v1.45\sources\common\Umul16.c
		___wmul        		CODE           	180B2	0000	41

C:\Program Files (x86)\Microchip\xc8\v1.45\sources\common\Umul16.c estimated size: 41

C:\Program Files (x86)\Microchip\xc8\v1.45\sources\common\frexp.c
		_frexp         		CODE           	175D4	0000	123

C:\Program Files (x86)\Microchip\xc8\v1.45\sources\common\frexp.c estimated size: 123

mcc_generated_files/pin_manager.c
		_PIN_MANAGER_Initialize		CODE           	1706C	0000	163

mcc_generated_files/pin_manager.c estimated size: 163

C:\Program Files (x86)\Microchip\xc8\v1.45\sources\common\fabs.c
		_fabs          		CODE           	17E52	0000	61

C:\Program Files (x86)\Microchip\xc8\v1.45\sources\common\fabs.c estimated size: 61

C:\Program Files (x86)\Microchip\xc8\v1.45\sources\common\isdigit.c
		_isdigit       		CODE           	181C0	0000	35

C:\Program Files (x86)\Microchip\xc8\v1.45\sources\common\isdigit.c estimated size: 35

C:\Program Files (x86)\Microchip\xc8\v1.45\sources\common\sprcadd.c
		___flsub       		CODE           	17CC0	0000	73
		___fladd       		CODE           	140F2	0000	831

C:\Program Files (x86)\Microchip\xc8\v1.45\sources\common\sprcadd.c estimated size: 904

C:\Program Files (x86)\Microchip\xc8\v1.45\sources\common\floor.c
		_floor         		CODE           	16A4C	0000	275

C:\Program Files (x86)\Microchip\xc8\v1.45\sources\common\floor.c estimated size: 275

C:\Program Files (x86)\Microchip\xc8\v1.45\sources\common\ftdivl.c
		__tdiv_to_l_   		CODE           	16236	0000	309

C:\Program Files (x86)\Microchip\xc8\v1.45\sources\common\ftdivl.c estimated size: 309

C:\Program Files (x86)\Microchip\xc8\v1.45\sources\common\awmod.c
		___awmod       		CODE           	1764E	0000	115

C:\Program Files (x86)\Microchip\xc8\v1.45\sources\common\awmod.c estimated size: 115

C:\Program Files (x86)\Microchip\xc8\v1.45\sources\common\strstr.c
		_strstr        		CODE           	172BC	0000	141

C:\Program Files (x86)\Microchip\xc8\v1.45\sources\common\strstr.c estimated size: 141

device_IDs.c
		_getDeviceID   		CODE           	181E2	0000	33
		_getUserID     		CODE           	17D50	0000	69
		_getMinorRevisionID		CODE           	1812A	0000	39
		_getDeviceIDString		CODE           	1793E	0000	97
		_getMajorRevisionID		CODE           	17E16	0000	61

device_IDs.c estimated size: 299

C:\Program Files (x86)\Microchip\xc8\v1.45\sources\common\acos.c
		_acos          		CODE           	17730	0000	111

C:\Program Files (x86)\Microchip\xc8\v1.45\sources\common\acos.c estimated size: 111

C:\Program Files (x86)\Microchip\xc8\v1.45\sources\common\llmod.c
		___llmod       		CODE           	17870	0000	105

C:\Program Files (x86)\Microchip\xc8\v1.45\sources\common\llmod.c estimated size: 105

C:\Program Files (x86)\Microchip\xc8\v1.45\sources\common\fldivl.c
		__div_to_l_    		CODE           	1649C	0000	299

C:\Program Files (x86)\Microchip\xc8\v1.45\sources\common\fldivl.c estimated size: 299

C:\Program Files (x86)\Microchip\xc8\v1.45\sources\common\fltol.c
		___fltol       		CODE           	16C5E	0000	223

C:\Program Files (x86)\Microchip\xc8\v1.45\sources\common\fltol.c estimated size: 223

C:\Program Files (x86)\Microchip\xc8\v1.45\sources\common\atoi.c
		_atoi          		CODE           	16E1A	0000	217

C:\Program Files (x86)\Microchip\xc8\v1.45\sources\common\atoi.c estimated size: 217

mcc_generated_files/tmr7.c
		_TMR7_DefaultInterruptHandler		CODE           	183E8	0000	3
		_TMR7_WriteTimer		CODE           	18150	0000	39
		_TMR7_ISR      		CODE           	17F32	0000	53
		_TMR7_Initialize		CODE           	17B48	0000	79
		_TMR7_SetInterruptHandler		CODE           	1833C	0000	15
		_TMR7_StopTimer		CODE           	183D2	0000	7

mcc_generated_files/tmr7.c estimated size: 196

mcc_generated_files/hlvd.c
		_HLVD_ISR      		CODE           	183C4	0000	9
		_HLVD_Initialize		CODE           	1831E	0000	17

mcc_generated_files/hlvd.c estimated size: 26

mcc_generated_files/tmr5.c
		_TMR5_ISR      		CODE           	17F66	0000	53
		_TMR5_Initialize		CODE           	17AF8	0000	81
		_TMR5_SetInterruptHandler		CODE           	18358	0000	15
		_TMR5_DefaultInterruptHandler		CODE           	183EC	0000	3
		_TMR5_WriteTimer		CODE           	18258	0000	29

mcc_generated_files/tmr5.c estimated size: 181

shared
		i2_printf      		CODE           	118C6	0000	2847
		i2_putch       		CODE           	183AA	0000	11
		__powers_      		MEDIUMCONST    	EA1B	0000	53
		_dpowers       		MEDIUMCONST    	EA83	0000	41
		i2_isdigit     		CODE           	18202	0000	31
		i2___flneg     		CODE           	1805A	0000	47
		atan@coeff_a   		MEDIUMCONST    	EACB	0000	25
		atan@coeff_b   		MEDIUMCONST    	EAF7	0000	21
		i2___awdiv     		CODE           	17452	0000	133
		i2___fladd     		CODE           	14430	0000	831
		i2__tdiv_to_l_ 		CODE           	1636A	0000	307
		i2___wmul      		CODE           	18176	0000	39
		i2___fldiv     		CODE           	155B0	0000	693
		i2__div_to_l_  		CODE           	165C6	0000	297
		__npowers_     		MEDIUMCONST    	EA4F	0000	53
		i2___fltol     		CODE           	16D3C	0000	223
		i2_TMR7_StopTimer		CODE           	183DE	0000	7
		i2_scale       		CODE           	13268	0000	1153
		i2___lldiv     		CODE           	174D6	0000	131
		__initialization		CODE           	1710E	0000	137
		i2___flge      		CODE           	16810	0000	289
		i2___awmod     		CODE           	176C0	0000	113
		i2_EUSART2_Write		CODE           	17C2E	0000	75
		i2___flmul     		CODE           	13DA2	0000	849
		_hexpowers     		MEDIUMCONST    	EAAB	0000	33
		i2___llmod     		CODE           	178D8	0000	103
		i2___xxtofl    		CODE           	160E6	0000	337
		i2___flsub     		CODE           	17D08	0000	73
		i2_fround      		CODE           	15864	0000	687
		sin@coeff_a    		MEDIUMCONST    	EAE3	0000	21
		sin@coeff_b    		MEDIUMCONST    	EB0B	0000	17

shared estimated size: 9677

mcc_generated_files/mcc.c
		_PMD_Initialize		CODE           	18220	0000	29
		_OSCILLATOR_Initialize		CODE           	1823C	0000	29
		_SYSTEM_Initialize		CODE           	1802C	0000	47

mcc_generated_files/mcc.c estimated size: 105

ring_buffer_interface.c
		_terminal_ringBufferPull		CODE           	16930	0000	285
		_terminal_textAttributes		CODE           	136E8	0000	873
		_terminal_textAttributesReset		CODE           	182CA	0000	19
		_terminal_setCursorHome		CODE           	182EE	0000	17
		_terminal_printNewline		CODE           	182FE	0000	17
		_terminal_clearTerminal		CODE           	1830E	0000	17

ring_buffer_interface.c estimated size: 1228

C:\Program Files (x86)\Microchip\xc8\v1.45\sources\common\atan.c
		_atan          		CODE           	15D5C	0000	567

C:\Program Files (x86)\Microchip\xc8\v1.45\sources\common\atan.c estimated size: 567

cause_of_reset.c
		_getCauseOfResetString		CODE           	17FCC	0000	49
		_getCauseOfReset		CODE           	17A56	0000	83

cause_of_reset.c estimated size: 132

C:\Program Files (x86)\Microchip\xc8\v1.45\sources\common\awdiv.c
		___awdiv       		CODE           	17348	0000	135

C:\Program Files (x86)\Microchip\xc8\v1.45\sources\common\awdiv.c estimated size: 135

C:\Program Files (x86)\Microchip\xc8\v1.45\sources\common\strcat.c
		_strcat        		CODE           	17B96	0000	77

C:\Program Files (x86)\Microchip\xc8\v1.45\sources\common\strcat.c estimated size: 77

C:\Program Files (x86)\Microchip\xc8\v1.45\sources\common\evalpoly.c
		_eval_poly     		CODE           	16B5E	0000	257

C:\Program Files (x86)\Microchip\xc8\v1.45\sources\common\evalpoly.c estimated size: 257

mcc_generated_files/memory.c
		_FLASH_ReadWord		CODE           	17D94	0000	67
		_FLASH_ReadByte		CODE           	18274	0000	27

mcc_generated_files/memory.c estimated size: 94

C:\Program Files (x86)\Microchip\xc8\v1.45\sources\common\sin.c
		_sin           		CODE           	14A72	0000	763

C:\Program Files (x86)\Microchip\xc8\v1.45\sources\common\sin.c estimated size: 763

C:\Program Files (x86)\Microchip\xc8\v1.45\sources\common\abs.c
		_abs           		CODE           	18088	0000	43

C:\Program Files (x86)\Microchip\xc8\v1.45\sources\common\abs.c estimated size: 43

C:\Program Files (x86)\Microchip\xc8\v1.45\sources\common\lldiv.c
		___lldiv       		CODE           	173CE	0000	133

C:\Program Files (x86)\Microchip\xc8\v1.45\sources\common\lldiv.c estimated size: 133

ring_buffer_LUT.c
		_ringBufferLUT 		CODE           	10000	0000	3489

ring_buffer_LUT.c estimated size: 3489

C:\Program Files (x86)\Microchip\xc8\v1.45\sources\common\xxtofl.c
		___xxtofl      		CODE           	15F92	0000	341

C:\Program Files (x86)\Microchip\xc8\v1.45\sources\common\xxtofl.c estimated size: 341

mcc_generated_files/adcc.c
		_ADCC_StopConversion		CODE           	183E4	0000	5
		_ADCC_DefaultInterruptHandler		CODE           	183EE	0000	3
		_ADCC_ClearAccumulator		CODE           	183D8	0000	7
		_ADCC_GetFilterValue		CODE           	182A2	0000	21
		_ADCC_SetADTIInterruptHandler		CODE           	18382	0000	15
		_ADCC_GetConversionResult		CODE           	182B6	0000	21
		_ADCC_ThresholdISR		CODE           	18102	0000	41
		_ADCC_StartConversion		CODE           	18390	0000	15
		_ADCC_Initialize		CODE           	1799E	0000	97
		_ADCC_HasAccumulatorOverflowed		CODE           	1839E	0000	13
		_ADCC_DischargeSampleCapacitor		CODE           	183BC	0000	9

mcc_generated_files/adcc.c estimated size: 247

C:\Program Files (x86)\Microchip\xc8\v1.45\sources\common\flneg.c
		___flneg       		CODE           	17FFC	0000	49

C:\Program Files (x86)\Microchip\xc8\v1.45\sources\common\flneg.c estimated size: 49

main.c
		_acquisitionTimerCallback		CODE           	182DC	0000	19
		_main          		CODE           	17230	0000	141
		_heartbeatTimerCallback		CODE           	17DD6	0000	65
		_currentMeasuredToPeak		CODE           	17558	0000	125
		_ADCPostProcessingCallback		CODE           	123E4	0000	2529
		_peakToRMS     		CODE           	15B12	0000	587

main.c estimated size: 3466

C:\Program Files (x86)\Microchip\xc8\v1.45\sources\common\strlen.c
		_strlen        		CODE           	179FE	0000	89

C:\Program Files (x86)\Microchip\xc8\v1.45\sources\common\strlen.c estimated size: 89

C:\Program Files (x86)\Microchip\xc8\v1.45\sources\common\strcmp.c
		_strcmp        		CODE           	17AA8	0000	81

C:\Program Files (x86)\Microchip\xc8\v1.45\sources\common\strcmp.c estimated size: 81

C:\Program Files (x86)\Microchip\xc8\v1.45\sources\common\strchr.c
		_strchr        		CODE           	17E8E	0000	57

C:\Program Files (x86)\Microchip\xc8\v1.45\sources\common\strchr.c estimated size: 57

C:\Program Files (x86)\Microchip\xc8\v1.45\sources\common\strcpy.c
		_strcpy        		CODE           	17EC6	0000	55

C:\Program Files (x86)\Microchip\xc8\v1.45\sources\common\strcpy.c estimated size: 55

C:\Program Files (x86)\Microchip\xc8\v1.45\sources\common\strncmp.c
		_strncmp       		CODE           	171A0	0000	145

C:\Program Files (x86)\Microchip\xc8\v1.45\sources\common\strncmp.c estimated size: 145

C:\Program Files (x86)\Microchip\xc8\v1.45\sources\common\sprcmul.c
		___flmul       		CODE           	13A50	0000	851

C:\Program Files (x86)\Microchip\xc8\v1.45\sources\common\sprcmul.c estimated size: 851

C:\Program Files (x86)\Microchip\xc8\v1.45\sources\common\strncpy.c
		_strncpy       		CODE           	17808	0000	105

C:\Program Files (x86)\Microchip\xc8\v1.45\sources\common\strncpy.c estimated size: 105

