Microchip MPLAB XC8 Compiler V1.45 ()

Linker command line:

-W-3 --edf=C:\Program Files (x86)\Microchip\xc8\v1.45\dat\en_msgs.txt -cs \
  -h+dist/default/production\AC_Power_Meter.X.production.sym \
  --cmf=dist/default/production\AC_Power_Meter.X.production.cmf -z \
  -Q18LF67K40 -oC:\Users\DREWMA~1\AppData\Local\Temp\s5jk.2 \
  -Mdist/default/production/AC_Power_Meter.X.production.map -E1 -ver=XC8 \
  --acfsm=1493 -ASTACK=04BBh-0de9h -pstack=STACK -ACODE=00h-01FFFFh \
  -ACONST=00h-01FFFFh -ASMALLCONST=0E00h-0EFFhx498 \
  -AMEDIUMCONST=0E00h-0FFFFh,010E00h-01FFFFh -ACOMRAM=01h-05Fh \
  -AABS1=00h-0DE9h -ABIGRAM=01h-0DE9h \
  -ARAM=060h-0FFh,0100h-01FFhx12,0D00h-0DE9h -ABANK0=060h-0FFh \
  -ABANK1=0100h-01FFh -ABANK2=0200h-02FFh -ABANK3=0300h-03FFh \
  -ABANK4=0400h-04FFh -ABANK5=0500h-05FFh -ABANK6=0600h-06FFh \
  -ABANK7=0700h-07FFh -ABANK8=0800h-08FFh -ABANK9=0900h-09FFh \
  -ABANK10=0A00h-0AFFh -ABANK11=0B00h-0BFFh -ABANK12=0C00h-0CFFh \
  -ABANK13=0D00h-0DE9h \
  -ASFR=0DEFh-0DFFh,0E00h-0EFFh,0F00h-0F5Fh,0F60h-0FFFh \
  -preset_vec=00h,intcode=08h,intcodelo=018h,powerup,init -pramtop=0E00h \
  -psmallconst=SMALLCONST -pmediumconst=MEDIUMCONST -pconst=CONST \
  -AFARRAM=00h-00h -ACONFIG=0300000h-030000Bh -pconfig=CONFIG \
  -AIDLOC=0200000h-020000Fh -pidloc=IDLOC -AEEDATA=0310000h-03103FFh \
  -peeprom_data=EEDATA \
  -prdata=COMRAM,nvrram=COMRAM,nvbit=COMRAM,rbss=COMRAM,rbit=COMRAM \
  -pfarbss=FARRAM,fardata=FARRAM,nvFARRAM=FARRAM \
  -pintsave_regs=BIGRAM,bigbss=BIGRAM,bigdata=BIGRAM -pbss=RAM \
  -pidata=CODE,irdata=CODE,ibigdata=CODE,ifardata=CODE -prparam=COMRAM \
  C:\Users\DREWMA~1\AppData\Local\Temp\s5jk.obj \
  dist/default/production\AC_Power_Meter.X.production.obj 

Object code version is 3.11

Machine type is 18LF67K40

Call graph: (short form)




                Name                               Link     Load   Length Selector   Space Scale
C:\Users\DREWMA~1\AppData\Local\Temp\s5jk.obj
                init                                10A      10A        4        C       0
                reset_vec                             0        0        4        0       0
                idloc                            200000   200000       10   200000       0
                config                           300000   300000        C   300000       0
dist/default/production\AC_Power_Meter.X.production.obj
                intcodelo                            18       18       F2        C       0
                intcode                               8        8        6        4       0
                temp                                 5F       5F        1        1       1
                mediumconst                        D658     D658     29A8     6B2C       0
                text155                           18464    18464      120     8000       0
                text154                           19F2E    19F2E       2E     8000       0
                text153                           1592A    1592A      33C     8000       0
                text152                           19A8C    19A8C       46     8000       0
                text151                           18972    18972       DC     8000       0
                text150                           19156    19156       82     8000       0
                text149                           1955A    1955A       66     8000       0
                text148                           1A04A    1A04A       26     8000       0
                text147                           179C2    179C2      150     8000       0
                text146                           17FD8    17FD8      128     8000       0
                text145                           17D7C    17D7C      132     8000       0
                text144                           190D2    190D2       84     8000       0
                text143                           193B4    193B4       70     8000       0
                text142                           14F5E    14F5E      350     8000       0
                text141                           16D6A    16D6A      2AE     8000       0
                text140                           1A136    1A136       1E     8000       0
                text139                           19A44    19A44       48     8000       0
                text138                           1A372    1A372        A     D131       0
                text137                           140D2    140D2      480     8000       0
                text136                           12350    12350      DBE     8000       0
                text135                           18D80    18D80       9A     8000       0
                text134                           1A3AA    1A3AA        4     D131       0
                text133                           1A18C    1A18C       1C     8000       0
                text132                           1A1F4    1A1F4       18     8000       0
                text131                           1A3B8    1A3B8        2     D131       0
                text130                           1A094    1A094       24     8000       0
                text129                           1A368    1A368        A     D131       0
                text128                           1A3A6    1A3A6        4     D131       0
                text127                           1A35C    1A35C        C     D131       0
                text126                           1A3B6    1A3B6        2     D131       0
                text125                           19DA8    19DA8       34     8000       0
                text124                           1A118    1A118       1E     8000       0
                text123                           1A398    1A398        6     D131       0
                text122                           1A384    1A384        8     D131       0
                text121                           1A350    1A350        C     D131       0
                text120                           1A274    1A274       12     D131       0
                text119                           1A3B4    1A3B4        2     D131       0
                text118                           19D74    19D74       34     8000       0
                intcode_body                      18B26    18B26       D8     8000       0
                text116                           1A238    1A238       16     8000       0
                text115                           1A222    1A222       16     8000       0
                text114                           1A344    1A344        C     D131       0
                text113                           1A3A2    1A3A2        4     D131       0
                text112                           19F5C    19F5C       2A     8000       0
                text111                           155EC    155EC      33E     8000       0
                text110                           14C0C    14C0C      352     8000       0
                text109                           1869A    1869A      100     8000       0
                text108                           191D8    191D8       7E     8000       0
                text107                           18222    18222      122     8000       0
                text106                           1879A    1879A       FA     8000       0
                text105                           1770A    1770A      164     8000       0
                text104                           18584    18584      116     8000       0
                text103                           16AB4    16AB4      2B6     8000       0
                text102                           19ED0    19ED0       30     8000       0
                text101                           199FC    199FC       48     8000       0
                text100                           15F72    15F72      302     8000       0
                text99                            19256    19256       7C     8000       0
                text98                            19C56    19C56       3E     8000       0
                text97                            174D2    174D2      238     8000       0
                text96                            1653A    1653A      2C4     8000       0
                text95                            15C66    15C66      30C     8000       0
                text94                            19344    19344       70     8000       0
                text93                            1727E    1727E      254     8000       0
                text92                            1A392    1A392        6     D131       0
                text91                            1310E    1310E      B20     8000       0
                text90                            1A3B2    1A3B2        2     D131       0
                text89                            19FD6    19FD6       28     8000       0
                text88                            19E0E    19E0E       32     8000       0
                text87                            19C18    19C18       3E     8000       0
                text86                            19680    19680       5E     8000       0
                text85                            19F00    19F00       2E     8000       0
                text84                            1A3B0    1A3B0        2     D131       0
                text83                            1A070    1A070       24     8000       0
                text82                            1A024    1A024       26     8000       0
                text81                            19BDA    19BDA       3E     8000       0
                text80                            1A3AE    1A3AE        2     D131       0
                text79                            19FAE    19FAE       28     8000       0
                text77                            1A336    1A336        E     D131       0
                text76                            19620    19620       60     8000       0
                text75                            1A328    1A328        E     D131       0
                text74                            1A31A    1A31A        E     D131       0
                text73                            194F4    194F4       66     8000       0
                text72                            1A30C    1A30C        E     D131       0
                text71                            1A0FA    1A0FA       1E     8000       0
                text70                            1A37C    1A37C        8     D131       0
                text69                            1A2B6    1A2B6       10     D131       0
                text68                            1A20C    1A20C       16     8000       0
                text67                            1A170    1A170       1C     8000       0
                text66                            18CCA    18CCA       B6     8000       0
                text65                            1A154    1A154       1C     8000       0
                text64                            1A2FE    1A2FE        E     D131       0
                text63                            19EA0    19EA0       30     8000       0
                text62                            1A2F0    1A2F0        E     D131       0
                text61                            198CE    198CE       50     8000       0
                text60                            1A2E2    1A2E2        E     D131       0
                text59                            19DDC    19DDC       32     8000       0
                text58                            1A2D4    1A2D4        E     D131       0
                text57                            19736    19736       54     8000       0
                text56                            19D3E    19D3E       36     8000       0
                text55                            197DC    197DC       52     8000       0
                text54                            1A1C2    1A1C2       1A     8000       0
                text53                            1978A    1978A       52     8000       0
                text52                            17B12    17B12      136     8000       0
                text51                            18100    18100      122     8000       0
                text50                            19B9C    19B9C       3E     8000       0
                text49                            1987E    1987E       50     8000       0
                text48                            17018    17018      266     8000       0
                text47                            19E70    19E70       30     8000       0
                text46                            152AE    152AE      33E     8000       0
                text45                            199B4    199B4       48     8000       0
                text44                            18894    18894       DE     8000       0
                text43                            1904E    1904E       84     8000       0
                text42                            1948C    1948C       68     8000       0
                text41                            19F86    19F86       28     8000       0
                text40                            1786E    1786E      154     8000       0
                text39                            17EAE    17EAE      12A     8000       0
                text38                            17C48    17C48      134     8000       0
                text37                            18FC8    18FC8       86     8000       0
                text36                            192D2    192D2       72     8000       0
                text35                            148BA    148BA      352     8000       0
                text34                            16274    16274      2C6     8000       0
                text33                            1A0B8    1A0B8       22     8000       0
                text32                            1996A    1996A       4A     8000       0
                text31                            1A2C6    1A2C6        E     D131       0
                text30                            13C2E    13C2E      4A4     8000       0
                text29                            114D8    114D8      E78     8000       0
                text28                            1A2A6    1A2A6       10     D131       0
                text27                            19B16    19B16       44     8000       0
                text26                            1A39E    1A39E        4     D131       0
                text25                            1A38C    1A38C        6     D131       0
                text24                            167FE    167FE      2B6     8000       0
                text23                            18A4E    18A4E       D8     8000       0
                text22                            19E40    19E40       30     8000       0
                text21                            1A1A8    1A1A8       1A     8000       0
                text20                            19B5A    19B5A       42     8000       0
                text19                            1A0DA    1A0DA       20     8000       0
                text18                            195C0    195C0       60     8000       0
                text17                            19C94    19C94       3C     8000       0
                text16                            19FFE    19FFE       26     8000       0
                text15                            19AD2    19AD2       44     8000       0
                text14                            1982E    1982E       50     8000       0
                text13                            19D08    19D08       36     8000       0
                text12                            19CD0    19CD0       38     8000       0
                text11                            196DE    196DE       58     8000       0
                text10                            18EAC    18EAC       90     8000       0
                text9                             18F3C    18F3C       8C     8000       0
                text8                             1A296    1A296       10     D131       0
                text7                             1991E    1991E       4C     8000       0
                text6                             19424    19424       68     8000       0
                text5                             14552    14552      368     8000       0
                text4                             1A262    1A262       12     D131       0
                text3                             10000    10000     14D8     8000       0
                text2                             18344    18344      120     8000       0
                text1                             1A286    1A286       10     D131       0
                text0                             18BFE    18BFE       CC     8000       0
                cstackCOMRAM                          1        1       58        1       1
                cstackBANK0                          60       60       3C       60       1
                cstackBANK1                         100      100       A1      100       1
                cstackBANK2                         200      200       BA      200       1
                cstackBANK3                         380      380       36      300       1
                cstackBANK4                         480      480       3B      400       1
                bssBANK4                            400      400       80      400       1
                dataBANK3                           3B6      3B6       18      300       1
                bssBANK3                            300      300       80      300       1
                bssBANK2                            2BA      2BA        9      200       1
                dataBANK1                           1E0      1E0       13      100       1
                bssBANK1                            1A1      1A1       3F      100       1
                bssBANK0                             9C       9C       31       60       1
                bssCOMRAM                            59       59        5        1       1
                bitbssCOMRAM                        2F0       5E        3        1       1     8
                cinit                             18E1A    18E1A       92     8000       0
                nvBANK0                              CD       CD        1       60       1
                idataBANK3                        1A1DC    1A1DC       18     8000       0
                idataBANK1                        1A24E    1A24E       13     8000       0

TOTAL           Name                               Link     Load   Length     Space
        CLASS   STACK          

        CLASS   CODE           
                intcodelo                            18       18       F2         0
                intcode                               8        8        6         0
                init                                10A      10A        4         0
                reset_vec                             0        0        4         0
                text155                           18464    18464      120         0
                text154                           19F2E    19F2E       2E         0
                text153                           1592A    1592A      33C         0
                text152                           19A8C    19A8C       46         0
                text151                           18972    18972       DC         0
                text150                           19156    19156       82         0
                text149                           1955A    1955A       66         0
                text148                           1A04A    1A04A       26         0
                text147                           179C2    179C2      150         0
                text146                           17FD8    17FD8      128         0
                text145                           17D7C    17D7C      132         0
                text144                           190D2    190D2       84         0
                text143                           193B4    193B4       70         0
                text142                           14F5E    14F5E      350         0
                text141                           16D6A    16D6A      2AE         0
                text140                           1A136    1A136       1E         0
                text139                           19A44    19A44       48         0
                text138                           1A372    1A372        A         0
                text137                           140D2    140D2      480         0
                text136                           12350    12350      DBE         0
                text135                           18D80    18D80       9A         0
                text134                           1A3AA    1A3AA        4         0
                text133                           1A18C    1A18C       1C         0
                text132                           1A1F4    1A1F4       18         0
                text131                           1A3B8    1A3B8        2         0
                text130                           1A094    1A094       24         0
                text129                           1A368    1A368        A         0
                text128                           1A3A6    1A3A6        4         0
                text127                           1A35C    1A35C        C         0
                text126                           1A3B6    1A3B6        2         0
                text125                           19DA8    19DA8       34         0
                text124                           1A118    1A118       1E         0
                text123                           1A398    1A398        6         0
                text122                           1A384    1A384        8         0
                text121                           1A350    1A350        C         0
                text120                           1A274    1A274       12         0
                text119                           1A3B4    1A3B4        2         0
                text118                           19D74    19D74       34         0
                intcode_body                      18B26    18B26       D8         0
                text116                           1A238    1A238       16         0
                text115                           1A222    1A222       16         0
                text114                           1A344    1A344        C         0
                text113                           1A3A2    1A3A2        4         0
                text112                           19F5C    19F5C       2A         0
                text111                           155EC    155EC      33E         0
                text110                           14C0C    14C0C      352         0
                text109                           1869A    1869A      100         0
                text108                           191D8    191D8       7E         0
                text107                           18222    18222      122         0
                text106                           1879A    1879A       FA         0
                text105                           1770A    1770A      164         0
                text104                           18584    18584      116         0
                text103                           16AB4    16AB4      2B6         0
                text102                           19ED0    19ED0       30         0
                text101                           199FC    199FC       48         0
                text100                           15F72    15F72      302         0
                text99                            19256    19256       7C         0
                text98                            19C56    19C56       3E         0
                text97                            174D2    174D2      238         0
                text96                            1653A    1653A      2C4         0
                text95                            15C66    15C66      30C         0
                text94                            19344    19344       70         0
                text93                            1727E    1727E      254         0
                text92                            1A392    1A392        6         0
                text91                            1310E    1310E      B20         0
                text90                            1A3B2    1A3B2        2         0
                text89                            19FD6    19FD6       28         0
                text88                            19E0E    19E0E       32         0
                text87                            19C18    19C18       3E         0
                text86                            19680    19680       5E         0
                text85                            19F00    19F00       2E         0
                text84                            1A3B0    1A3B0        2         0
                text83                            1A070    1A070       24         0
                text82                            1A024    1A024       26         0
                text81                            19BDA    19BDA       3E         0
                text80                            1A3AE    1A3AE        2         0
                text79                            19FAE    19FAE       28         0
                text77                            1A336    1A336        E         0
                text76                            19620    19620       60         0
                text75                            1A328    1A328        E         0
                text74                            1A31A    1A31A        E         0
                text73                            194F4    194F4       66         0
                text72                            1A30C    1A30C        E         0
                text71                            1A0FA    1A0FA       1E         0
                text70                            1A37C    1A37C        8         0
                text69                            1A2B6    1A2B6       10         0
                text68                            1A20C    1A20C       16         0
                text67                            1A170    1A170       1C         0
                text66                            18CCA    18CCA       B6         0
                text65                            1A154    1A154       1C         0
                text64                            1A2FE    1A2FE        E         0
                text63                            19EA0    19EA0       30         0
                text62                            1A2F0    1A2F0        E         0
                text61                            198CE    198CE       50         0
                text60                            1A2E2    1A2E2        E         0
                text59                            19DDC    19DDC       32         0
                text58                            1A2D4    1A2D4        E         0
                text57                            19736    19736       54         0
                text56                            19D3E    19D3E       36         0
                text55                            197DC    197DC       52         0
                text54                            1A1C2    1A1C2       1A         0
                text53                            1978A    1978A       52         0
                text52                            17B12    17B12      136         0
                text51                            18100    18100      122         0
                text50                            19B9C    19B9C       3E         0
                text49                            1987E    1987E       50         0
                text48                            17018    17018      266         0
                text47                            19E70    19E70       30         0
                text46                            152AE    152AE      33E         0
                text45                            199B4    199B4       48         0
                text44                            18894    18894       DE         0
                text43                            1904E    1904E       84         0
                text42                            1948C    1948C       68         0
                text41                            19F86    19F86       28         0
                text40                            1786E    1786E      154         0
                text39                            17EAE    17EAE      12A         0
                text38                            17C48    17C48      134         0
                text37                            18FC8    18FC8       86         0
                text36                            192D2    192D2       72         0
                text35                            148BA    148BA      352         0
                text34                            16274    16274      2C6         0
                text33                            1A0B8    1A0B8       22         0
                text32                            1996A    1996A       4A         0
                text31                            1A2C6    1A2C6        E         0
                text30                            13C2E    13C2E      4A4         0
                text29                            114D8    114D8      E78         0
                text28                            1A2A6    1A2A6       10         0
                text27                            19B16    19B16       44         0
                text26                            1A39E    1A39E        4         0
                text25                            1A38C    1A38C        6         0
                text24                            167FE    167FE      2B6         0
                text23                            18A4E    18A4E       D8         0
                text22                            19E40    19E40       30         0
                text21                            1A1A8    1A1A8       1A         0
                text20                            19B5A    19B5A       42         0
                text19                            1A0DA    1A0DA       20         0
                text18                            195C0    195C0       60         0
                text17                            19C94    19C94       3C         0
                text16                            19FFE    19FFE       26         0
                text15                            19AD2    19AD2       44         0
                text14                            1982E    1982E       50         0
                text13                            19D08    19D08       36         0
                text12                            19CD0    19CD0       38         0
                text11                            196DE    196DE       58         0
                text10                            18EAC    18EAC       90         0
                text9                             18F3C    18F3C       8C         0
                text8                             1A296    1A296       10         0
                text7                             1991E    1991E       4C         0
                text6                             19424    19424       68         0
                text5                             14552    14552      368         0
                text4                             1A262    1A262       12         0
                text3                             10000    10000     14D8         0
                text2                             18344    18344      120         0
                text1                             1A286    1A286       10         0
                text0                             18BFE    18BFE       CC         0
                cinit                             18E1A    18E1A       92         0
                idataBANK3                        1A1DC    1A1DC       18         0
                idataBANK1                        1A24E    1A24E       13         0

        CLASS   CONST          

        CLASS   SMALLCONST     

        CLASS   MEDIUMCONST    
                mediumconst                        D658     D658     29A8         0

        CLASS   COMRAM         
                temp                                 5F       5F        1         1
                cstackCOMRAM                          1        1       58         1
                bssCOMRAM                            59       59        5         1
                bitbssCOMRAM                        2F0       5E        3         1

        CLASS   ABS1           

        CLASS   BIGRAM         

        CLASS   RAM            

        CLASS   BANK0          
                cstackBANK0                          60       60       3C         1
                bssBANK0                             9C       9C       31         1
                nvBANK0                              CD       CD        1         1

        CLASS   BANK1          
                cstackBANK1                         100      100       A1         1
                dataBANK1                           1E0      1E0       13         1
                bssBANK1                            1A1      1A1       3F         1

        CLASS   BANK2          
                cstackBANK2                         200      200       BA         1
                bssBANK2                            2BA      2BA        9         1

        CLASS   BANK3          
                cstackBANK3                         380      380       36         1
                dataBANK3                           3B6      3B6       18         1
                bssBANK3                            300      300       80         1

        CLASS   BANK4          
                cstackBANK4                         480      480       3B         1
                bssBANK4                            400      400       80         1

        CLASS   BANK5          

        CLASS   BANK6          

        CLASS   BANK7          

        CLASS   BANK8          

        CLASS   BANK9          

        CLASS   BANK10         

        CLASS   BANK11         

        CLASS   BANK12         

        CLASS   BANK13         

        CLASS   SFR            

        CLASS   FARRAM         

        CLASS   CONFIG         
                config                           300000   300000        C         0

        CLASS   IDLOC          
                idloc                            200000   200000       10         0

        CLASS   EEDATA         



SEGMENTS        Name                           Load    Length   Top    Selector   Space  Class

                reset_vec                      000000  000004  000004         0       0  CODE    
                cstackCOMRAM                   000001  00005F  000060         1       1  COMRAM  
                intcode                        000008  000006  00000E         4       0  CODE    
                intcodelo                      000018  0000F6  00010E         C       0  CODE    
                cstackBANK0                    000060  00006E  0000CE        60       1  BANK0   
                cstackBANK1                    000100  0000F3  0001F3       100       1  BANK1   
                cstackBANK2                    000200  0000C3  0002C3       200       1  BANK2   
                bssBANK3                       000300  0000CE  0003CE       300       1  BANK3   
                bssBANK4                       000400  0000BB  0004BB       400       1  BANK4   
                mediumconst                    00D658  0029A8  010000      6B2C       0  MEDIUMCO
                text3                          010000  00A261  01A261      8000       0  CODE    
                text4                          01A262  000158  01A3BA      D131       0  CODE    
                idloc                          200000  000010  200010    200000       0  IDLOC   
                config                         300000  00000C  30000C    300000       0  CONFIG  


UNUSED ADDRESS RANGES

        Name                Unused          Largest block    Delta
        BANK0            0000CE-0000FF               32
        BANK1            0001F3-0001FF                D
        BANK10           000A00-000AFF              100
        BANK11           000B00-000BFF              100
        BANK12           000C00-000CFF              100
        BANK13           000D00-000DE9               EA
        BANK2            0002C3-0002FF               3D
        BANK3            0003CE-0003FF               32
        BANK4            0004BB-0004FF               45
        BANK5            000500-0005FF              100
        BANK6            000600-0006FF              100
        BANK7            000700-0007FF              100
        BANK8            000800-0008FF              100
        BANK9            000900-0009FF              100
        BIGRAM           0000CE-0000FF               32
                         0001F3-0001FF                D
                         0002C3-0002FF               3D
                         0003CE-0003FF               32
                         0004BB-000DE9              92F
        CODE             000004-000007                4
                         00000E-000017                A
                         00010E-00D657             D54A
                         01A261-01A261                1
                         01A3BA-01FFFF             5C46
        CONST            000004-000007                4
                         00000E-000017                A
                         00010E-00D657             D54A
                         01A261-01A261                1
                         01A3BA-01FFFF             5C46
        EEDATA           310000-3103FF              400
        MEDIUMCONST      000E00-00D657             C858
                         01A261-01A261                1
                         01A3BA-01FFFF             5C46
        RAM              0000CE-0000FF               32
                         0001F3-0001FF                D
                         0002C3-0002FF               3D
                         0003CE-0003FF               32
                         0004BB-000DE9              100
        SFR              000DEF-000FFF              100
        SMALLCONST       000E00-00D657              100
                         01A261-01A261                1
                         01A3BA-01FFFF              100
        STACK            0004BB-000DE9              92F

                                  Symbol Table

?_ADCC_GetConversionResult                     cstackBANK0  000092
?_ADCC_GetFilterValue                          cstackBANK0  000092
?_FLASH_ReadWord                               cstackBANK2  00023E
?___awdiv                                      cstackBANK2  000240
?___awmod                                      cstackBANK2  00023A
?___fladd                                      cstackBANK2  00024C
?___fldiv                                      cstackBANK2  000260
?___flmul                                      cstackBANK2  000279
?___flneg                                      cstackBANK2  000248
?___flsub                                      cstackBANK2  000260
?___fltol                                      cstackBANK2  000292
?___lldiv                                      cstackBANK2  00023A
?___llmod                                      cstackBANK2  000247
?___wmul                                       cstackBANK2  00023A
?___xxtofl                                     cstackBANK2  00023A
?__div_to_l_                                   cstackBANK2  00023A
?__tdiv_to_l_                                  cstackBANK2  00023A
?_abs                                          cstackBANK1  00015C
?_acos                                         cstackBANK1  000191
?_asin                                         cstackBANK1  000179
?_atan                                         cstackBANK1  000164
?_atoi                                         cstackBANK2  000240
?_currentMeasuredToPeak                        cstackBANK1  00017F
?_eval_poly                                    cstackBANK1  000154
?_fabs                                         cstackBANK1  000127
?_floor                                        cstackBANK1  00015C
?_fround                                       cstackBANK2  000292
?_getCauseOfResetString                        cstackBANK2  00023A
?_getDeviceID                                  cstackBANK2  000245
?_getDeviceIDString                            cstackBANK2  000247
?_getUserID                                    cstackBANK2  000245
?_peakToRMS                                    cstackBANK1  000199
?_printf                                       cstackBANK2  00029F
?_readDoubleFromEEPROM                         cstackBANK2  00023C
?_scale                                        cstackBANK2  000292
?_sin                                          cstackBANK1  00016E
?_sqrt                                         cstackBANK1  000154
?_strchr                                       cstackBANK2  00023A
?_strcmp                                       cstackBANK2  00023A
?_strlen                                       cstackBANK2  00023A
?_strncmp                                      cstackBANK2  000240
?_strstr                                       cstackBANK2  000249
?i1___fladd                                    cstackBANK1  000140
?i1___fldiv                                    cstackBANK1  00010A
?i1___flmul                                    cstackBANK1  000127
?i1___flneg                                    cstackBANK1  000123
?i1___flsub                                    cstackBANK1  000166
?i1___fltol                                    cstackBANK1  000154
?i1___xxtofl                                   cstackBANK0  000096
?i2___awdiv                                    cstackCOMRAM 000007
?i2___awmod                                    cstackCOMRAM 000001
?i2___fladd                                    cstackCOMRAM 000035
?i2___flmul                                    cstackCOMRAM 00000F
?i2___flneg                                    cstackCOMRAM 000001
?i2___flsub                                    cstackCOMRAM 000049
?i2___fltol                                    cstackCOMRAM 000028
?i2___lldiv                                    cstackCOMRAM 000001
?i2___llmod                                    cstackCOMRAM 00000E
?i2___wmul                                     cstackCOMRAM 000001
?i2___xxtofl                                   cstackCOMRAM 000001
?i2__div_to_l_                                 cstackCOMRAM 000001
?i2__tdiv_to_l_                                cstackCOMRAM 000001
?i2_fround                                     cstackCOMRAM 000028
?i2_printf                                     cstackCOMRAM 000051
?i2_scale                                      cstackCOMRAM 000028
ADCC_SetADTIInterruptHandler@InterruptHandler  cstackBANK2  00023A
ADCC_StartConversion@channel                   cstackCOMRAM 000001
ADCPostProcessingCallback@current_adc_channel  cstackBANK2  00021C
DATAEE_ReadByte@bAdd                           cstackBANK2  00023A
DATAEE_WriteByte@GIEBitValue                   cstackBANK2  00023D
DATAEE_WriteByte@bAdd                          cstackBANK2  00023A
DATAEE_WriteByte@bData                         cstackBANK2  00023C
EUSART2_Read@readValue                         cstackBANK2  00023A
EUSART2_SetRxInterruptHandler@interruptHandler cstackBANK2  00023A
EUSART2_SetTxInterruptHandler@interruptHandler cstackBANK2  00023A
EUSART2_Write@txData                           cstackBANK2  00023A
FLASH_ReadByte@flashAddr                       cstackBANK2  00023A
FLASH_ReadWord@flashAddr                       cstackBANK2  00023E
INT0_SetInterruptHandler@InterruptHandler      cstackBANK2  00023A
TMR4_ISR@CountCallBack                         bssBANK0     0000C3
TMR4_SetInterruptHandler@InterruptHandler      cstackBANK2  00023A
TMR5_SetInterruptHandler@InterruptHandler      cstackBANK2  00023A
TMR5_WriteTimer@timerVal                       cstackCOMRAM 000001
TMR6_SetInterruptHandler@InterruptHandler      cstackBANK2  00023A
TMR7_SetInterruptHandler@InterruptHandler      cstackBANK2  00023A
TMR7_WriteTimer@timerVal                       cstackCOMRAM 000001
_ADACCH                                        (abs)        000F71
_ADACCL                                        (abs)        000F70
_ADACQ                                         (abs)        000F5C
_ADACT                                         (abs)        000F56
_ADCAP                                         (abs)        000F5D
_ADCC_ADTI_InterruptHandler                    bssBANK1     0001D5
_ADCC_ClearAccumulator                         text123      01A398
_ADCC_DefaultInterruptHandler                  text90       01A3B2
_ADCC_DischargeSampleCapacitor                 text122      01A384
_ADCC_GetConversionResult                      text116      01A238
_ADCC_GetFilterValue                           text115      01A222
_ADCC_HasAccumulatorOverflowed                 text114      01A344
_ADCC_Initialize                               text76       019620
_ADCC_SetADTIInterruptHandler                  text77       01A336
_ADCC_StartConversion                          text121      01A350
_ADCC_StopConversion                           text113      01A3A2
_ADCC_ThresholdISR                             text89       019FD6
_ADCLK                                         (abs)        000F57
_ADCNT                                         (abs)        000F67
_ADCON0                                        (abs)        000F60
_ADCON0bits                                    (abs)        000F60
_ADCON1                                        (abs)        000F59
_ADCON1bits                                    (abs)        000F59
_ADCON2                                        (abs)        000F5A
_ADCON2bits                                    (abs)        000F5A
_ADCON3                                        (abs)        000F5B
_ADCON3bits                                    (abs)        000F5B
_ADCPostProcessingCallback                     text91       01310E
_ADCPostProcessingCallback$4706                cstackBANK2  00021D
_ADCPostProcessingCallback$4707                cstackBANK2  000221
_ADCPostProcessingCallback$4708                cstackBANK2  000210
_ADCPostProcessingCallback$4709                cstackBANK2  000214
_ADCPostProcessingCallback$4710                cstackBANK2  000218
_ADC_Result_Scaling                            bssBANK1     0001C9
_ADERRH                                        (abs)        000F6F
_ADERRL                                        (abs)        000F6E
_ADFLTRH                                       (abs)        000F73
_ADFLTRL                                       (abs)        000F72
_ADLTHH                                        (abs)        000F6B
_ADLTHL                                        (abs)        000F6A
_ADPCH                                         (abs)        000F5F
_ADPRE                                         (abs)        000F5E
_ADPREVH                                       (abs)        000F62
_ADPREVL                                       (abs)        000F61
_ADREF                                         (abs)        000F58
_ADRESH                                        (abs)        000F64
_ADRESL                                        (abs)        000F63
_ADRPT                                         (abs)        000F66
_ADSTAT                                        (abs)        000F65
_ADSTATbits                                    (abs)        000F65
_ADSTPTH                                       (abs)        000F69
_ADSTPTL                                       (abs)        000F68
_ADUTHH                                        (abs)        000F6D
_ADUTHL                                        (abs)        000F6C
_ANSELA                                        (abs)        000E92
_ANSELB                                        (abs)        000E9A
_ANSELD                                        (abs)        000EA7
_ANSELE                                        (abs)        000EAF
_ANSELF                                        (abs)        000EB4
_ANSELG                                        (abs)        000EBC
_AVSS_ADC_Result                               bssBANK1     0001CD
_Avg_Power                                     bssBANK1     0001A9
_BAUD2CON                                      (abs)        000EF7
_DATAEE_ReadByte                               text54       01A1C2
_DATAEE_WriteByte                              text50       019B9C
_EUSART2_Initialize                            text73       0194F4
_EUSART2_Read                                  text27       019B16
_EUSART2_Receive_ISR                           text135      018D80
_EUSART2_RxDefaultInterruptHandler             bssBANK1     0001D8
_EUSART2_SetRxInterruptHandler                 text75       01A328
_EUSART2_SetTxInterruptHandler                 text74       01A31A
_EUSART2_Transmit_ISR                          text88       019E0E
_EUSART2_TxDefaultInterruptHandler             bssBANK1     0001DB
_EUSART2_Write                                 text32       01996A
_EXT_INT_Initialize                            text71       01A0FA
_FLASH_ReadByte                                text21       01A1A8
_FLASH_ReadWord                                text20       019B5A
_FVRCON                                        (abs)        000EC4
_FVRCONbits                                    (abs)        000EC4
_FVR_ADC_Result                                bssBANK2     0002BF
_FVR_Initialize                                text70       01A37C
_HLVDCON0                                      (abs)        000EC2
_HLVDCON0bits                                  (abs)        000EC2
_HLVDCON1                                      (abs)        000EC3
_HLVD_Initialize                               text69       01A2B6
_INT0PPS                                       (abs)        000DF0
_INT0_CallBack                                 text130      01A094
_INT0_DefaultInterruptHandler                  text131      01A3B8
_INT0_ISR                                      text129      01A368
_INT0_InterruptHandler                         bssBANK0     0000B7
_INT0_SetInterruptHandler                      text72       01A30C
_INTCONbits                                    (abs)        000FF2
_INTERRUPT_Initialize                          text68       01A20C
_INTERRUPT_InterruptManagerHigh                intcode      000008
_INTERRUPT_InterruptManagerLow                 intcodelo    000018
_IPR0bits                                      (abs)        000E1F
_IPR1bits                                      (abs)        000E20
_IPR3bits                                      (abs)        000E22
_IPR5bits                                      (abs)        000E24
_Imeas                                         bssBANK1     0001B5
_Ipk                                           bssBANK1     0001B9
_Irms                                          bssBANK1     0001B1
_Irms_offset                                   dataBANK1    0001E0
_LATA                                          (abs)        000F79
_LATB                                          (abs)        000F7A
_LATC                                          (abs)        000F7B
_LATD                                          (abs)        000F7C
_LATE                                          (abs)        000F7D
_LATF                                          (abs)        000F7E
_LATFbits                                      (abs)        000F7E
_LATG                                          (abs)        000F7F
_LATGbits                                      (abs)        000F7F
_LATH                                          (abs)        000F80
_NVMADRH                                       (abs)        000F75
_NVMADRL                                       (abs)        000F74
_NVMCON1bits                                   (abs)        000F77
_NVMCON2                                       (abs)        000F78
_NVMDAT                                        (abs)        000F76
_ODCONA                                        (abs)        000E90
_ODCONB                                        (abs)        000E98
_ODCONC                                        (abs)        000EA0
_ODCOND                                        (abs)        000EA5
_ODCONE                                        (abs)        000EAD
_ODCONF                                        (abs)        000EB2
_ODCONG                                        (abs)        000EBA
_ODCONH                                        (abs)        000EBF
_OSCCON1                                       (abs)        000E43
_OSCCON3                                       (abs)        000E45
_OSCEN                                         (abs)        000E47
_OSCFRQ                                        (abs)        000E49
_OSCILLATOR_Initialize                         text67       01A170
_OSCTUNE                                       (abs)        000E48
_PCON0bits                                     (abs)        000FD7
_PIE0bits                                      (abs)        000E29
_PIE1bits                                      (abs)        000E2A
_PIE2bits                                      (abs)        000E2B
_PIE3bits                                      (abs)        000E2C
_PIE5bits                                      (abs)        000E2E
_PIN_MANAGER_Initialize                        text66       018CCA
_PIR0bits                                      (abs)        000E33
_PIR1bits                                      (abs)        000E34
_PIR2bits                                      (abs)        000E35
_PIR3bits                                      (abs)        000E36
_PIR5bits                                      (abs)        000E38
_PIR8bits                                      (abs)        000E3B
_PLLR                                          (abs)        007230
_PMD0                                          (abs)        000E4C
_PMD1                                          (abs)        000E4D
_PMD2                                          (abs)        000E4E
_PMD3                                          (abs)        000E4F
_PMD4                                          (abs)        000E50
_PMD5                                          (abs)        000E51
_PMD_Initialize                                text65       01A154
_POS12_ADC_Result                              bssBANK1     0001C5
_POS3P3_ADC_Result                             bssBANK2     0002BA
_PR4                                           (abs)        000FB6
_PR6                                           (abs)        000FB0
_RC2REG                                        (abs)        000EF1
_RC2STA                                        (abs)        000EF5
_RC2STAbits                                    (abs)        000EF5
_RG7PPS                                        (abs)        000E89
_RX2PPS                                        (abs)        000E11
_SLRCONA                                       (abs)        000E8F
_SLRCONB                                       (abs)        000E97
_SLRCONC                                       (abs)        000E9F
_SLRCOND                                       (abs)        000EA4
_SLRCONE                                       (abs)        000EAC
_SLRCONF                                       (abs)        000EB1
_SLRCONG                                       (abs)        000EB9
_SLRCONH                                       (abs)        000EBE
_SP2BRGH                                       (abs)        000EF4
_SP2BRGL                                       (abs)        000EF3
_SYSTEM_Initialize                             text56       019D3E
_T4CLKCON                                      (abs)        000FB9
_T4CON                                         (abs)        000FB7
_T4CONbits                                     (abs)        000FB7
_T4HLT                                         (abs)        000FB8
_T4HLTbits                                     (abs)        000FB8
_T4PR                                          (abs)        000FB6
_T4RST                                         (abs)        000FBA
_T4RSTbits                                     (abs)        000FBA
_T4TMR                                         (abs)        000FB5
_T5CLK                                         (abs)        000FC6
_T5CON                                         (abs)        000FC3
_T5CONbits                                     (abs)        000FC3
_T5GATE                                        (abs)        000FC5
_T5GCON                                        (abs)        000FC4
_T5GCONbits                                    (abs)        000FC4
_T6CLKCON                                      (abs)        000FB3
_T6CON                                         (abs)        000FB1
_T6CONbits                                     (abs)        000FB1
_T6HLT                                         (abs)        000FB2
_T6HLTbits                                     (abs)        000FB2
_T6PR                                          (abs)        000FB0
_T6RST                                         (abs)        000FB4
_T6RSTbits                                     (abs)        000FB4
_T6TMR                                         (abs)        000FAF
_T7CLK                                         (abs)        000F33
_T7CON                                         (abs)        000F30
_T7CONbits                                     (abs)        000F30
_T7GATE                                        (abs)        000F32
_T7GCON                                        (abs)        000F31
_T7GCONbits                                    (abs)        000F31
_TABLAT                                        (abs)        000FF5
_TBLPTRH                                       (abs)        000FF7
_TBLPTRL                                       (abs)        000FF6
_TBLPTRU                                       (abs)        000FF8
_TMR4                                          (abs)        000FB5
_TMR4_CallBack                                 text83       01A070
_TMR4_DefaultInterruptHandler                  text84       01A3B0
_TMR4_ISR                                      text82       01A024
_TMR4_Initialize                               text63       019EA0
_TMR4_InterruptHandler                         bssBANK0     0000B4
_TMR4_SetInterruptHandler                      text64       01A2FE
_TMR5H                                         (abs)        000FC2
_TMR5L                                         (abs)        000FC1
_TMR5_DefaultInterruptHandler                  text126      01A3B6
_TMR5_ISR                                      text125      019DA8
_TMR5_Initialize                               text61       0198CE
_TMR5_InterruptHandler                         bssBANK0     0000BA
_TMR5_SetInterruptHandler                      text62       01A2F0
_TMR5_StartTimer                               text134      01A3AA
_TMR5_StopTimer                                text26       01A39E
_TMR5_WriteTimer                               text133      01A18C
_TMR6                                          (abs)        000FAF
_TMR6_DefaultInterruptHandler                  text80       01A3AE
_TMR6_ISR                                      text79       019FAE
_TMR6_Initialize                               text59       019DDC
_TMR6_InterruptHandler                         bssBANK0     0000C0
_TMR6_SetInterruptHandler                      text60       01A2E2
_TMR7H                                         (abs)        000F2F
_TMR7L                                         (abs)        000F2E
_TMR7_DefaultInterruptHandler                  text119      01A3B4
_TMR7_ISR                                      text118      019D74
_TMR7_Initialize                               text57       019736
_TMR7_InterruptHandler                         bssBANK0     0000BD
_TMR7_SetInterruptHandler                      text58       01A2D4
_TMR7_StopTimer                                text25       01A38C
_TMR7_WriteTimer                               text124      01A118
_TRIAC_Firing_Angle                            dataBANK1    0001EF
_TRISA                                         (abs)        000F81
_TRISB                                         (abs)        000F82
_TRISC                                         (abs)        000F83
_TRISD                                         (abs)        000F84
_TRISE                                         (abs)        000F85
_TRISF                                         (abs)        000F86
_TRISG                                         (abs)        000F87
_TRISH                                         (abs)        000F88
_TX2REG                                        (abs)        000EF2
_TX2STA                                        (abs)        000EF6
_TX2STAbits                                    (abs)        000EF6
_Temp_ADC_Offset                               dataBANK1    0001E8
_Temp_ADC_Result                               bssBANK1     0001C1
_Total_Energy                                  bssBANK1     0001D1
_Total_Energy_address                          mediumconst  00D715
_Vpk                                           bssBANK1     0001BD
_Vpk_const                                     dataBANK1    0001E4
_Vrms                                          bssBANK1     0001AD
_WPUA                                          (abs)        000E91
_WPUB                                          (abs)        000E99
_WPUC                                          (abs)        000EA1
_WPUD                                          (abs)        000EA6
_WPUE                                          (abs)        000EAE
_WPUF                                          (abs)        000EB3
_WPUG                                          (abs)        000EBB
_WPUH                                          (abs)        000EC0
__CFG_BOREN$SBORDIS                            (abs)        000000
__CFG_BORV$VBOR_190                            (abs)        000000
__CFG_CLKOUTEN$OFF                             (abs)        000000
__CFG_CP$OFF                                   (abs)        000000
__CFG_CPD$OFF                                  (abs)        000000
__CFG_CSWEN$ON                                 (abs)        000000
__CFG_DEBUG$OFF                                (abs)        000000
__CFG_EBTR0$OFF                                (abs)        000000
__CFG_EBTR1$OFF                                (abs)        000000
__CFG_EBTR2$OFF                                (abs)        000000
__CFG_EBTR3$OFF                                (abs)        000000
__CFG_EBTR4$OFF                                (abs)        000000
__CFG_EBTR5$OFF                                (abs)        000000
__CFG_EBTR6$OFF                                (abs)        000000
__CFG_EBTR7$OFF                                (abs)        000000
__CFG_EBTRB$OFF                                (abs)        000000
__CFG_FCMEN$ON                                 (abs)        000000
__CFG_FEXTOSC$ECH                              (abs)        000000
__CFG_IDLOC0$                                  (abs)        000000
__CFG_IDLOC1$                                  (abs)        000001
__CFG_IDLOC2$                                  (abs)        000002
__CFG_IDLOC3$                                  (abs)        000003
__CFG_IDLOC4$                                  (abs)        000004
__CFG_IDLOC5$                                  (abs)        000005
__CFG_IDLOC6$                                  (abs)        000006
__CFG_IDLOC7$                                  (abs)        000007
__CFG_LPBOREN$OFF                              (abs)        000000
__CFG_LVP$OFF                                  (abs)        000000
__CFG_MCLRE$EXTMCLR                            (abs)        000000
__CFG_PPS1WAY$ON                               (abs)        000000
__CFG_PWRTE$ON                                 (abs)        000000
__CFG_RSTOSC$EXTOSC_4PLL                       (abs)        000000
__CFG_SCANE$OFF                                (abs)        000000
__CFG_STVREN$ON                                (abs)        000000
__CFG_WDTCCS$LFINTOSC                          (abs)        000000
__CFG_WDTCPS$WDTCPS_11                         (abs)        000000
__CFG_WDTCWS$WDTCWS_7                          (abs)        000000
__CFG_WDTE$NSLEEP                              (abs)        000000
__CFG_WRT0$OFF                                 (abs)        000000
__CFG_WRT1$OFF                                 (abs)        000000
__CFG_WRT2$OFF                                 (abs)        000000
__CFG_WRT3$OFF                                 (abs)        000000
__CFG_WRT4$OFF                                 (abs)        000000
__CFG_WRT5$OFF                                 (abs)        000000
__CFG_WRT6$OFF                                 (abs)        000000
__CFG_WRT7$OFF                                 (abs)        000000
__CFG_WRTB$OFF                                 (abs)        000000
__CFG_WRTC$OFF                                 (abs)        000000
__CFG_WRTD$OFF                                 (abs)        000000
__CFG_XINST$OFF                                (abs)        000000
__CFG_ZCD$OFF                                  (abs)        000000
__HRAM                                         (abs)        000000
__Habs1                                        abs1         000000
__Hbank0                                       bank0        000000
__Hbank1                                       bank1        000000
__Hbank10                                      bank10       000000
__Hbank11                                      bank11       000000
__Hbank12                                      bank12       000000
__Hbank13                                      bank13       000000
__Hbank2                                       bank2        000000
__Hbank3                                       bank3        000000
__Hbank4                                       bank4        000000
__Hbank5                                       bank5        000000
__Hbank6                                       bank6        000000
__Hbank7                                       bank7        000000
__Hbank8                                       bank8        000000
__Hbank9                                       bank9        000000
__Hbigbss                                      bigbss       000000
__Hbigdata                                     bigdata      000000
__Hbigram                                      bigram       000000
__HbitbssCOMRAM                                bitbssCOMRAM 000000
__Hbss                                         bss          000000
__HbssBANK0                                    bssBANK0     000000
__HbssBANK1                                    bssBANK1     000000
__HbssBANK2                                    bssBANK2     000000
__HbssBANK3                                    bssBANK3     000000
__HbssBANK4                                    bssBANK4     000000
__HbssCOMRAM                                   bssCOMRAM    000000
__Hcinit                                       cinit        000000
__Hclrtext                                     clrtext      000000
__Hcomram                                      comram       000000
__Hconfig                                      config       30000C
__Hconst                                       const        000000
__HcstackBANK0                                 cstackBANK0  000000
__HcstackBANK1                                 cstackBANK1  000000
__HcstackBANK2                                 cstackBANK2  000000
__HcstackBANK3                                 cstackBANK3  000000
__HcstackBANK4                                 cstackBANK4  000000
__HcstackCOMRAM                                cstackCOMRAM 000000
__Hdata                                        data         000000
__HdataBANK1                                   dataBANK1    000000
__HdataBANK3                                   dataBANK3    000000
__Heeprom_data                                 eeprom_data  000000
__Hfarbss                                      farbss       000000
__Hfardata                                     fardata      000000
__Hibigdata                                    ibigdata     000000
__Hidata                                       idata        000000
__HidataBANK1                                  idataBANK1   000000
__HidataBANK3                                  idataBANK3   000000
__Hidloc                                       idloc        200010
__Hifardata                                    ifardata     000000
__Hinit                                        init         00010E
__Hintcode                                     intcode      00000E
__Hintcode_body                                intcode_body 000000
__Hintcodelo                                   intcodelo    00010A
__Hintentry                                    intentry     000000
__Hintret                                      intret       000000
__Hintsave_regs                                intsave_regs 000000
__Hirdata                                      irdata       000000
__Hmediumconst                                 mediumconst  010000
__HnvBANK0                                     nvBANK0      000000
__HnvFARRAM                                    nvFARRAM     000000
__Hnvbit                                       nvbit        000000
__Hnvrram                                      nvrram       000000
__Hparam                                       rparam       000000
__Hpowerup                                     powerup      00010A
__Hram                                         ram          000000
__Hramtop                                      ramtop       000E00
__Hrbit                                        rbit         000000
__Hrbss                                        rbss         000000
__Hrdata                                       rdata        000000
__Hreset_vec                                   reset_vec    000004
__Hrparam                                      rparam       000000
__Hsfr                                         sfr          000000
__Hsmallconst                                  smallconst   000000
__Hspace_0                                     (abs)        30000C
__Hspace_1                                     (abs)        0004BB
__Hspace_2                                     (abs)        000000
__Hstack                                       stack        000000
__Hstruct                                      struct       000000
__Htemp                                        temp         000060
__Htext                                        text         000000
__Htext0                                       text0        000000
__Htext1                                       text1        000000
__Htext10                                      text10       000000
__Htext100                                     text100      000000
__Htext101                                     text101      000000
__Htext102                                     text102      000000
__Htext103                                     text103      000000
__Htext104                                     text104      000000
__Htext105                                     text105      000000
__Htext106                                     text106      000000
__Htext107                                     text107      000000
__Htext108                                     text108      000000
__Htext109                                     text109      000000
__Htext11                                      text11       000000
__Htext110                                     text110      000000
__Htext111                                     text111      000000
__Htext112                                     text112      000000
__Htext113                                     text113      000000
__Htext114                                     text114      000000
__Htext115                                     text115      000000
__Htext116                                     text116      000000
__Htext118                                     text118      000000
__Htext119                                     text119      000000
__Htext12                                      text12       000000
__Htext120                                     text120      000000
__Htext121                                     text121      000000
__Htext122                                     text122      000000
__Htext123                                     text123      000000
__Htext124                                     text124      000000
__Htext125                                     text125      000000
__Htext126                                     text126      000000
__Htext127                                     text127      000000
__Htext128                                     text128      000000
__Htext129                                     text129      000000
__Htext13                                      text13       000000
__Htext130                                     text130      000000
__Htext131                                     text131      000000
__Htext132                                     text132      000000
__Htext133                                     text133      000000
__Htext134                                     text134      000000
__Htext135                                     text135      000000
__Htext136                                     text136      000000
__Htext137                                     text137      000000
__Htext138                                     text138      000000
__Htext139                                     text139      000000
__Htext14                                      text14       000000
__Htext140                                     text140      000000
__Htext141                                     text141      000000
__Htext142                                     text142      000000
__Htext143                                     text143      000000
__Htext144                                     text144      000000
__Htext145                                     text145      000000
__Htext146                                     text146      000000
__Htext147                                     text147      000000
__Htext148                                     text148      000000
__Htext149                                     text149      000000
__Htext15                                      text15       000000
__Htext150                                     text150      000000
__Htext151                                     text151      000000
__Htext152                                     text152      000000
__Htext153                                     text153      000000
__Htext154                                     text154      000000
__Htext155                                     text155      000000
__Htext156                                     text156      000000
__Htext16                                      text16       000000
__Htext17                                      text17       000000
__Htext18                                      text18       000000
__Htext19                                      text19       000000
__Htext2                                       text2        000000
__Htext20                                      text20       000000
__Htext21                                      text21       000000
__Htext22                                      text22       000000
__Htext23                                      text23       000000
__Htext24                                      text24       000000
__Htext25                                      text25       000000
__Htext26                                      text26       000000
__Htext27                                      text27       000000
__Htext28                                      text28       000000
__Htext29                                      text29       000000
__Htext3                                       text3        000000
__Htext30                                      text30       000000
__Htext31                                      text31       000000
__Htext32                                      text32       000000
__Htext33                                      text33       000000
__Htext34                                      text34       000000
__Htext35                                      text35       000000
__Htext36                                      text36       000000
__Htext37                                      text37       000000
__Htext38                                      text38       000000
__Htext39                                      text39       000000
__Htext4                                       text4        000000
__Htext40                                      text40       000000
__Htext41                                      text41       000000
__Htext42                                      text42       000000
__Htext43                                      text43       000000
__Htext44                                      text44       000000
__Htext45                                      text45       000000
__Htext46                                      text46       000000
__Htext47                                      text47       000000
__Htext48                                      text48       000000
__Htext49                                      text49       000000
__Htext5                                       text5        000000
__Htext50                                      text50       000000
__Htext51                                      text51       000000
__Htext52                                      text52       000000
__Htext53                                      text53       000000
__Htext54                                      text54       000000
__Htext55                                      text55       000000
__Htext56                                      text56       000000
__Htext57                                      text57       000000
__Htext58                                      text58       000000
__Htext59                                      text59       000000
[...]
		Unchanged: 
 Data sizes:     COMRAM   BANK0   BANK1   BANK2   BANK3   BANK4   BANK5   BANK6   BANK7   BANK8   BANK9  BANK10  BANK11  BANK12  BANK13
      Params:         8       0       0       0       0       0       0       0       0       0       0       0       0       0       0
      Locals:         4       0       0       0       0       0       0       0       0       0       0       0       0       0       0
      Temps:          8       0       0       0       0       0       0       0       0       0       0       0       0       0       0
      Totals:        20       0       0       0       0       0       0       0       0       0       0       0       0       0       0
Total ram usage:       20 bytes
 Hardware stack levels used:    1
 This function calls:
		Nothing
 This function is called by:
		i2_printf
		i2___flsub
 This function uses a non-reentrant model


 *************** function i2___flneg *****************
 Defined at:
		line 15 in file "C:\Program Files (x86)\Microchip\xc8\v1.45\sources\common\flneg.c"
 Parameters:    Size  Location     Type
  f1              4    0[COMRAM] unsigned char 
 Auto vars:     Size  Location     Type
		None
 Return value:  Size  Location     Type
                  4    0[COMRAM] unsigned char 
 Registers used:
		wreg, status,2, status,0
 Tracked objects:
		On entry : 
		On exit  : 
		Unchanged: 
 Data sizes:     COMRAM   BANK0   BANK1   BANK2   BANK3   BANK4   BANK5   BANK6   BANK7   BANK8   BANK9  BANK10  BANK11  BANK12  BANK13
      Params:         4       0       0       0       0       0       0       0       0       0       0       0       0       0       0
      Locals:         0       0       0       0       0       0       0       0       0       0       0       0       0       0       0
      Temps:          0       0       0       0       0       0       0       0       0       0       0       0       0       0       0
      Totals:         4       0       0       0       0       0       0       0       0       0       0       0       0       0       0
Total ram usage:        4 bytes
 Hardware stack levels used:    1
 This function calls:
		Nothing
 This function is called by:
		i2_printf
 This function uses a non-reentrant model


 *************** function i2___flge *****************
 Defined at:
		line 4 in file "C:\Program Files (x86)\Microchip\xc8\v1.45\sources\common\flge.c"
 Parameters:    Size  Location     Type
  ff1             4    0[COMRAM] unsigned char 
  ff2             4    4[COMRAM] unsigned char 
 Auto vars:     Size  Location     Type
		None
 Return value:  Size  Location     Type
		None               void
 Registers used:
		wreg, status,2, status,0
 Tracked objects:
		On entry : 
		On exit  : 
		Unchanged: 
 Data sizes:     COMRAM   BANK0   BANK1   BANK2   BANK3   BANK4   BANK5   BANK6   BANK7   BANK8   BANK9  BANK10  BANK11  BANK12  BANK13
      Params:         8       0       0       0       0       0       0       0       0       0       0       0       0       0       0
      Locals:         0       0       0       0       0       0       0       0       0       0       0       0       0       0       0
      Temps:          4       0       0       0       0       0       0       0       0       0       0       0       0       0       0
      Totals:        12       0       0       0       0       0       0       0       0       0       0       0       0       0       0
Total ram usage:       12 bytes
 Hardware stack levels used:    1
 This function calls:
		Nothing
 This function is called by:
		i2_printf
 This function uses a non-reentrant model



MODULE INFORMATION

Module		Function		Class		Link	Load	Size
C:\Program Files (x86)\Microchip\xc8\v1.45\sources\common\asin.c
		_asin          		CODE           	15C66	0000	781

C:\Program Files (x86)\Microchip\xc8\v1.45\sources\common\asin.c estimated size: 781

C:\Program Files (x86)\Microchip\xc8\v1.45\sources\common\sprcdiv.c
		___fldiv       		CODE           	167FE	0000	695

C:\Program Files (x86)\Microchip\xc8\v1.45\sources\common\sprcdiv.c estimated size: 695

C:\Program Files (x86)\Microchip\xc8\v1.45\sources\common\sprcsqrt.c
		_sqrt          		CODE           	1653A	0000	709

C:\Program Files (x86)\Microchip\xc8\v1.45\sources\common\sprcsqrt.c estimated size: 709

C:\Program Files (x86)\Microchip\xc8\v1.45\sources\common\flge.c
		___flge        		CODE           	18100	0000	291

C:\Program Files (x86)\Microchip\xc8\v1.45\sources\common\flge.c estimated size: 291

mcc_generated_files/tmr6.c
		_TMR6_ISR      		CODE           	19FAE	0000	41
		_TMR6_Initialize		CODE           	19DDC	0000	51
		_TMR6_SetInterruptHandler		CODE           	1A2E2	0000	15
		_TMR6_DefaultInterruptHandler		CODE           	1A3AE	0000	3

mcc_generated_files/tmr6.c estimated size: 110

mcc_generated_files/eusart2.c
		_putch         		CODE           	1A2C6	0000	15
		_EUSART2_Read  		CODE           	19B16	0000	69
		_EUSART2_Write 		CODE           	1996A	0000	75
		_EUSART2_Receive_ISR		CODE           	18D80	0000	155
		_EUSART2_Transmit_ISR		CODE           	19E0E	0000	51
		_EUSART2_SetRxInterruptHandler		CODE           	1A328	0000	15
		_EUSART2_SetTxInterruptHandler		CODE           	1A31A	0000	15
		_EUSART2_Initialize		CODE           	194F4	0000	103

mcc_generated_files/eusart2.c estimated size: 498

C:\Program Files (x86)\Microchip\xc8\v1.45\sources\common\doprnt.c
		_scale         		CODE           	13C2E	0000	1189
		_printf        		CODE           	114D8	0000	3705
		_fround        		CODE           	16274	0000	711

C:\Program Files (x86)\Microchip\xc8\v1.45\sources\common\doprnt.c estimated size: 5605

mcc_generated_files/fvr.c
		_FVR_Initialize		CODE           	1A37C	0000	9

mcc_generated_files/fvr.c estimated size: 9

mcc_generated_files/tmr4.c
		_TMR4_ISR      		CODE           	1A024	0000	39
		_TMR4_Initialize		CODE           	19EA0	0000	49
		_TMR4_SetInterruptHandler		CODE           	1A2FE	0000	15
		_TMR4_DefaultInterruptHandler		CODE           	1A3B0	0000	3
		_TMR4_CallBack 		CODE           	1A070	0000	37

mcc_generated_files/tmr4.c estimated size: 143

mcc_generated_files/interrupt_manager.c
		_INTERRUPT_Initialize		CODE           	1A20C	0000	23
		_INTERRUPT_InterruptManagerLow		CODE           	0018	0000	243
		_INTERRUPT_InterruptManagerHigh		CODE           	0008	0000	223

mcc_generated_files/interrupt_manager.c estimated size: 489

C:\Program Files (x86)\Microchip\xc8\v1.45\sources\common\Umul16.c
		___wmul        		CODE           	19F86	0000	41

C:\Program Files (x86)\Microchip\xc8\v1.45\sources\common\Umul16.c estimated size: 41

double_to_EEPROM.c
		_readDoubleFromEEPROM		CODE           	1978A	0000	83
		_writeDoubleToEEPROM		CODE           	1987E	0000	81

double_to_EEPROM.c estimated size: 164

C:\Program Files (x86)\Microchip\xc8\v1.45\sources\common\frexp.c
		_frexp         		CODE           	191D8	0000	127

C:\Program Files (x86)\Microchip\xc8\v1.45\sources\common\frexp.c estimated size: 127

mcc_generated_files/pin_manager.c
		_PIN_MANAGER_Initialize		CODE           	18CCA	0000	183

mcc_generated_files/pin_manager.c estimated size: 183

C:\Program Files (x86)\Microchip\xc8\v1.45\sources\common\fabs.c
		_fabs          		CODE           	19C56	0000	63

C:\Program Files (x86)\Microchip\xc8\v1.45\sources\common\fabs.c estimated size: 63

C:\Program Files (x86)\Microchip\xc8\v1.45\sources\common\isdigit.c
		_isdigit       		CODE           	1A0B8	0000	35

C:\Program Files (x86)\Microchip\xc8\v1.45\sources\common\isdigit.c estimated size: 35

C:\Program Files (x86)\Microchip\xc8\v1.45\sources\common\sprcadd.c
		___flsub       		CODE           	199B4	0000	73
		___fladd       		CODE           	152AE	0000	831

C:\Program Files (x86)\Microchip\xc8\v1.45\sources\common\sprcadd.c estimated size: 904

C:\Program Files (x86)\Microchip\xc8\v1.45\sources\common\floor.c
		_floor         		CODE           	18584	0000	279

C:\Program Files (x86)\Microchip\xc8\v1.45\sources\common\floor.c estimated size: 279

C:\Program Files (x86)\Microchip\xc8\v1.45\sources\common\ftdivl.c
		__tdiv_to_l_   		CODE           	17C48	0000	309

C:\Program Files (x86)\Microchip\xc8\v1.45\sources\common\ftdivl.c estimated size: 309

C:\Program Files (x86)\Microchip\xc8\v1.45\sources\common\awmod.c
		___awmod       		CODE           	192D2	0000	115

C:\Program Files (x86)\Microchip\xc8\v1.45\sources\common\awmod.c estimated size: 115

C:\Program Files (x86)\Microchip\xc8\v1.45\sources\common\strstr.c
		_strstr        		CODE           	18F3C	0000	141

C:\Program Files (x86)\Microchip\xc8\v1.45\sources\common\strstr.c estimated size: 141

device_IDs.c
		_getDeviceID   		CODE           	1A0DA	0000	33
		_getUserID     		CODE           	19AD2	0000	69
		_getMinorRevisionID		CODE           	19FFE	0000	39
		_getDeviceIDString		CODE           	195C0	0000	97
		_getMajorRevisionID		CODE           	19C94	0000	61

device_IDs.c estimated size: 299

C:\Program Files (x86)\Microchip\xc8\v1.45\sources\common\acos.c
		_acos          		CODE           	19344	0000	113

C:\Program Files (x86)\Microchip\xc8\v1.45\sources\common\acos.c estimated size: 113

C:\Program Files (x86)\Microchip\xc8\v1.45\sources\common\llmod.c
		___llmod       		CODE           	1948C	0000	105

C:\Program Files (x86)\Microchip\xc8\v1.45\sources\common\llmod.c estimated size: 105

C:\Program Files (x86)\Microchip\xc8\v1.45\sources\common\fldivl.c
		__div_to_l_    		CODE           	17EAE	0000	299

C:\Program Files (x86)\Microchip\xc8\v1.45\sources\common\fldivl.c estimated size: 299

C:\Program Files (x86)\Microchip\xc8\v1.45\sources\common\fltol.c
		___fltol       		CODE           	18894	0000	223

C:\Program Files (x86)\Microchip\xc8\v1.45\sources\common\fltol.c estimated size: 223

mcc_generated_files/ext_int.c
		_INT0_SetInterruptHandler		CODE           	1A30C	0000	15
		_EXT_INT_Initialize		CODE           	1A0FA	0000	31
		_INT0_DefaultInterruptHandler		CODE           	1A3B8	0000	3
		_INT0_CallBack 		CODE           	1A094	0000	37
		_INT0_ISR      		CODE           	1A368	0000	11

mcc_generated_files/ext_int.c estimated size: 97

C:\Program Files (x86)\Microchip\xc8\v1.45\sources\common\atoi.c
		_atoi          		CODE           	18A4E	0000	217

C:\Program Files (x86)\Microchip\xc8\v1.45\sources\common\atoi.c estimated size: 217

mcc_generated_files/tmr7.c
		_TMR7_DefaultInterruptHandler		CODE           	1A3B4	0000	3
		_TMR7_WriteTimer		CODE           	1A118	0000	31
		_TMR7_ISR      		CODE           	19D74	0000	53
		_TMR7_Initialize		CODE           	19736	0000	85
		_TMR7_SetInterruptHandler		CODE           	1A2D4	0000	15
		_TMR7_StopTimer		CODE           	1A38C	0000	7

mcc_generated_files/tmr7.c estimated size: 194

mcc_generated_files/hlvd.c
		_HLVD_Initialize		CODE           	1A2B6	0000	17

mcc_generated_files/hlvd.c estimated size: 17

mcc_generated_files/tmr5.c
		_TMR5_ISR      		CODE           	19DA8	0000	53
		_TMR5_Initialize		CODE           	198CE	0000	81
		_TMR5_SetInterruptHandler		CODE           	1A2F0	0000	15
		_TMR5_StopTimer		CODE           	1A39E	0000	5
		_TMR5_DefaultInterruptHandler		CODE           	1A3B6	0000	3
		_TMR5_WriteTimer		CODE           	1A18C	0000	29
		_TMR5_StartTimer		CODE           	1A3AA	0000	5

mcc_generated_files/tmr5.c estimated size: 191

shared
		i1_writeDoubleToEEPROM		CODE           	19680	0000	95
		i1_DATAEE_WriteByte		CODE           	19C18	0000	63
		i2_printf      		CODE           	12350	0000	3519
		i2_putch       		CODE           	1A372	0000	11
		__powers_      		MEDIUMCONST    	D659	0000	53
		_dpowers       		MEDIUMCONST    	D6C1	0000	41
		i2_isdigit     		CODE           	1A136	0000	31
		i1___flneg     		CODE           	19ED0	0000	49
		i2___flneg     		CODE           	19F2E	0000	47
		atan@coeff_a   		MEDIUMCONST    	D717	0000	25
		atan@coeff_b   		MEDIUMCONST    	D743	0000	21
		i2___awdiv     		CODE           	190D2	0000	133
		i1___fladd     		CODE           	155EC	0000	831
		i2___fladd     		CODE           	1592A	0000	829
		i2__tdiv_to_l_ 		CODE           	17D7C	0000	307
		i2___wmul      		CODE           	1A04A	0000	39
		i1___fldiv     		CODE           	16AB4	0000	695
		i1___fltol     		CODE           	1879A	0000	251
		i2__div_to_l_  		CODE           	17FD8	0000	297
		__npowers_     		MEDIUMCONST    	D68D	0000	53
		i2___fltol     		CODE           	18972	0000	221
		i1_TMR7_StopTimer		CODE           	1A392	0000	7
		i2_scale       		CODE           	140D2	0000	1153
		i2___lldiv     		CODE           	19156	0000	131
		__initialization		CODE           	18E1A	0000	137
		i1___flge      		CODE           	18222	0000	291
		i2___flge      		CODE           	18464	0000	289
		i2___awmod     		CODE           	193B4	0000	113
		i2_EUSART2_Write		CODE           	19A44	0000	73
		_max_Temp_ADC_Result_address		MEDIUMCONST    	D70B	0000	3
		_max_Irms_address		MEDIUMCONST    	D713	0000	3
		_max_POS12_ADC_Result_address		MEDIUMCONST    	D70D	0000	3
		i1___flmul     		CODE           	14C0C	0000	851
		i2___flmul     		CODE           	14F5E	0000	849
		_hexpowers     		MEDIUMCONST    	D6E9	0000	33
		i2___llmod     		CODE           	1955A	0000	103
		i1___xxtofl    		CODE           	1770A	0000	357
		i2___xxtofl    		CODE           	179C2	0000	337
		_Total_Energy_address		MEDIUMCONST    	D715	0000	3
		i1___flsub     		CODE           	199FC	0000	73
		i2___flsub     		CODE           	19A8C	0000	71
		i2_TMR5_StopTimer		CODE           	1A3A6	0000	5
		_max_Power_address		MEDIUMCONST    	D711	0000	3
		i2_fround      		CODE           	16D6A	0000	687
		sin@coeff_a    		MEDIUMCONST    	D72F	0000	21
		sin@coeff_b    		MEDIUMCONST    	D757	0000	17
		_max_POS3P3_ADC_Result_address		MEDIUMCONST    	D70F	0000	3
		_max_FVR_ADC_Result_address		MEDIUMCONST    	D709	0000	3

shared estimated size: 13230

mcc_generated_files/mcc.c
		_PMD_Initialize		CODE           	1A154	0000	29
		_OSCILLATOR_Initialize		CODE           	1A170	0000	29
		_SYSTEM_Initialize		CODE           	19D3E	0000	55

mcc_generated_files/mcc.c estimated size: 113

ring_buffer_interface.c
		_terminal_ringBufferPull		CODE           	18344	0000	289
		_terminal_textAttributes		CODE           	14552	0000	873
		_terminal_textAttributesReset		CODE           	1A262	0000	19
		_terminal_setCursorHome		CODE           	1A286	0000	17
		_terminal_printNewline		CODE           	1A296	0000	17
		_terminal_clearTerminal		CODE           	1A2A6	0000	17

ring_buffer_interface.c estimated size: 1232

C:\Program Files (x86)\Microchip\xc8\v1.45\sources\common\atan.c
		_atan          		CODE           	174D2	0000	569

C:\Program Files (x86)\Microchip\xc8\v1.45\sources\common\atan.c estimated size: 569

cause_of_reset.c
		_getCauseOfResetString		CODE           	19E40	0000	49
		_getCauseOfReset		CODE           	197DC	0000	83

cause_of_reset.c estimated size: 132

C:\Program Files (x86)\Microchip\xc8\v1.45\sources\common\awdiv.c
		___awdiv       		CODE           	18FC8	0000	135

C:\Program Files (x86)\Microchip\xc8\v1.45\sources\common\awdiv.c estimated size: 135

C:\Program Files (x86)\Microchip\xc8\v1.45\sources\common\strcat.c
		_strcat        		CODE           	1991E	0000	77

C:\Program Files (x86)\Microchip\xc8\v1.45\sources\common\strcat.c estimated size: 77

C:\Program Files (x86)\Microchip\xc8\v1.45\sources\common\evalpoly.c
		_eval_poly     		CODE           	1869A	0000	257

C:\Program Files (x86)\Microchip\xc8\v1.45\sources\common\evalpoly.c estimated size: 257

mcc_generated_files/memory.c
		_FLASH_ReadWord		CODE           	19B5A	0000	67
		_FLASH_ReadByte		CODE           	1A1A8	0000	27
		_DATAEE_WriteByte		CODE           	19B9C	0000	63
		_DATAEE_ReadByte		CODE           	1A1C2	0000	27

mcc_generated_files/memory.c estimated size: 184

C:\Program Files (x86)\Microchip\xc8\v1.45\sources\common\sin.c
		_sin           		CODE           	15F72	0000	771

C:\Program Files (x86)\Microchip\xc8\v1.45\sources\common\sin.c estimated size: 771

C:\Program Files (x86)\Microchip\xc8\v1.45\sources\common\abs.c
		_abs           		CODE           	19F5C	0000	43

C:\Program Files (x86)\Microchip\xc8\v1.45\sources\common\abs.c estimated size: 43

C:\Program Files (x86)\Microchip\xc8\v1.45\sources\common\lldiv.c
		___lldiv       		CODE           	1904E	0000	133

C:\Program Files (x86)\Microchip\xc8\v1.45\sources\common\lldiv.c estimated size: 133

ring_buffer_LUT.c
		_ringBufferLUT 		CODE           	10000	0000	5337

ring_buffer_LUT.c estimated size: 5337

C:\Program Files (x86)\Microchip\xc8\v1.45\sources\common\xxtofl.c
		___xxtofl      		CODE           	1786E	0000	341

C:\Program Files (x86)\Microchip\xc8\v1.45\sources\common\xxtofl.c estimated size: 341

mcc_generated_files/adcc.c
		_ADCC_StopConversion		CODE           	1A3A2	0000	5
		_ADCC_DefaultInterruptHandler		CODE           	1A3B2	0000	3
		_ADCC_ClearAccumulator		CODE           	1A398	0000	7
		_ADCC_GetFilterValue		CODE           	1A222	0000	23
		_ADCC_SetADTIInterruptHandler		CODE           	1A336	0000	15
		_ADCC_GetConversionResult		CODE           	1A238	0000	23
		_ADCC_ThresholdISR		CODE           	19FD6	0000	41
		_ADCC_StartConversion		CODE           	1A350	0000	13
		_ADCC_Initialize		CODE           	19620	0000	97
		_ADCC_HasAccumulatorOverflowed		CODE           	1A344	0000	13
		_ADCC_DischargeSampleCapacitor		CODE           	1A384	0000	9

mcc_generated_files/adcc.c estimated size: 249

C:\Program Files (x86)\Microchip\xc8\v1.45\sources\common\flneg.c
		___flneg       		CODE           	19E70	0000	49

C:\Program Files (x86)\Microchip\xc8\v1.45\sources\common\flneg.c estimated size: 49

main.c
		_dimmingOffTimeCallback		CODE           	1A1F4	0000	25
		_saveSRAMMaxToEEPROM		CODE           	17018	0000	615
		_acquisitionTimerCallback		CODE           	1A274	0000	19
		_main          		CODE           	18BFE	0000	205
		_heartbeatTimerCallback		CODE           	19BDA	0000	63
		_currentMeasuredToPeak		CODE           	19256	0000	125
		_recoverSRAMMaxFromEEPROM		CODE           	17B12	0000	311
		_dimmingOnTimeCallback		CODE           	1A35C	0000	13
		_ADCPostProcessingCallback		CODE           	1310E	0000	2849
		_writeEnergyToEEPROMCallback		CODE           	19F00	0000	47
		_peakToRMS     		CODE           	1727E	0000	597

main.c estimated size: 4869

C:\Program Files (x86)\Microchip\xc8\v1.45\sources\common\strlen.c
		_strlen        		CODE           	196DE	0000	89

C:\Program Files (x86)\Microchip\xc8\v1.45\sources\common\strlen.c estimated size: 89

C:\Program Files (x86)\Microchip\xc8\v1.45\sources\common\strcmp.c
		_strcmp        		CODE           	1982E	0000	81

C:\Program Files (x86)\Microchip\xc8\v1.45\sources\common\strcmp.c estimated size: 81

C:\Program Files (x86)\Microchip\xc8\v1.45\sources\common\strchr.c
		_strchr        		CODE           	19CD0	0000	57

C:\Program Files (x86)\Microchip\xc8\v1.45\sources\common\strchr.c estimated size: 57

C:\Program Files (x86)\Microchip\xc8\v1.45\sources\common\strcpy.c
		_strcpy        		CODE           	19D08	0000	55

C:\Program Files (x86)\Microchip\xc8\v1.45\sources\common\strcpy.c estimated size: 55

C:\Program Files (x86)\Microchip\xc8\v1.45\sources\common\strncmp.c
		_strncmp       		CODE           	18EAC	0000	145

C:\Program Files (x86)\Microchip\xc8\v1.45\sources\common\strncmp.c estimated size: 145

C:\Program Files (x86)\Microchip\xc8\v1.45\sources\common\sprcmul.c
		___flmul       		CODE           	148BA	0000	851

C:\Program Files (x86)\Microchip\xc8\v1.45\sources\common\sprcmul.c estimated size: 851

C:\Program Files (x86)\Microchip\xc8\v1.45\sources\common\strncpy.c
		_strncpy       		CODE           	19424	0000	105

C:\Program Files (x86)\Microchip\xc8\v1.45\sources\common\strncpy.c estimated size: 105

