Microchip MPLAB XC8 Compiler V1.45 ()

Linker command line:

-W-3 --edf=C:\Program Files (x86)\Microchip\xc8\v1.45\dat\en_msgs.txt -cs \
  -h+dist/default/production\AC_Power_Meter.X.production.sym \
  --cmf=dist/default/production\AC_Power_Meter.X.production.cmf -z \
  -Q18LF67K40 -oC:\Users\DREWMA~1\AppData\Local\Temp\sedk.2 \
  -Mdist/default/production/AC_Power_Meter.X.production.map -E1 -ver=XC8 \
  --acfsm=1493 -ASTACK=0680h-0de9h -pstack=STACK -ACODE=00h-01FFFFh \
  -ACONST=00h-01FFFFh -ASMALLCONST=0E00h-0EFFhx498 \
  -AMEDIUMCONST=0E00h-0FFFFh,010E00h-01FFFFh -ACOMRAM=01h-05Fh \
  -AABS1=00h-0DE9h -ABIGRAM=01h-0DE9h \
  -ARAM=060h-0FFh,0100h-01FFhx12,0D00h-0DE9h -ABANK0=060h-0FFh \
  -ABANK1=0100h-01FFh -ABANK2=0200h-02FFh -ABANK3=0300h-03FFh \
  -ABANK4=0400h-04FFh -ABANK5=0500h-05FFh -ABANK6=0600h-06FFh \
  -ABANK7=0700h-07FFh -ABANK8=0800h-08FFh -ABANK9=0900h-09FFh \
  -ABANK10=0A00h-0AFFh -ABANK11=0B00h-0BFFh -ABANK12=0C00h-0CFFh \
  -ABANK13=0D00h-0DE9h \
  -ASFR=0DEFh-0DFFh,0E00h-0EFFh,0F00h-0F5Fh,0F60h-0FFFh \
  -preset_vec=00h,intcode=08h,intcodelo=018h,powerup,init -pramtop=0E00h \
  -psmallconst=SMALLCONST -pmediumconst=MEDIUMCONST -pconst=CONST \
  -AFARRAM=00h-00h -ACONFIG=0300000h-030000Bh -pconfig=CONFIG \
  -AIDLOC=0200000h-020000Fh -pidloc=IDLOC -AEEDATA=0310000h-03103FFh \
  -peeprom_data=EEDATA \
  -prdata=COMRAM,nvrram=COMRAM,nvbit=COMRAM,rbss=COMRAM,rbit=COMRAM \
  -pfarbss=FARRAM,fardata=FARRAM,nvFARRAM=FARRAM \
  -pintsave_regs=BIGRAM,bigbss=BIGRAM,bigdata=BIGRAM -pbss=RAM \
  -pidata=CODE,irdata=CODE,ibigdata=CODE,ifardata=CODE -prparam=COMRAM \
  C:\Users\DREWMA~1\AppData\Local\Temp\sedk.obj \
  dist/default/production\AC_Power_Meter.X.production.obj 

Object code version is 3.11

Machine type is 18LF67K40

Call graph: (short form)




                Name                               Link     Load   Length Selector   Space Scale
C:\Users\DREWMA~1\AppData\Local\Temp\sedk.obj
                init                                10A      10A        4        C       0
                reset_vec                             0        0        4        0       0
                idloc                            200000   200000       10   200000       0
                config                           300000   300000        C   300000       0
dist/default/production\AC_Power_Meter.X.production.obj
                intcodelo                            18       18       F2        C       0
                intcode                               8        8        6        4       0
                temp                                 5F       5F        1        1       1
                mediumconst                        CCE8     CCE8     3318     6674       0
                text262                            39F2     39F2       14        C       0
                text261                            3C0A     3C0A        4        C       0
                text260                            39DE     39DE       14        C       0
                text259                            3B58     3B58        C        C       0
                text258                            3C06     3C06        4        C       0
                text257                            3528     3528       2A        C       0
                text256                           1B8E0    1B8E0      33E     8000       0
                text255                           1FD64    1FD64      122     8000       0
                text254                             BA2      BA2       DC        C       0
                text253                           1F16E    1F16E      150     8000       0
                text252                            1ECA     1ECA       7A        C       0
                text251                             10E      10E      114        C       0
                text250                           1DB9E    1DB9E      2B6     8000       0
                text249                            34FA     34FA       2E        C       0
                text248                            2C3A     2C3A       48        C       0
                text247                           1AF14    1AF14      350     8000       0
                text246                             52A      52A      100        C       0
                text245                           1C54E    1C54E      300     8000       0
                text244                            1D5A     1D5A       7C        C       0
                text243                            31C2     31C2       3C        C       0
                text242                           1EC8E    1EC8E      238     8000       0
                text241                           1CDDE    1CDDE      2C8     8000       0
                text240                           1C23E    1C23E      310     8000       0
                text239                            2178     2178       70        C       0
                text238                           1E5D4    1E5D4      24A     8000       0
                text237                           17598    17598      B2E     8000       0
                text236                            3C1A     3C1A        2        C       0
                text235                            35CA     35CA       28        C       0
                text234                            1BDC     1BDC       82        C       0
                text233                            24C0     24C0       66        C       0
                text232                            36FC     36FC       26        C       0
                text231                           1F9F8    1F9F8      128     8000       0
                text230                           1F672    1F672      132     8000       0
                text229                            1B58     1B58       84        C       0
                text228                            2108     2108       70        C       0
                text227                           1DE54    1DE54      2AE     8000       0
                text226                            388E     388E       1E        C       0
                text225                            2D0E     2D0E       46        C       0
                text224                            3BAA     3BAA        A        C       0
                text223                           1A088    1A088      480     8000       0
                text222                           13E6E    13E6E     1F20     8000       0
                text221                            3186     3186       3C        C       0
                text220                            127A     127A       B0        C       0
                text219                            31FE     31FE       3A        C       0
                text218                            29AC     29AC       4C        C       0
                text217                            2F22     2F22       40        C       0
                text216                            3BE8     3BE8        6        C       0
                text215                            3870     3870       1E        C       0
                text214                            2E60     2E60       42        C       0
                text213                           1E102    1E102      26C     8000       0
                text212                            3C02     3C02        4        C       0
                text211                            38E4     38E4       1C        C       0
                text210                            39B0     39B0       18        C       0
                text209                            3C18     3C18        2        C       0
                text208                            376A     376A       24        C       0
                text207                            3BA0     3BA0        A        C       0
                text206                            3998     3998       18        C       0
                text205                            2912     2912       4E        C       0
                text204                            1AD4     1AD4       84        C       0
                text203                            3C16     3C16        2        C       0
                text202                            3746     3746       24        C       0
                text201                            36D6     36D6       26        C       0
                text200                            3BFE     3BFE        4        C       0
                text199                            3B4C     3B4C        C        C       0
                text198                            3C14     3C14        2        C       0
                text197                            3344     3344       34        C       0
                intcode_body                        222      222      108        C       0
                text195                            32A6     32A6       36        C       0
                text194                            3B96     3B96        A        C       0
                text193                            1528     1528       A2        C       0
                text192                            2CC8     2CC8       46        C       0
                text191                            2874     2874       50        C       0
                text190                            13D8     13D8       AE        C       0
                text189                             EE8      EE8       C6        C       0
                text188                            2EE2     2EE2       40        C       0
                text187                            2636     2636       58        C       0
                text186                            23F2     23F2       68        C       0
                text185                            314A     314A       3C        C       0
                text184                            1E50     1E50       7A        C       0
                text183                            3B8C     3B8C        A        C       0
                text182                            3BFA     3BFA        4        C       0
                text181                            3BE2     3BE2        6        C       0
                text180                            3BF6     3BF6        4        C       0
                text179                            3BDC     3BDC        6        C       0
                text178                            3B82     3B82        A        C       0
                text177                            3B32     3B32        E        C       0
                text176                            11CA     11CA       B0        C       0
                text175                             8FE      8FE       E8        C       0
                text174                            36B0     36B0       26        C       0
                text173                           1D8E8    1D8E8      2B6     8000       0
                text172                           1FC42    1FC42      122     8000       0
                text171                           1B5A2    1B5A2      33E     8000       0
                text170                           1ABC2    1ABC2      352     8000       0
                text169                             42A      42A      100        C       0
                text168                            34CA     34CA       30        C       0
                text167                            301C     301C       3E        C       0
                text166                           1EA56    1EA56      238     8000       0
                text165                           1CB16    1CB16      2C8     8000       0
                text164                           1BF2E    1BF2E      310     8000       0
                text163                            2098     2098       70        C       0
                text162                            349A     349A       30        C       0
                text161                            394E     394E       1A        C       0
                text160                            2E1E     2E1E       42        C       0
                text159                            3814     3814       20        C       0
                text158                            310E     310E       3C        C       0
                text157                            368A     368A       26        C       0
                text156                             AC4      AC4       DE        C       0
                text155                           1F01A    1F01A      154     8000       0
                text154                            1CDC     1CDC       7E        C       0
                text153                            166A     166A       A0        C       0
                text152                            1064     1064       B6        C       0
                text151                            2BF2     2BF2       48        C       0
                text150                            1A50     1A50       84        C       0
                text149                            238A     238A       68        C       0
                text148                            35A2     35A2       28        C       0
                text147                           1F8CE    1F8CE      12A     8000       0
                text146                           1F53E    1F53E      134     8000       0
                text145                            1946     1946       86        C       0
                text144                            1FB6     1FB6       72        C       0
                text143                           1D36C    1D36C      2C6     8000       0
                text142                            37D2     37D2       22        C       0
                text141                            2BAA     2BAA       48        C       0
                text140                            3B24     3B24        E        C       0
                text139                           19BE4    19BE4      4A4     8000       0
                text138                           11F3C    11F3C     1F32     8000       0
                text137                            29F8     29F8       4A        C       0
                text136                            2B62     2B62       48        C       0
                text135                           180C6    180C6      8CC     8000       0
                text134                            3C12     3C12        2        C       0
                text133                            3722     3722       24        C       0
                text132                            3664     3664       26        C       0
                text131                            2D98     2D98       44        C       0
                text130                            3C10     3C10        2        C       0
                text129                            357A     357A       28        C       0
                text128                            363E     363E       26        C       0
                text127                            3BD6     3BD6        6        C       0
                text126                            3BBC     3BBC        8        C       0
                text125                            3B16     3B16        E        C       0
                text124                            3A2A     3A2A       12        C       0
                text123                            3C0E     3C0E        2        C       0
                text122                            3310     3310       34        C       0
                text120                            3B78     3B78        A        C       0
                text119                            1486     1486       A2        C       0
                text118                            2C82     2C82       46        C       0
                text117                            2824     2824       50        C       0
                text116                            2322     2322       68        C       0
                text115                            170A     170A       9A        C       0
                text114                            3B08     3B08        E        C       0
                text113                            21E8     21E8       6A        C       0
                text112                            3AFA     3AFA        E        C       0
                text111                            3AEC     3AEC        E        C       0
                text110                            245A     245A       66        C       0
                text109                            3ADE     3ADE        E        C       0
                text108                            3852     3852       1E        C       0
                text107                            3BB4     3BB4        8        C       0
                text106                            3A6C     3A6C       10        C       0
                text105                            3270     3270       36        C       0
                text104                            3834     3834       1E        C       0
                text103                            38C8     38C8       1C        C       0
                text102                             D56      D56       CC        C       0
                text101                            38AC     38AC       1C        C       0
                text100                            3AD0     3AD0        E        C       0
                text99                             346A     346A       30        C       0
                text98                             3AC2     3AC2        E        C       0
                text97                             343A     343A       30        C       0
                text96                             3AB4     3AB4        E        C       0
                text95                             27D4     27D4       50        C       0
                text94                             3AA6     3AA6        E        C       0
                text93                             3378     3378       32        C       0
                text92                             3A98     3A98        E        C       0
                text91                             268E     268E       54        C       0
                text90                             2FDE     2FDE       3E        C       0
                text89                            1FFA2    1FFA2       5A     8000       0
                text88                             3934     3934       1A        C       0
                text87                             26E2     26E2       52        C       0
                text86                            1F2BE    1F2BE      14C     8000       0
                text85                            1FB20    1FB20      122     8000       0
                text84                             2FA0     2FA0       3E        C       0
                text83                             2784     2784       50        C       0
                text82                            1E36E    1E36E      266     8000       0
                text81                            1D632    1D632      2B6     8000       0
                text80                             340A     340A       30        C       0
                text79                            1B264    1B264      33E     8000       0
                text78                             2B1A     2B1A       48        C       0
                text77                              9E6      9E6       DE        C       0
                text76                             19CC     19CC       84        C       0
                text75                             22BA     22BA       68        C       0
                text74                             3552     3552       28        C       0
                text73                            1EEC6    1EEC6      154     8000       0
                text72                            1F7A4    1F7A4      12A     8000       0
                text71                            1F40A    1F40A      134     8000       0
                text70                             18C0     18C0       86        C       0
                text69                             1F44     1F44       72        C       0
                text68                            1A870    1A870      352     8000       0
                text67                            1D0A6    1D0A6      2C6     8000       0
                text66                             37B0     37B0       22        C       0
                text65                             2AD2     2AD2       48        C       0
                text64                             391A     391A       1A        C       0
                text63                            19740    19740      4A4     8000       0
                text62                            10000    10000     1F3C     8000       0
                text61                             30D2     30D2       3C        C       0
                text60                             3A5C     3A5C       10        C       0
                text59                             32DC     32DC       34        C       0
                text58                             39C8     39C8       16        C       0
                text57                             33DA     33DA       30        C       0
                text56                             3900     3900       1A        C       0
                text55                             2DDC     2DDC       42        C       0
                text54                             37F4     37F4       20        C       0
                text53                             2526     2526       60        C       0
                text52                             3096     3096       3C        C       0
                text51                             3618     3618       26        C       0
                text50                             2D54     2D54       44        C       0
                text49                             3A4C     3A4C       10        C       0
                text48                             2960     2960       4C        C       0
                text47                             2252     2252       68        C       0
                text46                            1A508    1A508      368     8000       0
                text45                             3A18     3A18       12        C       0
                text44                            19252    19252      4EE     8000       0
                text43                             28C4     28C4       4E        C       0
                text42                             132A     132A       AE        C       0
                text41                              E22      E22       C6        C       0
                text40                             2EA2     2EA2       40        C       0
                text39                             25DE     25DE       58        C       0
                text38                             305A     305A       3C        C       0
                text37                             1DD6     1DD6       7A        C       0
                text36                             3B6E     3B6E        A        C       0
                text35                             3BF2     3BF2        4        C       0
                text34                             3BD0     3BD0        6        C       0
                text33                             3BEE     3BEE        4        C       0
                text32                             3BCA     3BCA        6        C       0
                text31                             3B64     3B64        A        C       0
                text30                             3A8A     3A8A        E        C       0
                text29                             111A     111A       B0        C       0
                text28                              816      816       E8        C       0
                text27                             35F2     35F2       26        C       0
                text26                              32A      32A      100        C       0
                text25                             2F62     2F62       3E        C       0
                text24                            1E81E    1E81E      238     8000       0
                text23                            1C84E    1C84E      2C8     8000       0
                text22                            1BC1E    1BC1E      310     8000       0
                text21                             2028     2028       70        C       0
                text20                             33AA     33AA       30        C       0
                text19                             1C5E     1C5E       7E        C       0
                text18                             15CA     15CA       A0        C       0
                text17                              FAE      FAE       B6        C       0
                text16                             2A8A     2A8A       48        C       0
                text15                             2A42     2A42       48        C       0
                text14                            18992    18992      8C0     8000       0
                text13                            1FFFC    1FFFC        4     8000       0
                text12                              C7E      C7E       D8        C       0
                text11                             378E     378E       22        C       0
                text10                             3A7C     3A7C        E        C       0
                text9                              2734     2734       50        C       0
                text8                              3238     3238       38        C       0
                text7                              2586     2586       58        C       0
                text6                              17A4     17A4       90        C       0
                text5                              1834     1834       8C        C       0
                text4                             15D8E    15D8E     180A     8000       0
                text3                             1FE86    1FE86      11C     8000       0
                text2                              3A3C     3A3C       10        C       0
                text1                              3980     3980       18        C       0
                text0                               62A      62A       FA        C       0
                cstackCOMRAM                          1        1       5E        1       1
                cstackBANK0                          60       60       93       60       1
                cstackBANK1                         100      100       D6      100       1
                cstackBANK2                         200      200       76      200       1
                cstackBANK3                         300      300       E3      300       1
                cstackBANK4                         4BC      4BC       25      400       1
                cstackBANK5                         591      591       4E      500       1
                bssBANK6                            600      600       80      600       1
                dataBANK5                           5DF      5DF       12      500       1
                bssBANK5                            500      500       91      500       1
                dataBANK4                           4E1      4E1       18      400       1
                bssBANK4                            400      400       BC      400       1
                bssBANK3                            3E3      3E3        C      300       1
                dataBANK2                           2CD      2CD        C      200       1
                bssBANK2                            276      276       57      200       1
                dataBANK1                           1EB      1EB        1      100       1
                bssBANK1                            1D6      1D6       15      100       1
                dataBANK0                            F3       F3        6       60       1
                bssBANK0                             F9       F9        4       60       1
                bitbssBANK0                         7E8       FD        2       60       1     8
                cinit                               724      724       F2        C       0
                nvBANK3                             3EF      3EF        1      300       1
                idataBANK5                         3A06     3A06       12        C       0
                idataBANK4                         3968     3968       18        C       0
                idataBANK2                         3B40     3B40        C        C       0
                idataBANK1                         3C1C     3C1C        1        C       0
                idataBANK0                         3BC4     3BC4        6        C       0

TOTAL           Name                               Link     Load   Length     Space
        CLASS   STACK          

        CLASS   CODE           
                intcodelo                            18       18       F2         0
                intcode                               8        8        6         0
                init                                10A      10A        4         0
                reset_vec                             0        0        4         0
                text262                            39F2     39F2       14         0
                text261                            3C0A     3C0A        4         0
                text260                            39DE     39DE       14         0
                text259                            3B58     3B58        C         0
                text258                            3C06     3C06        4         0
                text257                            3528     3528       2A         0
                text256                           1B8E0    1B8E0      33E         0
                text255                           1FD64    1FD64      122         0
                text254                             BA2      BA2       DC         0
                text253                           1F16E    1F16E      150         0
                text252                            1ECA     1ECA       7A         0
                text251                             10E      10E      114         0
                text250                           1DB9E    1DB9E      2B6         0
                text249                            34FA     34FA       2E         0
                text248                            2C3A     2C3A       48         0
                text247                           1AF14    1AF14      350         0
                text246                             52A      52A      100         0
                text245                           1C54E    1C54E      300         0
                text244                            1D5A     1D5A       7C         0
                text243                            31C2     31C2       3C         0
                text242                           1EC8E    1EC8E      238         0
                text241                           1CDDE    1CDDE      2C8         0
                text240                           1C23E    1C23E      310         0
                text239                            2178     2178       70         0
                text238                           1E5D4    1E5D4      24A         0
                text237                           17598    17598      B2E         0
                text236                            3C1A     3C1A        2         0
                text235                            35CA     35CA       28         0
                text234                            1BDC     1BDC       82         0
                text233                            24C0     24C0       66         0
                text232                            36FC     36FC       26         0
                text231                           1F9F8    1F9F8      128         0
                text230                           1F672    1F672      132         0
                text229                            1B58     1B58       84         0
                text228                            2108     2108       70         0
                text227                           1DE54    1DE54      2AE         0
                text226                            388E     388E       1E         0
                text225                            2D0E     2D0E       46         0
                text224                            3BAA     3BAA        A         0
                text223                           1A088    1A088      480         0
                text222                           13E6E    13E6E     1F20         0
                text221                            3186     3186       3C         0
                text220                            127A     127A       B0         0
                text219                            31FE     31FE       3A         0
                text218                            29AC     29AC       4C         0
                text217                            2F22     2F22       40         0
                text216                            3BE8     3BE8        6         0
                text215                            3870     3870       1E         0
                text214                            2E60     2E60       42         0
                text213                           1E102    1E102      26C         0
                text212                            3C02     3C02        4         0
                text211                            38E4     38E4       1C         0
                text210                            39B0     39B0       18         0
                text209                            3C18     3C18        2         0
                text208                            376A     376A       24         0
                text207                            3BA0     3BA0        A         0
                text206                            3998     3998       18         0
                text205                            2912     2912       4E         0
                text204                            1AD4     1AD4       84         0
                text203                            3C16     3C16        2         0
                text202                            3746     3746       24         0
                text201                            36D6     36D6       26         0
                text200                            3BFE     3BFE        4         0
                text199                            3B4C     3B4C        C         0
                text198                            3C14     3C14        2         0
                text197                            3344     3344       34         0
                intcode_body                        222      222      108         0
                text195                            32A6     32A6       36         0
                text194                            3B96     3B96        A         0
                text193                            1528     1528       A2         0
                text192                            2CC8     2CC8       46         0
                text191                            2874     2874       50         0
                text190                            13D8     13D8       AE         0
                text189                             EE8      EE8       C6         0
                text188                            2EE2     2EE2       40         0
                text187                            2636     2636       58         0
                text186                            23F2     23F2       68         0
                text185                            314A     314A       3C         0
                text184                            1E50     1E50       7A         0
                text183                            3B8C     3B8C        A         0
                text182                            3BFA     3BFA        4         0
                text181                            3BE2     3BE2        6         0
                text180                            3BF6     3BF6        4         0
                text179                            3BDC     3BDC        6         0
                text178                            3B82     3B82        A         0
                text177                            3B32     3B32        E         0
                text176                            11CA     11CA       B0         0
                text175                             8FE      8FE       E8         0
                text174                            36B0     36B0       26         0
                text173                           1D8E8    1D8E8      2B6         0
                text172                           1FC42    1FC42      122         0
                text171                           1B5A2    1B5A2      33E         0
                text170                           1ABC2    1ABC2      352         0
                text169                             42A      42A      100         0
                text168                            34CA     34CA       30         0
                text167                            301C     301C       3E         0
                text166                           1EA56    1EA56      238         0
                text165                           1CB16    1CB16      2C8         0
                text164                           1BF2E    1BF2E      310         0
                text163                            2098     2098       70         0
                text162                            349A     349A       30         0
                text161                            394E     394E       1A         0
                text160                            2E1E     2E1E       42         0
                text159                            3814     3814       20         0
                text158                            310E     310E       3C         0
                text157                            368A     368A       26         0
                text156                             AC4      AC4       DE         0
                text155                           1F01A    1F01A      154         0
                text154                            1CDC     1CDC       7E         0
                text153                            166A     166A       A0         0
                text152                            1064     1064       B6         0
                text151                            2BF2     2BF2       48         0
                text150                            1A50     1A50       84         0
                text149                            238A     238A       68         0
                text148                            35A2     35A2       28         0
                text147                           1F8CE    1F8CE      12A         0
                text146                           1F53E    1F53E      134         0
                text145                            1946     1946       86         0
                text144                            1FB6     1FB6       72         0
                text143                           1D36C    1D36C      2C6         0
                text142                            37D2     37D2       22         0
                text141                            2BAA     2BAA       48         0
                text140                            3B24     3B24        E         0
                text139                           19BE4    19BE4      4A4         0
                text138                           11F3C    11F3C     1F32         0
                text137                            29F8     29F8       4A         0
                text136                            2B62     2B62       48         0
                text135                           180C6    180C6      8CC         0
                text134                            3C12     3C12        2         0
                text133                            3722     3722       24         0
                text132                            3664     3664       26         0
                text131                            2D98     2D98       44         0
                text130                            3C10     3C10        2         0
                text129                            357A     357A       28         0
                text128                            363E     363E       26         0
                text127                            3BD6     3BD6        6         0
                text126                            3BBC     3BBC        8         0
                text125                            3B16     3B16        E         0
                text124                            3A2A     3A2A       12         0
                text123                            3C0E     3C0E        2         0
                text122                            3310     3310       34         0
                text120                            3B78     3B78        A         0
                text119                            1486     1486       A2         0
                text118                            2C82     2C82       46         0
                text117                            2824     2824       50         0
                text116                            2322     2322       68         0
                text115                            170A     170A       9A         0
                text114                            3B08     3B08        E         0
                text113                            21E8     21E8       6A         0
                text112                            3AFA     3AFA        E         0
                text111                            3AEC     3AEC        E         0
                text110                            245A     245A       66         0
                text109                            3ADE     3ADE        E         0
                text108                            3852     3852       1E         0
                text107                            3BB4     3BB4        8         0
                text106                            3A6C     3A6C       10         0
                text105                            3270     3270       36         0
                text104                            3834     3834       1E         0
                text103                            38C8     38C8       1C         0
                text102                             D56      D56       CC         0
                text101                            38AC     38AC       1C         0
                text100                            3AD0     3AD0        E         0
                text99                             346A     346A       30         0
                text98                             3AC2     3AC2        E         0
                text97                             343A     343A       30         0
                text96                             3AB4     3AB4        E         0
                text95                             27D4     27D4       50         0
                text94                             3AA6     3AA6        E         0
                text93                             3378     3378       32         0
                text92                             3A98     3A98        E         0
                text91                             268E     268E       54         0
                text90                             2FDE     2FDE       3E         0
                text89                            1FFA2    1FFA2       5A         0
                text88                             3934     3934       1A         0
                text87                             26E2     26E2       52         0
                text86                            1F2BE    1F2BE      14C         0
                text85                            1FB20    1FB20      122         0
                text84                             2FA0     2FA0       3E         0
                text83                             2784     2784       50         0
                text82                            1E36E    1E36E      266         0
                text81                            1D632    1D632      2B6         0
                text80                             340A     340A       30         0
                text79                            1B264    1B264      33E         0
                text78                             2B1A     2B1A       48         0
                text77                              9E6      9E6       DE         0
                text76                             19CC     19CC       84         0
                text75                             22BA     22BA       68         0
                text74                             3552     3552       28         0
                text73                            1EEC6    1EEC6      154         0
                text72                            1F7A4    1F7A4      12A         0
                text71                            1F40A    1F40A      134         0
                text70                             18C0     18C0       86         0
                text69                             1F44     1F44       72         0
                text68                            1A870    1A870      352         0
                text67                            1D0A6    1D0A6      2C6         0
                text66                             37B0     37B0       22         0
                text65                             2AD2     2AD2       48         0
                text64                             391A     391A       1A         0
                text63                            19740    19740      4A4         0
                text62                            10000    10000     1F3C         0
                text61                             30D2     30D2       3C         0
                text60                             3A5C     3A5C       10         0
                text59                             32DC     32DC       34         0
                text58                             39C8     39C8       16         0
                text57                             33DA     33DA       30         0
                text56                             3900     3900       1A         0
                text55                             2DDC     2DDC       42         0
                text54                             37F4     37F4       20         0
                text53                             2526     2526       60         0
                text52                             3096     3096       3C         0
                text51                             3618     3618       26         0
                text50                             2D54     2D54       44         0
                text49                             3A4C     3A4C       10         0
                text48                             2960     2960       4C         0
                text47                             2252     2252       68         0
                text46                            1A508    1A508      368         0
                text45                             3A18     3A18       12         0
                text44                            19252    19252      4EE         0
                text43                             28C4     28C4       4E         0
                text42                             132A     132A       AE         0
                text41                              E22      E22       C6         0
                text40                             2EA2     2EA2       40         0
                text39                             25DE     25DE       58         0
                text38                             305A     305A       3C         0
                text37                             1DD6     1DD6       7A         0
                text36                             3B6E     3B6E        A         0
                text35                             3BF2     3BF2        4         0
                text34                             3BD0     3BD0        6         0
                text33                             3BEE     3BEE        4         0
                text32                             3BCA     3BCA        6         0
                text31                             3B64     3B64        A         0
                text30                             3A8A     3A8A        E         0
                text29                             111A     111A       B0         0
                text28                              816      816       E8         0
                text27                             35F2     35F2       26         0
                text26                              32A      32A      100         0
                text25                             2F62     2F62       3E         0
                text24                            1E81E    1E81E      238         0
                text23                            1C84E    1C84E      2C8         0
                text22                            1BC1E    1BC1E      310         0
                text21                             2028     2028       70         0
                text20                             33AA     33AA       30         0
                text19                             1C5E     1C5E       7E         0
                text18                             15CA     15CA       A0         0
                text17                              FAE      FAE       B6         0
                text16                             2A8A     2A8A       48         0
                text15                             2A42     2A42       48         0
                text14                            18992    18992      8C0         0
                text13                            1FFFC    1FFFC        4         0
                text12                              C7E      C7E       D8         0
                text11                             378E     378E       22         0
                text10                             3A7C     3A7C        E         0
                text9                              2734     2734       50         0
                text8                              3238     3238       38         0
                text7                              2586     2586       58         0
                text6                              17A4     17A4       90         0
                text5                              1834     1834       8C         0
                text4                             15D8E    15D8E     180A         0
                text3                             1FE86    1FE86      11C         0
                text2                              3A3C     3A3C       10         0
                text1                              3980     3980       18         0
                text0                               62A      62A       FA         0
                cinit                               724      724       F2         0
                idataBANK5                         3A06     3A06       12         0
                idataBANK4                         3968     3968       18         0
                idataBANK2                         3B40     3B40        C         0
                idataBANK1                         3C1C     3C1C        1         0
                idataBANK0                         3BC4     3BC4        6         0

        CLASS   CONST          

        CLASS   SMALLCONST     

        CLASS   MEDIUMCONST    
                mediumconst                        CCE8     CCE8     3318         0

        CLASS   COMRAM         
                temp                                 5F       5F        1         1
                cstackCOMRAM                          1        1       5E         1

        CLASS   ABS1           

        CLASS   BIGRAM         

        CLASS   RAM            

        CLASS   BANK0          
                cstackBANK0                          60       60       93         1
                dataBANK0                            F3       F3        6         1
                bssBANK0                             F9       F9        4         1
                bitbssBANK0                         7E8       FD        2         1

        CLASS   BANK1          
                cstackBANK1                         100      100       D6         1
                dataBANK1                           1EB      1EB        1         1
                bssBANK1                            1D6      1D6       15         1

        CLASS   BANK2          
                cstackBANK2                         200      200       76         1
                dataBANK2                           2CD      2CD        C         1
                bssBANK2                            276      276       57         1

        CLASS   BANK3          
                cstackBANK3                         300      300       E3         1
                bssBANK3                            3E3      3E3        C         1
                nvBANK3                             3EF      3EF        1         1

        CLASS   BANK4          
                cstackBANK4                         4BC      4BC       25         1
                dataBANK4                           4E1      4E1       18         1
                bssBANK4                            400      400       BC         1

        CLASS   BANK5          
                cstackBANK5                         591      591       4E         1
                dataBANK5                           5DF      5DF       12         1
                bssBANK5                            500      500       91         1

        CLASS   BANK6          
                bssBANK6                            600      600       80         1

        CLASS   BANK7          

        CLASS   BANK8          

        CLASS   BANK9          

        CLASS   BANK10         

        CLASS   BANK11         

        CLASS   BANK12         

        CLASS   BANK13         

        CLASS   SFR            

        CLASS   FARRAM         

        CLASS   CONFIG         
                config                           300000   300000        C         0

        CLASS   IDLOC          
                idloc                            200000   200000       10         0

        CLASS   EEDATA         



SEGMENTS        Name                           Load    Length   Top    Selector   Space  Class

                reset_vec                      000000  000004  000004         0       0  CODE    
                cstackCOMRAM                   000001  00005F  000060         1       1  COMRAM  
                intcode                        000008  000006  00000E         4       0  CODE    
                intcodelo                      000018  003C05  003C1D         C       0  CODE    
                cstackBANK0                    000060  00009E  0000FE        60       1  BANK0   
                cstackBANK1                    000100  0000EC  0001EC       100       1  BANK1   
                cstackBANK2                    000200  0000D9  0002D9       200       1  BANK2   
                cstackBANK3                    000300  0000F0  0003F0       300       1  BANK3   
                bssBANK4                       000400  0000F9  0004F9       400       1  BANK4   
                bssBANK5                       000500  0000F1  0005F1       500       1  BANK5   
                bssBANK6                       000600  000080  000680       600       1  BANK6   
                mediumconst                    00CCE8  003318  010000      6674       0  MEDIUMCO
                text62                         010000  010000  020000      8000       0  CODE    
                idloc                          200000  000010  200010    200000       0  IDLOC   
                config                         300000  00000C  30000C    300000       0  CONFIG  


UNUSED ADDRESS RANGES

        Name                Unused          Largest block    Delta
        BANK0            0000FE-0000FF                2
        BANK1            0001EC-0001FF               14
        BANK10           000A00-000AFF              100
        BANK11           000B00-000BFF              100
        BANK12           000C00-000CFF              100
        BANK13           000D00-000DE9               EA
        BANK2            0002D9-0002FF               27
        BANK3            0003F0-0003FF               10
        BANK4            0004F9-0004FF                7
        BANK5            0005F1-0005FF                F
        BANK6            000680-0006FF               80
        BANK7            000700-0007FF              100
        BANK8            000800-0008FF              100
        BANK9            000900-0009FF              100
        BIGRAM           0000FE-0000FF                2
                         0001EC-0001FF               14
                         0002D9-0002FF               27
                         0003F0-0003FF               10
                         0004F9-0004FF                7
                         0005F1-0005FF                F
                         000680-000DE9              76A
        CODE             000004-000007                4
                         00000E-000017                A
                         003C1D-00CCE7             90CB
        CONST            000004-000007                4
                         00000E-000017                A
                         003C1D-00CCE7             90CB
        EEDATA           310000-3103FF              400
        MEDIUMCONST      003C1D-00CCE7             90CB
        RAM              0000FE-0000FF                2
                         0001EC-0001FF               14
                         0002D9-0002FF               27
                         0003F0-0003FF               10
                         0004F9-0004FF                7
                         0005F1-0005FF                F
                         000680-000DE9              100
        SFR              000DEF-000FFF              100
        SMALLCONST       003C1D-00CCE7              100
        STACK            000680-000DE9              76A

                                  Symbol Table

?_ADCC_GetConversionResult                     cstackCOMRAM 000001
?_ADCC_GetFilterValue                          cstackCOMRAM 000001
?_FLASH_ReadWord                               cstackBANK3  000304
?___awdiv                                      cstackBANK3  000306
?___awmod                                      cstackBANK3  000300
?___fladd                                      cstackBANK3  000334
?___fldiv                                      cstackBANK3  000348
?___flmul                                      cstackBANK3  000361
?___flneg                                      cstackBANK3  000330
?___flsub                                      cstackBANK3  000348
?___fltol                                      cstackBANK3  00030E
?___ftdiv                                      cstackBANK3  00030B
?___ftpack                                     cstackBANK3  000300
?___lldiv                                      cstackBANK3  000300
?___llmod                                      cstackBANK3  00030D
?___lwtoft                                     cstackBANK3  000308
?___wmul                                       cstackBANK3  000300
?___xxtofl                                     cstackBANK3  000318
?__div_to_l_                                   cstackBANK3  000300
?__doprnt                                      cstackBANK3  000387
?__tdiv_to_l_                                  cstackBANK3  000300
?_abs                                          cstackBANK0  00007D
?_acos                                         cstackBANK3  0003B7
?_asin                                         cstackBANK3  00039F
?_atan                                         cstackBANK3  00038A
?_atoi                                         cstackBANK3  000306
?_currentMeasuredToPeak                        cstackBANK0  0000AC
?_eval_poly                                    cstackBANK3  00037A
?_fabs                                         cstackBANK3  000334
?_floor                                        cstackBANK0  000089
?_fround                                       cstackBANK3  00037A
?_getCauseOfResetString                        cstackBANK3  000300
?_getCauseOfResetStringSmall                   cstackBANK3  000300
?_getDeviceID                                  cstackBANK3  00030B
?_getDeviceIDString                            cstackBANK3  00030D
?_getUserID                                    cstackBANK3  00030B
?_peakToRMS                                    cstackBANK0  0000C2
?_printf                                       cstackBANK3  0003B1
?_readDoubleFromEEPROM                         cstackBANK3  000302
?_round                                        cstackBANK3  0003BF
?_scale                                        cstackBANK3  00037A
?_sin                                          cstackBANK0  00009B
?_sprintf                                      cstackBANK3  0003B1
?_sqrt                                         cstackBANK3  00037A
?_strchr                                       cstackBANK3  000300
?_strcmp                                       cstackBANK3  000300
?_strlen                                       cstackBANK3  000300
?_strncmp                                      cstackBANK3  000306
?_strstr                                       cstackBANK3  00030F
?_trunc                                        cstackBANK3  000326
?i1_FLASH_ReadWord                             cstackBANK1  000116
?i1___awdiv                                    cstackBANK1  000118
?i1___awmod                                    cstackBANK1  000112
?i1___fladd                                    cstackBANK1  000181
?i1___fldiv                                    cstackBANK1  000120
?i1___flmul                                    cstackBANK1  000139
?i1___flneg                                    cstackBANK1  00017D
?i1___flsub                                    cstackBANK1  000195
?i1___fltol                                    cstackBANK1  00015B
?i1___ftdiv                                    cstackBANK1  00011D
?i1___ftpack                                   cstackBANK1  000112
?i1___lldiv                                    cstackBANK1  000112
?i1___llmod                                    cstackBANK1  00011F
?i1___lwtoft                                   cstackBANK1  00011A
?i1___wmul                                     cstackBANK1  000112
?i1___xxtofl                                   cstackBANK1  000165
?i1__div_to_l_                                 cstackBANK1  000112
?i1__tdiv_to_l_                                cstackBANK1  000112
?i1_acos                                       cstackBANK1  0001D2
?i1_asin                                       cstackBANK1  0001BA
?i1_atan                                       cstackBANK1  0001A5
?i1_eval_poly                                  cstackBANK1  000195
?i1_fabs                                       cstackBANK1  000181
?i1_fround                                     cstackBANK1  000152
?i1_getCauseOfResetStringSmall                 cstackBANK1  000112
?i1_getDeviceID                                cstackBANK1  00011D
?i1_round                                      cstackBANK2  000204
?i1_scale                                      cstackBANK1  000152
?i1_sprintf                                    cstackBANK1  0001CB
?i1_sqrt                                       cstackBANK1  000195
?i1_trunc                                      cstackBANK1  000173
?i2___awdiv                                    cstackCOMRAM 000007
?i2___awmod                                    cstackCOMRAM 000001
?i2___fladd                                    cstackBANK0  00006D
?i2___fldiv                                    cstackCOMRAM 000049
?i2___flmul                                    cstackCOMRAM 00000F
?i2___flneg                                    cstackCOMRAM 000055
?i2___flsub                                    cstackBANK0  000093
?i2___fltol                                    cstackCOMRAM 000031
?i2___lldiv                                    cstackCOMRAM 000001
?i2___llmod                                    cstackCOMRAM 00000E
?i2___wmul                                     cstackCOMRAM 000001
?i2___xxtofl                                   cstackCOMRAM 00003B
?i2__div_to_l_                                 cstackCOMRAM 000001
?i2__doprnt                                    cstackBANK0  00009B
?i2__tdiv_to_l_                                cstackCOMRAM 000001
?i2_acos                                       cstackBANK0  0000BA
?i2_asin                                       cstackBANK0  0000A2
?i2_atan                                       cstackBANK0  00008D
?i2_eval_poly                                  cstackBANK0  00007D
?i2_fabs                                       cstackCOMRAM 000059
?i2_fround                                     cstackCOMRAM 000028
?i2_printf                                     cstackBANK0  0000C5
?i2_readDoubleFromEEPROM                       cstackCOMRAM 000003
?i2_scale                                      cstackCOMRAM 000028
?i2_sqrt                                       cstackBANK0  00007D
ADCC_SetADTIInterruptHandler@InterruptHandler  cstackBANK3  000300
ADCC_StartConversion@channel                   cstackBANK1  000112
ADC_PostProcessingCallback@current_adc_channel cstackBANK0  0000EA
DATAEE_ReadByte@bAdd                           cstackBANK3  000300
DATAEE_WriteByte@GIEBitValue                   cstackBANK3  000303
DATAEE_WriteByte@bAdd                          cstackBANK3  000300
DATAEE_WriteByte@bData                         cstackBANK3  000302
EUSART2_Read@readValue                         cstackBANK3  000300
EUSART2_SetRxInterruptHandler@interruptHandler cstackBANK3  000300
EUSART2_SetTxInterruptHandler@interruptHandler cstackBANK3  000300
EUSART2_Write@txData                           cstackBANK3  000300
FLASH_ReadByte@flashAddr                       cstackBANK3  000300
FLASH_ReadWord@flashAddr                       cstackBANK3  000304
I2C1_ISR@i2c_10bit_address_restart             bssBANK1     0001E8
I2C1_ISR@i2c_address                           bssBANK0     0000FB
I2C1_ISR@i2c_bytes_left                        bssBANK1     0001E9
I2C1_ISR@pi2c_buf_ptr                          bssBANK1     0001DA
I2C1_MasterRead@trBlock                        bssBANK4     0004B2
I2C1_MasterTRBInsert@count                     cstackBANK3  000305
I2C1_MasterTRBInsert@pflag                     cstackBANK3  000302
I2C1_MasterTRBInsert@ptrb_list                 cstackBANK3  000300
I2C1_MasterWrite@address                       cstackBANK3  00030C
I2C1_MasterWrite@length                        cstackBANK3  00030B
I2C1_MasterWrite@pdata                         cstackBANK3  000309
I2C1_MasterWrite@pflag                         cstackBANK3  00030E
I2C1_MasterWrite@trBlock                       bssBANK4     0004B7
I2C1_MasterWriteTRBBuild@address               cstackBANK3  000305
I2C1_MasterWriteTRBBuild@length                cstackBANK3  000304
I2C1_MasterWriteTRBBuild@pdata                 cstackBANK3  000302
I2C1_MasterWriteTRBBuild@ptrb                  cstackBANK3  000300
I2C1_Stop@completion_code                      cstackCOMRAM 000003
INT0_SetInterruptHandler@InterruptHandler      cstackBANK3  000300
OLED_Clear@col                                 cstackBANK3  000323
OLED_Clear@row                                 cstackBANK3  000321
OLED_Command@data_array                        cstackBANK3  000312
OLED_Command@length                            cstackBANK3  000311
OLED_Command@temp                              cstackBANK3  000310
OLED_PutChar@ch                                cstackBANK3  000320
OLED_PutChar@data_array                        cstackBANK3  000314
OLED_PutChar@input_base                        cstackBANK3  00031D
OLED_PutChar@length                            cstackBANK3  00031F
OLED_WriteString@s                             cstackBANK3  000321
OLED_YX@Column                                 cstackBANK3  000314
OLED_YX@Row                                    cstackBANK3  000316
OLED_updateCallback@TRIAC_degrees              cstackBANK5  000595
OLED_updateCallback@angle_string               cstackBANK5  0005CE
OLED_updateCallback@dev_id_str                 cstackBANK5  00059B
OLED_updateCallback@percentage                 cstackBANK5  000598
OLED_updateCallback@percentage_string          cstackBANK5  0005BD
OLED_updateCallback@rev_id_str                 cstackBANK5  0005AC
TMR2_Counter8BitSet@timerVal                   cstackBANK3  000300
TMR2_Period8BitSet@periodVal                   cstackBANK3  000300
TMR2_SetInterruptHandler@InterruptHandler      cstackBANK3  000300
TMR2_WriteTimer@timerVal                       cstackBANK3  000301
TMR4_ISR@CountCallBack                         bssBANK1     0001E0
TMR4_SetInterruptHandler@InterruptHandler      cstackBANK3  000300
TMR5_SetInterruptHandler@InterruptHandler      cstackBANK3  000300
TMR5_WriteTimer@timerVal                       cstackCOMRAM 000001
TMR6_SetInterruptHandler@InterruptHandler      cstackBANK3  000300
TMR7_SetInterruptHandler@InterruptHandler      cstackBANK3  000300
TMR7_WriteTimer@timerVal                       cstackBANK1  000112
_ADACCH                                        (abs)        000F71
_ADACCL                                        (abs)        000F70
_ADACQ                                         (abs)        000F5C
_ADACT                                         (abs)        000F56
_ADCAP                                         (abs)        000F5D
_ADCC_ADTI_InterruptHandler                    bssBANK2     0002B1
_ADCC_ClearAccumulator                         text127      003BD6
_ADCC_DefaultInterruptHandler                  text236      003C1A
_ADCC_DischargeSampleCapacitor                 text126      003BBC
_ADCC_GetConversionResult                      text262      0039F2
_ADCC_GetCurrentCountofConversions             text261      003C0A
_ADCC_GetFilterValue                           text260      0039DE
_ADCC_HasAccumulatorOverflowed                 text259      003B58
_ADCC_Initialize                               text113      0021E8
_ADCC_SetADTIInterruptHandler                  text114      003B08
_ADCC_StartConversion                          text125      003B16
_ADCC_StopConversion                           text258      003C06
_ADCC_ThresholdISR                             text235      0035CA
_ADCLK                                         (abs)        000F57
_ADCNT                                         (abs)        000F67
_ADCON0                                        (abs)        000F60
_ADCON0bits                                    (abs)        000F60
_ADCON1                                        (abs)        000F59
_ADCON1bits                                    (abs)        000F59
_ADCON2                                        (abs)        000F5A
_ADCON2bits                                    (abs)        000F5A
_ADCON3                                        (abs)        000F5B
_ADCON3bits                                    (abs)        000F5B
_ADC_PostProcessingCallback                    text237      017598
_ADC_PostProcessingCallback$6490               cstackBANK0  0000EB
_ADC_PostProcessingCallback$6491               cstackBANK0  0000EF
_ADC_PostProcessingCallback$6492               cstackBANK0  0000DA
_ADC_PostProcessingCallback$6493               cstackBANK0  0000DE
_ADC_PostProcessingCallback$6494               cstackBANK0  0000E2
_ADC_PostProcessingCallback$6495               cstackBANK0  0000E6
_ADC_Result_Scaling                            bssBANK2     00029A
_ADERRH                                        (abs)        000F6F
_ADERRL                                        (abs)        000F6E
_ADFLTRH                                       (abs)        000F73
_ADFLTRL                                       (abs)        000F72
_ADLTHH                                        (abs)        000F6B
_ADLTHL                                        (abs)        000F6A
_ADPCH                                         (abs)        000F5F
_ADPRE                                         (abs)        000F5E
_ADPREVH                                       (abs)        000F62
_ADPREVL                                       (abs)        000F61
_ADREF                                         (abs)        000F58
_ADRESH                                        (abs)        000F64
_ADRESL                                        (abs)        000F63
_ADRPT                                         (abs)        000F66
_ADSTAT                                        (abs)        000F65
_ADSTATbits                                    (abs)        000F65
_ADSTPTH                                       (abs)        000F69
_ADSTPTL                                       (abs)        000F68
_ADUTHH                                        (abs)        000F6D
_ADUTHL                                        (abs)        000F6C
_ANSELA                                        (abs)        000E92
_ANSELB                                        (abs)        000E9A
_ANSELD                                        (abs)        000EA7
_ANSELE                                        (abs)        000EAF
_ANSELF                                        (abs)        000EB4
_ANSELG                                        (abs)        000EBC
_AVSS_ADC_Result                               bssBANK3     0003EB
_Avg_Power                                     bssBANK2     000286
_BAUD2CON                                      (abs)        000EF7
_CountCallBack                                 bssBANK2     0002BB
_DATAEE_ReadByte                               text88       003934
_DATAEE_WriteByte                              text84       002FA0
_EUSART2_Initialize                            text110      00245A
_EUSART2_Read                                  text43       0028C4
_EUSART2_Receive_ISR                           text220      00127A
_EUSART2_RxDefaultInterruptHandler             bssBANK4     000424
_EUSART2_SetRxInterruptHandler                 text112      003AFA
_EUSART2_SetTxInterruptHandler                 text111      003AEC
_EUSART2_Transmit_ISR                          text195      0032A6
_EUSART2_TxDefaultInterruptHandler             bssBANK4     000427
_EUSART2_Write                                 text65       002AD2
_EXT_INT_Initialize                            text108      003852
_FLASH_ReadByte                                text56       003900
_FLASH_ReadWord                                text55       002DDC
_FVRCON                                        (abs)        000EC4
_FVRCONbits                                    (abs)        000EC4
_FVR_ADC_Result                                bssBANK2     0002C8
_FVR_Initialize                                text107      003BB4
_HLVDCON0                                      (abs)        000EC2
_HLVDCON0bits                                  (abs)        000EC2
_HLVDCON1                                      (abs)        000EC3
_HLVD_ISR                                      text217      002F22
_HLVD_Initialize                               text106      003A6C
_I2C1_BusCollisionISR                          text216      003BE8
_I2C1_FunctionComplete                         text215      003870
_I2C1_ISR                                      text213      01E102
_I2C1_Initialize                               text105      003270
_I2C1_MasterTRBInsert                          text119      001486
_I2C1_MasterWrite                              text117      002824
_I2C1_MasterWriteTRBBuild                      text118      002C82
_I2C1_Stop                                     text214      002E60
_I2C1_WaitForLastPacketToComplete              text120      003B78
_INT0PPS                                       (abs)        000DF0
_INT0_CallBack                                 text208      00376A
_INT0_DefaultInterruptHandler                  text209      003C18
_INT0_ISR                                      text207      003BA0
_INT0_InterruptHandler                         bssBANK2     0002A8
_INT0_SetInterruptHandler                      text109      003ADE
_INTCONbits                                    (abs)        000FF2
_INTERRUPT_Initialize                          text104      003834
_INTERRUPT_InterruptManagerHigh                intcode      000008
_INTERRUPT_InterruptManagerLow                 intcodelo    000018
_IPR0bits                                      (abs)        000E1F
_IPR1bits                                      (abs)        000E20
_IPR2bits                                      (abs)        000E21
_IPR3bits                                      (abs)        000E22
_IPR5bits                                      (abs)        000E24
_Imeas                                         bssBANK3     0003E7
_Ipk                                           bssBANK1     0001D6
_Irms                                          bssBANK2     00028A
_Irms_offset                                   dataBANK2    0002CD
_LATA                                          (abs)        000F79
_LATB                                          (abs)        000F7A
_LATC                                          (abs)        000F7B
_LATD                                          (abs)        000F7C
_LATE                                          (abs)        000F7D
_LATF                                          (abs)        000F7E
_LATFbits                                      (abs)        000F7E
_LATG                                          (abs)        000F7F
_LATGbits                                      (abs)        000F7F
_LATH                                          (abs)        000F80
_NVMADRH                                       (abs)        000F75
_NVMADRL                                       (abs)        000F74
_NVMCON1bits                                   (abs)        000F77
_NVMCON2                                       (abs)        000F78
_NVMDAT                                        (abs)        000F76
[...]

C:\Program Files (x86)\Microchip\xc8\v1.45\sources\common\round.c estimated size: 183

mcc_generated_files/tmr2.c
		_TMR2_ISR      		CODE           	3664	0000	39
		_TMR2_Initialize		CODE           	346A	0000	49
		_TMR2_Stop     		CODE           	3BEE	0000	5
		_TMR2_Start    		CODE           	3BF2	0000	5
		_TMR2_SetInterruptHandler		CODE           	3AD0	0000	15
		_TMR2_Counter8BitSet		CODE           	3B64	0000	11
		_TMR2_Period8BitSet		CODE           	3B6E	0000	11
		_TMR2_StopTimer		CODE           	3BCA	0000	7
		_TMR2_DefaultInterruptHandler		CODE           	3C12	0000	3
		_TMR2_CallBack 		CODE           	3722	0000	37
		_TMR2_WriteTimer		CODE           	3A8A	0000	15
		_TMR2_StartTimer		CODE           	3BD0	0000	7

mcc_generated_files/tmr2.c estimated size: 204

mcc_generated_files/interrupt_manager.c
		_INTERRUPT_Initialize		CODE           	3834	0000	31
		_INTERRUPT_InterruptManagerLow		CODE           	0018	0000	243
		_INTERRUPT_InterruptManagerHigh		CODE           	0008	0000	271

mcc_generated_files/interrupt_manager.c estimated size: 545

C:\Program Files (x86)\Microchip\xc8\v1.45\sources\common\Umul16.c
		___wmul        		CODE           	3552	0000	41

C:\Program Files (x86)\Microchip\xc8\v1.45\sources\common\Umul16.c estimated size: 41

mcc_generated_files/i2c1.c
		_I2C1_BusCollisionISR		CODE           	3BE8	0000	7
		_I2C1_FunctionComplete		CODE           	3870	0000	31
		_I2C1_MasterWriteTRBBuild		CODE           	2C82	0000	71
		_I2C1_ISR      		CODE           	1E102	0000	621
		_I2C1_MasterWrite		CODE           	2824	0000	81
		_I2C1_Initialize		CODE           	3270	0000	55
		_I2C1_Stop     		CODE           	2E60	0000	67
		_I2C1_WaitForLastPacketToComplete		CODE           	3B78	0000	11
		_I2C1_MasterTRBInsert		CODE           	1486	0000	163

mcc_generated_files/i2c1.c estimated size: 1107

double_to_EEPROM.c
		_readDoubleFromEEPROM		CODE           	26E2	0000	83
		_writeDoubleToEEPROM		CODE           	2784	0000	81

double_to_EEPROM.c estimated size: 164

C:\Program Files (x86)\Microchip\xc8\v1.45\sources\common\frexp.c
		_frexp         		CODE           	1C5E	0000	127

C:\Program Files (x86)\Microchip\xc8\v1.45\sources\common\frexp.c estimated size: 127

mcc_generated_files/pin_manager.c
		_PIN_MANAGER_Initialize		CODE           	0D56	0000	205

mcc_generated_files/pin_manager.c estimated size: 205

C:\Program Files (x86)\Microchip\xc8\v1.45\sources\common\fabs.c
		_fabs          		CODE           	2F62	0000	63

C:\Program Files (x86)\Microchip\xc8\v1.45\sources\common\fabs.c estimated size: 63

C:\Program Files (x86)\Microchip\xc8\v1.45\sources\common\isdigit.c
		_isdigit       		CODE           	37B0	0000	35

C:\Program Files (x86)\Microchip\xc8\v1.45\sources\common\isdigit.c estimated size: 35

C:\Program Files (x86)\Microchip\xc8\v1.45\sources\common\sprcadd.c
		___flsub       		CODE           	2B1A	0000	73
		___fladd       		CODE           	1B264	0000	831

C:\Program Files (x86)\Microchip\xc8\v1.45\sources\common\sprcadd.c estimated size: 904

C:\Program Files (x86)\Microchip\xc8\v1.45\sources\common\floor.c
		_floor         		CODE           	010E	0000	277

C:\Program Files (x86)\Microchip\xc8\v1.45\sources\common\floor.c estimated size: 277

C:\Program Files (x86)\Microchip\xc8\v1.45\sources\common\ftdivl.c
		__tdiv_to_l_   		CODE           	1F40A	0000	309

C:\Program Files (x86)\Microchip\xc8\v1.45\sources\common\ftdivl.c estimated size: 309

C:\Program Files (x86)\Microchip\xc8\v1.45\sources\common\awmod.c
		___awmod       		CODE           	1F44	0000	115

C:\Program Files (x86)\Microchip\xc8\v1.45\sources\common\awmod.c estimated size: 115

C:\Program Files (x86)\Microchip\xc8\v1.45\sources\common\strstr.c
		_strstr        		CODE           	1834	0000	141

C:\Program Files (x86)\Microchip\xc8\v1.45\sources\common\strstr.c estimated size: 141

C:\Program Files (x86)\Microchip\xc8\v1.45\sources\common\ftdiv.c
		___ftdiv       		CODE           	0816	0000	233

C:\Program Files (x86)\Microchip\xc8\v1.45\sources\common\ftdiv.c estimated size: 233

device_IDs.c
		_getDeviceID   		CODE           	37F4	0000	33
		_getUserID     		CODE           	2D54	0000	69
		_getMinorRevisionID		CODE           	3618	0000	39
		_getDeviceIDString		CODE           	2526	0000	97
		_getMajorRevisionID		CODE           	3096	0000	61

device_IDs.c estimated size: 299

C:\Program Files (x86)\Microchip\xc8\v1.45\sources\common\acos.c
		_acos          		CODE           	2028	0000	113

C:\Program Files (x86)\Microchip\xc8\v1.45\sources\common\acos.c estimated size: 113

C:\Program Files (x86)\Microchip\xc8\v1.45\sources\common\llmod.c
		___llmod       		CODE           	22BA	0000	105

C:\Program Files (x86)\Microchip\xc8\v1.45\sources\common\llmod.c estimated size: 105

C:\Program Files (x86)\Microchip\xc8\v1.45\sources\common\fldivl.c
		__div_to_l_    		CODE           	1F7A4	0000	299

C:\Program Files (x86)\Microchip\xc8\v1.45\sources\common\fldivl.c estimated size: 299

C:\Program Files (x86)\Microchip\xc8\v1.45\sources\common\sprintf.c
		_sprintf       		CODE           	2A8A	0000	73

C:\Program Files (x86)\Microchip\xc8\v1.45\sources\common\sprintf.c estimated size: 73

C:\Program Files (x86)\Microchip\xc8\v1.45\sources\common\fltol.c
		___fltol       		CODE           	09E6	0000	223

C:\Program Files (x86)\Microchip\xc8\v1.45\sources\common\fltol.c estimated size: 223

mcc_generated_files/ext_int.c
		_INT0_SetInterruptHandler		CODE           	3ADE	0000	15
		_EXT_INT_Initialize		CODE           	3852	0000	31
		_INT0_DefaultInterruptHandler		CODE           	3C18	0000	3
		_INT0_CallBack 		CODE           	376A	0000	37
		_INT0_ISR      		CODE           	3BA0	0000	11

mcc_generated_files/ext_int.c estimated size: 97

C:\Program Files (x86)\Microchip\xc8\v1.45\sources\common\atoi.c
		_atoi          		CODE           	0C7E	0000	217

C:\Program Files (x86)\Microchip\xc8\v1.45\sources\common\atoi.c estimated size: 217

mcc_generated_files/tmr7.c
		_TMR7_DefaultInterruptHandler		CODE           	3C0E	0000	3
		_TMR7_WriteTimer		CODE           	363E	0000	39
		_TMR7_ISR      		CODE           	3310	0000	53
		_TMR7_Initialize		CODE           	268E	0000	85
		_TMR7_SetInterruptHandler		CODE           	3A98	0000	15

mcc_generated_files/tmr7.c estimated size: 195

mcc_generated_files/hlvd.c
		_HLVD_ISR      		CODE           	2F22	0000	65
		_HLVD_Initialize		CODE           	3A6C	0000	17

mcc_generated_files/hlvd.c estimated size: 82

C:\Program Files (x86)\Microchip\xc8\v1.45\sources\common\printf.c
		_printf        		CODE           	30D2	0000	61

C:\Program Files (x86)\Microchip\xc8\v1.45\sources\common\printf.c estimated size: 61

mcc_generated_files/tmr5.c
		_TMR5_ISR      		CODE           	3344	0000	53
		_TMR5_Initialize		CODE           	27D4	0000	81
		_TMR5_SetInterruptHandler		CODE           	3AB4	0000	15
		_TMR5_StopTimer		CODE           	1FFFC	0000	5
		_TMR5_DefaultInterruptHandler		CODE           	3C14	0000	3
		_TMR5_WriteTimer		CODE           	38E4	0000	29
		_TMR5_StartTimer		CODE           	3C02	0000	5

mcc_generated_files/tmr5.c estimated size: 191

shared
		i2_writeDoubleToEEPROM		CODE           	29AC	0000	77
		i2_DATAEE_WriteByte		CODE           	31FE	0000	59
		i1_acos        		CODE           	2098	0000	113
		i2_printf      		CODE           	3186	0000	61
		i2_acos        		CODE           	2178	0000	113
		_OledFont      		MEDIUMCONST    	CDA7	0000	769
		i2_readDoubleFromEEPROM		CODE           	2912	0000	79
		i1_putch       		CODE           	3B24	0000	15
		i2_putch       		CODE           	3BAA	0000	11
		i1_getMinorRevisionID		CODE           	368A	0000	39
		i1___ftdiv     		CODE           	08FE	0000	233
		__powers_      		MEDIUMCONST    	CCE9	0000	53
		i1_TMR2_Counter8BitSet		CODE           	3B82	0000	11
		i1_OLED_YX     		CODE           	314A	0000	61
		i1_I2C1_WaitForLastPacketToComplete		CODE           	3B96	0000	11
		_dpowers       		MEDIUMCONST    	CD51	0000	41
		i1___lwtoft    		CODE           	36B0	0000	39
		i1_isdigit     		CODE           	37D2	0000	35
		i2_isdigit     		CODE           	388E	0000	31
		i1_getCauseOfResetStringSmall		CODE           	349A	0000	49
		i1_OLED_Clear  		CODE           	2EE2	0000	65
		i1___flneg     		CODE           	34CA	0000	49
		i1_strcpy      		CODE           	2B62	0000	73
		i2___flneg     		CODE           	34FA	0000	47
		i1_atan        		CODE           	1EA56	0000	569
		i1___awdiv     		CODE           	1946	0000	135
		i2_atan        		CODE           	1EC8E	0000	569
		atan@coeff_a   		MEDIUMCONST    	D0A7	0000	25
		atan@coeff_b   		MEDIUMCONST    	D0D3	0000	21
		i2___awdiv     		CODE           	1B58	0000	133
		i1___fladd     		CODE           	1B5A2	0000	831
		i1__tdiv_to_l_ 		CODE           	1F53E	0000	309
		i2___fladd     		CODE           	1B8E0	0000	831
		i2__tdiv_to_l_ 		CODE           	1F672	0000	307
		i1___wmul      		CODE           	35A2	0000	41
		i1_eval_poly   		CODE           	042A	0000	257
		i2___wmul      		CODE           	36FC	0000	39
		i1_I2C1_MasterWrite		CODE           	2874	0000	81
		i2_eval_poly   		CODE           	052A	0000	257
		i1__doprnt     		CODE           	11F3C	0000	7987
		i2__doprnt     		CODE           	13E6E	0000	7969
		i1___fldiv     		CODE           	1D8E8	0000	695
		i1__div_to_l_  		CODE           	1F8CE	0000	299
		i1___fltol     		CODE           	0AC4	0000	223
		i2___fldiv     		CODE           	1DB9E	0000	695
		i2__div_to_l_  		CODE           	1F9F8	0000	297
		i1___ftpack    		CODE           	11CA	0000	177
		__npowers_     		MEDIUMCONST    	CD1D	0000	53
		i2___fltol     		CODE           	0BA2	0000	221
		i1_scale       		CODE           	19BE4	0000	1189
		i1___lldiv     		CODE           	1A50	0000	133
		i2_scale       		CODE           	1A088	0000	1153
		i2___lldiv     		CODE           	1BDC	0000	131
		__initialization		CODE           	0724	0000	233
		i1___flge      		CODE           	1FC42	0000	291
		i2___flge      		CODE           	1FD64	0000	291
		i1_OLED_Command		CODE           	23F2	0000	105
		i1_OLED_UpdateFromRAMBuffer		CODE           	1E50	0000	123
		i1_OLED_PutChar		CODE           	0EE8	0000	199
		i1_trunc       		CODE           	166A	0000	161
		i1___awmod     		CODE           	1FB6	0000	115
		i2___awmod     		CODE           	2108	0000	113
		i1_EUSART2_Write		CODE           	2BAA	0000	73
		i1_frexp       		CODE           	1CDC	0000	127
		i2_EUSART2_Write		CODE           	2D0E	0000	71
		i2_frexp       		CODE           	1ECA	0000	123
		_max_Temp_ADC_Result_address		MEDIUMCONST    	CD9B	0000	3
		i1_FLASH_ReadWord		CODE           	2E1E	0000	67
		_max_Irms_address		MEDIUMCONST    	CDA3	0000	3
		i1_TMR2_Stop   		CODE           	3BF6	0000	5
		_max_POS12_ADC_Result_address		MEDIUMCONST    	CD9D	0000	3
		i1_FLASH_ReadByte		CODE           	394E	0000	27
		i1___flmul     		CODE           	1ABC2	0000	851
		i1_I2C1_MasterWriteTRBBuild		CODE           	2CC8	0000	71
		i2___flmul     		CODE           	1AF14	0000	849
		i1_asin        		CODE           	1BF2E	0000	785
		i1_TMR2_Start  		CODE           	3BFA	0000	5
		i2_asin        		CODE           	1C23E	0000	785
		i1_OLED_updateCallback		CODE           	180C6	0000	2253
		i1___llmod     		CODE           	238A	0000	105
		_hexpowers     		MEDIUMCONST    	CD79	0000	33
		i1_memmove     		CODE           	13D8	0000	175
		i1_sprintf     		CODE           	29F8	0000	75
		i2___llmod     		CODE           	24C0	0000	103
		i1_getMajorRevisionID		CODE           	310E	0000	61
		i1___xxtofl    		CODE           	1F01A	0000	341
		i2___xxtofl    		CODE           	1F16E	0000	337
		_Total_Energy_address		MEDIUMCONST    	CDA5	0000	3
		i1_getDeviceID 		CODE           	3814	0000	33
		i2_DATAEE_ReadByte		CODE           	3998	0000	25
		i1_TMR2_StopTimer		CODE           	3BDC	0000	7
		i1___flsub     		CODE           	2BF2	0000	73
		i2___flsub     		CODE           	2C3A	0000	73
		i1_OLED_WriteString		CODE           	2636	0000	89
		i2_TMR5_StopTimer		CODE           	3BFE	0000	5
		i1_fabs        		CODE           	301C	0000	63
		i2_fabs        		CODE           	31C2	0000	61
		i1_sqrt        		CODE           	1CB16	0000	713
		i2_sqrt        		CODE           	1CDDE	0000	713
		_max_Power_address		MEDIUMCONST    	CDA1	0000	3
		i1_TMR2_Period8BitSet		CODE           	3B8C	0000	11
		i1_fround      		CODE           	1D36C	0000	711
		i1_round       		CODE           	1064	0000	183
		i2_fround      		CODE           	1DE54	0000	687
		i1_TMR2_WriteTimer		CODE           	3B32	0000	15
		i1_TMR2_StartTimer		CODE           	3BE2	0000	7
		sin@coeff_a    		MEDIUMCONST    	D0BF	0000	21
		sin@coeff_b    		MEDIUMCONST    	D0E7	0000	17
		_max_POS3P3_ADC_Result_address		MEDIUMCONST    	CD9F	0000	3
		i1_I2C1_MasterTRBInsert		CODE           	1528	0000	163
		_max_FVR_ADC_Result_address		MEDIUMCONST    	CD99	0000	3

shared estimated size: 40405

mcc_generated_files/mcc.c
		_PMD_Initialize		CODE           	38AC	0000	29
		_OSCILLATOR_Initialize		CODE           	38C8	0000	29
		_SYSTEM_Initialize		CODE           	2FDE	0000	63

mcc_generated_files/mcc.c estimated size: 121

ring_buffer_interface.c
		_terminal_ringBufferPull		CODE           	1FE86	0000	285
		_terminal_textAttributes		CODE           	1A508	0000	873
		_terminal_textAttributesReset		CODE           	3A18	0000	19
		_terminal_setCursorHome		CODE           	3A3C	0000	17
		_terminal_printNewline		CODE           	3A4C	0000	17
		_terminal_clearTerminal		CODE           	3A5C	0000	17

ring_buffer_interface.c estimated size: 1228

C:\Program Files (x86)\Microchip\xc8\v1.45\sources\common\atan.c
		_atan          		CODE           	1E81E	0000	569

C:\Program Files (x86)\Microchip\xc8\v1.45\sources\common\atan.c estimated size: 569

cause_of_reset.c
		_getCauseOfResetStringSmall		CODE           	33AA	0000	49
		_getCauseOfResetString		CODE           	33DA	0000	49
		_getCauseOfReset		CODE           	1FFA2	0000	91

cause_of_reset.c estimated size: 189

C:\Program Files (x86)\Microchip\xc8\v1.45\sources\common\awdiv.c
		___awdiv       		CODE           	18C0	0000	135

C:\Program Files (x86)\Microchip\xc8\v1.45\sources\common\awdiv.c estimated size: 135

C:\Program Files (x86)\Microchip\xc8\v1.45\sources\common\strcat.c
		_strcat        		CODE           	2960	0000	77

C:\Program Files (x86)\Microchip\xc8\v1.45\sources\common\strcat.c estimated size: 77

oled.c
		_OLED_Clear    		CODE           	2EA2	0000	65
		_OLED_Command  		CODE           	2322	0000	105
		_OLED_WriteString		CODE           	25DE	0000	89
		_OLED_UpdateFromRAMBuffer		CODE           	1DD6	0000	123
		_OLED_Init     		CODE           	170A	0000	155
		_OLED_PutChar  		CODE           	0E22	0000	199
		_OLED_YX       		CODE           	305A	0000	61

oled.c estimated size: 797

C:\Program Files (x86)\Microchip\xc8\v1.45\sources\common\evalpoly.c
		_eval_poly     		CODE           	032A	0000	257

C:\Program Files (x86)\Microchip\xc8\v1.45\sources\common\evalpoly.c estimated size: 257

mcc_generated_files/memory.c
		_FLASH_ReadWord		CODE           	2DDC	0000	67
		_FLASH_ReadByte		CODE           	3900	0000	27
		_DATAEE_WriteByte		CODE           	2FA0	0000	63
		_DATAEE_ReadByte		CODE           	3934	0000	27

mcc_generated_files/memory.c estimated size: 184

C:\Program Files (x86)\Microchip\xc8\v1.45\sources\common\sin.c
		_sin           		CODE           	1C54E	0000	769

C:\Program Files (x86)\Microchip\xc8\v1.45\sources\common\sin.c estimated size: 769

C:\Program Files (x86)\Microchip\xc8\v1.45\sources\common\abs.c
		_abs           		CODE           	3528	0000	43

C:\Program Files (x86)\Microchip\xc8\v1.45\sources\common\abs.c estimated size: 43

C:\Program Files (x86)\Microchip\xc8\v1.45\sources\common\lldiv.c
		___lldiv       		CODE           	19CC	0000	133

C:\Program Files (x86)\Microchip\xc8\v1.45\sources\common\lldiv.c estimated size: 133

ring_buffer_LUT.c
		_ringBufferLUT 		CODE           	15D8E	0000	6155

ring_buffer_LUT.c estimated size: 6155

C:\Program Files (x86)\Microchip\xc8\v1.45\sources\common\xxtofl.c
		___xxtofl      		CODE           	1EEC6	0000	341

C:\Program Files (x86)\Microchip\xc8\v1.45\sources\common\xxtofl.c estimated size: 341

C:\Program Files (x86)\Microchip\xc8\v1.45\sources\common\trunc.c
		_trunc         		CODE           	15CA	0000	161

C:\Program Files (x86)\Microchip\xc8\v1.45\sources\common\trunc.c estimated size: 161

mcc_generated_files/adcc.c
		_ADCC_StopConversion		CODE           	3C06	0000	5
		_ADCC_DefaultInterruptHandler		CODE           	3C1A	0000	3
		_ADCC_ClearAccumulator		CODE           	3BD6	0000	7
		_ADCC_GetFilterValue		CODE           	39DE	0000	21
		_ADCC_GetCurrentCountofConversions		CODE           	3C0A	0000	5
		_ADCC_SetADTIInterruptHandler		CODE           	3B08	0000	15
		_ADCC_GetConversionResult		CODE           	39F2	0000	21
		_ADCC_ThresholdISR		CODE           	35CA	0000	41
		_ADCC_StartConversion		CODE           	3B16	0000	15
		_ADCC_Initialize		CODE           	21E8	0000	107
		_ADCC_HasAccumulatorOverflowed		CODE           	3B58	0000	13
		_ADCC_DischargeSampleCapacitor		CODE           	3BBC	0000	9

mcc_generated_files/adcc.c estimated size: 262

C:\Program Files (x86)\Microchip\xc8\v1.45\sources\common\flneg.c
		___flneg       		CODE           	340A	0000	49

C:\Program Files (x86)\Microchip\xc8\v1.45\sources\common\flneg.c estimated size: 49

main.c
		_dimmingOffTimeCallback		CODE           	39B0	0000	25
		_saveSRAMMaxToEEPROM		CODE           	1E36E	0000	615
		_acquisitionTimerCallback		CODE           	3A2A	0000	19
		_ADC_PostProcessingCallback		CODE           	17598	0000	2863
		_main          		CODE           	062A	0000	251
		_heartbeatTimerCallback		CODE           	2D98	0000	69
		_currentMeasuredToPeak		CODE           	1D5A	0000	125
		_terminal_printResetMessage		CODE           	19252	0000	1263
		_recoverSRAMMaxFromEEPROM		CODE           	1F2BE	0000	333
		_dimmingOnTimeCallback		CODE           	3B4C	0000	13
		_writeEnergyToEEPROMCallback		CODE           	1AD4	0000	133
		_OLED_updateCallback		CODE           	18992	0000	2241
		_peakToRMS     		CODE           	1E5D4	0000	587

main.c estimated size: 8537

C:\Program Files (x86)\Microchip\xc8\v1.45\sources\common\strlen.c
		_strlen        		CODE           	2586	0000	89

C:\Program Files (x86)\Microchip\xc8\v1.45\sources\common\strlen.c estimated size: 89

C:\Program Files (x86)\Microchip\xc8\v1.45\sources\common\lwtoft.c
		___lwtoft      		CODE           	35F2	0000	39

C:\Program Files (x86)\Microchip\xc8\v1.45\sources\common\lwtoft.c estimated size: 39

C:\Program Files (x86)\Microchip\xc8\v1.45\sources\common\strcmp.c
		_strcmp        		CODE           	2734	0000	81

C:\Program Files (x86)\Microchip\xc8\v1.45\sources\common\strcmp.c estimated size: 81

C:\Program Files (x86)\Microchip\xc8\v1.45\sources\common\strchr.c
		_strchr        		CODE           	3238	0000	57

C:\Program Files (x86)\Microchip\xc8\v1.45\sources\common\strchr.c estimated size: 57

C:\Program Files (x86)\Microchip\xc8\v1.45\sources\common\strcpy.c
		_strcpy        		CODE           	2A42	0000	73

C:\Program Files (x86)\Microchip\xc8\v1.45\sources\common\strcpy.c estimated size: 73

C:\Program Files (x86)\Microchip\xc8\v1.45\sources\common\strncmp.c
		_strncmp       		CODE           	17A4	0000	145

C:\Program Files (x86)\Microchip\xc8\v1.45\sources\common\strncmp.c estimated size: 145

C:\Program Files (x86)\Microchip\xc8\v1.45\sources\common\sprcmul.c
		___flmul       		CODE           	1A870	0000	851

C:\Program Files (x86)\Microchip\xc8\v1.45\sources\common\sprcmul.c estimated size: 851

C:\Program Files (x86)\Microchip\xc8\v1.45\sources\common\strncpy.c
		_strncpy       		CODE           	2252	0000	105

C:\Program Files (x86)\Microchip\xc8\v1.45\sources\common\strncpy.c estimated size: 105

