Microchip MPLAB XC8 Compiler V1.45 ()

Linker command line:

-W-3 --edf=C:\Program Files (x86)\Microchip\xc8\v1.45\dat\en_msgs.txt -cs \
  -h+dist/default/production\AC_Power_Meter.X.production.sym \
  --cmf=dist/default/production\AC_Power_Meter.X.production.cmf -z \
  -Q18LF67K40 -oC:\Users\DREWMA~1\AppData\Local\Temp\s7dc.2 \
  -Mdist/default/production/AC_Power_Meter.X.production.map -E1 -ver=XC8 \
  -ASTACK=0380h-0de9h -pstack=STACK -ACODE=00h-01FFFFh -ACONST=00h-01FFFFh \
  -ASMALLCONST=0E00h-0EFFhx498 -AMEDIUMCONST=0E00h-0FFFFh,010E00h-01FFFFh \
  -ACOMRAM=01h-05Fh -AABS1=00h-0DE9h -ABIGRAM=01h-0DE9h \
  -ARAM=060h-0FFh,0100h-01FFhx12,0D00h-0DE9h -ABANK0=060h-0FFh \
  -ABANK1=0100h-01FFh -ABANK2=0200h-02FFh -ABANK3=0300h-03FFh \
  -ABANK4=0400h-04FFh -ABANK5=0500h-05FFh -ABANK6=0600h-06FFh \
  -ABANK7=0700h-07FFh -ABANK8=0800h-08FFh -ABANK9=0900h-09FFh \
  -ABANK10=0A00h-0AFFh -ABANK11=0B00h-0BFFh -ABANK12=0C00h-0CFFh \
  -ABANK13=0D00h-0DE9h \
  -ASFR=0DEFh-0DFFh,0E00h-0EFFh,0F00h-0F5Fh,0F60h-0FFFh \
  -preset_vec=00h,intcode=08h,intcodelo=018h,powerup,init -pramtop=0E00h \
  -psmallconst=SMALLCONST -pmediumconst=MEDIUMCONST -pconst=CONST \
  -AFARRAM=00h-00h -ACONFIG=0300000h-030000Bh -pconfig=CONFIG \
  -AIDLOC=0200000h-020000Fh -pidloc=IDLOC -AEEDATA=0310000h-03103FFh \
  -peeprom_data=EEDATA \
  -prdata=COMRAM,nvrram=COMRAM,nvbit=COMRAM,rbss=COMRAM,rbit=COMRAM \
  -pfarbss=FARRAM,fardata=FARRAM,nvFARRAM=FARRAM \
  -pintsave_regs=BIGRAM,bigbss=BIGRAM,bigdata=BIGRAM -pbss=RAM \
  -pidata=CODE,irdata=CODE,ibigdata=CODE,ifardata=CODE -prparam=COMRAM \
  C:\Users\DREWMA~1\AppData\Local\Temp\s7dc.obj \
  dist/default/production\AC_Power_Meter.X.production.obj 

Object code version is 3.11

Machine type is 18LF67K40

Call graph: (short form)




                Name                               Link     Load   Length Selector   Space Scale
C:\Users\DREWMA~1\AppData\Local\Temp\s7dc.obj
                init                                10A      10A        4        C       0
                reset_vec                             0        0        4        0       0
                idloc                            200000   200000       10   200000       0
                config                           300000   300000        C   300000       0
dist/default/production\AC_Power_Meter.X.production.obj
                intcodelo                            18       18       F2        C       0
                intcode                               8        8        6        4       0
                temp                                 5F       5F        1        1       1
                mediumconst                        EBE2     EBE2     141E     75F1       0
                text126                           16DB6    16DB6       14     8000       0
                text125                           158DA    158DA       AE     8000       0
                text124                           16C98    16C98       24     8000       0
                text123                           144A4    144A4      1AC     8000       0
                text122                           1509C    1509C       F4     8000       0
                text121                           16C4E    16C4E       26     8000       0
                text120                           1543C    1543C       DA     8000       0
                text119                           15FF0    15FF0       78     8000       0
                text118                           15F78    15F78       78     8000       0
                text117                           15B4C    15B4C       90     8000       0
                text116                           14FA8    14FA8       F4     8000       0
                text115                           1535E    1535E       DE     8000       0
                text114                           15278    15278       E6     8000       0
                text113                           16C74    16C74       24     8000       0
                text112                           168A2    168A2       42     8000       0
                text111                           13D10    13D10      25E     8000       0
                text110                           163AE    163AE       60     8000       0
                text109                           16B06    16B06       30     8000       0
                text108                           14134    14134      1C2     8000       0
                text107                           14650    14650      196     8000       0
                text106                           13AA4    13AA4      26C     8000       0
                text105                           16520    16520       56     8000       0
                text104                           13F6E    13F6E      1C6     8000       0
                text103                           16ECC    16ECC        6     8000       0
                text102                           122EA    122EA      678     8000       0
                text101                           16ED8    16ED8        2     8000       0
                text100                           16BB4    16BB4       28     8000       0
                text99                            15DF6    15DF6       82     8000       0
                text98                            16284    16284       66     8000       0
                text97                            1646C    1646C       5C     8000       0
                text96                            14B76    14B76      128     8000       0
                text95                            1491A    1491A      132     8000       0
                text94                            15D72    15D72       84     8000       0
                text93                            160DA    160DA       70     8000       0
                text92                            1382E    1382E      276     8000       0
                text91                            16CFE    16CFE       1E     8000       0
                text90                            16748    16748       4A     8000       0
                text89                            16EA6    16EA6        A     8000       0
                text88                            12DE2    12DE2      450     8000       0
                text87                            1181C    1181C      ACE     8000       0
                text86                            1582C    1582C       AE     8000       0
                text85                            16ED6    16ED6        2     8000       0
                text84                            16D54    16D54       1C     8000       0
                text83                            16A70    16A70       34     8000       0
                intcode_body                      155EE    155EE       CC     8000       0
                text81                            16A06    16A06       36     8000       0
                text80                            16EB8    16EB8        8     8000       0
                text79                            168E4    168E4       3E     8000       0
                text78                            16ED4    16ED4        2     8000       0
                text77                            16B8C    16B8C       28     8000       0
                text76                            16C28    16C28       26     8000       0
                text75                            16E9A    16E9A        C     8000       0
                text74                            16E8C    16E8C        E     8000       0
                text73                            16EC6    16EC6        6     8000       0
                text72                            156BA    156BA       C2     8000       0
                text71                            16ED2    16ED2        2     8000       0
                text70                            16A3C    16A3C       34     8000       0
                text68                            16E7E    16E7E        E     8000       0
                text67                            162EA    162EA       64     8000       0
                text66                            16E70    16E70        E     8000       0
                text65                            16E62    16E62        E     8000       0
                text64                            1614A    1614A       6A     8000       0
                text63                            16EB0    16EB0        8     8000       0
                text62                            16E0C    16E0C       10     8000       0
                text61                            16DA2    16DA2       14     8000       0
                text60                            16D38    16D38       1C     8000       0
                text59                            15988    15988       A2     8000       0
                text58                            16D1C    16D1C       1C     8000       0
                text57                            16E54    16E54        E     8000       0
                text56                            166FE    166FE       4A     8000       0
                text55                            16E46    16E46        E     8000       0
                text54                            16AA4    16AA4       32     8000       0
                text53                            16E38    16E38        E     8000       0
                text52                            16618    16618       4E     8000       0
                text51                            16B36    16B36       2E     8000       0
                text50                            16576    16576       52     8000       0
                text49                            15A2A    15A2A       92     8000       0
                text48                            16C02    16C02       26     8000       0
                text47                            1577C    1577C       B0     8000       0
                text46                            142F6    142F6      1AE     8000       0
                text45                            16860    16860       42     8000       0
                text44                            14DBA    14DBA       F8     8000       0
                text43                            15CEE    15CEE       84     8000       0
                text42                            1621C    1621C       68     8000       0
                text41                            1640E    1640E       5E     8000       0
                text40                            14A4C    14A4C      12A     8000       0
                text39                            147E6    147E6      134     8000       0
                text38                            15C68    15C68       86     8000       0
                text37                            16068    16068       72     8000       0
                text36                            14EB2    14EB2       F6     8000       0
                text35                            16B64    16B64       28     8000       0
                text34                            1359A    1359A      294     8000       0
                text33                            16CBC    16CBC       22     8000       0
                text32                            166B2    166B2       4C     8000       0
                text31                            16E2A    16E2A        E     8000       0
                text30                            12962    12962      480     8000       0
                text29                            10D48    10D48      AD4     8000       0
                text28                            16DFC    16DFC       10     8000       0
                text27                            16792    16792       48     8000       0
                text26                            16EC0    16EC0        6     8000       0
                text25                            1695E    1695E       3A     8000       0
                text24                            15190    15190       E8     8000       0
                text23                            15516    15516       D8     8000       0
                text22                            16AD6    16AD6       30     8000       0
                text21                            16D70    16D70       1A     8000       0
                text20                            1681E    1681E       42     8000       0
                text19                            16CDE    16CDE       20     8000       0
                text18                            1634E    1634E       60     8000       0
                text17                            16922    16922       3C     8000       0
                text16                            16BDC    16BDC       26     8000       0
                text15                            167DA    167DA       44     8000       0
                text14                            165C8    165C8       50     8000       0
                text13                            169D0    169D0       36     8000       0
                text12                            16998    16998       38     8000       0
                text11                            164C8    164C8       58     8000       0
                text10                            15ABC    15ABC       90     8000       0
                text9                             15BDC    15BDC       8C     8000       0
                text8                             16DEC    16DEC       10     8000       0
                text7                             16666    16666       4C     8000       0
                text6                             161B4    161B4       68     8000       0
                text5                             13232    13232      368     8000       0
                text4                             16DCA    16DCA       12     8000       0
                text3                             10000    10000      D48     8000       0
                text2                             14C9E    14C9E      11C     8000       0
                text1                             16DDC    16DDC       10     8000       0
                text0                             15EF8    15EF8       80     8000       0
                cstackCOMRAM                          1        1       5D        1       1
                cstackBANK0                          60       60       68       60       1
                cstackBANK1                         100      100       AF      100       1
                cstackBANK2                         280      280       22      200       1
                bssBANK3                            300      300       80      300       1
                dataBANK2                           2A2      2A2       18      200       1
                bssBANK2                            200      200       80      200       1
                bssBANK1                            1AF      1AF       26      100       1
                dataBANK0                            F0       F0        E       60       1
                bssBANK0                             C8       C8       28       60       1
                bitbssBANK0                         7F0       FE        1       60       1     8
                bitbssCOMRAM                        2F0       5E        3        1       1     8
                cinit                             15E78    15E78       80     8000       0
                nvBANK1                             1D5      1D5        1      100       1
                idataBANK2                        16D8A    16D8A       18     8000       0
                idataBANK0                        16E1C    16E1C        E     8000       0

TOTAL           Name                               Link     Load   Length     Space
        CLASS   STACK          

        CLASS   CODE           
                intcodelo                            18       18       F2         0
                intcode                               8        8        6         0
                init                                10A      10A        4         0
                reset_vec                             0        0        4         0
                text126                           16DB6    16DB6       14         0
                text125                           158DA    158DA       AE         0
                text124                           16C98    16C98       24         0
                text123                           144A4    144A4      1AC         0
                text122                           1509C    1509C       F4         0
                text121                           16C4E    16C4E       26         0
                text120                           1543C    1543C       DA         0
                text119                           15FF0    15FF0       78         0
                text118                           15F78    15F78       78         0
                text117                           15B4C    15B4C       90         0
                text116                           14FA8    14FA8       F4         0
                text115                           1535E    1535E       DE         0
                text114                           15278    15278       E6         0
                text113                           16C74    16C74       24         0
                text112                           168A2    168A2       42         0
                text111                           13D10    13D10      25E         0
                text110                           163AE    163AE       60         0
                text109                           16B06    16B06       30         0
                text108                           14134    14134      1C2         0
                text107                           14650    14650      196         0
                text106                           13AA4    13AA4      26C         0
                text105                           16520    16520       56         0
                text104                           13F6E    13F6E      1C6         0
                text103                           16ECC    16ECC        6         0
                text102                           122EA    122EA      678         0
                text101                           16ED8    16ED8        2         0
                text100                           16BB4    16BB4       28         0
                text99                            15DF6    15DF6       82         0
                text98                            16284    16284       66         0
                text97                            1646C    1646C       5C         0
                text96                            14B76    14B76      128         0
                text95                            1491A    1491A      132         0
                text94                            15D72    15D72       84         0
                text93                            160DA    160DA       70         0
                text92                            1382E    1382E      276         0
                text91                            16CFE    16CFE       1E         0
                text90                            16748    16748       4A         0
                text89                            16EA6    16EA6        A         0
                text88                            12DE2    12DE2      450         0
                text87                            1181C    1181C      ACE         0
                text86                            1582C    1582C       AE         0
                text85                            16ED6    16ED6        2         0
                text84                            16D54    16D54       1C         0
                text83                            16A70    16A70       34         0
                intcode_body                      155EE    155EE       CC         0
                text81                            16A06    16A06       36         0
                text80                            16EB8    16EB8        8         0
                text79                            168E4    168E4       3E         0
                text78                            16ED4    16ED4        2         0
                text77                            16B8C    16B8C       28         0
                text76                            16C28    16C28       26         0
                text75                            16E9A    16E9A        C         0
                text74                            16E8C    16E8C        E         0
                text73                            16EC6    16EC6        6         0
                text72                            156BA    156BA       C2         0
                text71                            16ED2    16ED2        2         0
                text70                            16A3C    16A3C       34         0
                text68                            16E7E    16E7E        E         0
                text67                            162EA    162EA       64         0
                text66                            16E70    16E70        E         0
                text65                            16E62    16E62        E         0
                text64                            1614A    1614A       6A         0
                text63                            16EB0    16EB0        8         0
                text62                            16E0C    16E0C       10         0
                text61                            16DA2    16DA2       14         0
                text60                            16D38    16D38       1C         0
                text59                            15988    15988       A2         0
                text58                            16D1C    16D1C       1C         0
                text57                            16E54    16E54        E         0
                text56                            166FE    166FE       4A         0
                text55                            16E46    16E46        E         0
                text54                            16AA4    16AA4       32         0
                text53                            16E38    16E38        E         0
                text52                            16618    16618       4E         0
                text51                            16B36    16B36       2E         0
                text50                            16576    16576       52         0
                text49                            15A2A    15A2A       92         0
                text48                            16C02    16C02       26         0
                text47                            1577C    1577C       B0         0
                text46                            142F6    142F6      1AE         0
                text45                            16860    16860       42         0
                text44                            14DBA    14DBA       F8         0
                text43                            15CEE    15CEE       84         0
                text42                            1621C    1621C       68         0
                text41                            1640E    1640E       5E         0
                text40                            14A4C    14A4C      12A         0
                text39                            147E6    147E6      134         0
                text38                            15C68    15C68       86         0
                text37                            16068    16068       72         0
                text36                            14EB2    14EB2       F6         0
                text35                            16B64    16B64       28         0
                text34                            1359A    1359A      294         0
                text33                            16CBC    16CBC       22         0
                text32                            166B2    166B2       4C         0
                text31                            16E2A    16E2A        E         0
                text30                            12962    12962      480         0
                text29                            10D48    10D48      AD4         0
                text28                            16DFC    16DFC       10         0
                text27                            16792    16792       48         0
                text26                            16EC0    16EC0        6         0
                text25                            1695E    1695E       3A         0
                text24                            15190    15190       E8         0
                text23                            15516    15516       D8         0
                text22                            16AD6    16AD6       30         0
                text21                            16D70    16D70       1A         0
                text20                            1681E    1681E       42         0
                text19                            16CDE    16CDE       20         0
                text18                            1634E    1634E       60         0
                text17                            16922    16922       3C         0
                text16                            16BDC    16BDC       26         0
                text15                            167DA    167DA       44         0
                text14                            165C8    165C8       50         0
                text13                            169D0    169D0       36         0
                text12                            16998    16998       38         0
                text11                            164C8    164C8       58         0
                text10                            15ABC    15ABC       90         0
                text9                             15BDC    15BDC       8C         0
                text8                             16DEC    16DEC       10         0
                text7                             16666    16666       4C         0
                text6                             161B4    161B4       68         0
                text5                             13232    13232      368         0
                text4                             16DCA    16DCA       12         0
                text3                             10000    10000      D48         0
                text2                             14C9E    14C9E      11C         0
                text1                             16DDC    16DDC       10         0
                text0                             15EF8    15EF8       80         0
                cinit                             15E78    15E78       80         0
                idataBANK2                        16D8A    16D8A       18         0
                idataBANK0                        16E1C    16E1C        E         0

        CLASS   CONST          

        CLASS   SMALLCONST     

        CLASS   MEDIUMCONST    
                mediumconst                        EBE2     EBE2     141E         0

        CLASS   COMRAM         
                temp                                 5F       5F        1         1
                cstackCOMRAM                          1        1       5D         1
                bitbssCOMRAM                        2F0       5E        3         1

        CLASS   ABS1           

        CLASS   BIGRAM         

        CLASS   RAM            

        CLASS   BANK0          
                cstackBANK0                          60       60       68         1
                dataBANK0                            F0       F0        E         1
                bssBANK0                             C8       C8       28         1
                bitbssBANK0                         7F0       FE        1         1

        CLASS   BANK1          
                cstackBANK1                         100      100       AF         1
                bssBANK1                            1AF      1AF       26         1
                nvBANK1                             1D5      1D5        1         1

        CLASS   BANK2          
                cstackBANK2                         280      280       22         1
                dataBANK2                           2A2      2A2       18         1
                bssBANK2                            200      200       80         1

        CLASS   BANK3          
                bssBANK3                            300      300       80         1

        CLASS   BANK4          

        CLASS   BANK5          

        CLASS   BANK6          

        CLASS   BANK7          

        CLASS   BANK8          

        CLASS   BANK9          

        CLASS   BANK10         

        CLASS   BANK11         

        CLASS   BANK12         

        CLASS   BANK13         

        CLASS   SFR            

        CLASS   FARRAM         

        CLASS   CONFIG         
                config                           300000   300000        C         0

        CLASS   IDLOC          
                idloc                            200000   200000       10         0

        CLASS   EEDATA         



SEGMENTS        Name                           Load    Length   Top    Selector   Space  Class

                reset_vec                      000000  000004  000004         0       0  CODE    
                cstackCOMRAM                   000001  00005F  000060         1       1  COMRAM  
                intcode                        000008  000006  00000E         4       0  CODE    
                intcodelo                      000018  0000F6  00010E         C       0  CODE    
                cstackBANK0                    000060  00009F  0000FF        60       1  BANK0   
                cstackBANK1                    000100  0000D6  0001D6       100       1  BANK1   
                bssBANK2                       000200  0000BA  0002BA       200       1  BANK2   
                bssBANK3                       000300  000080  000380       300       1  BANK3   
                mediumconst                    00EBE2  00141E  010000      75F1       0  MEDIUMCO
                text3                          010000  006EDA  016EDA      8000       0  CODE    
                idloc                          200000  000010  200010    200000       0  IDLOC   
                config                         300000  00000C  30000C    300000       0  CONFIG  


UNUSED ADDRESS RANGES

        Name                Unused          Largest block    Delta
        BANK0            0000FF-0000FF                1
        BANK1            0001D6-0001FF               2A
        BANK10           000A00-000AFF              100
        BANK11           000B00-000BFF              100
        BANK12           000C00-000CFF              100
        BANK13           000D00-000DE9               EA
        BANK2            0002BA-0002FF               46
        BANK3            000380-0003FF               80
        BANK4            000400-0004FF              100
        BANK5            000500-0005FF              100
        BANK6            000600-0006FF              100
        BANK7            000700-0007FF              100
        BANK8            000800-0008FF              100
        BANK9            000900-0009FF              100
        BIGRAM           0000FF-0000FF                1
                         0001D6-0001FF               2A
                         0002BA-0002FF               46
                         000380-000DE9              A6A
        CODE             000004-000007                4
                         00000E-000017                A
                         00010E-00EBE1             EAD4
                         016EDA-01FFFF             9126
        CONST            000004-000007                4
                         00000E-000017                A
                         00010E-00EBE1             EAD4
                         016EDA-01FFFF             9126
        EEDATA           310000-3103FF              400
        MEDIUMCONST      000E00-00EBE1             DDE2
                         016EDA-01FFFF             9126
        RAM              0000FF-0000FF                1
                         0001D6-0001FF               2A
                         0002BA-0002FF               46
                         000380-000DE9              100
        SFR              000DEF-000FFF              100
        SMALLCONST       000E00-00EBE1              100
                         016EDA-01FFFF              100
        STACK            000380-000DE9              A6A

                                  Symbol Table

?_ADCC_GetConversionResult                     cstackCOMRAM 000001
?_FLASH_ReadWord                               cstackBANK1  00011B
?___altoft                                     cstackCOMRAM 00004C
?___awdiv                                      cstackBANK1  00011D
?___awmod                                      cstackBANK1  000117
?___awtoft                                     cstackBANK1  00011F
?___ftadd                                      cstackBANK1  00012B
?___ftdiv                                      cstackBANK1  000137
?___ftmul                                      cstackBANK1  000146
?___ftneg                                      cstackBANK1  000123
?___ftpack                                     cstackBANK1  000117
?___ftsub                                      cstackBANK1  000137
?___fttol                                      cstackBANK1  000155
?___lldiv                                      cstackBANK1  000117
?___llmod                                      cstackBANK1  000124
?___lltoft                                     cstackBANK1  00011F
?___lwtoft                                     cstackCOMRAM 000009
?___wmul                                       cstackBANK1  000125
?__div_to_l_                                   cstackBANK1  000117
?__tdiv_to_l_                                  cstackBANK1  000117
?_acos                                         cstackBANK0  00008E
?_asin                                         cstackBANK0  000079
?_atan                                         cstackCOMRAM 000058
?_atoi                                         cstackBANK1  00012B
?_currentMeasuredToPeak                        cstackBANK0  000073
?_eval_poly                                    cstackCOMRAM 00004C
?_fabs                                         cstackCOMRAM 000027
?_floor                                        cstackCOMRAM 000056
?_fround                                       cstackBANK1  000155
?_getCauseOfResetString                        cstackBANK1  000117
?_getDeviceID                                  cstackBANK1  000122
?_getDeviceIDString                            cstackBANK1  000124
?_getUserID                                    cstackBANK1  000122
?_peakToRMS                                    cstackBANK0  000094
?_printf                                       cstackBANK1  000164
?_scale                                        cstackBANK1  000155
?_sin                                          cstackBANK0  000066
?_sqrt                                         cstackBANK0  000066
?_strchr                                       cstackBANK1  000117
?_strcmp                                       cstackBANK1  000117
?_strlen                                       cstackBANK1  000117
?_strncmp                                      cstackBANK1  00011D
?_strstr                                       cstackBANK1  000126
?i2___awdiv                                    cstackCOMRAM 000007
?i2___awmod                                    cstackCOMRAM 000001
?i2___ftadd                                    cstackCOMRAM 000040
?i2___ftdiv                                    cstackCOMRAM 000015
?i2___ftmul                                    cstackCOMRAM 000027
?i2___ftneg                                    cstackCOMRAM 000024
?i2___ftpack                                   cstackCOMRAM 000001
?i2___ftsub                                    cstackBANK0  000060
?i2___fttol                                    cstackCOMRAM 00003D
?i2___lldiv                                    cstackCOMRAM 000001
?i2___llmod                                    cstackCOMRAM 00000E
?i2___lltoft                                   cstackCOMRAM 000009
?i2___wmul                                     cstackCOMRAM 00000F
?i2__div_to_l_                                 cstackCOMRAM 000001
?i2__tdiv_to_l_                                cstackCOMRAM 000001
?i2_fround                                     cstackCOMRAM 000036
?i2_printf                                     cstackBANK0  000066
?i2_scale                                      cstackCOMRAM 000036
ADCC_SetADIInterruptHandler@InterruptHandler   cstackBANK1  000117
ADCC_StartConversion@channel                   cstackBANK1  000100
ADCPostProcessingCallback@current_adc_channel  cstackBANK0  0000AF
EUSART2_Read@readValue                         cstackBANK1  000117
EUSART2_SetRxInterruptHandler@interruptHandler cstackBANK1  000117
EUSART2_SetTxInterruptHandler@interruptHandler cstackBANK1  000117
EUSART2_Write@txData                           cstackBANK1  000117
FLASH_ReadByte@flashAddr                       cstackBANK1  000117
FLASH_ReadWord@flashAddr                       cstackBANK1  00011B
TMR5_SetInterruptHandler@InterruptHandler      cstackBANK1  000117
TMR5_WriteTimer@timerVal                       cstackCOMRAM 000001
TMR6_SetInterruptHandler@InterruptHandler      cstackBANK1  000117
TMR7_SetInterruptHandler@InterruptHandler      cstackBANK1  000117
TMR7_WriteTimer@timerVal                       cstackBANK1  000100
_ADACCH                                        (abs)        000F71
_ADACCL                                        (abs)        000F70
_ADACQ                                         (abs)        000F5C
_ADACT                                         (abs)        000F56
_ADCAP                                         (abs)        000F5D
_ADCC_ADI_InterruptHandler                     bssBANK0     0000E6
_ADCC_DefaultInterruptHandler                  text101      016ED8
_ADCC_GetConversionResult                      text126      016DB6
_ADCC_ISR                                      text100      016BB4
_ADCC_Initialize                               text67       0162EA
_ADCC_IsConversionDone                         text75       016E9A
_ADCC_SetADIInterruptHandler                   text68       016E7E
_ADCC_StartConversion                          text74       016E8C
_ADCLK                                         (abs)        000F57
_ADCNT                                         (abs)        000F67
_ADCON0                                        (abs)        000F60
_ADCON0bits                                    (abs)        000F60
_ADCON1                                        (abs)        000F59
_ADCON1bits                                    (abs)        000F59
_ADCON2                                        (abs)        000F5A
_ADCON2bits                                    (abs)        000F5A
_ADCON3                                        (abs)        000F5B
_ADCON3bits                                    (abs)        000F5B
_ADCPostProcessingCallback                     text102      0122EA
_ADCPostProcessingCallback$4005                cstackBANK0  0000B3
_ADCPostProcessingCallback$4006                cstackBANK0  0000B0
_ADCPostProcessingCallback$4007                cstackBANK0  0000A6
_ADCPostProcessingCallback$4008                cstackBANK0  0000A9
_ADCPostProcessingCallback$4009                cstackBANK0  0000AC
_ADC_Result_Scaling                            bssBANK0     0000E0
_ADERRH                                        (abs)        000F6F
_ADERRL                                        (abs)        000F6E
_ADFLTRH                                       (abs)        000F73
_ADFLTRL                                       (abs)        000F72
_ADLTHH                                        (abs)        000F6B
_ADLTHL                                        (abs)        000F6A
_ADPCH                                         (abs)        000F5F
_ADPRE                                         (abs)        000F5E
_ADPREVH                                       (abs)        000F62
_ADPREVL                                       (abs)        000F61
_ADREF                                         (abs)        000F58
_ADRESH                                        (abs)        000F64
_ADRESL                                        (abs)        000F63
_ADRPT                                         (abs)        000F66
_ADSTAT                                        (abs)        000F65
_ADSTATbits                                    (abs)        000F65
_ADSTPTH                                       (abs)        000F69
_ADSTPTL                                       (abs)        000F68
_ADUTHH                                        (abs)        000F6D
_ADUTHL                                        (abs)        000F6C
_ANSELA                                        (abs)        000E92
_ANSELB                                        (abs)        000E9A
_ANSELD                                        (abs)        000EA7
_ANSELE                                        (abs)        000EAF
_ANSELF                                        (abs)        000EB4
_ANSELG                                        (abs)        000EBC
_AVSS_ADC_Result                               bssBANK0     0000E3
_Avg_Power                                     bssBANK1     0001B7
_BAUD2CON                                      (abs)        000EF7
_EUSART2_Initialize                            text64       01614A
_EUSART2_Read                                  text27       016792
_EUSART2_Receive_ISR                           text86       01582C
_EUSART2_RxDefaultInterruptHandler             bssBANK1     0001C3
_EUSART2_SetRxInterruptHandler                 text66       016E70
_EUSART2_SetTxInterruptHandler                 text65       016E62
_EUSART2_Transmit_ISR                          text81       016A06
_EUSART2_TxDefaultInterruptHandler             bssBANK1     0001C6
_EUSART2_Write                                 text32       0166B2
_FLASH_ReadByte                                text21       016D70
_FLASH_ReadWord                                text20       01681E
_FVRCON                                        (abs)        000EC4
_FVRCONbits                                    (abs)        000EC4
_FVR_ADC_Result                                bssBANK0     0000ED
_FVR_Initialize                                text63       016EB0
_HLVDCON0                                      (abs)        000EC2
_HLVDCON0bits                                  (abs)        000EC2
_HLVDCON1                                      (abs)        000EC3
_HLVD_ISR                                      text80       016EB8
_HLVD_Initialize                               text62       016E0C
_INTCONbits                                    (abs)        000FF2
_INTERRUPT_Initialize                          text61       016DA2
_INTERRUPT_InterruptManagerHigh                intcode      000008
_INTERRUPT_InterruptManagerLow                 intcodelo    000018
_IPR1bits                                      (abs)        000E20
_IPR2bits                                      (abs)        000E21
_IPR3bits                                      (abs)        000E22
_IPR5bits                                      (abs)        000E24
_Imeas                                         bssBANK0     0000CE
_Ipk                                           bssBANK0     0000D1
_Irms                                          bssBANK0     0000CB
_Irms_offset                                   dataBANK0    0000F0
_LATA                                          (abs)        000F79
_LATB                                          (abs)        000F7A
_LATC                                          (abs)        000F7B
_LATD                                          (abs)        000F7C
_LATE                                          (abs)        000F7D
_LATF                                          (abs)        000F7E
_LATFbits                                      (abs)        000F7E
_LATG                                          (abs)        000F7F
_LATGbits                                      (abs)        000F7F
_LATH                                          (abs)        000F80
_NVMADRH                                       (abs)        000F75
_NVMADRL                                       (abs)        000F74
_NVMCON1bits                                   (abs)        000F77
_NVMCON2                                       (abs)        000F78
_NVMDAT                                        (abs)        000F76
_ODCONA                                        (abs)        000E90
_ODCONB                                        (abs)        000E98
_ODCONC                                        (abs)        000EA0
_ODCOND                                        (abs)        000EA5
_ODCONE                                        (abs)        000EAD
_ODCONF                                        (abs)        000EB2
_ODCONG                                        (abs)        000EBA
_ODCONH                                        (abs)        000EBF
_OSCCON1                                       (abs)        000E43
_OSCCON3                                       (abs)        000E45
_OSCEN                                         (abs)        000E47
_OSCFRQ                                        (abs)        000E49
_OSCILLATOR_Initialize                         text60       016D38
_OSCTUNE                                       (abs)        000E48
_PCON0bits                                     (abs)        000FD7
_PIE1bits                                      (abs)        000E2A
_PIE2bits                                      (abs)        000E2B
_PIE3bits                                      (abs)        000E2C
_PIE5bits                                      (abs)        000E2E
_PIN_MANAGER_Initialize                        text59       015988
_PIR1bits                                      (abs)        000E34
_PIR2bits                                      (abs)        000E35
_PIR3bits                                      (abs)        000E36
_PIR5bits                                      (abs)        000E38
_PIR8bits                                      (abs)        000E3B
_PLLR                                          (abs)        007230
_PMD0                                          (abs)        000E4C
_PMD1                                          (abs)        000E4D
_PMD2                                          (abs)        000E4E
_PMD3                                          (abs)        000E4F
_PMD4                                          (abs)        000E50
_PMD5                                          (abs)        000E51
_PMD_Initialize                                text58       016D1C
_POS12_ADC_Result                              bssBANK0     0000DA
_POS3P3_ADC_Result                             bssBANK0     0000DD
_PR6                                           (abs)        000FB0
_RC2REG                                        (abs)        000EF1
_RC2STA                                        (abs)        000EF5
_RC2STAbits                                    (abs)        000EF5
_RG7PPS                                        (abs)        000E89
_RX2PPS                                        (abs)        000E11
_SLRCONA                                       (abs)        000E8F
_SLRCONB                                       (abs)        000E97
_SLRCONC                                       (abs)        000E9F
_SLRCOND                                       (abs)        000EA4
_SLRCONE                                       (abs)        000EAC
_SLRCONF                                       (abs)        000EB1
_SLRCONG                                       (abs)        000EB9
_SLRCONH                                       (abs)        000EBE
_SP2BRGH                                       (abs)        000EF4
_SP2BRGL                                       (abs)        000EF3
_SYSTEM_Initialize                             text51       016B36
_T5CLK                                         (abs)        000FC6
_T5CON                                         (abs)        000FC3
_T5CONbits                                     (abs)        000FC3
_T5GATE                                        (abs)        000FC5
_T5GCON                                        (abs)        000FC4
_T5GCONbits                                    (abs)        000FC4
_T6CLKCON                                      (abs)        000FB3
_T6CON                                         (abs)        000FB1
_T6CONbits                                     (abs)        000FB1
_T6HLT                                         (abs)        000FB2
_T6HLTbits                                     (abs)        000FB2
_T6PR                                          (abs)        000FB0
_T6RST                                         (abs)        000FB4
_T6RSTbits                                     (abs)        000FB4
_T6TMR                                         (abs)        000FAF
_T7CLK                                         (abs)        000F33
_T7CON                                         (abs)        000F30
_T7CONbits                                     (abs)        000F30
_T7GATE                                        (abs)        000F32
_T7GCON                                        (abs)        000F31
_T7GCONbits                                    (abs)        000F31
_TABLAT                                        (abs)        000FF5
_TBLPTRH                                       (abs)        000FF7
_TBLPTRL                                       (abs)        000FF6
_TBLPTRU                                       (abs)        000FF8
_TMR5H                                         (abs)        000FC2
_TMR5L                                         (abs)        000FC1
_TMR5_DefaultInterruptHandler                  text85       016ED6
_TMR5_ISR                                      text83       016A70
_TMR5_Initialize                               text56       0166FE
_TMR5_InterruptHandler                         bssBANK1     0001BA
_TMR5_SetInterruptHandler                      text57       016E54
_TMR5_WriteTimer                               text84       016D54
_TMR6                                          (abs)        000FAF
_TMR6_DefaultInterruptHandler                  text78       016ED4
_TMR6_ISR                                      text77       016B8C
_TMR6_Initialize                               text54       016AA4
_TMR6_InterruptHandler                         bssBANK1     0001C0
_TMR6_SetInterruptHandler                      text55       016E46
_TMR7H                                         (abs)        000F2F
_TMR7L                                         (abs)        000F2E
_TMR7_DefaultInterruptHandler                  text71       016ED2
_TMR7_ISR                                      text70       016A3C
_TMR7_Initialize                               text52       016618
_TMR7_InterruptHandler                         bssBANK1     0001BD
_TMR7_SetInterruptHandler                      text53       016E38
_TMR7_StartTimer                               text26       016EC0
_TMR7_StopTimer                                text73       016EC6
_TMR7_WriteTimer                               text76       016C28
_TRIAC_Firing_Angle                            dataBANK0    0000FB
_TRISA                                         (abs)        000F81
_TRISB                                         (abs)        000F82
_TRISC                                         (abs)        000F83
_TRISD                                         (abs)        000F84
_TRISE                                         (abs)        000F85
_TRISF                                         (abs)        000F86
_TRISG                                         (abs)        000F87
_TRISH                                         (abs)        000F88
_TX2REG                                        (abs)        000EF2
_TX2STA                                        (abs)        000EF6
_TX2STAbits                                    (abs)        000EF6
_Temp_ADC_Offset                               dataBANK0    0000F6
_Temp_ADC_Result                               bssBANK0     0000D7
_VCC_overvoltage_flag                          bitbssCOMRAM 0002F2
_Vpk                                           bssBANK0     0000D4
_Vpk_const                                     dataBANK0    0000F3
_Vrms                                          bssBANK0     0000C8
_WPUA                                          (abs)        000E91
_WPUB                                          (abs)        000E99
_WPUC                                          (abs)        000EA1
_WPUD                                          (abs)        000EA6
_WPUE                                          (abs)        000EAE
_WPUF                                          (abs)        000EB3
_WPUG                                          (abs)        000EBB
_WPUH                                          (abs)        000EC0
__CFG_BOREN$SBORDIS                            (abs)        000000
__CFG_BORV$VBOR_190                            (abs)        000000
__CFG_CLKOUTEN$OFF                             (abs)        000000
__CFG_CP$OFF                                   (abs)        000000
__CFG_CPD$OFF                                  (abs)        000000
__CFG_CSWEN$ON                                 (abs)        000000
__CFG_DEBUG$OFF                                (abs)        000000
__CFG_EBTR0$OFF                                (abs)        000000
__CFG_EBTR1$OFF                                (abs)        000000
__CFG_EBTR2$OFF                                (abs)        000000
__CFG_EBTR3$OFF                                (abs)        000000
__CFG_EBTR4$OFF                                (abs)        000000
__CFG_EBTR5$OFF                                (abs)        000000
__CFG_EBTR6$OFF                                (abs)        000000
__CFG_EBTR7$OFF                                (abs)        000000
__CFG_EBTRB$OFF                                (abs)        000000
__CFG_FCMEN$ON                                 (abs)        000000
__CFG_FEXTOSC$ECH                              (abs)        000000
__CFG_IDLOC0$                                  (abs)        000000
__CFG_IDLOC1$                                  (abs)        000001
__CFG_IDLOC2$                                  (abs)        000002
__CFG_IDLOC3$                                  (abs)        000003
__CFG_IDLOC4$                                  (abs)        000004
__CFG_IDLOC5$                                  (abs)        000005
__CFG_IDLOC6$                                  (abs)        000006
__CFG_IDLOC7$                                  (abs)        000007
__CFG_LPBOREN$OFF                              (abs)        000000
__CFG_LVP$OFF                                  (abs)        000000
__CFG_MCLRE$EXTMCLR                            (abs)        000000
__CFG_PPS1WAY$ON                               (abs)        000000
__CFG_PWRTE$ON                                 (abs)        000000
__CFG_RSTOSC$EXTOSC_4PLL                       (abs)        000000
__CFG_SCANE$OFF                                (abs)        000000
__CFG_STVREN$ON                                (abs)        000000
__CFG_WDTCCS$LFINTOSC                          (abs)        000000
__CFG_WDTCPS$WDTCPS_11                         (abs)        000000
__CFG_WDTCWS$WDTCWS_7                          (abs)        000000
__CFG_WDTE$NSLEEP                              (abs)        000000
__CFG_WRT0$OFF                                 (abs)        000000
__CFG_WRT1$OFF                                 (abs)        000000
__CFG_WRT2$OFF                                 (abs)        000000
__CFG_WRT3$OFF                                 (abs)        000000
__CFG_WRT4$OFF                                 (abs)        000000
__CFG_WRT5$OFF                                 (abs)        000000
__CFG_WRT6$OFF                                 (abs)        000000
__CFG_WRT7$OFF                                 (abs)        000000
__CFG_WRTB$OFF                                 (abs)        000000
__CFG_WRTC$OFF                                 (abs)        000000
__CFG_WRTD$OFF                                 (abs)        000000
__CFG_XINST$OFF                                (abs)        000000
__CFG_ZCD$OFF                                  (abs)        000000
__HRAM                                         (abs)        000000
__Habs1                                        abs1         000000
__Hbank0                                       bank0        000000
__Hbank1                                       bank1        000000
__Hbank10                                      bank10       000000
__Hbank11                                      bank11       000000
__Hbank12                                      bank12       000000
__Hbank13                                      bank13       000000
__Hbank2                                       bank2        000000
__Hbank3                                       bank3        000000
__Hbank4                                       bank4        000000
__Hbank5                                       bank5        000000
__Hbank6                                       bank6        000000
__Hbank7                                       bank7        000000
__Hbank8                                       bank8        000000
__Hbank9                                       bank9        000000
__Hbigbss                                      bigbss       000000
__Hbigdata                                     bigdata      000000
__Hbigram                                      bigram       000000
__HbitbssBANK0                                 bitbssBANK0  000000
__HbitbssCOMRAM                                bitbssCOMRAM 000000
__Hbss                                         bss          000000
__HbssBANK0                                    bssBANK0     000000
__HbssBANK1                                    bssBANK1     000000
__HbssBANK2                                    bssBANK2     000000
__HbssBANK3                                    bssBANK3     000000
__Hcinit                                       cinit        000000
__Hclrtext                                     clrtext      000000
__Hcomram                                      comram       000000
__Hconfig                                      config       30000C
__Hconst                                       const        000000
__HcstackBANK0                                 cstackBANK0  000000
__HcstackBANK1                                 cstackBANK1  000000
__HcstackBANK2                                 cstackBANK2  000000
__HcstackCOMRAM                                cstackCOMRAM 000000
__Hdata                                        data         000000
__HdataBANK0                                   dataBANK0    000000
__HdataBANK2                                   dataBANK2    000000
__Heeprom_data                                 eeprom_data  000000
__Hfarbss                                      farbss       000000
__Hfardata                                     fardata      000000
__Hibigdata                                    ibigdata     000000
__Hidata                                       idata        000000
__HidataBANK0                                  idataBANK0   000000
__HidataBANK2                                  idataBANK2   000000
__Hidloc                                       idloc        200010
__Hifardata                                    ifardata     000000
__Hinit                                        init         00010E
__Hintcode                                     intcode      00000E
__Hintcode_body                                intcode_body 000000
__Hintcodelo                                   intcodelo    00010A
__Hintentry                                    intentry     000000
__Hintret                                      intret       000000
__Hintsave_regs                                intsave_regs 000000
__Hirdata                                      irdata       000000
__Hmediumconst                                 mediumconst  010000
__HnvBANK1                                     nvBANK1      000000
__HnvFARRAM                                    nvFARRAM     000000
__Hnvbit                                       nvbit        000000
__Hnvrram                                      nvrram       000000
__Hparam                                       rparam       000000
__Hpowerup                                     powerup      00010A
__Hram                                         ram          000000
__Hramtop                                      ramtop       000E00
__Hrbit                                        rbit         000000
__Hrbss                                        rbss         000000
__Hrdata                                       rdata        000000
__Hreset_vec                                   reset_vec    000004
__Hrparam                                      rparam       000000
__Hsfr                                         sfr          000000
__Hsmallconst                                  smallconst   000000
__Hspace_0                                     (abs)        30000C
__Hspace_1                                     (abs)        0007F1
__Hspace_2                                     (abs)        000000
__Hstack                                       stack        000000
__Hstruct                                      struct       000000
__Htemp                                        temp         000060
__Htext                                        text         000000
__Htext0                                       text0        000000
__Htext1                                       text1        000000
__Htext10                                      text10       000000
__Htext100                                     text100      000000
__Htext101                                     text101      000000
__Htext102                                     text102      000000
__Htext103                                     text103      000000
__Htext104                                     text104      000000
__Htext105                                     text105      000000
__Htext106                                     text106      000000
__Htext107                                     text107      000000
__Htext108                                     text108      000000
__Htext109                                     text109      000000
__Htext11                                      text11       000000
__Htext110                                     text110      000000
__Htext111                                     text111      000000
__Htext112                                     text112      000000
__Htext113                                     text113      000000
__Htext114                                     text114      000000
__Htext115                                     text115      000000
__Htext116                                     text116      000000
__Htext117                                     text117      000000
__Htext118                                     text118      000000
__Htext119                                     text119      000000
__Htext12                                      text12       000000
__Htext120                                     text120      000000
__Htext121                                     text121      000000
__Htext122                                     text122      000000
__Htext123                                     text123      000000
__Htext124                                     text124      000000
__Htext125                                     text125      000000
__Htext126                                     text126      000000
__Htext127                                     text127      000000
__Htext13                                      text13       000000
__Htext14                                      text14       000000
__Htext15                                      text15       000000
__Htext16                                      text16       000000
__Htext17                                      text17       000000
__Htext18                                      text18       000000
__Htext19                                      text19       000000
__Htext2                                       text2        000000
__Htext20                                      text20       000000
__Htext21                                      text21       000000
__Htext22                                      text22       000000
__Htext23                                      text23       000000
__Htext24                                      text24       000000
__Htext25                                      text25       000000
__Htext26                                      text26       000000
__Htext27                                      text27       000000
__Htext28                                      text28       000000
__Htext29                                      text29       000000
__Htext3                                       text3        000000
__Htext30                                      text30       000000
__Htext31                                      text31       000000
__Htext32                                      text32       000000
__Htext33                                      text33       000000
__Htext34                                      text34       000000
__Htext35                                      text35       000000
__Htext36                                      text36       000000
__Htext37                                      text37       000000
__Htext38                                      text38       000000
__Htext39                                      text39       000000
__Htext4                                       text4        000000
__Htext40                                      text40       000000
__Htext41                                      text41       000000
__Htext42                                      text42       000000
__Htext43                                      text43       000000
__Htext44                                      text44       000000
__Htext45                                      text45       000000
__Htext46                                      text46       000000
__Htext47                                      text47       000000
__Htext48                                      text48       000000
__Htext49                                      text49       000000
__Htext5                                       text5        000000
__Htext50                                      text50       000000
__Htext51                                      text51       000000
__Htext52                                      text52       000000
__Htext53                                      text53       000000
__Htext54                                      text54       000000
__Htext55                                      text55       000000
__Htext56                                      text56       000000
__Htext57                                      text57       000000
__Htext58                                      text58       000000
__Htext59                                      text59       000000
__Htext6                                       text6        000000
__Htext60                                      text60       000000
__Htext61                                      text61       000000
__Htext62                                      text62       000000
__Htext63                                      text63       000000
__Htext64                                      text64       000000
__Htext65                                      text65       000000
__Htext66                                      text66       000000
__Htext67                                      text67       000000
__Htext68                                      text68       000000
__Htext7                                       text7        000000
__Htext70                                      text70       000000
__Htext71                                      text71       000000
__Htext72                                      text72       000000
__Htext73                                      text73       000000
__Htext74                                      text74       000000
__Htext75                                      text75       000000
__Htext76                                      text76       000000
__Htext77                                      text77       000000
__Htext78                                      text78       000000
__Htext79                                      text79       000000
__Htext8                                       text8        000000
__Htext80                                      text80       000000
__Htext81                                      text81       000000
__Htext83                                      text83       000000
__Htext84                                      text84       000000
__Htext85                                      text85       000000
__Htext86                                      text86       000000
__Htext87                                      text87       000000
__Htext88                                      text88       000000
__Htext89                                      text89       000000
__Htext9                                       text9        000000
__Htext90                                      text90       000000
__Htext91                                      text91       000000
__Htext92                                      text92       000000
__Htext93                                      text93       000000
__Htext94                                      text94       000000
__Htext95                                      text95       000000
__Htext96                                      text96       000000
__Htext97                                      text97       000000
__Htext98                                      text98       000000
__Htext99                                      text99       000000
__LRAM                                         (abs)        000001
__Labs1                                        abs1         000000
__Lbank0                                       bank0        000000
__Lbank1                                       bank1        000000
__Lbank10                                      bank10       000000
__Lbank11                                      bank11       000000
__Lbank12                                      bank12       000000
__Lbank13                                      bank13       000000
__Lbank2                                       bank2        000000
__Lbank3                                       bank3        000000
__Lbank4                                       bank4        000000
__Lbank5                                       bank5        000000
__Lbank6                                       bank6        000000
__Lbank7                                       bank7        000000
__Lbank8                                       bank8        000000
__Lbank9                                       bank9        000000
__Lbigbss                                      bigbss       000000
__Lbigdata                                     bigdata      000000
__Lbigram                                      bigram       000000
__LbitbssBANK0                                 bitbssBANK0  000000
__LbitbssCOMRAM                                bitbssCOMRAM 000000
__Lbss                                         bss          000000
__LbssBANK0                                    bssBANK0     000000
__LbssBANK1                                    bssBANK1     000000
__LbssBANK2                                    bssBANK2     000000
__LbssBANK3                                    bssBANK3     000000
__Lcinit                                       cinit        000000
__Lclrtext                                     clrtext      000000
__Lcomram                                      comram       000000
__Lconfig                                      config       300000
__Lconst                                       const        000000
__LcstackBANK0                                 cstackBANK0  000000
__LcstackBANK1                                 cstackBANK1  000000
__LcstackBANK2                                 cstackBANK2  000000
__LcstackCOMRAM                                cstackCOMRAM 000000
__Ldata                                        data         000000
__LdataBANK0                                   dataBANK0    000000
__LdataBANK2                                   dataBANK2    000000
__Leeprom_data                                 eeprom_data  000000
__Lfarbss                                      farbss       000000
__Lfardata                                     fardata      000000
__Libigdata                                    ibigdata     000000
__Lidata                                       idata        000000
__LidataBANK0                                  idataBANK0   000000
__LidataBANK2                                  idataBANK2   000000
__Lidloc                                       idloc        200000
__Lifardata                                    ifardata     000000
__Linit                                        init         00010A
__Lintcode                                     intcode      000008
__Lintcode_body                                intcode_body 000000
__Lintcodelo                                   intcodelo    000018
__Lintentry                                    intentry     000000
__Lintret                                      intret       000000
__Lintsave_regs                                intsave_regs 000000
__Lirdata                                      irdata       000000
__Lmediumconst                                 mediumconst  00EBE2
__LnvBANK1                                     nvBANK1      000000
__LnvFARRAM                                    nvFARRAM     000000
__Lnvbit                                       nvbit        000000
__Lnvrram                                      nvrram       000000
__Lparam                                       rparam       000000
__Lpowerup                                     powerup      00010A
__Lram                                         ram          000000
__Lramtop                                      ramtop       000E00
__Lrbit                                        rbit         000000
__Lrbss                                        rbss         000000
__Lrdata                                       rdata        000000
__Lreset_vec                                   reset_vec    000000
__Lrparam                                      rparam       000000
__Lsfr                                         sfr          000000
__Lsmallconst                                  smallconst   000000
__Lspace_0                                     (abs)        000000
__Lspace_1                                     (abs)        000000
__Lspace_2                                     (abs)        000000
__Lstack                                       stack        000000
__Lstruct                                      struct       000000
__Ltemp                                        temp         00005F
__Ltext                                        text         000000
__Ltext0                                       text0        000000
__Ltext1                                       text1        000000
__Ltext10                                      text10       000000
__Ltext100                                     text100      000000
__Ltext101                                     text101      000000
__Ltext102                                     text102      000000
__Ltext103                                     text103      000000
__Ltext104                                     text104      000000
__Ltext105                                     text105      000000
__Ltext106                                     text106      000000
__Ltext107                                     text107      000000
__Ltext108                                     text108      000000
__Ltext109                                     text109      000000
__Ltext11                                      text11       000000
__Ltext110                                     text110      000000
__Ltext111                                     text111      000000
__Ltext112                                     text112      000000
__Ltext113                                     text113      000000
__Ltext114                                     text114      000000
__Ltext115                                     text115      000000
__Ltext116                                     text116      000000
__Ltext117                                     text117      000000
__Ltext118                                     text118      000000
__Ltext119                                     text119      000000
__Ltext12                                      text12       000000
__Ltext120                                     text120      000000
__Ltext121                                     text121      000000
__Ltext122                                     text122      000000
__Ltext123                                     text123      000000
__Ltext124                                     text124      000000
__Ltext125                                     text125      000000
__Ltext126                                     text126      000000
__Ltext127                                     text127      000000
__Ltext13                                      text13       000000
__Ltext14                                      text14       000000
__Ltext15                                      text15       000000
__Ltext16                                      text16       000000
__Ltext17                                      text17       000000
__Ltext18                                      text18       000000
__Ltext19                                      text19       000000
__Ltext2                                       text2        000000
__Ltext20                                      text20       000000
__Ltext21                                      text21       000000
__Ltext22                                      text22       000000
__Ltext23                                      text23       000000
__Ltext24                                      text24       000000
__Ltext25                                      text25       000000
__Ltext26                                      text26       000000
__Ltext27                                      text27       000000
__Ltext28                                      text28       000000
__Ltext29                                      text29       000000
__Ltext3                                       text3        000000
__Ltext30                                      text30       000000
__Ltext31                                      text31       000000
__Ltext32                                      text32       000000
__Ltext33                                      text33       000000
__Ltext34                                      text34       000000
__Ltext35                                      text35       000000
__Ltext36                                      text36       000000
__Ltext37                                      text37       000000
__Ltext38                                      text38       000000
__Ltext39                                      text39       000000
__Ltext4                                       text4        000000
__Ltext40                                      text40       000000
[...]
  f2              3   66[COMRAM] float 
 Auto vars:     Size  Location     Type
  __ftadd         1   74[COMRAM] unsigned char 
  __ftadd         1   73[COMRAM] unsigned char 
  __ftadd         1   72[COMRAM] unsigned char 
 Return value:  Size  Location     Type
                  3   63[COMRAM] float 
 Registers used:
		wreg, status,2, status,0, cstack
 Tracked objects:
		On entry : 
		On exit  : 
		Unchanged: 
 Data sizes:     COMRAM   BANK0   BANK1   BANK2   BANK3   BANK4   BANK5   BANK6   BANK7   BANK8   BANK9  BANK10  BANK11  BANK12  BANK13
      Params:         6       0       0       0       0       0       0       0       0       0       0       0       0       0       0
      Locals:         3       0       0       0       0       0       0       0       0       0       0       0       0       0       0
      Temps:          3       0       0       0       0       0       0       0       0       0       0       0       0       0       0
      Totals:        12       0       0       0       0       0       0       0       0       0       0       0       0       0       0
Total ram usage:       12 bytes
 Hardware stack levels used:    1
 Hardware stack levels required when called:    1
 This function calls:
		i2___ftpack
 This function is called by:
		_peakToRMS
		_ADCPostProcessingCallback
		_acos
		_asin
		_atan
		_eval_poly
		_sin
		_floor
		i2_printf
		i2___ftsub
 This function uses a non-reentrant model


 *************** function ___lwtoft *****************
 Defined at:
		line 28 in file "C:\Program Files (x86)\Microchip\xc8\v1.45\sources\common\lwtoft.c"
 Parameters:    Size  Location     Type
  c               2    8[COMRAM] unsigned int 
 Auto vars:     Size  Location     Type
		None
 Return value:  Size  Location     Type
                  3    8[COMRAM] float 
 Registers used:
		wreg, status,2, status,0, cstack
 Tracked objects:
		On entry : 
		On exit  : 
		Unchanged: 
 Data sizes:     COMRAM   BANK0   BANK1   BANK2   BANK3   BANK4   BANK5   BANK6   BANK7   BANK8   BANK9  BANK10  BANK11  BANK12  BANK13
      Params:         3       0       0       0       0       0       0       0       0       0       0       0       0       0       0
      Locals:         0       0       0       0       0       0       0       0       0       0       0       0       0       0       0
      Temps:          0       0       0       0       0       0       0       0       0       0       0       0       0       0       0
      Totals:         3       0       0       0       0       0       0       0       0       0       0       0       0       0       0
Total ram usage:        3 bytes
 Hardware stack levels used:    1
 Hardware stack levels required when called:    1
 This function calls:
		i2___ftpack
 This function is called by:
		_ADCPostProcessingCallback
 This function uses a non-reentrant model


 *************** function i2___ftpack *****************
 Defined at:
		line 62 in file "C:\Program Files (x86)\Microchip\xc8\v1.45\sources\common\float.c"
 Parameters:    Size  Location     Type
  arg             3    0[COMRAM] unsigned um
  exp             1    3[COMRAM] unsigned char 
  sign            1    4[COMRAM] unsigned char 
 Auto vars:     Size  Location     Type
		None
 Return value:  Size  Location     Type
                  3    0[COMRAM] float 
 Registers used:
		wreg, status,2, status,0
 Tracked objects:
		On entry : 
		On exit  : 
		Unchanged: 
 Data sizes:     COMRAM   BANK0   BANK1   BANK2   BANK3   BANK4   BANK5   BANK6   BANK7   BANK8   BANK9  BANK10  BANK11  BANK12  BANK13
      Params:         5       0       0       0       0       0       0       0       0       0       0       0       0       0       0
      Locals:         0       0       0       0       0       0       0       0       0       0       0       0       0       0       0
      Temps:          3       0       0       0       0       0       0       0       0       0       0       0       0       0       0
      Totals:         8       0       0       0       0       0       0       0       0       0       0       0       0       0       0
Total ram usage:        8 bytes
 Hardware stack levels used:    1
 This function calls:
		Nothing
 This function is called by:
		___altoft
		___lwtoft
		i2___ftadd
		i2___ftdiv
		i2___ftmul
		i2___lltoft
 This function uses a non-reentrant model


 *************** function _ADCC_GetConversionResult *****************
 Defined at:
		line 130 in file "mcc_generated_files/adcc.c"
 Parameters:    Size  Location     Type
		None
 Auto vars:     Size  Location     Type
		None
 Return value:  Size  Location     Type
                  2    0[COMRAM] unsigned int 
 Registers used:
		wreg, status,2, status,0
 Tracked objects:
		On entry : 
		On exit  : 
		Unchanged: 
 Data sizes:     COMRAM   BANK0   BANK1   BANK2   BANK3   BANK4   BANK5   BANK6   BANK7   BANK8   BANK9  BANK10  BANK11  BANK12  BANK13
      Params:         2       0       0       0       0       0       0       0       0       0       0       0       0       0       0
      Locals:         0       0       0       0       0       0       0       0       0       0       0       0       0       0       0
      Temps:          2       0       0       0       0       0       0       0       0       0       0       0       0       0       0
      Totals:         4       0       0       0       0       0       0       0       0       0       0       0       0       0       0
Total ram usage:        4 bytes
 Hardware stack levels used:    1
 This function calls:
		Nothing
 This function is called by:
		_ADCPostProcessingCallback
 This function uses a non-reentrant model



MODULE INFORMATION

Module		Function		Class		Link	Load	Size
C:\Program Files (x86)\Microchip\xc8\v1.45\sources\common\asin.c
		_asin          		CODE           	13AA4	0000	621

C:\Program Files (x86)\Microchip\xc8\v1.45\sources\common\asin.c estimated size: 621

C:\Program Files (x86)\Microchip\xc8\v1.45\sources\common\ftneg.c
		___ftneg       		CODE           	16C02	0000	39

C:\Program Files (x86)\Microchip\xc8\v1.45\sources\common\ftneg.c estimated size: 39

C:\Program Files (x86)\Microchip\xc8\v1.45\sources\common\sprcsqrt.c
		_sqrt          		CODE           	14650	0000	407

C:\Program Files (x86)\Microchip\xc8\v1.45\sources\common\sprcsqrt.c estimated size: 407

C:\Program Files (x86)\Microchip\xc8\v1.45\sources\common\ftsub.c
		___ftsub       		CODE           	16860	0000	67

C:\Program Files (x86)\Microchip\xc8\v1.45\sources\common\ftsub.c estimated size: 67

C:\Program Files (x86)\Microchip\xc8\v1.45\sources\common\float.c
		___ftpack      		CODE           	1577C	0000	177

C:\Program Files (x86)\Microchip\xc8\v1.45\sources\common\float.c estimated size: 177

mcc_generated_files/tmr6.c
		_TMR6_ISR      		CODE           	16B8C	0000	41
		_TMR6_Initialize		CODE           	16AA4	0000	51
		_TMR6_SetInterruptHandler		CODE           	16E46	0000	15
		_TMR6_DefaultInterruptHandler		CODE           	16ED4	0000	3

mcc_generated_files/tmr6.c estimated size: 110

mcc_generated_files/eusart2.c
		_putch         		CODE           	16E2A	0000	15
		_EUSART2_Read  		CODE           	16792	0000	73
		_EUSART2_Write 		CODE           	166B2	0000	77
		_EUSART2_Receive_ISR		CODE           	1582C	0000	175
		_EUSART2_Transmit_ISR		CODE           	16A06	0000	55
		_EUSART2_SetRxInterruptHandler		CODE           	16E70	0000	15
		_EUSART2_SetTxInterruptHandler		CODE           	16E62	0000	15
		_EUSART2_Initialize		CODE           	1614A	0000	107

mcc_generated_files/eusart2.c estimated size: 532

C:\Program Files (x86)\Microchip\xc8\v1.45\sources\common\doprnt.c
		_scale         		CODE           	12962	0000	1153
		_printf        		CODE           	10D48	0000	2773
		_fround        		CODE           	1359A	0000	661

C:\Program Files (x86)\Microchip\xc8\v1.45\sources\common\doprnt.c estimated size: 4587

mcc_generated_files/fvr.c
		_FVR_Initialize		CODE           	16EB0	0000	9

mcc_generated_files/fvr.c estimated size: 9

C:\Program Files (x86)\Microchip\xc8\v1.45\sources\common\lltoft.c
		___lltoft      		CODE           	1640E	0000	95

C:\Program Files (x86)\Microchip\xc8\v1.45\sources\common\lltoft.c estimated size: 95

mcc_generated_files/interrupt_manager.c
		_INTERRUPT_Initialize		CODE           	16DA2	0000	21
		_INTERRUPT_InterruptManagerLow		CODE           	0018	0000	243
		_INTERRUPT_InterruptManagerHigh		CODE           	0008	0000	211

mcc_generated_files/interrupt_manager.c estimated size: 475

C:\Program Files (x86)\Microchip\xc8\v1.45\sources\common\Umul16.c
		___wmul        		CODE           	16B64	0000	41

C:\Program Files (x86)\Microchip\xc8\v1.45\sources\common\Umul16.c estimated size: 41

C:\Program Files (x86)\Microchip\xc8\v1.45\sources\common\frexp.c
		_frexp         		CODE           	15F78	0000	121

C:\Program Files (x86)\Microchip\xc8\v1.45\sources\common\frexp.c estimated size: 121

C:\Program Files (x86)\Microchip\xc8\v1.45\sources\common\ftge.c
		___ftge        		CODE           	15A2A	0000	147

C:\Program Files (x86)\Microchip\xc8\v1.45\sources\common\ftge.c estimated size: 147

mcc_generated_files/pin_manager.c
		_PIN_MANAGER_Initialize		CODE           	15988	0000	163

mcc_generated_files/pin_manager.c estimated size: 163

C:\Program Files (x86)\Microchip\xc8\v1.45\sources\common\fabs.c
		_fabs          		CODE           	16B06	0000	49

C:\Program Files (x86)\Microchip\xc8\v1.45\sources\common\fabs.c estimated size: 49

C:\Program Files (x86)\Microchip\xc8\v1.45\sources\common\isdigit.c
		_isdigit       		CODE           	16CBC	0000	35

C:\Program Files (x86)\Microchip\xc8\v1.45\sources\common\isdigit.c estimated size: 35

C:\Program Files (x86)\Microchip\xc8\v1.45\sources\common\floor.c
		_floor         		CODE           	1535E	0000	223

C:\Program Files (x86)\Microchip\xc8\v1.45\sources\common\floor.c estimated size: 223

C:\Program Files (x86)\Microchip\xc8\v1.45\sources\common\ftdivl.c
		__tdiv_to_l_   		CODE           	147E6	0000	309

C:\Program Files (x86)\Microchip\xc8\v1.45\sources\common\ftdivl.c estimated size: 309

C:\Program Files (x86)\Microchip\xc8\v1.45\sources\common\ftmul.c
		___ftmul       		CODE           	14EB2	0000	247

C:\Program Files (x86)\Microchip\xc8\v1.45\sources\common\ftmul.c estimated size: 247

C:\Program Files (x86)\Microchip\xc8\v1.45\sources\common\awmod.c
		___awmod       		CODE           	16068	0000	115

C:\Program Files (x86)\Microchip\xc8\v1.45\sources\common\awmod.c estimated size: 115

C:\Program Files (x86)\Microchip\xc8\v1.45\sources\common\strstr.c
		_strstr        		CODE           	15BDC	0000	141

C:\Program Files (x86)\Microchip\xc8\v1.45\sources\common\strstr.c estimated size: 141

device_IDs.c
		_getDeviceID   		CODE           	16CDE	0000	33
		_getUserID     		CODE           	167DA	0000	69
		_getMinorRevisionID		CODE           	16BDC	0000	39
		_getDeviceIDString		CODE           	1634E	0000	97
		_getMajorRevisionID		CODE           	16922	0000	61

device_IDs.c estimated size: 299

C:\Program Files (x86)\Microchip\xc8\v1.45\sources\common\ftdiv.c
		___ftdiv       		CODE           	15190	0000	233

C:\Program Files (x86)\Microchip\xc8\v1.45\sources\common\ftdiv.c estimated size: 233

C:\Program Files (x86)\Microchip\xc8\v1.45\sources\common\acos.c
		_acos          		CODE           	16520	0000	87

C:\Program Files (x86)\Microchip\xc8\v1.45\sources\common\acos.c estimated size: 87

C:\Program Files (x86)\Microchip\xc8\v1.45\sources\common\llmod.c
		___llmod       		CODE           	1621C	0000	105

C:\Program Files (x86)\Microchip\xc8\v1.45\sources\common\llmod.c estimated size: 105

C:\Program Files (x86)\Microchip\xc8\v1.45\sources\common\fldivl.c
		__div_to_l_    		CODE           	14A4C	0000	299

C:\Program Files (x86)\Microchip\xc8\v1.45\sources\common\fldivl.c estimated size: 299

C:\Program Files (x86)\Microchip\xc8\v1.45\sources\common\atoi.c
		_atoi          		CODE           	15516	0000	217

C:\Program Files (x86)\Microchip\xc8\v1.45\sources\common\atoi.c estimated size: 217

mcc_generated_files/tmr7.c
		_TMR7_DefaultInterruptHandler		CODE           	16ED2	0000	3
		_TMR7_WriteTimer		CODE           	16C28	0000	39
		_TMR7_StartTimer		CODE           	16EC0	0000	7
		_TMR7_ISR      		CODE           	16A3C	0000	53
		_TMR7_Initialize		CODE           	16618	0000	79
		_TMR7_SetInterruptHandler		CODE           	16E38	0000	15
		_TMR7_StopTimer		CODE           	16EC6	0000	7

mcc_generated_files/tmr7.c estimated size: 203

mcc_generated_files/hlvd.c
		_HLVD_ISR      		CODE           	16EB8	0000	9
		_HLVD_Initialize		CODE           	16E0C	0000	17

mcc_generated_files/hlvd.c estimated size: 26

mcc_generated_files/tmr5.c
		_TMR5_ISR      		CODE           	16A70	0000	53
		_TMR5_Initialize		CODE           	166FE	0000	75
		_TMR5_SetInterruptHandler		CODE           	16E54	0000	15
		_TMR5_DefaultInterruptHandler		CODE           	16ED6	0000	3
		_TMR5_WriteTimer		CODE           	16D54	0000	29

mcc_generated_files/tmr5.c estimated size: 175

shared
		i2_printf      		CODE           	1181C	0000	2767
		i2___ftneg     		CODE           	16C74	0000	37
		i2_putch       		CODE           	16EA6	0000	11
		i2___ftadd     		CODE           	144A4	0000	429
		i2___ftdiv     		CODE           	15278	0000	231
		__powers_      		MEDIUMCONST    	EC0B	0000	40
		i2___fttol     		CODE           	14FA8	0000	245
		_dpowers       		MEDIUMCONST    	EBE3	0000	41
		i2___ftge      		CODE           	15B4C	0000	145
		i2_isdigit     		CODE           	16CFE	0000	31
		atan@coeff_a   		MEDIUMCONST    	EC79	0000	19
		atan@coeff_b   		MEDIUMCONST    	EC9A	0000	16
		i2___awdiv     		CODE           	15D72	0000	133
		i2__tdiv_to_l_ 		CODE           	1491A	0000	307
		i2___ftmul     		CODE           	1509C	0000	245
		i2___wmul      		CODE           	16C4E	0000	39
		i2__div_to_l_  		CODE           	14B76	0000	297
		__npowers_     		MEDIUMCONST    	EC32	0000	40
		i2___ftpack    		CODE           	158DA	0000	175
		i2_TMR7_StopTimer		CODE           	16ECC	0000	7
		i2_scale       		CODE           	12DE2	0000	1105
		i2___lldiv     		CODE           	15DF6	0000	131
		__initialization		CODE           	15E78	0000	119
		i2___lltoft    		CODE           	1646C	0000	93
		i2___ftsub     		CODE           	168A2	0000	67
		i2___awmod     		CODE           	160DA	0000	113
		i2_EUSART2_Write		CODE           	16748	0000	75
		_hexpowers     		MEDIUMCONST    	EC59	0000	33
		i2___llmod     		CODE           	16284	0000	103
		i2_fround      		CODE           	1382E	0000	631
		sin@coeff_a    		MEDIUMCONST    	EC8B	0000	16
		sin@coeff_b    		MEDIUMCONST    	ECA9	0000	13

shared estimated size: 7754

mcc_generated_files/mcc.c
		_PMD_Initialize		CODE           	16D1C	0000	29
		_OSCILLATOR_Initialize		CODE           	16D38	0000	29
		_SYSTEM_Initialize		CODE           	16B36	0000	47

mcc_generated_files/mcc.c estimated size: 105

ring_buffer_interface.c
		_terminal_ringBufferPull		CODE           	14C9E	0000	285
		_terminal_textAttributes		CODE           	13232	0000	873
		_terminal_textAttributesReset		CODE           	16DCA	0000	19
		_terminal_setCursorHome		CODE           	16DDC	0000	17
		_terminal_printNewline		CODE           	16DEC	0000	17
		_terminal_clearTerminal		CODE           	16DFC	0000	17

ring_buffer_interface.c estimated size: 1228

C:\Program Files (x86)\Microchip\xc8\v1.45\sources\common\fttol.c
		___fttol       		CODE           	14DBA	0000	249

C:\Program Files (x86)\Microchip\xc8\v1.45\sources\common\fttol.c estimated size: 249

C:\Program Files (x86)\Microchip\xc8\v1.45\sources\common\atan.c
		_atan          		CODE           	14134	0000	451

C:\Program Files (x86)\Microchip\xc8\v1.45\sources\common\atan.c estimated size: 451

C:\Program Files (x86)\Microchip\xc8\v1.45\sources\common\awtoft.c
		___awtoft      		CODE           	1695E	0000	59

C:\Program Files (x86)\Microchip\xc8\v1.45\sources\common\awtoft.c estimated size: 59

cause_of_reset.c
		_getCauseOfResetString		CODE           	16AD6	0000	49
		_getCauseOfReset		CODE           	16576	0000	83

cause_of_reset.c estimated size: 132

C:\Program Files (x86)\Microchip\xc8\v1.45\sources\common\awdiv.c
		___awdiv       		CODE           	15C68	0000	135

C:\Program Files (x86)\Microchip\xc8\v1.45\sources\common\awdiv.c estimated size: 135

C:\Program Files (x86)\Microchip\xc8\v1.45\sources\common\strcat.c
		_strcat        		CODE           	16666	0000	77

C:\Program Files (x86)\Microchip\xc8\v1.45\sources\common\strcat.c estimated size: 77

C:\Program Files (x86)\Microchip\xc8\v1.45\sources\common\evalpoly.c
		_eval_poly     		CODE           	1543C	0000	219

C:\Program Files (x86)\Microchip\xc8\v1.45\sources\common\evalpoly.c estimated size: 219

mcc_generated_files/memory.c
		_FLASH_ReadWord		CODE           	1681E	0000	67
		_FLASH_ReadByte		CODE           	16D70	0000	27

mcc_generated_files/memory.c estimated size: 94

C:\Program Files (x86)\Microchip\xc8\v1.45\sources\common\ftadd.c
		___ftadd       		CODE           	142F6	0000	431

C:\Program Files (x86)\Microchip\xc8\v1.45\sources\common\ftadd.c estimated size: 431

C:\Program Files (x86)\Microchip\xc8\v1.45\sources\common\sin.c
		_sin           		CODE           	13D10	0000	607

C:\Program Files (x86)\Microchip\xc8\v1.45\sources\common\sin.c estimated size: 607

C:\Program Files (x86)\Microchip\xc8\v1.45\sources\common\lldiv.c
		___lldiv       		CODE           	15CEE	0000	133

C:\Program Files (x86)\Microchip\xc8\v1.45\sources\common\lldiv.c estimated size: 133

ring_buffer_LUT.c
		_ringBufferLUT 		CODE           	10000	0000	3401

ring_buffer_LUT.c estimated size: 3401

mcc_generated_files/adcc.c
		_ADCC_DefaultInterruptHandler		CODE           	16ED8	0000	3
		_ADCC_GetConversionResult		CODE           	16DB6	0000	21
		_ADCC_SetADIInterruptHandler		CODE           	16E7E	0000	15
		_ADCC_ISR      		CODE           	16BB4	0000	41
		_ADCC_StartConversion		CODE           	16E8C	0000	15
		_ADCC_Initialize		CODE           	162EA	0000	101
		_ADCC_IsConversionDone		CODE           	16E9A	0000	13

mcc_generated_files/adcc.c estimated size: 209

main.c
		_acquisitionTimerCallback		CODE           	156BA	0000	195
		_main          		CODE           	15EF8	0000	129
		_heartbeatTimerCallback		CODE           	168E4	0000	63
		_currentMeasuredToPeak		CODE           	163AE	0000	97
		_ADCPostProcessingCallback		CODE           	122EA	0000	1657
		_peakToRMS     		CODE           	13F6E	0000	455

main.c estimated size: 2596

C:\Program Files (x86)\Microchip\xc8\v1.45\sources\common\strlen.c
		_strlen        		CODE           	164C8	0000	89

C:\Program Files (x86)\Microchip\xc8\v1.45\sources\common\strlen.c estimated size: 89

C:\Program Files (x86)\Microchip\xc8\v1.45\sources\common\lwtoft.c
		___lwtoft      		CODE           	16C98	0000	37

C:\Program Files (x86)\Microchip\xc8\v1.45\sources\common\lwtoft.c estimated size: 37

C:\Program Files (x86)\Microchip\xc8\v1.45\sources\common\strcmp.c
		_strcmp        		CODE           	165C8	0000	81

C:\Program Files (x86)\Microchip\xc8\v1.45\sources\common\strcmp.c estimated size: 81

C:\Program Files (x86)\Microchip\xc8\v1.45\sources\common\strchr.c
		_strchr        		CODE           	16998	0000	57

C:\Program Files (x86)\Microchip\xc8\v1.45\sources\common\strchr.c estimated size: 57

C:\Program Files (x86)\Microchip\xc8\v1.45\sources\common\strcpy.c
		_strcpy        		CODE           	169D0	0000	55

C:\Program Files (x86)\Microchip\xc8\v1.45\sources\common\strcpy.c estimated size: 55

C:\Program Files (x86)\Microchip\xc8\v1.45\sources\common\strncmp.c
		_strncmp       		CODE           	15ABC	0000	145

C:\Program Files (x86)\Microchip\xc8\v1.45\sources\common\strncmp.c estimated size: 145

C:\Program Files (x86)\Microchip\xc8\v1.45\sources\common\altoft.c
		___altoft      		CODE           	15FF0	0000	121

C:\Program Files (x86)\Microchip\xc8\v1.45\sources\common\altoft.c estimated size: 121

C:\Program Files (x86)\Microchip\xc8\v1.45\sources\common\strncpy.c
		_strncpy       		CODE           	161B4	0000	105

C:\Program Files (x86)\Microchip\xc8\v1.45\sources\common\strncpy.c estimated size: 105

