Microchip MPLAB XC8 Compiler V1.45 ()

Linker command line:

-W-3 --edf=C:\Program Files (x86)\Microchip\xc8\v1.45\dat\en_msgs.txt -cs \
  -h+dist/default/production\AC_Power_Meter.X.production.sym \
  --cmf=dist/default/production\AC_Power_Meter.X.production.cmf -z \
  -Q18LF67K40 -oC:\Users\DREWMA~1\AppData\Local\Temp\sa0k.2 \
  -Mdist/default/production/AC_Power_Meter.X.production.map -E1 -ver=XC8 \
  -ASTACK=0246h-0de9h -pstack=STACK -ACODE=00h-01FFFFh -ACONST=00h-01FFFFh \
  -ASMALLCONST=0E00h-0EFFhx498 -AMEDIUMCONST=0E00h-0FFFFh,010E00h-01FFFFh \
  -ACOMRAM=01h-05Fh -AABS1=00h-0DE9h -ABIGRAM=01h-0DE9h \
  -ARAM=060h-0FFh,0100h-01FFhx12,0D00h-0DE9h -ABANK0=060h-0FFh \
  -ABANK1=0100h-01FFh -ABANK2=0200h-02FFh -ABANK3=0300h-03FFh \
  -ABANK4=0400h-04FFh -ABANK5=0500h-05FFh -ABANK6=0600h-06FFh \
  -ABANK7=0700h-07FFh -ABANK8=0800h-08FFh -ABANK9=0900h-09FFh \
  -ABANK10=0A00h-0AFFh -ABANK11=0B00h-0BFFh -ABANK12=0C00h-0CFFh \
  -ABANK13=0D00h-0DE9h \
  -ASFR=0DEFh-0DFFh,0E00h-0EFFh,0F00h-0F5Fh,0F60h-0FFFh \
  -preset_vec=00h,intcode=08h,intcodelo=018h,powerup,init -pramtop=0E00h \
  -psmallconst=SMALLCONST -pmediumconst=MEDIUMCONST -pconst=CONST \
  -AFARRAM=00h-00h -ACONFIG=0300000h-030000Bh -pconfig=CONFIG \
  -AIDLOC=0200000h-020000Fh -pidloc=IDLOC -AEEDATA=0310000h-03103FFh \
  -peeprom_data=EEDATA \
  -prdata=COMRAM,nvrram=COMRAM,nvbit=COMRAM,rbss=COMRAM,rbit=COMRAM \
  -pfarbss=FARRAM,fardata=FARRAM,nvFARRAM=FARRAM \
  -pintsave_regs=BIGRAM,bigbss=BIGRAM,bigdata=BIGRAM -pbss=RAM \
  -pidata=CODE,irdata=CODE,ibigdata=CODE,ifardata=CODE -prparam=COMRAM \
  C:\Users\DREWMA~1\AppData\Local\Temp\sa0k.obj \
  dist/default/production\AC_Power_Meter.X.production.obj 

Object code version is 3.11

Machine type is 18LF67K40

Call graph: (short form)




                Name                               Link     Load   Length Selector   Space Scale
C:\Users\DREWMA~1\AppData\Local\Temp\sa0k.obj
                init                                 FE       FE        4        C       0
                reset_vec                             0        0        4        0       0
                idloc                            200000   200000       10   200000       0
                config                           300000   300000        C   300000       0
dist/default/production\AC_Power_Meter.X.production.obj
                intcodelo                            18       18       E6        C       0
                intcode                               8        8        6        4       0
                temp                                 5F       5F        1        1       1
                mediumconst                        F978     F978      688     7CBC       0
                text86                            14554    14554       14     8000       0
                text85                            13678    13678       AE     8000       0
                text84                            13404    13404       E6     8000       0
                text83                            144F8    144F8       24     8000       0
                text82                            12846    12846      1AC     8000       0
                text81                            13310    13310       F4     8000       0
                text80                            144D4    144D4       24     8000       0
                text79                            11EDE    11EDE      2AA     8000       0
                text78                            14642    14642        2     A31F       0
                text77                            144AE    144AE       26     8000       0
                text76                            139A6    139A6       90     8000       0
                text75                            1427C    1427C       40     8000       0
                text74                            1321C    1321C       F4     8000       0
                text73                            13B40    13B40       82     8000       0
                text72                            13E5A    13E5A       66     8000       0
                text71                            13F86    13F86       5C     8000       0
                text70                            12F06    12F06      128     8000       0
                text69                            12DD4    12DD4      132     8000       0
                text68                            13ABC    13ABC       84     8000       0
                text67                            13CA8    13CA8       70     8000       0
                text66                            14488    14488       26     8000       0
                text65                            12422    12422      276     8000       0
                text64                            1416E    1416E       46     8000       0
                text63                            14628    14628        A     8000       0
                text62                            113AE    113AE      450     8000       0
                text61                            10790    10790      77A     8000       0
                text60                            13872    13872       9C     8000       0
                intcode_body                      135B8    135B8       C0     8000       0
                text58                            142FA    142FA       36     8000       0
                text57                            14396    14396       30     8000       0
                text56                            14640    14640        2     A31F       0
                text55                            143EE    143EE       28     8000       0
                text54                            14462    14462       26     8000       0
                text53                            1461C    1461C        C     8000       0
                text52                            1460E    1460E        E     8000       0
                text51                            1423A    1423A       42     8000       0
                text50                            1463E    1463E        2     A31F       0
                text49                            14330    14330       34     8000       0
                text47                            14600    14600        E     8000       0
                text46                            13EC0    13EC0       64     8000       0
                text45                            145F2    145F2        E     8000       0
                text44                            145E4    145E4        E     8000       0
                text43                            13F24    13F24       62     8000       0
                text42                            14632    14632        8     8000       0
                text41                            145AA    145AA       10     8000       0
                text40                            14538    14538       1C     8000       0
                text39                            137D0    137D0       A2     8000       0
                text38                            1451C    1451C       1C     8000       0
                text37                            145D6    145D6        E     8000       0
                text36                            14364    14364       32     8000       0
                text35                            145C8    145C8        E     8000       0
                text34                            1408C    1408C       4E     8000       0
                text33                            1443C    1443C       26     8000       0
                text32                            13726    13726       AA     8000       0
                text31                            14416    14416       26     8000       0
                text30                            134EA    134EA       CE     8000       0
                text29                            12698    12698      1AE     8000       0
                text28                            141F8    141F8       42     8000       0
                text27                            1302E    1302E       F8     8000       0
                text26                            1390E    1390E       98     8000       0
                text25                            13BC2    13BC2       74     8000       0
                text24                            13DF4    13DF4       66     8000       0
                text23                            12B4A    12B4A      14A     8000       0
                text22                            129F2    129F2      158     8000       0
                text21                            13A36    13A36       86     8000       0
                text20                            13C36    13C36       72     8000       0
                text19                            13126    13126       F6     8000       0
                text18                            143C6    143C6       28     8000       0
                text17                            12188    12188      29A     8000       0
                text16                            14126    14126       48     8000       0
                text15                            145BA    145BA        E     8000       0
                text14                            10F0A    10F0A      4A4     8000       0
                text13                            10000    10000      790     8000       0
                text12                            1459A    1459A       10     8000       0
                text11                            141B4    141B4       44     8000       0
                text10                            1403C    1403C       50     8000       0
                text9                             1458A    1458A       10     8000       0
                text8                             140DA    140DA       4C     8000       0
                text7                             13D86    13D86       6E     8000       0
                text6                             11B76    11B76      368     8000       0
                text5                             14568    14568       12     8000       0
                text4                             117FE    117FE      378     8000       0
                text3                             142BC    142BC       3E     8000       0
                text2                             12C94    12C94      140     8000       0
                text1                             1457A    1457A       10     8000       0
                text0                             13D18    13D18       6E     8000       0
                cstackCOMRAM                          1        1       50        1       1
                cstackBANK0                          60       60       46       60       1
                cstackBANK1                         18A      18A       75      100       1
                cstackBANK2                         240      240        6      200       1
                bssBANK2                            200      200       40      200       1
                bssBANK1                            100      100       8A      100       1
                dataBANK0                            BC       BC        3       60       1
                bssBANK0                             A6       A6       16       60       1
                bssCOMRAM                            51       51        D        1       1
                bitbssCOMRAM                        2F0       5E        1        1       1     8
                cinit                             13FE2    13FE2       5A     8000       0
                idataBANK0                        1463A    1463A        3     8000       0

TOTAL           Name                               Link     Load   Length     Space
        CLASS   STACK          

        CLASS   CODE           
                intcodelo                            18       18       E6         0
                intcode                               8        8        6         0
                init                                 FE       FE        4         0
                reset_vec                             0        0        4         0
                text86                            14554    14554       14         0
                text85                            13678    13678       AE         0
                text84                            13404    13404       E6         0
                text83                            144F8    144F8       24         0
                text82                            12846    12846      1AC         0
                text81                            13310    13310       F4         0
                text80                            144D4    144D4       24         0
                text79                            11EDE    11EDE      2AA         0
                text78                            14642    14642        2         0
                text77                            144AE    144AE       26         0
                text76                            139A6    139A6       90         0
                text75                            1427C    1427C       40         0
                text74                            1321C    1321C       F4         0
                text73                            13B40    13B40       82         0
                text72                            13E5A    13E5A       66         0
                text71                            13F86    13F86       5C         0
                text70                            12F06    12F06      128         0
                text69                            12DD4    12DD4      132         0
                text68                            13ABC    13ABC       84         0
                text67                            13CA8    13CA8       70         0
                text66                            14488    14488       26         0
                text65                            12422    12422      276         0
                text64                            1416E    1416E       46         0
                text63                            14628    14628        A         0
                text62                            113AE    113AE      450         0
                text61                            10790    10790      77A         0
                text60                            13872    13872       9C         0
                intcode_body                      135B8    135B8       C0         0
                text58                            142FA    142FA       36         0
                text57                            14396    14396       30         0
                text56                            14640    14640        2         0
                text55                            143EE    143EE       28         0
                text54                            14462    14462       26         0
                text53                            1461C    1461C        C         0
                text52                            1460E    1460E        E         0
                text51                            1423A    1423A       42         0
                text50                            1463E    1463E        2         0
                text49                            14330    14330       34         0
                text47                            14600    14600        E         0
                text46                            13EC0    13EC0       64         0
                text45                            145F2    145F2        E         0
                text44                            145E4    145E4        E         0
                text43                            13F24    13F24       62         0
                text42                            14632    14632        8         0
                text41                            145AA    145AA       10         0
                text40                            14538    14538       1C         0
                text39                            137D0    137D0       A2         0
                text38                            1451C    1451C       1C         0
                text37                            145D6    145D6        E         0
                text36                            14364    14364       32         0
                text35                            145C8    145C8        E         0
                text34                            1408C    1408C       4E         0
                text33                            1443C    1443C       26         0
                text32                            13726    13726       AA         0
                text31                            14416    14416       26         0
                text30                            134EA    134EA       CE         0
                text29                            12698    12698      1AE         0
                text28                            141F8    141F8       42         0
                text27                            1302E    1302E       F8         0
                text26                            1390E    1390E       98         0
                text25                            13BC2    13BC2       74         0
                text24                            13DF4    13DF4       66         0
                text23                            12B4A    12B4A      14A         0
                text22                            129F2    129F2      158         0
                text21                            13A36    13A36       86         0
                text20                            13C36    13C36       72         0
                text19                            13126    13126       F6         0
                text18                            143C6    143C6       28         0
                text17                            12188    12188      29A         0
                text16                            14126    14126       48         0
                text15                            145BA    145BA        E         0
                text14                            10F0A    10F0A      4A4         0
                text13                            10000    10000      790         0
                text12                            1459A    1459A       10         0
                text11                            141B4    141B4       44         0
                text10                            1403C    1403C       50         0
                text9                             1458A    1458A       10         0
                text8                             140DA    140DA       4C         0
                text7                             13D86    13D86       6E         0
                text6                             11B76    11B76      368         0
                text5                             14568    14568       12         0
                text4                             117FE    117FE      378         0
                text3                             142BC    142BC       3E         0
                text2                             12C94    12C94      140         0
                text1                             1457A    1457A       10         0
                text0                             13D18    13D18       6E         0
                cinit                             13FE2    13FE2       5A         0
                idataBANK0                        1463A    1463A        3         0

        CLASS   CONST          

        CLASS   SMALLCONST     

        CLASS   MEDIUMCONST    
                mediumconst                        F978     F978      688         0

        CLASS   COMRAM         
                temp                                 5F       5F        1         1
                cstackCOMRAM                          1        1       50         1
                bssCOMRAM                            51       51        D         1
                bitbssCOMRAM                        2F0       5E        1         1

        CLASS   ABS1           

        CLASS   BIGRAM         

        CLASS   RAM            

        CLASS   BANK0          
                cstackBANK0                          60       60       46         1
                dataBANK0                            BC       BC        3         1
                bssBANK0                             A6       A6       16         1

        CLASS   BANK1          
                cstackBANK1                         18A      18A       75         1
                bssBANK1                            100      100       8A         1

        CLASS   BANK2          
                cstackBANK2                         240      240        6         1
                bssBANK2                            200      200       40         1

        CLASS   BANK3          

        CLASS   BANK4          

        CLASS   BANK5          

        CLASS   BANK6          

        CLASS   BANK7          

        CLASS   BANK8          

        CLASS   BANK9          

        CLASS   BANK10         

        CLASS   BANK11         

        CLASS   BANK12         

        CLASS   BANK13         

        CLASS   SFR            

        CLASS   FARRAM         

        CLASS   CONFIG         
                config                           300000   300000        C         0

        CLASS   IDLOC          
                idloc                            200000   200000       10         0

        CLASS   EEDATA         



SEGMENTS        Name                           Load    Length   Top    Selector   Space  Class

                reset_vec                      000000  000004  000004         0       0  CODE    
                cstackCOMRAM                   000001  00005F  000060         1       1  COMRAM  
                intcode                        000008  000006  00000E         4       0  CODE    
                intcodelo                      000018  0000EA  000102         C       0  CODE    
                cstackBANK0                    000060  00005F  0000BF        60       1  BANK0   
                bssBANK1                       000100  0000FF  0001FF       100       1  BANK1   
                bssBANK2                       000200  000046  000246       200       1  BANK2   
                mediumconst                    00F978  000688  010000      7CBC       0  MEDIUMCO
                text13                         010000  00463D  01463D      8000       0  CODE    
                text50                         01463E  000006  014644      A31F       0  CODE    
                idloc                          200000  000010  200010    200000       0  IDLOC   
                config                         300000  00000C  30000C    300000       0  CONFIG  


UNUSED ADDRESS RANGES

        Name                Unused          Largest block    Delta
        BANK0            0000BF-0000FF               41
        BANK1            0001FF-0001FF                1
        BANK10           000A00-000AFF              100
        BANK11           000B00-000BFF              100
        BANK12           000C00-000CFF              100
        BANK13           000D00-000DE9               EA
        BANK2            000246-0002FF               BA
        BANK3            000300-0003FF              100
        BANK4            000400-0004FF              100
        BANK5            000500-0005FF              100
        BANK6            000600-0006FF              100
        BANK7            000700-0007FF              100
        BANK8            000800-0008FF              100
        BANK9            000900-0009FF              100
        BIGRAM           0000BF-0000FF               41
                         0001FF-0001FF                1
                         000246-000DE9              BA4
        CODE             000004-000007                4
                         00000E-000017                A
                         000102-00F977             F876
                         01463D-01463D                1
                         014644-01FFFF             B9BC
        CONST            000004-000007                4
                         00000E-000017                A
                         000102-00F977             F876
                         01463D-01463D                1
                         014644-01FFFF             B9BC
        EEDATA           310000-3103FF              400
        MEDIUMCONST      000E00-00F977             EB78
                         01463D-01463D                1
                         014644-01FFFF             B9BC
        RAM              0000BF-0000FF               41
                         0001FF-0001FF                1
                         000246-000DE9              100
        SFR              000DEF-000FFF              100
        SMALLCONST       000E00-00F977              100
                         01463D-01463D                1
                         014644-01FFFF              100
        STACK            000246-000DE9              BA4

                                  Symbol Table

?_ADCC_GetConversionResult                     cstackCOMRAM 000001
?___awdiv                                      cstackBANK1  00018A
?___awmod                                      cstackBANK0  0000A0
?___ftadd                                      cstackBANK1  0001B1
?___ftdiv                                      cstackCOMRAM 00000C
?___ftmul                                      cstackBANK1  000198
?___ftneg                                      cstackBANK0  0000A0
?___ftpack                                     cstackBANK0  0000A0
?___ftsub                                      cstackBANK1  0001BD
?___fttol                                      cstackBANK1  0001A7
?___lldiv                                      cstackBANK1  00018A
?___llmod                                      cstackBANK1  000192
?___lltoft                                     cstackBANK1  00018D
?___lwtoft                                     cstackCOMRAM 000009
?___wmul                                       cstackBANK1  000192
?__div_to_l_                                   cstackBANK0  0000A0
?__tdiv_to_l_                                  cstackBANK0  0000A0
?_fround                                       cstackBANK1  0001A7
?_printf                                       cstackBANK1  0001C3
?_scale                                        cstackBANK1  0001A7
?_strcmp                                       cstackBANK0  0000A0
?_strlen                                       cstackBANK0  0000A0
?i2___awdiv                                    cstackCOMRAM 000007
?i2___awmod                                    cstackCOMRAM 000001
?i2___ftadd                                    cstackCOMRAM 000037
?i2___ftmul                                    cstackCOMRAM 00001E
?i2___ftneg                                    cstackCOMRAM 00001B
?i2___ftpack                                   cstackCOMRAM 000001
?i2___ftsub                                    cstackCOMRAM 000043
?i2___fttol                                    cstackCOMRAM 00002D
?i2___lldiv                                    cstackCOMRAM 000001
?i2___llmod                                    cstackCOMRAM 00000E
?i2___lltoft                                   cstackCOMRAM 000009
?i2___wmul                                     cstackCOMRAM 00000F
?i2__div_to_l_                                 cstackCOMRAM 000001
?i2__tdiv_to_l_                                cstackCOMRAM 000001
?i2_fround                                     cstackCOMRAM 00002D
?i2_printf                                     cstackCOMRAM 000049
?i2_scale                                      cstackCOMRAM 00002D
ADCC_SetADIInterruptHandler@InterruptHandler   cstackBANK0  0000A0
ADCC_StartConversion@channel                   cstackBANK0  000089
ADC_postProcessingCallback@currentADCChannel   cstackCOMRAM 00004C
EUSART2_Read@readValue                         cstackBANK0  0000A0
EUSART2_SetRxInterruptHandler@interruptHandler cstackBANK0  0000A0
EUSART2_SetTxInterruptHandler@interruptHandler cstackBANK0  0000A0
EUSART2_Write@txData                           cstackBANK0  0000A0
TMR6_SetInterruptHandler@InterruptHandler      cstackBANK0  0000A0
TMR7_SetInterruptHandler@InterruptHandler      cstackBANK0  0000A0
TMR7_WriteTimer@timerVal                       cstackBANK0  000089
_ADACCH                                        (abs)        000F71
_ADACCL                                        (abs)        000F70
_ADACQ                                         (abs)        000F5C
_ADACT                                         (abs)        000F56
_ADCAP                                         (abs)        000F5D
_ADCC_ADI_InterruptHandler                     bssCOMRAM    000054
_ADCC_DefaultInterruptHandler                  text78       014642
_ADCC_GetConversionResult                      text86       014554
_ADCC_ISR                                      text77       0144AE
_ADCC_Initialize                               text46       013EC0
_ADCC_IsConversionDone                         text53       01461C
_ADCC_SetADIInterruptHandler                   text47       014600
_ADCC_StartConversion                          text52       01460E
_ADCLK                                         (abs)        000F57
_ADCNT                                         (abs)        000F67
_ADCON0                                        (abs)        000F60
_ADCON0bits                                    (abs)        000F60
_ADCON1                                        (abs)        000F59
_ADCON1bits                                    (abs)        000F59
_ADCON2                                        (abs)        000F5A
_ADCON2bits                                    (abs)        000F5A
_ADCON3                                        (abs)        000F5B
_ADCON3bits                                    (abs)        000F5B
_ADC_Result_Scaling                            bssBANK0     0000A6
_ADC_postProcessingCallback                    text79       011EDE
_ADC_postProcessingCallback$2779               cstackCOMRAM 00004D
_ADC_postProcessingCallback$2780               cstackCOMRAM 000043
_ADC_postProcessingCallback$2781               cstackCOMRAM 000046
_ADC_postProcessingCallback$2782               cstackCOMRAM 000049
_ADERRH                                        (abs)        000F6F
_ADERRL                                        (abs)        000F6E
_ADFLTRH                                       (abs)        000F73
_ADFLTRL                                       (abs)        000F72
_ADLTHH                                        (abs)        000F6B
_ADLTHL                                        (abs)        000F6A
_ADPCH                                         (abs)        000F5F
_ADPRE                                         (abs)        000F5E
_ADPREVH                                       (abs)        000F62
_ADPREVL                                       (abs)        000F61
_ADREF                                         (abs)        000F58
_ADRESH                                        (abs)        000F64
_ADRESL                                        (abs)        000F63
_ADRPT                                         (abs)        000F66
_ADSTAT                                        (abs)        000F65
_ADSTATbits                                    (abs)        000F65
_ADSTPTH                                       (abs)        000F69
_ADSTPTL                                       (abs)        000F68
_ADUTHH                                        (abs)        000F6D
_ADUTHL                                        (abs)        000F6C
_ANSELA                                        (abs)        000E92
_ANSELB                                        (abs)        000E9A
_ANSELD                                        (abs)        000EA7
_ANSELE                                        (abs)        000EAF
_ANSELF                                        (abs)        000EB4
_ANSELG                                        (abs)        000EBC
_BAUD2CON                                      (abs)        000EF7
_EUSART2_Initialize                            text43       013F24
_EUSART2_Read                                  text11       0141B4
_EUSART2_Receive_ISR                           text60       013872
_EUSART2_RxDefaultInterruptHandler             bssBANK0     0000AF
_EUSART2_SetRxInterruptHandler                 text45       0145F2
_EUSART2_SetTxInterruptHandler                 text44       0145E4
_EUSART2_Transmit_ISR                          text58       0142FA
_EUSART2_TxDefaultInterruptHandler             bssBANK0     0000B2
_EUSART2_Write                                 text16       014126
_FVRCON                                        (abs)        000EC4
_FVRCONbits                                    (abs)        000EC4
_FVR_ADC_Result                                bssCOMRAM    00005B
_FVR_Initialize                                text42       014632
_INTCONbits                                    (abs)        000FF2
_INTERRUPT_Initialize                          text41       0145AA
_INTERRUPT_InterruptManagerHigh                intcode      000008
_INTERRUPT_InterruptManagerLow                 intcodelo    000018
_IPR1bits                                      (abs)        000E20
_IPR3bits                                      (abs)        000E22
_IPR5bits                                      (abs)        000E24
_LATA                                          (abs)        000F79
_LATB                                          (abs)        000F7A
_LATC                                          (abs)        000F7B
_LATD                                          (abs)        000F7C
_LATE                                          (abs)        000F7D
_LATF                                          (abs)        000F7E
_LATFbits                                      (abs)        000F7E
_LATG                                          (abs)        000F7F
_LATH                                          (abs)        000F80
_ODCONA                                        (abs)        000E90
_ODCONB                                        (abs)        000E98
_ODCONC                                        (abs)        000EA0
_ODCOND                                        (abs)        000EA5
_ODCONE                                        (abs)        000EAD
_ODCONF                                        (abs)        000EB2
_ODCONG                                        (abs)        000EBA
_ODCONH                                        (abs)        000EBF
_OSCCON1                                       (abs)        000E43
_OSCCON3                                       (abs)        000E45
_OSCEN                                         (abs)        000E47
_OSCFRQ                                        (abs)        000E49
_OSCILLATOR_Initialize                         text40       014538
_OSCTUNE                                       (abs)        000E48
_PIE1bits                                      (abs)        000E2A
_PIE3bits                                      (abs)        000E2C
_PIE5bits                                      (abs)        000E2E
_PIN_MANAGER_Initialize                        text39       0137D0
_PIR1bits                                      (abs)        000E34
_PIR3bits                                      (abs)        000E36
_PIR5bits                                      (abs)        000E38
_PLLR                                          (abs)        007230
_PMD0                                          (abs)        000E4C
_PMD1                                          (abs)        000E4D
_PMD2                                          (abs)        000E4E
_PMD3                                          (abs)        000E4F
_PMD4                                          (abs)        000E50
_PMD5                                          (abs)        000E51
_PMD_Initialize                                text38       01451C
_POS12_ADC_Result                              bssBANK1     000147
_POS3P3_ADC_Result                             bssCOMRAM    000051
_PR6                                           (abs)        000FB0
_RC2REG                                        (abs)        000EF1
_RC2STA                                        (abs)        000EF5
_RC2STAbits                                    (abs)        000EF5
_RG7PPS                                        (abs)        000E89
_RX2PPS                                        (abs)        000E11
_SLRCONA                                       (abs)        000E8F
_SLRCONB                                       (abs)        000E97
_SLRCONC                                       (abs)        000E9F
_SLRCOND                                       (abs)        000EA4
_SLRCONE                                       (abs)        000EAC
_SLRCONF                                       (abs)        000EB1
_SLRCONG                                       (abs)        000EB9
_SLRCONH                                       (abs)        000EBE
_SP2BRGH                                       (abs)        000EF4
_SP2BRGL                                       (abs)        000EF3
_SYSTEM_Initialize                             text33       01443C
_T6CLKCON                                      (abs)        000FB3
_T6CON                                         (abs)        000FB1
_T6CONbits                                     (abs)        000FB1
_T6HLT                                         (abs)        000FB2
_T6HLTbits                                     (abs)        000FB2
_T6PR                                          (abs)        000FB0
_T6RST                                         (abs)        000FB4
_T6RSTbits                                     (abs)        000FB4
_T6TMR                                         (abs)        000FAF
_T7CLK                                         (abs)        000F33
_T7CON                                         (abs)        000F30
_T7CONbits                                     (abs)        000F30
_T7GATE                                        (abs)        000F32
_T7GCON                                        (abs)        000F31
_T7GCONbits                                    (abs)        000F31
_TMR6                                          (abs)        000FAF
_TMR6_DefaultInterruptHandler                  text56       014640
_TMR6_ISR                                      text55       0143EE
_TMR6_Initialize                               text36       014364
_TMR6_InterruptHandler                         bssBANK0     0000AC
_TMR6_SetInterruptHandler                      text37       0145D6
_TMR7H                                         (abs)        000F2F
_TMR7L                                         (abs)        000F2E
_TMR7_DefaultInterruptHandler                  text50       01463E
_TMR7_ISR                                      text49       014330
_TMR7_Initialize                               text34       01408C
_TMR7_InterruptHandler                         bssBANK0     0000A9
_TMR7_SetInterruptHandler                      text35       0145C8
_TMR7_WriteTimer                               text54       014462
_TRISA                                         (abs)        000F81
_TRISB                                         (abs)        000F82
_TRISC                                         (abs)        000F83
_TRISD                                         (abs)        000F84
_TRISE                                         (abs)        000F85
_TRISF                                         (abs)        000F86
_TRISG                                         (abs)        000F87
_TRISH                                         (abs)        000F88
_TX2REG                                        (abs)        000EF2
_TX2STA                                        (abs)        000EF6
_TX2STAbits                                    (abs)        000EF6
_Temp_ADC_Offset                               dataBANK0    0000BC
_Temp_ADC_Result                               bssBANK1     000144
_WPUA                                          (abs)        000E91
_WPUB                                          (abs)        000E99
_WPUC                                          (abs)        000EA1
_WPUD                                          (abs)        000EA6
_WPUE                                          (abs)        000EAE
_WPUF                                          (abs)        000EB3
_WPUG                                          (abs)        000EBB
_WPUH                                          (abs)        000EC0
__CFG_BOREN$SBORDIS                            (abs)        000000
__CFG_BORV$VBOR_190                            (abs)        000000
__CFG_CLKOUTEN$OFF                             (abs)        000000
__CFG_CP$OFF                                   (abs)        000000
__CFG_CPD$OFF                                  (abs)        000000
__CFG_CSWEN$ON                                 (abs)        000000
__CFG_DEBUG$OFF                                (abs)        000000
__CFG_EBTR0$OFF                                (abs)        000000
__CFG_EBTR1$OFF                                (abs)        000000
__CFG_EBTR2$OFF                                (abs)        000000
__CFG_EBTR3$OFF                                (abs)        000000
__CFG_EBTR4$OFF                                (abs)        000000
__CFG_EBTR5$OFF                                (abs)        000000
__CFG_EBTR6$OFF                                (abs)        000000
__CFG_EBTR7$OFF                                (abs)        000000
__CFG_EBTRB$OFF                                (abs)        000000
__CFG_FCMEN$ON                                 (abs)        000000
__CFG_FEXTOSC$ECH                              (abs)        000000
__CFG_LPBOREN$OFF                              (abs)        000000
__CFG_LVP$OFF                                  (abs)        000000
__CFG_MCLRE$EXTMCLR                            (abs)        000000
__CFG_PPS1WAY$ON                               (abs)        000000
__CFG_PWRTE$ON                                 (abs)        000000
__CFG_RSTOSC$EXTOSC_4PLL                       (abs)        000000
__CFG_SCANE$OFF                                (abs)        000000
__CFG_STVREN$ON                                (abs)        000000
__CFG_WDTCCS$LFINTOSC                          (abs)        000000
__CFG_WDTCPS$WDTCPS_11                         (abs)        000000
__CFG_WDTCWS$WDTCWS_7                          (abs)        000000
__CFG_WDTE$NSLEEP                              (abs)        000000
__CFG_WRT0$OFF                                 (abs)        000000
__CFG_WRT1$OFF                                 (abs)        000000
__CFG_WRT2$OFF                                 (abs)        000000
__CFG_WRT3$OFF                                 (abs)        000000
__CFG_WRT4$OFF                                 (abs)        000000
__CFG_WRT5$OFF                                 (abs)        000000
__CFG_WRT6$OFF                                 (abs)        000000
__CFG_WRT7$OFF                                 (abs)        000000
__CFG_WRTB$OFF                                 (abs)        000000
__CFG_WRTC$OFF                                 (abs)        000000
__CFG_WRTD$OFF                                 (abs)        000000
__CFG_XINST$OFF                                (abs)        000000
__CFG_ZCD$OFF                                  (abs)        000000
__HRAM                                         (abs)        000000
__Habs1                                        abs1         000000
__Hbank0                                       bank0        000000
__Hbank1                                       bank1        000000
__Hbank10                                      bank10       000000
__Hbank11                                      bank11       000000
__Hbank12                                      bank12       000000
__Hbank13                                      bank13       000000
__Hbank2                                       bank2        000000
__Hbank3                                       bank3        000000
__Hbank4                                       bank4        000000
__Hbank5                                       bank5        000000
__Hbank6                                       bank6        000000
__Hbank7                                       bank7        000000
__Hbank8                                       bank8        000000
__Hbank9                                       bank9        000000
__Hbigbss                                      bigbss       000000
__Hbigdata                                     bigdata      000000
__Hbigram                                      bigram       000000
__HbitbssCOMRAM                                bitbssCOMRAM 000000
__Hbss                                         bss          000000
__HbssBANK0                                    bssBANK0     000000
__HbssBANK1                                    bssBANK1     000000
__HbssBANK2                                    bssBANK2     000000
__HbssCOMRAM                                   bssCOMRAM    000000
__Hcinit                                       cinit        000000
__Hclrtext                                     clrtext      000000
__Hcomram                                      comram       000000
__Hconfig                                      config       30000C
__Hconst                                       const        000000
__HcstackBANK0                                 cstackBANK0  000000
__HcstackBANK1                                 cstackBANK1  000000
__HcstackBANK2                                 cstackBANK2  000000
__HcstackCOMRAM                                cstackCOMRAM 000000
__Hdata                                        data         000000
__HdataBANK0                                   dataBANK0    000000
__Heeprom_data                                 eeprom_data  000000
__Hfarbss                                      farbss       000000
__Hfardata                                     fardata      000000
__Hibigdata                                    ibigdata     000000
__Hidata                                       idata        000000
__HidataBANK0                                  idataBANK0   000000
__Hidloc                                       idloc        200010
__Hifardata                                    ifardata     000000
__Hinit                                        init         000102
__Hintcode                                     intcode      00000E
__Hintcode_body                                intcode_body 000000
__Hintcodelo                                   intcodelo    0000FE
__Hintentry                                    intentry     000000
__Hintret                                      intret       000000
__Hintsave_regs                                intsave_regs 000000
__Hirdata                                      irdata       000000
__Hmediumconst                                 mediumconst  010000
__HnvFARRAM                                    nvFARRAM     000000
__Hnvbit                                       nvbit        000000
__Hnvrram                                      nvrram       000000
__Hparam                                       rparam       000000
__Hpowerup                                     powerup      0000FE
__Hram                                         ram          000000
__Hramtop                                      ramtop       000E00
__Hrbit                                        rbit         000000
__Hrbss                                        rbss         000000
__Hrdata                                       rdata        000000
__Hreset_vec                                   reset_vec    000004
__Hrparam                                      rparam       000000
__Hsfr                                         sfr          000000
__Hsmallconst                                  smallconst   000000
__Hspace_0                                     (abs)        30000C
__Hspace_1                                     (abs)        0002F1
__Hspace_2                                     (abs)        000000
__Hstack                                       stack        000000
__Hstruct                                      struct       000000
__Htemp                                        temp         000060
__Htext                                        text         000000
__Htext0                                       text0        000000
__Htext1                                       text1        000000
__Htext10                                      text10       000000
__Htext11                                      text11       000000
__Htext12                                      text12       000000
__Htext13                                      text13       000000
__Htext14                                      text14       000000
__Htext15                                      text15       000000
__Htext16                                      text16       000000
__Htext17                                      text17       000000
__Htext18                                      text18       000000
__Htext19                                      text19       000000
__Htext2                                       text2        000000
__Htext20                                      text20       000000
__Htext21                                      text21       000000
__Htext22                                      text22       000000
__Htext23                                      text23       000000
__Htext24                                      text24       000000
__Htext25                                      text25       000000
__Htext26                                      text26       000000
__Htext27                                      text27       000000
__Htext28                                      text28       000000
__Htext29                                      text29       000000
__Htext3                                       text3        000000
__Htext30                                      text30       000000
__Htext31                                      text31       000000
__Htext32                                      text32       000000
__Htext33                                      text33       000000
__Htext34                                      text34       000000
__Htext35                                      text35       000000
__Htext36                                      text36       000000
__Htext37                                      text37       000000
__Htext38                                      text38       000000
__Htext39                                      text39       000000
__Htext4                                       text4        000000
__Htext40                                      text40       000000
__Htext41                                      text41       000000
__Htext42                                      text42       000000
__Htext43                                      text43       000000
__Htext44                                      text44       000000
__Htext45                                      text45       000000
__Htext46                                      text46       000000
__Htext47                                      text47       000000
__Htext49                                      text49       000000
__Htext5                                       text5        000000
__Htext50                                      text50       000000
__Htext51                                      text51       000000
__Htext52                                      text52       000000
__Htext53                                      text53       000000
__Htext54                                      text54       000000
__Htext55                                      text55       000000
__Htext56                                      text56       000000
__Htext57                                      text57       000000
__Htext58                                      text58       000000
__Htext6                                       text6        000000
__Htext60                                      text60       000000
__Htext61                                      text61       000000
__Htext62                                      text62       000000
__Htext63                                      text63       000000
__Htext64                                      text64       000000
__Htext65                                      text65       000000
__Htext66                                      text66       000000
__Htext67                                      text67       000000
__Htext68                                      text68       000000
__Htext69                                      text69       000000
__Htext7                                       text7        000000
__Htext70                                      text70       000000
__Htext71                                      text71       000000
__Htext72                                      text72       000000
__Htext73                                      text73       000000
__Htext74                                      text74       000000
__Htext75                                      text75       000000
__Htext76                                      text76       000000
__Htext77                                      text77       000000
__Htext78                                      text78       000000
__Htext79                                      text79       000000
__Htext8                                       text8        000000
__Htext80                                      text80       000000
__Htext81                                      text81       000000
__Htext82                                      text82       000000
__Htext83                                      text83       000000
__Htext84                                      text84       000000
__Htext85                                      text85       000000
__Htext86                                      text86       000000
__Htext87                                      text87       000000
__Htext9                                       text9        000000
__LRAM                                         (abs)        000001
__Labs1                                        abs1         000000
__Lbank0                                       bank0        000000
__Lbank1                                       bank1        000000
__Lbank10                                      bank10       000000
__Lbank11                                      bank11       000000
__Lbank12                                      bank12       000000
__Lbank13                                      bank13       000000
__Lbank2                                       bank2        000000
__Lbank3                                       bank3        000000
__Lbank4                                       bank4        000000
__Lbank5                                       bank5        000000
__Lbank6                                       bank6        000000
__Lbank7                                       bank7        000000
__Lbank8                                       bank8        000000
__Lbank9                                       bank9        000000
__Lbigbss                                      bigbss       000000
__Lbigdata                                     bigdata      000000
__Lbigram                                      bigram       000000
__LbitbssCOMRAM                                bitbssCOMRAM 000000
__Lbss                                         bss          000000
__LbssBANK0                                    bssBANK0     000000
__LbssBANK1                                    bssBANK1     000000
__LbssBANK2                                    bssBANK2     000000
__LbssCOMRAM                                   bssCOMRAM    000000
__Lcinit                                       cinit        000000
__Lclrtext                                     clrtext      000000
__Lcomram                                      comram       000000
__Lconfig                                      config       300000
__Lconst                                       const        000000
__LcstackBANK0                                 cstackBANK0  000000
__LcstackBANK1                                 cstackBANK1  000000
__LcstackBANK2                                 cstackBANK2  000000
__LcstackCOMRAM                                cstackCOMRAM 000000
__Ldata                                        data         000000
__LdataBANK0                                   dataBANK0    000000
__Leeprom_data                                 eeprom_data  000000
__Lfarbss                                      farbss       000000
__Lfardata                                     fardata      000000
__Libigdata                                    ibigdata     000000
__Lidata                                       idata        000000
__LidataBANK0                                  idataBANK0   000000
__Lidloc                                       idloc        200000
__Lifardata                                    ifardata     000000
__Linit                                        init         0000FE
__Lintcode                                     intcode      000008
__Lintcode_body                                intcode_body 000000
__Lintcodelo                                   intcodelo    000018
__Lintentry                                    intentry     000000
__Lintret                                      intret       000000
__Lintsave_regs                                intsave_regs 000000
__Lirdata                                      irdata       000000
__Lmediumconst                                 mediumconst  00F978
__LnvFARRAM                                    nvFARRAM     000000
__Lnvbit                                       nvbit        000000
__Lnvrram                                      nvrram       000000
__Lparam                                       rparam       000000
__Lpowerup                                     powerup      0000FE
__Lram                                         ram          000000
__Lramtop                                      ramtop       000E00
__Lrbit                                        rbit         000000
__Lrbss                                        rbss         000000
__Lrdata                                       rdata        000000
__Lreset_vec                                   reset_vec    000000
__Lrparam                                      rparam       000000
__Lsfr                                         sfr          000000
__Lsmallconst                                  smallconst   000000
__Lspace_0                                     (abs)        000000
__Lspace_1                                     (abs)        000000
__Lspace_2                                     (abs)        000000
__Lstack                                       stack        000000
__Lstruct                                      struct       000000
__Ltemp                                        temp         00005F
__Ltext                                        text         000000
__Ltext0                                       text0        000000
__Ltext1                                       text1        000000
__Ltext10                                      text10       000000
__Ltext11                                      text11       000000
__Ltext12                                      text12       000000
__Ltext13                                      text13       000000
__Ltext14                                      text14       000000
__Ltext15                                      text15       000000
__Ltext16                                      text16       000000
__Ltext17                                      text17       000000
__Ltext18                                      text18       000000
__Ltext19                                      text19       000000
__Ltext2                                       text2        000000
__Ltext20                                      text20       000000
__Ltext21                                      text21       000000
__Ltext22                                      text22       000000
__Ltext23                                      text23       000000
__Ltext24                                      text24       000000
__Ltext25                                      text25       000000
__Ltext26                                      text26       000000
__Ltext27                                      text27       000000
__Ltext28                                      text28       000000
__Ltext29                                      text29       000000
__Ltext3                                       text3        000000
__Ltext30                                      text30       000000
__Ltext31                                      text31       000000
__Ltext32                                      text32       000000
__Ltext33                                      text33       000000
__Ltext34                                      text34       000000
__Ltext35                                      text35       000000
__Ltext36                                      text36       000000
__Ltext37                                      text37       000000
__Ltext38                                      text38       000000
__Ltext39                                      text39       000000
__Ltext4                                       text4        000000
__Ltext40                                      text40       000000
__Ltext41                                      text41       000000
__Ltext42                                      text42       000000
__Ltext43                                      text43       000000
__Ltext44                                      text44       000000
__Ltext45                                      text45       000000
__Ltext46                                      text46       000000
__Ltext47                                      text47       000000
__Ltext49                                      text49       000000
__Ltext5                                       text5        000000
__Ltext50                                      text50       000000
__Ltext51                                      text51       000000
__Ltext52                                      text52       000000
__Ltext53                                      text53       000000
__Ltext54                                      text54       000000
__Ltext55                                      text55       000000
__Ltext56                                      text56       000000
__Ltext57                                      text57       000000
__Ltext58                                      text58       000000
__Ltext6                                       text6        000000
__Ltext60                                      text60       000000
__Ltext61                                      text61       000000
__Ltext62                                      text62       000000
__Ltext63                                      text63       000000
__Ltext64                                      text64       000000
__Ltext65                                      text65       000000
__Ltext66                                      text66       000000
__Ltext67                                      text67       000000
__Ltext68                                      text68       000000
__Ltext69                                      text69       000000
__Ltext7                                       text7        000000
__Ltext70                                      text70       000000
__Ltext71                                      text71       000000
__Ltext72                                      text72       000000
__Ltext73                                      text73       000000
__Ltext74                                      text74       000000
__Ltext75                                      text75       000000
__Ltext76                                      text76       000000
__Ltext77                                      text77       000000
__Ltext78                                      text78       000000
__Ltext79                                      text79       000000
__Ltext8                                       text8        000000
__Ltext80                                      text80       000000
__Ltext81                                      text81       000000
__Ltext82                                      text82       000000
__Ltext83                                      text83       000000
__Ltext84                                      text84       000000
__Ltext85                                      text85       000000
__Ltext86                                      text86       000000
__Ltext87                                      text87       000000
__Ltext9                                       text9        000000
__S0                                           (abs)        30000C
__S1                                           (abs)        000246
__S2                                           (abs)        000000
___awdiv                                       text21       013A36
___awdiv@counter                               cstackBANK1  00018E
___awdiv@dividend                              cstackBANK1  00018A
___awdiv@divisor                               cstackBANK1  00018C
___awdiv@quotient                              cstackBANK1  000190
___awdiv@sign                                  cstackBANK1  00018F
___awmod                                       text20       013C36
___awmod@counter                               cstackBANK0  0000A4
___awmod@dividend                              cstackBANK0  0000A0
___awmod@divisor                               cstackBANK0  0000A2
___awmod@sign                                  cstackBANK0  0000A5
___ftadd                                       text29       012698
___ftadd@exp1                                  cstackBANK1  0001BC
___ftadd@exp2                                  cstackBANK1  0001BB
___ftadd@f1                                    cstackBANK1  0001B1
___ftadd@f2                                    cstackBANK1  0001B4
___ftadd@sign                                  cstackBANK1  0001BA
___ftdiv                                       text84       013404
___ftdiv@cntr                                  cstackCOMRAM 000015
___ftdiv@exp                                   cstackCOMRAM 000019
___ftdiv@f1                                    cstackCOMRAM 00000C
___ftdiv@f2                                    cstackCOMRAM 00000F
___ftdiv@f3                                    cstackCOMRAM 000016
___ftdiv@sign                                  cstackCOMRAM 00001A
___ftge                                        text32       013726
___ftge@ff1                                    cstackBANK0  0000A0
___ftge@ff2                                    cstackBANK0  0000A3
___ftmul                                       text19       013126
___ftmul@cntr                                  cstackBANK1  0001A5
___ftmul@exp                                   cstackBANK1  0001A1
___ftmul@f1                                    cstackBANK1  000198
___ftmul@f2                                    cstackBANK1  00019B
___ftmul@f3_as_product                         cstackBANK1  0001A2
___ftmul@sign                                  cstackBANK1  0001A6
___ftneg                                       text31       014416
___ftneg@f1                                    cstackBANK0  0000A0
___ftpack                                      text30       0134EA
___ftpack@arg                                  cstackBANK0  0000A0
___ftpack@exp                                  cstackBANK0  0000A3
___ftpack@sign                                 cstackBANK0  0000A4
___ftsub                                       text28       0141F8
___ftsub@f1                                    cstackBANK1  0001BD
___ftsub@f2                                    cstackBANK1  0001C0
___fttol                                       text27       01302E
___fttol@exp1                                  cstackBANK1  0001B5
___fttol@f1                                    cstackBANK1  0001A7
___fttol@lval                                  cstackBANK1  0001B1
___fttol@sign1                                 cstackBANK1  0001B0
___inthi_sp                                    stack        000000
___intlo_sp                                    stack        000000
___lldiv                                       text26       01390E
___lldiv@counter                               cstackBANK0  0000A4
___lldiv@dividend                              cstackBANK1  00018A
___lldiv@divisor                               cstackBANK1  00018E
___lldiv@quotient                              cstackBANK0  0000A0
___llmod                                       text25       013BC2
___llmod@counter                               cstackBANK0  0000A5
___llmod@dividend                              cstackBANK1  000192
___llmod@divisor                               cstackBANK1  000196
___lltoft                                      text24       013DF4
___lltoft@c                                    cstackBANK1  00018D
___lltoft@exp                                  cstackBANK0  0000A5
___lwtoft                                      text83       0144F8
___lwtoft@c                                    cstackCOMRAM 000009
___param_bank                                  (abs)        000000
___rparam_used                                 (abs)        000001
___sp                                          stack        000000
___wmul                                        text18       0143C6
___wmul@multiplicand                           cstackBANK1  000194
___wmul@multiplier                             cstackBANK1  000192
___wmul@product                                cstackBANK1  000196
__accesstop                                    (abs)        000060
__activetblptr                                 (abs)        000003
__div_to_l_                                    text23       012B4A
__div_to_l_@cntr                               cstackBANK1  00018E
__div_to_l_@exp1                               cstackBANK1  00018F
__div_to_l_@f1                                 cstackBANK0  0000A0
__div_to_l_@f2                                 cstackBANK0  0000A3
__div_to_l_@quot                               cstackBANK1  00018A
__end_of_ADCC_DefaultInterruptHandler          text78       014644
__end_of_ADCC_GetConversionResult              text86       014568
__end_of_ADCC_ISR                              text77       0144D4
__end_of_ADCC_Initialize                       text46       013F24
__end_of_ADCC_IsConversionDone                 text53       014628
__end_of_ADCC_SetADIInterruptHandler           text47       01460E
__end_of_ADCC_StartConversion                  text52       01461C
__end_of_ADC_postProcessingCallback            text79       012188
__end_of_EUSART2_Initialize                    text43       013F86
__end_of_EUSART2_Read                          text11       0141F8
__end_of_EUSART2_Receive_ISR                   text60       01390E
__end_of_EUSART2_SetRxInterruptHandler         text45       014600
__end_of_EUSART2_SetTxInterruptHandler         text44       0145F2
__end_of_EUSART2_Transmit_ISR                  text58       014330
__end_of_EUSART2_Write                         text16       01416E
__end_of_FVR_Initialize                        text42       01463A
__end_of_INTERRUPT_Initialize                  text41       0145BA
__end_of_INTERRUPT_InterruptManagerHigh        intcode_body 013678
__end_of_INTERRUPT_InterruptManagerLow         intcodelo    0000FE
__end_of_OSCILLATOR_Initialize                 text40       014554
__end_of_PIN_MANAGER_Initialize                text39       013872
__end_of_PMD_Initialize                        text38       014538
__end_of_SYSTEM_Initialize                     text33       014462
__end_of_TMR6_DefaultInterruptHandler          text56       014642
__end_of_TMR6_ISR                              text55       014416
__end_of_TMR6_Initialize                       text36       014396
__end_of_TMR6_SetInterruptHandler              text37       0145E4
__end_of_TMR7_DefaultInterruptHandler          text50       014640
__end_of_TMR7_ISR                              text49       014364
__end_of_TMR7_Initialize                       text34       0140DA
__end_of_TMR7_SetInterruptHandler              text35       0145D6
__end_of_TMR7_WriteTimer                       text54       014488
__end_of___awdiv                               text21       013ABC
__end_of___awmod                               text20       013CA8
__end_of___ftadd                               text29       012846
__end_of___ftdiv                               text84       0134EA
__end_of___ftge                                text32       0137D0
__end_of___ftmul                               text19       01321C
__end_of___ftneg                               text31       01443C
__end_of___ftpack                              text30       0135B8
__end_of___ftsub                               text28       01423A
__end_of___fttol                               text27       013126
__end_of___lldiv                               text26       0139A6
__end_of___llmod                               text25       013C36
__end_of___lltoft                              text24       013E5A
__end_of___lwtoft                              text83       01451C
__end_of___wmul                                text18       0143EE
__end_of__div_to_l_                            text23       012C94
__end_of__initialization                       cinit        014032
__end_of__npowers_                             mediumconst  00F9EF
__end_of__powers_                              mediumconst  00F9C8
__end_of__tdiv_to_l_                           text22       012B4A
__end_of_acquisitionTimerCallback              text51       01427C
__end_of_dpowers                               mediumconst  00F9A1
__end_of_fround                                text17       012422
__end_of_heartbeatTimerCallback                text57       0143C6
__end_of_main                                  text0        013D86
__end_of_printf                                text13       010790
__end_of_putch                                 text15       0145C8
__end_of_ringBufferLUT                         text4        011B76
__end_of_scale                                 text14       0113AE
__end_of_strcat                                text8        014126
__end_of_strcmp                                text10       01408C
__end_of_strlen                                text3        0142FA
__end_of_strncpy                               text7        013DF4
__end_of_terminal_clearTerminal                text12       0145AA
__end_of_terminal_printNewline                 text9        01459A
__end_of_terminal_ringBufferPull               text2        012DD4
__end_of_terminal_setCursorHome                text1        01458A
__end_of_terminal_textAttributes               text6        011EDE
__end_of_terminal_textAttributesReset          text5        01457A
__end_ofi2_EUSART2_Write                       text64       0141B4
__end_ofi2___awdiv                             text68       013B40
__end_ofi2___awmod                             text67       013D18
__end_ofi2___ftadd                             text82       0129F2
__end_ofi2___ftge                              text76       013A36
__end_ofi2___ftmul                             text81       013404
__end_ofi2___ftneg                             text80       0144F8
__end_ofi2___ftpack                            text85       013726
__end_ofi2___ftsub                             text75       0142BC
__end_ofi2___fttol                             text74       013310
__end_ofi2___lldiv                             text73       013BC2
__end_ofi2___llmod                             text72       013EC0
__end_ofi2___lltoft                            text71       013FE2
__end_ofi2___wmul                              text66       0144AE
__end_ofi2__div_to_l_                          text70       01302E
__end_ofi2__tdiv_to_l_                         text69       012F06
__end_ofi2_fround                              text65       012698
__end_ofi2_printf                              text61       010F0A
__end_ofi2_putch                               text63       014632
__end_ofi2_scale                               text62       0117FE
__initialization                               cinit        013FE2
__mediumconst                                  mediumconst  00F978
__npowers_                                     mediumconst  00F9C8
__pbitbssCOMRAM                                bitbssCOMRAM 0002F0
__pbssBANK0                                    bssBANK0     0000A6
__pbssBANK1                                    bssBANK1     000100
__pbssBANK2                                    bssBANK2     000200
__pbssCOMRAM                                   bssCOMRAM    000051
__pcinit                                       cinit        013FE2
__pcstackBANK0                                 cstackBANK0  000060
__pcstackBANK1                                 cstackBANK1  00018A
__pcstackBANK2                                 cstackBANK2  000240
__pcstackCOMRAM                                cstackCOMRAM 000001
__pdataBANK0                                   dataBANK0    0000BC
__pidataBANK0                                  idataBANK0   01463A
__pintcode                                     intcode      000008
__pintcode_body                                intcode_body 0135B8
__pintcodelo                                   intcodelo    000018
__pmediumconst                                 mediumconst  00F978
__powers_                                      mediumconst  00F9A1
__ptext0                                       text0        013D18
__ptext1                                       text1        01457A
__ptext10                                      text10       01403C
__ptext11                                      text11       0141B4
__ptext12                                      text12       01459A
__ptext13                                      text13       010000
__ptext14                                      text14       010F0A
__ptext15                                      text15       0145BA
__ptext16                                      text16       014126
__ptext17                                      text17       012188
__ptext18                                      text18       0143C6
__ptext19                                      text19       013126
__ptext2                                       text2        012C94
__ptext20                                      text20       013C36
__ptext21                                      text21       013A36
__ptext22                                      text22       0129F2
__ptext23                                      text23       012B4A
__ptext24                                      text24       013DF4
__ptext25                                      text25       013BC2
__ptext26                                      text26       01390E
__ptext27                                      text27       01302E
__ptext28                                      text28       0141F8
__ptext29                                      text29       012698
__ptext3                                       text3        0142BC
__ptext30                                      text30       0134EA
__ptext31                                      text31       014416
__ptext32                                      text32       013726
__ptext33                                      text33       01443C
__ptext34                                      text34       01408C
__ptext35                                      text35       0145C8
[...]
Total ram usage:       13 bytes
 Hardware stack levels used:    1
 Hardware stack levels required when called:    2
 This function calls:
		_ADCC_GetConversionResult
		___ftdiv
		___lwtoft
		i2___ftadd
		i2___ftmul
		i2___ftneg
 This function is called by:
		_main
		_ADCC_ISR
 This function uses a non-reentrant model


 *************** function i2___ftneg *****************
 Defined at:
		line 15 in file "C:\Program Files (x86)\Microchip\xc8\v1.45\sources\common\ftneg.c"
 Parameters:    Size  Location     Type
  f1              3   26[COMRAM] float 
 Auto vars:     Size  Location     Type
		None
 Return value:  Size  Location     Type
                  3   26[COMRAM] float 
 Registers used:
		wreg, status,2, status,0
 Tracked objects:
		On entry : 
		On exit  : 
		Unchanged: 
 Data sizes:     COMRAM   BANK0   BANK1   BANK2   BANK3   BANK4   BANK5   BANK6   BANK7   BANK8   BANK9  BANK10  BANK11  BANK12  BANK13
      Params:         3       0       0       0       0       0       0       0       0       0       0       0       0       0       0
      Locals:         0       0       0       0       0       0       0       0       0       0       0       0       0       0       0
      Temps:          0       0       0       0       0       0       0       0       0       0       0       0       0       0       0
      Totals:         3       0       0       0       0       0       0       0       0       0       0       0       0       0       0
Total ram usage:        3 bytes
 Hardware stack levels used:    1
 This function calls:
		Nothing
 This function is called by:
		_ADC_postProcessingCallback
		i2_printf
 This function uses a non-reentrant model


 *************** function i2___ftmul *****************
 Defined at:
		line 62 in file "C:\Program Files (x86)\Microchip\xc8\v1.45\sources\common\ftmul.c"
 Parameters:    Size  Location     Type
  f1              3   29[COMRAM] float 
  f2              3   32[COMRAM] float 
 Auto vars:     Size  Location     Type
  __ftmul         3   39[COMRAM] unsigned um
  __ftmul         1   43[COMRAM] unsigned char 
  __ftmul         1   42[COMRAM] unsigned char 
  __ftmul         1   38[COMRAM] unsigned char 
 Return value:  Size  Location     Type
                  3   29[COMRAM] float 
 Registers used:
		wreg, status,2, status,0, cstack
 Tracked objects:
		On entry : 
		On exit  : 
		Unchanged: 
 Data sizes:     COMRAM   BANK0   BANK1   BANK2   BANK3   BANK4   BANK5   BANK6   BANK7   BANK8   BANK9  BANK10  BANK11  BANK12  BANK13
      Params:         6       0       0       0       0       0       0       0       0       0       0       0       0       0       0
      Locals:         6       0       0       0       0       0       0       0       0       0       0       0       0       0       0
      Temps:          3       0       0       0       0       0       0       0       0       0       0       0       0       0       0
      Totals:        15       0       0       0       0       0       0       0       0       0       0       0       0       0       0
Total ram usage:       15 bytes
 Hardware stack levels used:    1
 Hardware stack levels required when called:    1
 This function calls:
		i2___ftpack
 This function is called by:
		_ADC_postProcessingCallback
		i2_fround
		i2_scale
		i2_printf
 This function uses a non-reentrant model


 *************** function i2___ftadd *****************
 Defined at:
		line 86 in file "C:\Program Files (x86)\Microchip\xc8\v1.45\sources\common\ftadd.c"
 Parameters:    Size  Location     Type
  f1              3   54[COMRAM] float 
  f2              3   57[COMRAM] float 
 Auto vars:     Size  Location     Type
  __ftadd         1   65[COMRAM] unsigned char 
  __ftadd         1   64[COMRAM] unsigned char 
  __ftadd         1   63[COMRAM] unsigned char 
 Return value:  Size  Location     Type
                  3   54[COMRAM] float 
 Registers used:
		wreg, status,2, status,0, cstack
 Tracked objects:
		On entry : 
		On exit  : 
		Unchanged: 
 Data sizes:     COMRAM   BANK0   BANK1   BANK2   BANK3   BANK4   BANK5   BANK6   BANK7   BANK8   BANK9  BANK10  BANK11  BANK12  BANK13
      Params:         6       0       0       0       0       0       0       0       0       0       0       0       0       0       0
      Locals:         3       0       0       0       0       0       0       0       0       0       0       0       0       0       0
      Temps:          3       0       0       0       0       0       0       0       0       0       0       0       0       0       0
      Totals:        12       0       0       0       0       0       0       0       0       0       0       0       0       0       0
Total ram usage:       12 bytes
 Hardware stack levels used:    1
 Hardware stack levels required when called:    1
 This function calls:
		i2___ftpack
 This function is called by:
		_ADC_postProcessingCallback
		i2_printf
		i2___ftsub
 This function uses a non-reentrant model


 *************** function ___lwtoft *****************
 Defined at:
		line 28 in file "C:\Program Files (x86)\Microchip\xc8\v1.45\sources\common\lwtoft.c"
 Parameters:    Size  Location     Type
  c               2    8[COMRAM] unsigned int 
 Auto vars:     Size  Location     Type
		None
 Return value:  Size  Location     Type
                  3    8[COMRAM] float 
 Registers used:
		wreg, status,2, status,0, cstack
 Tracked objects:
		On entry : 
		On exit  : 
		Unchanged: 
 Data sizes:     COMRAM   BANK0   BANK1   BANK2   BANK3   BANK4   BANK5   BANK6   BANK7   BANK8   BANK9  BANK10  BANK11  BANK12  BANK13
      Params:         3       0       0       0       0       0       0       0       0       0       0       0       0       0       0
      Locals:         0       0       0       0       0       0       0       0       0       0       0       0       0       0       0
      Temps:          0       0       0       0       0       0       0       0       0       0       0       0       0       0       0
      Totals:         3       0       0       0       0       0       0       0       0       0       0       0       0       0       0
Total ram usage:        3 bytes
 Hardware stack levels used:    1
 Hardware stack levels required when called:    1
 This function calls:
		i2___ftpack
 This function is called by:
		_ADC_postProcessingCallback
 This function uses a non-reentrant model


 *************** function ___ftdiv *****************
 Defined at:
		line 54 in file "C:\Program Files (x86)\Microchip\xc8\v1.45\sources\common\ftdiv.c"
 Parameters:    Size  Location     Type
  f1              3   11[COMRAM] float 
  f2              3   14[COMRAM] float 
 Auto vars:     Size  Location     Type
  f3              3   21[COMRAM] float 
  sign            1   25[COMRAM] unsigned char 
  exp             1   24[COMRAM] unsigned char 
  cntr            1   20[COMRAM] unsigned char 
 Return value:  Size  Location     Type
                  3   11[COMRAM] float 
 Registers used:
		wreg, status,2, status,0, cstack
 Tracked objects:
		On entry : 
		On exit  : 
		Unchanged: 
 Data sizes:     COMRAM   BANK0   BANK1   BANK2   BANK3   BANK4   BANK5   BANK6   BANK7   BANK8   BANK9  BANK10  BANK11  BANK12  BANK13
      Params:         6       0       0       0       0       0       0       0       0       0       0       0       0       0       0
      Locals:         6       0       0       0       0       0       0       0       0       0       0       0       0       0       0
      Temps:          3       0       0       0       0       0       0       0       0       0       0       0       0       0       0
      Totals:        15       0       0       0       0       0       0       0       0       0       0       0       0       0       0
Total ram usage:       15 bytes
 Hardware stack levels used:    1
 Hardware stack levels required when called:    1
 This function calls:
		i2___ftpack
 This function is called by:
		_ADC_postProcessingCallback
 This function uses a non-reentrant model


 *************** function i2___ftpack *****************
 Defined at:
		line 62 in file "C:\Program Files (x86)\Microchip\xc8\v1.45\sources\common\float.c"
 Parameters:    Size  Location     Type
  arg             3    0[COMRAM] unsigned um
  exp             1    3[COMRAM] unsigned char 
  sign            1    4[COMRAM] unsigned char 
 Auto vars:     Size  Location     Type
		None
 Return value:  Size  Location     Type
                  3    0[COMRAM] float 
 Registers used:
		wreg, status,2, status,0
 Tracked objects:
		On entry : 
		On exit  : 
		Unchanged: 
 Data sizes:     COMRAM   BANK0   BANK1   BANK2   BANK3   BANK4   BANK5   BANK6   BANK7   BANK8   BANK9  BANK10  BANK11  BANK12  BANK13
      Params:         5       0       0       0       0       0       0       0       0       0       0       0       0       0       0
      Locals:         0       0       0       0       0       0       0       0       0       0       0       0       0       0       0
      Temps:          3       0       0       0       0       0       0       0       0       0       0       0       0       0       0
      Totals:         8       0       0       0       0       0       0       0       0       0       0       0       0       0       0
Total ram usage:        8 bytes
 Hardware stack levels used:    1
 This function calls:
		Nothing
 This function is called by:
		___ftdiv
		___lwtoft
		i2___ftadd
		i2___ftmul
		i2___lltoft
 This function uses a non-reentrant model


 *************** function _ADCC_GetConversionResult *****************
 Defined at:
		line 130 in file "mcc_generated_files/adcc.c"
 Parameters:    Size  Location     Type
		None
 Auto vars:     Size  Location     Type
		None
 Return value:  Size  Location     Type
                  2    0[COMRAM] unsigned int 
 Registers used:
		wreg, status,2, status,0
 Tracked objects:
		On entry : 
		On exit  : 
		Unchanged: 
 Data sizes:     COMRAM   BANK0   BANK1   BANK2   BANK3   BANK4   BANK5   BANK6   BANK7   BANK8   BANK9  BANK10  BANK11  BANK12  BANK13
      Params:         2       0       0       0       0       0       0       0       0       0       0       0       0       0       0
      Locals:         0       0       0       0       0       0       0       0       0       0       0       0       0       0       0
      Temps:          2       0       0       0       0       0       0       0       0       0       0       0       0       0       0
      Totals:         4       0       0       0       0       0       0       0       0       0       0       0       0       0       0
Total ram usage:        4 bytes
 Hardware stack levels used:    1
 This function calls:
		Nothing
 This function is called by:
		_ADC_postProcessingCallback
 This function uses a non-reentrant model



MODULE INFORMATION

Module		Function		Class		Link	Load	Size
C:\Program Files (x86)\Microchip\xc8\v1.45\sources\common\ftneg.c
		___ftneg       		CODE           	14416	0000	39

C:\Program Files (x86)\Microchip\xc8\v1.45\sources\common\ftneg.c estimated size: 39

C:\Program Files (x86)\Microchip\xc8\v1.45\sources\common\ftsub.c
		___ftsub       		CODE           	141F8	0000	67

C:\Program Files (x86)\Microchip\xc8\v1.45\sources\common\ftsub.c estimated size: 67

C:\Program Files (x86)\Microchip\xc8\v1.45\sources\common\float.c
		___ftpack      		CODE           	134EA	0000	207

C:\Program Files (x86)\Microchip\xc8\v1.45\sources\common\float.c estimated size: 207

mcc_generated_files/tmr6.c
		_TMR6_ISR      		CODE           	143EE	0000	41
		_TMR6_Initialize		CODE           	14364	0000	51
		_TMR6_SetInterruptHandler		CODE           	145D6	0000	15
		_TMR6_DefaultInterruptHandler		CODE           	14640	0000	3

mcc_generated_files/tmr6.c estimated size: 110

mcc_generated_files/eusart2.c
		_putch         		CODE           	145BA	0000	15
		_EUSART2_Read  		CODE           	141B4	0000	69
		_EUSART2_Write 		CODE           	14126	0000	73
		_EUSART2_Receive_ISR		CODE           	13872	0000	157
		_EUSART2_Transmit_ISR		CODE           	142FA	0000	55
		_EUSART2_SetRxInterruptHandler		CODE           	145F2	0000	15
		_EUSART2_SetTxInterruptHandler		CODE           	145E4	0000	15
		_EUSART2_Initialize		CODE           	13F24	0000	99

mcc_generated_files/eusart2.c estimated size: 498

C:\Program Files (x86)\Microchip\xc8\v1.45\sources\common\doprnt.c
		_scale         		CODE           	10F0A	0000	1189
		_printf        		CODE           	10000	0000	1937
		_fround        		CODE           	12188	0000	667

C:\Program Files (x86)\Microchip\xc8\v1.45\sources\common\doprnt.c estimated size: 3793

mcc_generated_files/fvr.c
		_FVR_Initialize		CODE           	14632	0000	9

mcc_generated_files/fvr.c estimated size: 9

C:\Program Files (x86)\Microchip\xc8\v1.45\sources\common\lltoft.c
		___lltoft      		CODE           	13DF4	0000	103

C:\Program Files (x86)\Microchip\xc8\v1.45\sources\common\lltoft.c estimated size: 103

mcc_generated_files/interrupt_manager.c
		_INTERRUPT_Initialize		CODE           	145AA	0000	17
		_INTERRUPT_InterruptManagerLow		CODE           	0018	0000	231
		_INTERRUPT_InterruptManagerHigh		CODE           	0008	0000	199

mcc_generated_files/interrupt_manager.c estimated size: 447

C:\Program Files (x86)\Microchip\xc8\v1.45\sources\common\Umul16.c
		___wmul        		CODE           	143C6	0000	41

C:\Program Files (x86)\Microchip\xc8\v1.45\sources\common\Umul16.c estimated size: 41

C:\Program Files (x86)\Microchip\xc8\v1.45\sources\common\ftge.c
		___ftge        		CODE           	13726	0000	171

C:\Program Files (x86)\Microchip\xc8\v1.45\sources\common\ftge.c estimated size: 171

mcc_generated_files/pin_manager.c
		_PIN_MANAGER_Initialize		CODE           	137D0	0000	163

mcc_generated_files/pin_manager.c estimated size: 163

C:\Program Files (x86)\Microchip\xc8\v1.45\sources\common\ftdivl.c
		__tdiv_to_l_   		CODE           	129F2	0000	345

C:\Program Files (x86)\Microchip\xc8\v1.45\sources\common\ftdivl.c estimated size: 345

C:\Program Files (x86)\Microchip\xc8\v1.45\sources\common\ftmul.c
		___ftmul       		CODE           	13126	0000	247

C:\Program Files (x86)\Microchip\xc8\v1.45\sources\common\ftmul.c estimated size: 247

C:\Program Files (x86)\Microchip\xc8\v1.45\sources\common\awmod.c
		___awmod       		CODE           	13C36	0000	115

C:\Program Files (x86)\Microchip\xc8\v1.45\sources\common\awmod.c estimated size: 115

C:\Program Files (x86)\Microchip\xc8\v1.45\sources\common\ftdiv.c
		___ftdiv       		CODE           	13404	0000	231

C:\Program Files (x86)\Microchip\xc8\v1.45\sources\common\ftdiv.c estimated size: 231

C:\Program Files (x86)\Microchip\xc8\v1.45\sources\common\llmod.c
		___llmod       		CODE           	13BC2	0000	117

C:\Program Files (x86)\Microchip\xc8\v1.45\sources\common\llmod.c estimated size: 117

C:\Program Files (x86)\Microchip\xc8\v1.45\sources\common\fldivl.c
		__div_to_l_    		CODE           	12B4A	0000	331

C:\Program Files (x86)\Microchip\xc8\v1.45\sources\common\fldivl.c estimated size: 331

mcc_generated_files/tmr7.c
		_TMR7_DefaultInterruptHandler		CODE           	1463E	0000	3
		_TMR7_WriteTimer		CODE           	14462	0000	39
		_TMR7_ISR      		CODE           	14330	0000	53
		_TMR7_Initialize		CODE           	1408C	0000	79
		_TMR7_SetInterruptHandler		CODE           	145C8	0000	15

mcc_generated_files/tmr7.c estimated size: 189

shared
		i2_printf      		CODE           	10790	0000	1915
		i2___ftneg     		CODE           	144D4	0000	37
		i2_putch       		CODE           	14628	0000	11
		i2___ftadd     		CODE           	12846	0000	429
		__powers_      		MEDIUMCONST    	F9A1	0000	40
		i2___fttol     		CODE           	1321C	0000	245
		_dpowers       		MEDIUMCONST    	F979	0000	41
		i2___ftge      		CODE           	139A6	0000	145
		i2___awdiv     		CODE           	13ABC	0000	133
		i2__tdiv_to_l_ 		CODE           	12DD4	0000	307
		i2___ftmul     		CODE           	13310	0000	245
		i2___wmul      		CODE           	14488	0000	39
		i2__div_to_l_  		CODE           	12F06	0000	297
		__npowers_     		MEDIUMCONST    	F9C8	0000	40
		i2___ftpack    		CODE           	13678	0000	175
		i2_scale       		CODE           	113AE	0000	1105
		i2___lldiv     		CODE           	13B40	0000	131
		__initialization		CODE           	13FE2	0000	81
		i2___lltoft    		CODE           	13F86	0000	93
		i2___ftsub     		CODE           	1427C	0000	65
		i2___awmod     		CODE           	13CA8	0000	113
		i2_EUSART2_Write		CODE           	1416E	0000	71
		i2___llmod     		CODE           	13E5A	0000	103
		i2_fround      		CODE           	12422	0000	631

shared estimated size: 6492

mcc_generated_files/mcc.c
		_PMD_Initialize		CODE           	1451C	0000	29
		_OSCILLATOR_Initialize		CODE           	14538	0000	29
		_SYSTEM_Initialize		CODE           	1443C	0000	39

mcc_generated_files/mcc.c estimated size: 97

ring_buffer_interface.c
		_terminal_ringBufferPull		CODE           	12C94	0000	321
		_terminal_textAttributes		CODE           	11B76	0000	873
		_terminal_textAttributesReset		CODE           	14568	0000	19
		_terminal_setCursorHome		CODE           	1457A	0000	17
		_terminal_printNewline		CODE           	1458A	0000	17
		_terminal_clearTerminal		CODE           	1459A	0000	17

ring_buffer_interface.c estimated size: 1264

C:\Program Files (x86)\Microchip\xc8\v1.45\sources\common\fttol.c
		___fttol       		CODE           	1302E	0000	249

C:\Program Files (x86)\Microchip\xc8\v1.45\sources\common\fttol.c estimated size: 249

C:\Program Files (x86)\Microchip\xc8\v1.45\sources\common\awdiv.c
		___awdiv       		CODE           	13A36	0000	135

C:\Program Files (x86)\Microchip\xc8\v1.45\sources\common\awdiv.c estimated size: 135

C:\Program Files (x86)\Microchip\xc8\v1.45\sources\common\strcat.c
		_strcat        		CODE           	140DA	0000	77

C:\Program Files (x86)\Microchip\xc8\v1.45\sources\common\strcat.c estimated size: 77

C:\Program Files (x86)\Microchip\xc8\v1.45\sources\common\ftadd.c
		___ftadd       		CODE           	12698	0000	431

C:\Program Files (x86)\Microchip\xc8\v1.45\sources\common\ftadd.c estimated size: 431

C:\Program Files (x86)\Microchip\xc8\v1.45\sources\common\lldiv.c
		___lldiv       		CODE           	1390E	0000	153

C:\Program Files (x86)\Microchip\xc8\v1.45\sources\common\lldiv.c estimated size: 153

ring_buffer_LUT.c
		_ringBufferLUT 		CODE           	117FE	0000	889

ring_buffer_LUT.c estimated size: 889

mcc_generated_files/adcc.c
		_ADCC_DefaultInterruptHandler		CODE           	14642	0000	3
		_ADCC_GetConversionResult		CODE           	14554	0000	21
		_ADCC_SetADIInterruptHandler		CODE           	14600	0000	15
		_ADCC_ISR      		CODE           	144AE	0000	39
		_ADCC_StartConversion		CODE           	1460E	0000	15
		_ADCC_Initialize		CODE           	13EC0	0000	101
		_ADCC_IsConversionDone		CODE           	1461C	0000	13

mcc_generated_files/adcc.c estimated size: 207

main.c
		_acquisitionTimerCallback		CODE           	1423A	0000	67
		_main          		CODE           	13D18	0000	111
		_heartbeatTimerCallback		CODE           	14396	0000	49
		_ADC_postProcessingCallback		CODE           	11EDE	0000	683

main.c estimated size: 910

C:\Program Files (x86)\Microchip\xc8\v1.45\sources\common\strlen.c
		_strlen        		CODE           	142BC	0000	63

C:\Program Files (x86)\Microchip\xc8\v1.45\sources\common\strlen.c estimated size: 63

C:\Program Files (x86)\Microchip\xc8\v1.45\sources\common\lwtoft.c
		___lwtoft      		CODE           	144F8	0000	37

C:\Program Files (x86)\Microchip\xc8\v1.45\sources\common\lwtoft.c estimated size: 37

C:\Program Files (x86)\Microchip\xc8\v1.45\sources\common\strcmp.c
		_strcmp        		CODE           	1403C	0000	81

C:\Program Files (x86)\Microchip\xc8\v1.45\sources\common\strcmp.c estimated size: 81

C:\Program Files (x86)\Microchip\xc8\v1.45\sources\common\strncpy.c
		_strncpy       		CODE           	13D86	0000	111

C:\Program Files (x86)\Microchip\xc8\v1.45\sources\common\strncpy.c estimated size: 111

