Microchip MPLAB XC8 Compiler V1.45 ()

Linker command line:

-W-3 --edf=C:\Program Files (x86)\Microchip\xc8\v1.45\dat\en_msgs.txt -cs \
  -h+dist/default/production\AC_Power_Meter.X.production.sym \
  --cmf=dist/default/production\AC_Power_Meter.X.production.cmf -z \
  -Q18LF67K40 -oC:\Users\DREWMA~1\AppData\Local\Temp\sbgg.2 \
  -Mdist/default/production/AC_Power_Meter.X.production.map -E1 -ver=XC8 \
  --acfsm=1493 -ASTACK=0680h-0de9h -pstack=STACK -ACODE=00h-01FFFFh \
  -ACONST=00h-01FFFFh -ASMALLCONST=0E00h-0EFFhx498 \
  -AMEDIUMCONST=0E00h-0FFFFh,010E00h-01FFFFh -ACOMRAM=01h-05Fh \
  -AABS1=00h-0DE9h -ABIGRAM=01h-0DE9h \
  -ARAM=060h-0FFh,0100h-01FFhx12,0D00h-0DE9h -ABANK0=060h-0FFh \
  -ABANK1=0100h-01FFh -ABANK2=0200h-02FFh -ABANK3=0300h-03FFh \
  -ABANK4=0400h-04FFh -ABANK5=0500h-05FFh -ABANK6=0600h-06FFh \
  -ABANK7=0700h-07FFh -ABANK8=0800h-08FFh -ABANK9=0900h-09FFh \
  -ABANK10=0A00h-0AFFh -ABANK11=0B00h-0BFFh -ABANK12=0C00h-0CFFh \
  -ABANK13=0D00h-0DE9h \
  -ASFR=0DEFh-0DFFh,0E00h-0EFFh,0F00h-0F5Fh,0F60h-0FFFh \
  -preset_vec=00h,intcode=08h,intcodelo=018h,powerup,init -pramtop=0E00h \
  -psmallconst=SMALLCONST -pmediumconst=MEDIUMCONST -pconst=CONST \
  -AFARRAM=00h-00h -ACONFIG=0300000h-030000Bh -pconfig=CONFIG \
  -AIDLOC=0200000h-020000Fh -pidloc=IDLOC -AEEDATA=0310000h-03103FFh \
  -peeprom_data=EEDATA \
  -prdata=COMRAM,nvrram=COMRAM,nvbit=COMRAM,rbss=COMRAM,rbit=COMRAM \
  -pfarbss=FARRAM,fardata=FARRAM,nvFARRAM=FARRAM \
  -pintsave_regs=BIGRAM,bigbss=BIGRAM,bigdata=BIGRAM -pbss=RAM \
  -pidata=CODE,irdata=CODE,ibigdata=CODE,ifardata=CODE -prparam=COMRAM \
  C:\Users\DREWMA~1\AppData\Local\Temp\sbgg.obj \
  dist/default/production\AC_Power_Meter.X.production.obj 

Object code version is 3.11

Machine type is 18LF67K40

Call graph: (short form)




                Name                               Link     Load   Length Selector   Space Scale
C:\Users\DREWMA~1\AppData\Local\Temp\sbgg.obj
                init                                10A      10A        4        C       0
                reset_vec                             0        0        4        0       0
                idloc                            200000   200000       10   200000       0
                config                           300000   300000        C   300000       0
dist/default/production\AC_Power_Meter.X.production.obj
                intcodelo                            18       18       F2        C       0
                intcode                               8        8        6        4       0
                temp                                 5F       5F        1        1       1
                mediumconst                        CBD6     CBD6     342A     65EB       0
                text259                            355E     355E       14        C       0
                text258                            3766     3766        4        C       0
                text257                            354A     354A       14        C       0
                text256                            36C4     36C4        C        C       0
                text255                            3762     3762        4        C       0
                text254                            3094     3094       2A        C       0
                text253                           1B38C    1B38C      33E     8000       0
                text252                           1F9CC    1F9CC      122     8000       0
                text251                             78C      78C       DC        C       0
                text250                           1EDD6    1EDD6      150     8000       0
                text249                            19DC     19DC       7A        C       0
                text248                           1FC0A    1FC0A      114     8000       0
                text247                           1D64A    1D64A      2B6     8000       0
                text246                            3066     3066       2E        C       0
                text245                            27A6     27A6       48        C       0
                text244                           1A9C0    1A9C0      350     8000       0
                text243                             20E      20E      100        C       0
                text242                           1BFFA    1BFFA      300     8000       0
                text241                            186C     186C       7C        C       0
                text240                            2D2E     2D2E       3C        C       0
                text239                           1E73A    1E73A      238     8000       0
                text238                           1C88A    1C88A      2C8     8000       0
                text237                           1BCEA    1BCEA      310     8000       0
                text236                            1C8A     1C8A       70        C       0
                text235                           1E080    1E080      24A     8000       0
                text234                           17542    17542      B2E     8000       0
                text233                            3774     3774        2        C       0
                text232                            3136     3136       28        C       0
                text231                            16EE     16EE       82        C       0
                text230                            1FD2     1FD2       66        C       0
                text229                            3268     3268       26        C       0
                text228                           1F660    1F660      128     8000       0
                text227                           1F2DA    1F2DA      132     8000       0
                text226                            166A     166A       84        C       0
                text225                            1C1A     1C1A       70        C       0
                text224                           1D900    1D900      2AE     8000       0
                text223                            33FA     33FA       1E        C       0
                text222                            287A     287A       46        C       0
                text221                            3702     3702        A        C       0
                text220                           19B34    19B34      480     8000       0
                text219                           13E6E    13E6E     1F20     8000       0
                text218                            2CF2     2CF2       3C        C       0
                text217                             D8C      D8C       B0        C       0
                text216                            2D6A     2D6A       3A        C       0
                text215                            2518     2518       4C        C       0
                text214                            2A8E     2A8E       40        C       0
                text213                            3740     3740        6        C       0
                text212                            33DC     33DC       1E        C       0
                text211                            29CC     29CC       42        C       0
                text210                           1DBAE    1DBAE      26C     8000       0
                text209                            375E     375E        4        C       0
                text208                            3450     3450       1C        C       0
                text207                            351C     351C       18        C       0
                text206                            3772     3772        2        C       0
                text205                            32D6     32D6       24        C       0
                text204                            36F8     36F8        A        C       0
                text203                            3504     3504       18        C       0
                text202                            247E     247E       4E        C       0
                text201                            15E6     15E6       84        C       0
                text200                            3770     3770        2        C       0
                text199                            32B2     32B2       24        C       0
                text198                            3242     3242       26        C       0
                text197                            375A     375A        4        C       0
                text196                            36B8     36B8        C        C       0
                text195                            376E     376E        2        C       0
                text194                            2EB0     2EB0       34        C       0
                intcode_body                      1FD1E    1FD1E      108     8000       0
                text192                            2E12     2E12       36        C       0
                text191                            36EE     36EE        A        C       0
                text190                            103A     103A       A2        C       0
                text189                            2834     2834       46        C       0
                text188                            23E0     23E0       50        C       0
                text187                             EEA      EEA       AE        C       0
                text186                             9FA      9FA       C6        C       0
                text185                            2A4E     2A4E       40        C       0
                text184                            21A2     21A2       58        C       0
                text183                            1F04     1F04       68        C       0
                text182                            2CB6     2CB6       3C        C       0
                text181                            1962     1962       7A        C       0
                text180                            3756     3756        4        C       0
                text179                            373A     373A        6        C       0
                text178                            3752     3752        4        C       0
                text177                            3734     3734        6        C       0
                text176                            36E4     36E4        A        C       0
                text175                            369E     369E        E        C       0
                text174                             CDC      CDC       B0        C       0
                text173                             4E8      4E8       E8        C       0
                text172                            321C     321C       26        C       0
                text171                           1D394    1D394      2B6     8000       0
                text170                           1F8AA    1F8AA      122     8000       0
                text169                           1B04E    1B04E      33E     8000       0
                text168                           1A66E    1A66E      352     8000       0
                text167                             10E      10E      100        C       0
                text166                            3036     3036       30        C       0
                text165                            2B88     2B88       3E        C       0
                text164                           1E502    1E502      238     8000       0
                text163                           1C5C2    1C5C2      2C8     8000       0
                text162                           1B9DA    1B9DA      310     8000       0
                text161                            1BAA     1BAA       70        C       0
                text160                            3006     3006       30        C       0
                text159                            34BA     34BA       1A        C       0
                text158                            298A     298A       42        C       0
                text157                            3380     3380       20        C       0
                text156                            2C7A     2C7A       3C        C       0
                text155                            31F6     31F6       26        C       0
                text154                             6AE      6AE       DE        C       0
                text153                           1EC82    1EC82      154     8000       0
                text152                            17EE     17EE       7E        C       0
                text151                            117C     117C       A0        C       0
                text150                             B76      B76       B6        C       0
                text149                            275E     275E       48        C       0
                text148                            1562     1562       84        C       0
                text147                            1E9C     1E9C       68        C       0
                text146                            310E     310E       28        C       0
                text145                           1F536    1F536      12A     8000       0
                text144                           1F1A6    1F1A6      134     8000       0
                text143                            1458     1458       86        C       0
                text142                            1AC8     1AC8       72        C       0
                text141                           1CE18    1CE18      2C6     8000       0
                text140                            333E     333E       22        C       0
                text139                            2716     2716       48        C       0
                text138                            3690     3690        E        C       0
                text137                           19690    19690      4A4     8000       0
                text136                           11F3C    11F3C     1F32     8000       0
                text135                            2564     2564       4A        C       0
                text134                            26CE     26CE       48        C       0
                text133                           18070    18070      8C4     8000       0
                text132                            376C     376C        2        C       0
                text131                            328E     328E       24        C       0
                text130                            31D0     31D0       26        C       0
                text129                            2904     2904       44        C       0
                text128                            376A     376A        2        C       0
                text127                            30E6     30E6       28        C       0
                text126                            31AA     31AA       26        C       0
                text125                            372E     372E        6        C       0
                text124                            3714     3714        8        C       0
                text123                            3682     3682        E        C       0
                text122                            3596     3596       12        C       0
                text121                           1FFFE    1FFFE        2     8000       0
                text120                            2E7C     2E7C       34        C       0
                text118                            36DA     36DA        A        C       0
                text117                             F98      F98       A2        C       0
                text116                            27EE     27EE       46        C       0
                text115                            2390     2390       50        C       0
                text114                            1E34     1E34       68        C       0
                text113                            121C     121C       9A        C       0
                text112                            3674     3674        E        C       0
                text111                            1CFA     1CFA       6A        C       0
                text110                            3666     3666        E        C       0
                text109                            3658     3658        E        C       0
                text108                            1F6C     1F6C       66        C       0
                text107                            364A     364A        E        C       0
                text106                            33BE     33BE       1E        C       0
                text105                            370C     370C        8        C       0
                text104                            35D8     35D8       10        C       0
                text103                            2DDC     2DDC       36        C       0
                text102                            33A0     33A0       1E        C       0
                text101                            3434     3434       1C        C       0
                text100                             868      868       CC        C       0
                text99                             3418     3418       1C        C       0
                text98                             363C     363C        E        C       0
                text97                             2FD6     2FD6       30        C       0
                text96                             362E     362E        E        C       0
                text95                             2FA6     2FA6       30        C       0
                text94                             3620     3620        E        C       0
                text93                             2340     2340       50        C       0
                text92                             3612     3612        E        C       0
                text91                             2EE4     2EE4       32        C       0
                text90                             3604     3604        E        C       0
                text89                             21FA     21FA       54        C       0
                text88                             2B4A     2B4A       3E        C       0
                text87                             2098     2098       5A        C       0
                text86                             34A0     34A0       1A        C       0
                text85                             224E     224E       52        C       0
                text84                            1EF26    1EF26      14C     8000       0
                text83                            1F788    1F788      122     8000       0
                text82                             2B0C     2B0C       3E        C       0
                text81                             22F0     22F0       50        C       0
                text80                            1DE1A    1DE1A      266     8000       0
                text79                            1D0DE    1D0DE      2B6     8000       0
                text78                             2F76     2F76       30        C       0
                text77                            1AD10    1AD10      33E     8000       0
                text76                             2686     2686       48        C       0
                text75                              5D0      5D0       DE        C       0
                text74                             14DE     14DE       84        C       0
                text73                             1DCC     1DCC       68        C       0
                text72                             30BE     30BE       28        C       0
                text71                            1EB2E    1EB2E      154     8000       0
                text70                            1F40C    1F40C      12A     8000       0
                text69                            1F072    1F072      134     8000       0
                text68                             13D2     13D2       86        C       0
                text67                             1A56     1A56       72        C       0
                text66                            1A31C    1A31C      352     8000       0
                text65                            1CB52    1CB52      2C6     8000       0
                text64                             331C     331C       22        C       0
                text63                             263E     263E       48        C       0
                text62                             3486     3486       1A        C       0
                text61                            191EC    191EC      4A4     8000       0
                text60                            10000    10000     1F3C     8000       0
                text59                             2C3E     2C3E       3C        C       0
                text58                             35C8     35C8       10        C       0
                text57                             2430     2430       4E        C       0
                text56                              E3C      E3C       AE        C       0
                text55                              934      934       C6        C       0
                text54                             2A0E     2A0E       40        C       0
                text53                             214A     214A       58        C       0
                text52                             2C02     2C02       3C        C       0
                text51                             18E8     18E8       7A        C       0
                text50                             374E     374E        4        C       0
                text49                             3728     3728        6        C       0
                text48                             374A     374A        4        C       0
                text47                             3722     3722        6        C       0
                text46                             36D0     36D0        A        C       0
                text45                             35F6     35F6        E        C       0
                text44                              C2C      C2C       B0        C       0
                text43                              400      400       E8        C       0
                text42                             3184     3184       26        C       0
                text41                            1FE26    1FE26      100     8000       0
                text40                             2ACE     2ACE       3E        C       0
                text39                            1E2CA    1E2CA      238     8000       0
                text38                            1C2FA    1C2FA      2C8     8000       0
                text37                            1B6CA    1B6CA      310     8000       0
                text36                             1B3A     1B3A       70        C       0
                text35                             2F46     2F46       30        C       0
                text34                             346C     346C       1A        C       0
                text33                             2948     2948       42        C       0
                text32                             3360     3360       20        C       0
                text31                             2BC6     2BC6       3C        C       0
                text30                             315E     315E       26        C       0
                text29                             1770     1770       7E        C       0
                text28                             10DC     10DC       A0        C       0
                text27                              AC0      AC0       B6        C       0
                text26                             25F6     25F6       48        C       0
                text25                             25AE     25AE       48        C       0
                text24                            18934    18934      8B8     8000       0
                text23                             3746     3746        4        C       0
                text22                            1FF26    1FF26       D8     8000       0
                text21                             32FA     32FA       22        C       0
                text20                             35E8     35E8        E        C       0
                text19                             2E48     2E48       34        C       0
                text18                             3534     3534       16        C       0
                text17                             2F16     2F16       30        C       0
                text16                             2038     2038       60        C       0
                text15                             28C0     28C0       44        C       0
                text14                             22A0     22A0       50        C       0
                text13                             2DA4     2DA4       38        C       0
                text12                             20F2     20F2       58        C       0
                text11                             12B6     12B6       90        C       0
                text10                             1346     1346       8C        C       0
                text9                              35B8     35B8       10        C       0
                text8                              24CC     24CC       4C        C       0
                text7                              1D64     1D64       68        C       0
                text6                             19FB4    19FB4      368     8000       0
                text5                              3584     3584       12        C       0
                text4                             15D8E    15D8E     17B4     8000       0
                text3                             1FAEE    1FAEE      11C     8000       0
                text2                              35A8     35A8       10        C       0
                text1                              34EC     34EC       18        C       0
                text0                             1E972    1E972      1BC     8000       0
                cstackCOMRAM                          1        1       5E        1       1
                cstackBANK0                          60       60       93       60       1
                cstackBANK1                         100      100       D6      100       1
                cstackBANK2                         200      200       76      200       1
                cstackBANK3                         300      300       E3      300       1
                cstackBANK4                         4BE      4BE       25      400       1
                cstackBANK5                         591      591       4E      500       1
                bssBANK6                            600      600       80      600       1
                dataBANK5                           5DF      5DF       12      500       1
                bssBANK5                            500      500       91      500       1
                dataBANK4                           4E3      4E3       18      400       1
                bssBANK4                            400      400       BE      400       1
                bssBANK3                            3E3      3E3        C      300       1
                dataBANK2                           2CD      2CD        C      200       1
                bssBANK2                            276      276       57      200       1
                dataBANK1                           1EB      1EB        1      100       1
                bssBANK1                            1D6      1D6       15      100       1
                dataBANK0                            F3       F3        6       60       1
                bssBANK0                             F9       F9        4       60       1
                bitbssBANK0                         7E8       FD        2       60       1     8
                cinit                               30E      30E       F2        C       0
                nvBANK3                             3EF      3EF        1      300       1
                idataBANK5                         3572     3572       12        C       0
                idataBANK4                         34D4     34D4       18        C       0
                idataBANK2                         36AC     36AC        C        C       0
                idataBANK1                         3776     3776        1        C       0
                idataBANK0                         371C     371C        6        C       0

TOTAL           Name                               Link     Load   Length     Space
        CLASS   STACK          

        CLASS   CODE           
                intcodelo                            18       18       F2         0
                intcode                               8        8        6         0
                init                                10A      10A        4         0
                reset_vec                             0        0        4         0
                text259                            355E     355E       14         0
                text258                            3766     3766        4         0
                text257                            354A     354A       14         0
                text256                            36C4     36C4        C         0
                text255                            3762     3762        4         0
                text254                            3094     3094       2A         0
                text253                           1B38C    1B38C      33E         0
                text252                           1F9CC    1F9CC      122         0
                text251                             78C      78C       DC         0
                text250                           1EDD6    1EDD6      150         0
                text249                            19DC     19DC       7A         0
                text248                           1FC0A    1FC0A      114         0
                text247                           1D64A    1D64A      2B6         0
                text246                            3066     3066       2E         0
                text245                            27A6     27A6       48         0
                text244                           1A9C0    1A9C0      350         0
                text243                             20E      20E      100         0
                text242                           1BFFA    1BFFA      300         0
                text241                            186C     186C       7C         0
                text240                            2D2E     2D2E       3C         0
                text239                           1E73A    1E73A      238         0
                text238                           1C88A    1C88A      2C8         0
                text237                           1BCEA    1BCEA      310         0
                text236                            1C8A     1C8A       70         0
                text235                           1E080    1E080      24A         0
                text234                           17542    17542      B2E         0
                text233                            3774     3774        2         0
                text232                            3136     3136       28         0
                text231                            16EE     16EE       82         0
                text230                            1FD2     1FD2       66         0
                text229                            3268     3268       26         0
                text228                           1F660    1F660      128         0
                text227                           1F2DA    1F2DA      132         0
                text226                            166A     166A       84         0
                text225                            1C1A     1C1A       70         0
                text224                           1D900    1D900      2AE         0
                text223                            33FA     33FA       1E         0
                text222                            287A     287A       46         0
                text221                            3702     3702        A         0
                text220                           19B34    19B34      480         0
                text219                           13E6E    13E6E     1F20         0
                text218                            2CF2     2CF2       3C         0
                text217                             D8C      D8C       B0         0
                text216                            2D6A     2D6A       3A         0
                text215                            2518     2518       4C         0
                text214                            2A8E     2A8E       40         0
                text213                            3740     3740        6         0
                text212                            33DC     33DC       1E         0
                text211                            29CC     29CC       42         0
                text210                           1DBAE    1DBAE      26C         0
                text209                            375E     375E        4         0
                text208                            3450     3450       1C         0
                text207                            351C     351C       18         0
                text206                            3772     3772        2         0
                text205                            32D6     32D6       24         0
                text204                            36F8     36F8        A         0
                text203                            3504     3504       18         0
                text202                            247E     247E       4E         0
                text201                            15E6     15E6       84         0
                text200                            3770     3770        2         0
                text199                            32B2     32B2       24         0
                text198                            3242     3242       26         0
                text197                            375A     375A        4         0
                text196                            36B8     36B8        C         0
                text195                            376E     376E        2         0
                text194                            2EB0     2EB0       34         0
                intcode_body                      1FD1E    1FD1E      108         0
                text192                            2E12     2E12       36         0
                text191                            36EE     36EE        A         0
                text190                            103A     103A       A2         0
                text189                            2834     2834       46         0
                text188                            23E0     23E0       50         0
                text187                             EEA      EEA       AE         0
                text186                             9FA      9FA       C6         0
                text185                            2A4E     2A4E       40         0
                text184                            21A2     21A2       58         0
                text183                            1F04     1F04       68         0
                text182                            2CB6     2CB6       3C         0
                text181                            1962     1962       7A         0
                text180                            3756     3756        4         0
                text179                            373A     373A        6         0
                text178                            3752     3752        4         0
                text177                            3734     3734        6         0
                text176                            36E4     36E4        A         0
                text175                            369E     369E        E         0
                text174                             CDC      CDC       B0         0
                text173                             4E8      4E8       E8         0
                text172                            321C     321C       26         0
                text171                           1D394    1D394      2B6         0
                text170                           1F8AA    1F8AA      122         0
                text169                           1B04E    1B04E      33E         0
                text168                           1A66E    1A66E      352         0
                text167                             10E      10E      100         0
                text166                            3036     3036       30         0
                text165                            2B88     2B88       3E         0
                text164                           1E502    1E502      238         0
                text163                           1C5C2    1C5C2      2C8         0
                text162                           1B9DA    1B9DA      310         0
                text161                            1BAA     1BAA       70         0
                text160                            3006     3006       30         0
                text159                            34BA     34BA       1A         0
                text158                            298A     298A       42         0
                text157                            3380     3380       20         0
                text156                            2C7A     2C7A       3C         0
                text155                            31F6     31F6       26         0
                text154                             6AE      6AE       DE         0
                text153                           1EC82    1EC82      154         0
                text152                            17EE     17EE       7E         0
                text151                            117C     117C       A0         0
                text150                             B76      B76       B6         0
                text149                            275E     275E       48         0
                text148                            1562     1562       84         0
                text147                            1E9C     1E9C       68         0
                text146                            310E     310E       28         0
                text145                           1F536    1F536      12A         0
                text144                           1F1A6    1F1A6      134         0
                text143                            1458     1458       86         0
                text142                            1AC8     1AC8       72         0
                text141                           1CE18    1CE18      2C6         0
                text140                            333E     333E       22         0
                text139                            2716     2716       48         0
                text138                            3690     3690        E         0
                text137                           19690    19690      4A4         0
                text136                           11F3C    11F3C     1F32         0
                text135                            2564     2564       4A         0
                text134                            26CE     26CE       48         0
                text133                           18070    18070      8C4         0
                text132                            376C     376C        2         0
                text131                            328E     328E       24         0
                text130                            31D0     31D0       26         0
                text129                            2904     2904       44         0
                text128                            376A     376A        2         0
                text127                            30E6     30E6       28         0
                text126                            31AA     31AA       26         0
                text125                            372E     372E        6         0
                text124                            3714     3714        8         0
                text123                            3682     3682        E         0
                text122                            3596     3596       12         0
                text121                           1FFFE    1FFFE        2         0
                text120                            2E7C     2E7C       34         0
                text118                            36DA     36DA        A         0
                text117                             F98      F98       A2         0
                text116                            27EE     27EE       46         0
                text115                            2390     2390       50         0
                text114                            1E34     1E34       68         0
                text113                            121C     121C       9A         0
                text112                            3674     3674        E         0
                text111                            1CFA     1CFA       6A         0
                text110                            3666     3666        E         0
                text109                            3658     3658        E         0
                text108                            1F6C     1F6C       66         0
                text107                            364A     364A        E         0
                text106                            33BE     33BE       1E         0
                text105                            370C     370C        8         0
                text104                            35D8     35D8       10         0
                text103                            2DDC     2DDC       36         0
                text102                            33A0     33A0       1E         0
                text101                            3434     3434       1C         0
                text100                             868      868       CC         0
                text99                             3418     3418       1C         0
                text98                             363C     363C        E         0
                text97                             2FD6     2FD6       30         0
                text96                             362E     362E        E         0
                text95                             2FA6     2FA6       30         0
                text94                             3620     3620        E         0
                text93                             2340     2340       50         0
                text92                             3612     3612        E         0
                text91                             2EE4     2EE4       32         0
                text90                             3604     3604        E         0
                text89                             21FA     21FA       54         0
                text88                             2B4A     2B4A       3E         0
                text87                             2098     2098       5A         0
                text86                             34A0     34A0       1A         0
                text85                             224E     224E       52         0
                text84                            1EF26    1EF26      14C         0
                text83                            1F788    1F788      122         0
                text82                             2B0C     2B0C       3E         0
                text81                             22F0     22F0       50         0
                text80                            1DE1A    1DE1A      266         0
                text79                            1D0DE    1D0DE      2B6         0
                text78                             2F76     2F76       30         0
                text77                            1AD10    1AD10      33E         0
                text76                             2686     2686       48         0
                text75                              5D0      5D0       DE         0
                text74                             14DE     14DE       84         0
                text73                             1DCC     1DCC       68         0
                text72                             30BE     30BE       28         0
                text71                            1EB2E    1EB2E      154         0
                text70                            1F40C    1F40C      12A         0
                text69                            1F072    1F072      134         0
                text68                             13D2     13D2       86         0
                text67                             1A56     1A56       72         0
                text66                            1A31C    1A31C      352         0
                text65                            1CB52    1CB52      2C6         0
                text64                             331C     331C       22         0
                text63                             263E     263E       48         0
                text62                             3486     3486       1A         0
                text61                            191EC    191EC      4A4         0
                text60                            10000    10000     1F3C         0
                text59                             2C3E     2C3E       3C         0
                text58                             35C8     35C8       10         0
                text57                             2430     2430       4E         0
                text56                              E3C      E3C       AE         0
                text55                              934      934       C6         0
                text54                             2A0E     2A0E       40         0
                text53                             214A     214A       58         0
                text52                             2C02     2C02       3C         0
                text51                             18E8     18E8       7A         0
                text50                             374E     374E        4         0
                text49                             3728     3728        6         0
                text48                             374A     374A        4         0
                text47                             3722     3722        6         0
                text46                             36D0     36D0        A         0
                text45                             35F6     35F6        E         0
                text44                              C2C      C2C       B0         0
                text43                              400      400       E8         0
                text42                             3184     3184       26         0
                text41                            1FE26    1FE26      100         0
                text40                             2ACE     2ACE       3E         0
                text39                            1E2CA    1E2CA      238         0
                text38                            1C2FA    1C2FA      2C8         0
                text37                            1B6CA    1B6CA      310         0
                text36                             1B3A     1B3A       70         0
                text35                             2F46     2F46       30         0
                text34                             346C     346C       1A         0
                text33                             2948     2948       42         0
                text32                             3360     3360       20         0
                text31                             2BC6     2BC6       3C         0
                text30                             315E     315E       26         0
                text29                             1770     1770       7E         0
                text28                             10DC     10DC       A0         0
                text27                              AC0      AC0       B6         0
                text26                             25F6     25F6       48         0
                text25                             25AE     25AE       48         0
                text24                            18934    18934      8B8         0
                text23                             3746     3746        4         0
                text22                            1FF26    1FF26       D8         0
                text21                             32FA     32FA       22         0
                text20                             35E8     35E8        E         0
                text19                             2E48     2E48       34         0
                text18                             3534     3534       16         0
                text17                             2F16     2F16       30         0
                text16                             2038     2038       60         0
                text15                             28C0     28C0       44         0
                text14                             22A0     22A0       50         0
                text13                             2DA4     2DA4       38         0
                text12                             20F2     20F2       58         0
                text11                             12B6     12B6       90         0
                text10                             1346     1346       8C         0
                text9                              35B8     35B8       10         0
                text8                              24CC     24CC       4C         0
                text7                              1D64     1D64       68         0
                text6                             19FB4    19FB4      368         0
                text5                              3584     3584       12         0
                text4                             15D8E    15D8E     17B4         0
                text3                             1FAEE    1FAEE      11C         0
                text2                              35A8     35A8       10         0
                text1                              34EC     34EC       18         0
                text0                             1E972    1E972      1BC         0
                cinit                               30E      30E       F2         0
                idataBANK5                         3572     3572       12         0
                idataBANK4                         34D4     34D4       18         0
                idataBANK2                         36AC     36AC        C         0
                idataBANK1                         3776     3776        1         0
                idataBANK0                         371C     371C        6         0

        CLASS   CONST          

        CLASS   SMALLCONST     

        CLASS   MEDIUMCONST    
                mediumconst                        CBD6     CBD6     342A         0

        CLASS   COMRAM         
                temp                                 5F       5F        1         1
                cstackCOMRAM                          1        1       5E         1

        CLASS   ABS1           

        CLASS   BIGRAM         

        CLASS   RAM            

        CLASS   BANK0          
                cstackBANK0                          60       60       93         1
                dataBANK0                            F3       F3        6         1
                bssBANK0                             F9       F9        4         1
                bitbssBANK0                         7E8       FD        2         1

        CLASS   BANK1          
                cstackBANK1                         100      100       D6         1
                dataBANK1                           1EB      1EB        1         1
                bssBANK1                            1D6      1D6       15         1

        CLASS   BANK2          
                cstackBANK2                         200      200       76         1
                dataBANK2                           2CD      2CD        C         1
                bssBANK2                            276      276       57         1

        CLASS   BANK3          
                cstackBANK3                         300      300       E3         1
                bssBANK3                            3E3      3E3        C         1
                nvBANK3                             3EF      3EF        1         1

        CLASS   BANK4          
                cstackBANK4                         4BE      4BE       25         1
                dataBANK4                           4E3      4E3       18         1
                bssBANK4                            400      400       BE         1

        CLASS   BANK5          
                cstackBANK5                         591      591       4E         1
                dataBANK5                           5DF      5DF       12         1
                bssBANK5                            500      500       91         1

        CLASS   BANK6          
                bssBANK6                            600      600       80         1

        CLASS   BANK7          

        CLASS   BANK8          

        CLASS   BANK9          

        CLASS   BANK10         

        CLASS   BANK11         

        CLASS   BANK12         

        CLASS   BANK13         

        CLASS   SFR            

        CLASS   FARRAM         

        CLASS   CONFIG         
                config                           300000   300000        C         0

        CLASS   IDLOC          
                idloc                            200000   200000       10         0

        CLASS   EEDATA         



SEGMENTS        Name                           Load    Length   Top    Selector   Space  Class

                reset_vec                      000000  000004  000004         0       0  CODE    
                cstackCOMRAM                   000001  00005F  000060         1       1  COMRAM  
                intcode                        000008  000006  00000E         4       0  CODE    
                intcodelo                      000018  00375F  003777         C       0  CODE    
                cstackBANK0                    000060  00009E  0000FE        60       1  BANK0   
                cstackBANK1                    000100  0000EC  0001EC       100       1  BANK1   
                cstackBANK2                    000200  0000D9  0002D9       200       1  BANK2   
                cstackBANK3                    000300  0000F0  0003F0       300       1  BANK3   
                bssBANK4                       000400  0000FB  0004FB       400       1  BANK4   
                bssBANK5                       000500  0000F1  0005F1       500       1  BANK5   
                bssBANK6                       000600  000080  000680       600       1  BANK6   
                mediumconst                    00CBD6  00342A  010000      65EB       0  MEDIUMCO
                text60                         010000  010000  020000      8000       0  CODE    
                idloc                          200000  000010  200010    200000       0  IDLOC   
                config                         300000  00000C  30000C    300000       0  CONFIG  


UNUSED ADDRESS RANGES

        Name                Unused          Largest block    Delta
        BANK0            0000FE-0000FF                2
        BANK1            0001EC-0001FF               14
        BANK10           000A00-000AFF              100
        BANK11           000B00-000BFF              100
        BANK12           000C00-000CFF              100
        BANK13           000D00-000DE9               EA
        BANK2            0002D9-0002FF               27
        BANK3            0003F0-0003FF               10
        BANK4            0004FB-0004FF                5
        BANK5            0005F1-0005FF                F
        BANK6            000680-0006FF               80
        BANK7            000700-0007FF              100
        BANK8            000800-0008FF              100
        BANK9            000900-0009FF              100
        BIGRAM           0000FE-0000FF                2
                         0001EC-0001FF               14
                         0002D9-0002FF               27
                         0003F0-0003FF               10
                         0004FB-0004FF                5
                         0005F1-0005FF                F
                         000680-000DE9              76A
        CODE             000004-000007                4
                         00000E-000017                A
                         003777-00CBD5             945F
        CONST            000004-000007                4
                         00000E-000017                A
                         003777-00CBD5             945F
        EEDATA           310000-3103FF              400
        MEDIUMCONST      003777-00CBD5             945F
        RAM              0000FE-0000FF                2
                         0001EC-0001FF               14
                         0002D9-0002FF               27
                         0003F0-0003FF               10
                         0004FB-0004FF                5
                         0005F1-0005FF                F
                         000680-000DE9              100
        SFR              000DEF-000FFF              100
        SMALLCONST       003777-00CBD5              100
        STACK            000680-000DE9              76A

                                  Symbol Table

?_ADCC_GetConversionResult                     cstackCOMRAM 000001
?_ADCC_GetFilterValue                          cstackCOMRAM 000001
?_FLASH_ReadWord                               cstackBANK3  000304
?___awdiv                                      cstackBANK3  000306
?___awmod                                      cstackBANK3  000300
?___fladd                                      cstackBANK3  000334
?___fldiv                                      cstackBANK3  000348
?___flmul                                      cstackBANK3  000361
?___flneg                                      cstackBANK3  000330
?___flsub                                      cstackBANK3  000348
?___fltol                                      cstackBANK3  00030E
?___ftdiv                                      cstackBANK3  00030B
?___ftpack                                     cstackBANK3  000300
?___lldiv                                      cstackBANK3  000300
?___llmod                                      cstackBANK3  00030D
?___lwtoft                                     cstackBANK3  000308
?___wmul                                       cstackBANK3  000300
?___xxtofl                                     cstackBANK3  000318
?__div_to_l_                                   cstackBANK3  000300
?__doprnt                                      cstackBANK3  000387
?__tdiv_to_l_                                  cstackBANK3  000300
?_abs                                          cstackBANK0  00007D
?_acos                                         cstackBANK3  0003B7
?_asin                                         cstackBANK3  00039F
?_atan                                         cstackBANK3  00038A
?_atoi                                         cstackBANK3  000306
?_currentMeasuredToPeak                        cstackBANK0  0000AC
?_eval_poly                                    cstackBANK3  00037A
?_fabs                                         cstackBANK3  000334
?_floor                                        cstackBANK0  000089
?_fround                                       cstackBANK3  00037A
?_getCauseOfResetString                        cstackBANK3  000300
?_getCauseOfResetStringSmall                   cstackBANK3  000300
?_getDeviceID                                  cstackBANK3  00030B
?_getDeviceIDString                            cstackBANK3  00030D
?_getUserID                                    cstackBANK3  00030B
?_peakToRMS                                    cstackBANK0  0000C2
?_printf                                       cstackBANK3  0003B1
?_readDoubleFromEEPROM                         cstackBANK3  000302
?_round                                        cstackBANK3  0003BF
?_scale                                        cstackBANK3  00037A
?_sin                                          cstackBANK0  00009B
?_sprintf                                      cstackBANK3  0003B1
?_sqrt                                         cstackBANK3  00037A
?_strchr                                       cstackBANK3  000300
?_strcmp                                       cstackBANK3  000300
?_strlen                                       cstackBANK3  000300
?_strncmp                                      cstackBANK3  000306
?_strstr                                       cstackBANK3  00030F
?_trunc                                        cstackBANK3  000326
?i1_FLASH_ReadWord                             cstackBANK1  000116
?i1___awdiv                                    cstackBANK1  000118
?i1___awmod                                    cstackBANK1  000112
?i1___fladd                                    cstackBANK1  000181
?i1___fldiv                                    cstackBANK1  000120
?i1___flmul                                    cstackBANK1  000139
?i1___flneg                                    cstackBANK1  00017D
?i1___flsub                                    cstackBANK1  000195
?i1___fltol                                    cstackBANK1  00015B
?i1___ftdiv                                    cstackBANK1  00011D
?i1___ftpack                                   cstackBANK1  000112
?i1___lldiv                                    cstackBANK1  000112
?i1___llmod                                    cstackBANK1  00011F
?i1___lwtoft                                   cstackBANK1  00011A
?i1___wmul                                     cstackBANK1  000112
?i1___xxtofl                                   cstackBANK1  000165
?i1__div_to_l_                                 cstackBANK1  000112
?i1__tdiv_to_l_                                cstackBANK1  000112
?i1_acos                                       cstackBANK1  0001D2
?i1_asin                                       cstackBANK1  0001BA
?i1_atan                                       cstackBANK1  0001A5
?i1_eval_poly                                  cstackBANK1  000195
?i1_fabs                                       cstackBANK1  000181
?i1_fround                                     cstackBANK1  000152
?i1_getCauseOfResetStringSmall                 cstackBANK1  000112
?i1_getDeviceID                                cstackBANK1  00011D
?i1_round                                      cstackBANK2  000204
?i1_scale                                      cstackBANK1  000152
?i1_sprintf                                    cstackBANK1  0001CB
?i1_sqrt                                       cstackBANK1  000195
?i1_trunc                                      cstackBANK1  000173
?i2___awdiv                                    cstackCOMRAM 000007
?i2___awmod                                    cstackCOMRAM 000001
?i2___fladd                                    cstackBANK0  00006D
?i2___fldiv                                    cstackCOMRAM 000049
?i2___flmul                                    cstackCOMRAM 00000F
?i2___flneg                                    cstackCOMRAM 000055
?i2___flsub                                    cstackBANK0  000093
?i2___fltol                                    cstackCOMRAM 000031
?i2___lldiv                                    cstackCOMRAM 000001
?i2___llmod                                    cstackCOMRAM 00000E
?i2___wmul                                     cstackCOMRAM 000001
?i2___xxtofl                                   cstackCOMRAM 00003B
?i2__div_to_l_                                 cstackCOMRAM 000001
?i2__doprnt                                    cstackBANK0  00009B
?i2__tdiv_to_l_                                cstackCOMRAM 000001
?i2_acos                                       cstackBANK0  0000BA
?i2_asin                                       cstackBANK0  0000A2
?i2_atan                                       cstackBANK0  00008D
?i2_eval_poly                                  cstackBANK0  00007D
?i2_fabs                                       cstackCOMRAM 000059
?i2_fround                                     cstackCOMRAM 000028
?i2_printf                                     cstackBANK0  0000C5
?i2_readDoubleFromEEPROM                       cstackCOMRAM 000003
?i2_scale                                      cstackCOMRAM 000028
?i2_sqrt                                       cstackBANK0  00007D
ADCC_SetADTIInterruptHandler@InterruptHandler  cstackBANK3  000300
ADCC_StartConversion@channel                   cstackBANK1  000112
ADC_PostProcessingCallback@current_adc_channel cstackBANK0  0000EA
DATAEE_ReadByte@bAdd                           cstackBANK3  000300
DATAEE_WriteByte@GIEBitValue                   cstackBANK3  000303
DATAEE_WriteByte@bAdd                          cstackBANK3  000300
DATAEE_WriteByte@bData                         cstackBANK3  000302
EUSART2_Read@readValue                         cstackBANK3  000300
EUSART2_SetRxInterruptHandler@interruptHandler cstackBANK3  000300
EUSART2_SetTxInterruptHandler@interruptHandler cstackBANK3  000300
EUSART2_Write@txData                           cstackBANK3  000300
FLASH_ReadByte@flashAddr                       cstackBANK3  000300
FLASH_ReadWord@flashAddr                       cstackBANK3  000304
I2C1_ISR@i2c_10bit_address_restart             bssBANK1     0001E8
I2C1_ISR@i2c_address                           bssBANK0     0000FB
I2C1_ISR@i2c_bytes_left                        bssBANK1     0001E9
I2C1_ISR@pi2c_buf_ptr                          bssBANK1     0001DA
I2C1_MasterRead@trBlock                        bssBANK4     0004B4
I2C1_MasterTRBInsert@count                     cstackBANK3  000305
I2C1_MasterTRBInsert@pflag                     cstackBANK3  000302
I2C1_MasterTRBInsert@ptrb_list                 cstackBANK3  000300
I2C1_MasterWrite@address                       cstackBANK3  00030C
I2C1_MasterWrite@length                        cstackBANK3  00030B
I2C1_MasterWrite@pdata                         cstackBANK3  000309
I2C1_MasterWrite@pflag                         cstackBANK3  00030E
I2C1_MasterWrite@trBlock                       bssBANK4     0004B9
I2C1_MasterWriteTRBBuild@address               cstackBANK3  000305
I2C1_MasterWriteTRBBuild@length                cstackBANK3  000304
I2C1_MasterWriteTRBBuild@pdata                 cstackBANK3  000302
I2C1_MasterWriteTRBBuild@ptrb                  cstackBANK3  000300
I2C1_Stop@completion_code                      cstackCOMRAM 000003
INT0_SetInterruptHandler@InterruptHandler      cstackBANK3  000300
OLED_Clear@col                                 cstackBANK3  000323
OLED_Clear@row                                 cstackBANK3  000321
OLED_Command@data_array                        cstackBANK3  000312
OLED_Command@length                            cstackBANK3  000311
OLED_Command@temp                              cstackBANK3  000310
OLED_PutChar@ch                                cstackBANK3  000320
OLED_PutChar@data_array                        cstackBANK3  000314
OLED_PutChar@input_base                        cstackBANK3  00031D
OLED_PutChar@length                            cstackBANK3  00031F
OLED_WriteString@s                             cstackBANK3  000321
OLED_YX@Column                                 cstackBANK3  000314
OLED_YX@Row                                    cstackBANK3  000316
OLED_updateCallback@TRIAC_degrees              cstackBANK5  000595
OLED_updateCallback@angle_string               cstackBANK5  0005CE
OLED_updateCallback@dev_id_str                 cstackBANK5  00059B
OLED_updateCallback@percentage                 cstackBANK5  000598
OLED_updateCallback@percentage_string          cstackBANK5  0005BD
OLED_updateCallback@rev_id_str                 cstackBANK5  0005AC
TMR2_Counter8BitSet@timerVal                   cstackBANK3  000300
TMR2_SetInterruptHandler@InterruptHandler      cstackBANK3  000300
TMR2_WriteTimer@timerVal                       cstackBANK3  000301
TMR4_ISR@CountCallBack                         bssBANK1     0001E0
TMR4_SetInterruptHandler@InterruptHandler      cstackBANK3  000300
TMR5_SetInterruptHandler@InterruptHandler      cstackBANK3  000300
TMR5_WriteTimer@timerVal                       cstackCOMRAM 000001
TMR6_SetInterruptHandler@InterruptHandler      cstackBANK3  000300
TMR7_SetInterruptHandler@InterruptHandler      cstackBANK3  000300
TMR7_WriteTimer@timerVal                       cstackBANK1  000112
_ADACCH                                        (abs)        000F71
_ADACCL                                        (abs)        000F70
_ADACQ                                         (abs)        000F5C
_ADACT                                         (abs)        000F56
_ADCAP                                         (abs)        000F5D
_ADCC_ADTI_InterruptHandler                    bssBANK2     0002B1
_ADCC_ClearAccumulator                         text125      00372E
_ADCC_DefaultInterruptHandler                  text233      003774
_ADCC_DischargeSampleCapacitor                 text124      003714
_ADCC_GetConversionResult                      text259      00355E
_ADCC_GetCurrentCountofConversions             text258      003766
_ADCC_GetFilterValue                           text257      00354A
_ADCC_HasAccumulatorOverflowed                 text256      0036C4
_ADCC_Initialize                               text111      001CFA
_ADCC_SetADTIInterruptHandler                  text112      003674
_ADCC_StartConversion                          text123      003682
_ADCC_StopConversion                           text255      003762
_ADCC_ThresholdISR                             text232      003136
_ADCLK                                         (abs)        000F57
_ADCNT                                         (abs)        000F67
_ADCON0                                        (abs)        000F60
_ADCON0bits                                    (abs)        000F60
_ADCON1                                        (abs)        000F59
_ADCON1bits                                    (abs)        000F59
_ADCON2                                        (abs)        000F5A
_ADCON2bits                                    (abs)        000F5A
_ADCON3                                        (abs)        000F5B
_ADCON3bits                                    (abs)        000F5B
_ADC_PostProcessingCallback                    text234      017542
_ADC_PostProcessingCallback$6448               cstackBANK0  0000EB
_ADC_PostProcessingCallback$6449               cstackBANK0  0000EF
_ADC_PostProcessingCallback$6450               cstackBANK0  0000DA
_ADC_PostProcessingCallback$6451               cstackBANK0  0000DE
_ADC_PostProcessingCallback$6452               cstackBANK0  0000E2
_ADC_PostProcessingCallback$6453               cstackBANK0  0000E6
_ADC_Result_Scaling                            bssBANK2     00029A
_ADERRH                                        (abs)        000F6F
_ADERRL                                        (abs)        000F6E
_ADFLTRH                                       (abs)        000F73
_ADFLTRL                                       (abs)        000F72
_ADLTHH                                        (abs)        000F6B
_ADLTHL                                        (abs)        000F6A
_ADPCH                                         (abs)        000F5F
_ADPRE                                         (abs)        000F5E
_ADPREVH                                       (abs)        000F62
_ADPREVL                                       (abs)        000F61
_ADREF                                         (abs)        000F58
_ADRESH                                        (abs)        000F64
_ADRESL                                        (abs)        000F63
_ADRPT                                         (abs)        000F66
_ADSTAT                                        (abs)        000F65
_ADSTATbits                                    (abs)        000F65
_ADSTPTH                                       (abs)        000F69
_ADSTPTL                                       (abs)        000F68
_ADUTHH                                        (abs)        000F6D
_ADUTHL                                        (abs)        000F6C
_ANSELA                                        (abs)        000E92
_ANSELB                                        (abs)        000E9A
_ANSELD                                        (abs)        000EA7
_ANSELE                                        (abs)        000EAF
_ANSELF                                        (abs)        000EB4
_ANSELG                                        (abs)        000EBC
_AVSS_ADC_Result                               bssBANK3     0003EB
_Avg_Power                                     bssBANK2     000286
_BAUD2CON                                      (abs)        000EF7
_CountCallBack                                 bssBANK2     0002BB
_DATAEE_ReadByte                               text86       0034A0
_DATAEE_WriteByte                              text82       002B0C
_EUSART2_Initialize                            text108      001F6C
_EUSART2_Read                                  text57       002430
_EUSART2_Receive_ISR                           text217      000D8C
_EUSART2_RxDefaultInterruptHandler             bssBANK4     000424
_EUSART2_SetRxInterruptHandler                 text110      003666
_EUSART2_SetTxInterruptHandler                 text109      003658
_EUSART2_Transmit_ISR                          text192      002E12
_EUSART2_TxDefaultInterruptHandler             bssBANK4     000427
_EUSART2_Write                                 text63       00263E
_EXT_INT_Initialize                            text106      0033BE
_FLASH_ReadByte                                text34       00346C
_FLASH_ReadWord                                text33       002948
_FVRCON                                        (abs)        000EC4
_FVRCONbits                                    (abs)        000EC4
_FVR_ADC_Result                                bssBANK2     0002C8
_FVR_Initialize                                text105      00370C
_HLVDCON0                                      (abs)        000EC2
_HLVDCON0bits                                  (abs)        000EC2
_HLVDCON1                                      (abs)        000EC3
_HLVD_ISR                                      text214      002A8E
_HLVD_Initialize                               text104      0035D8
_I2C1_BusCollisionISR                          text213      003740
_I2C1_FunctionComplete                         text212      0033DC
_I2C1_ISR                                      text210      01DBAE
_I2C1_Initialize                               text103      002DDC
_I2C1_MasterTRBInsert                          text117      000F98
_I2C1_MasterWrite                              text115      002390
_I2C1_MasterWriteTRBBuild                      text116      0027EE
_I2C1_Stop                                     text211      0029CC
_I2C1_WaitForLastPacketToComplete              text118      0036DA
_INT0PPS                                       (abs)        000DF0
_INT0_CallBack                                 text205      0032D6
_INT0_DefaultInterruptHandler                  text206      003772
_INT0_ISR                                      text204      0036F8
_INT0_InterruptHandler                         bssBANK2     0002A8
_INT0_SetInterruptHandler                      text107      00364A
_INTCONbits                                    (abs)        000FF2
_INTERRUPT_Initialize                          text102      0033A0
_INTERRUPT_InterruptManagerHigh                intcode      000008
_INTERRUPT_InterruptManagerLow                 intcodelo    000018
_IPR0bits                                      (abs)        000E1F
_IPR1bits                                      (abs)        000E20
_IPR2bits                                      (abs)        000E21
_IPR3bits                                      (abs)        000E22
_IPR5bits                                      (abs)        000E24
_Imeas                                         bssBANK3     0003E7
_Ipk                                           bssBANK1     0001D6
_Irms                                          bssBANK2     00028A
_Irms_offset                                   dataBANK2    0002CD
_LATA                                          (abs)        000F79
_LATB                                          (abs)        000F7A
_LATC                                          (abs)        000F7B
_LATD                                          (abs)        000F7C
_LATE                                          (abs)        000F7D
_LATF                                          (abs)        000F7E
_LATFbits                                      (abs)        000F7E
_LATG                                          (abs)        000F7F
_LATGbits                                      (abs)        000F7F
_LATH                                          (abs)        000F80
_NVMADRH                                       (abs)        000F75
_NVMADRL                                       (abs)        000F74
_NVMCON1bits                                   (abs)        000F77
_NVMCON2                                       (abs)        000F78
_NVMDAT                                        (abs)        000F76
_ODCONA                                        (abs)        000E90
_ODCONB                                        (abs)        000E98
_ODCONC                                        (abs)        000EA0
_ODCOND                                        (abs)        000EA5
_ODCONE                                        (abs)        000EAD
_ODCONF                                        (abs)        000EB2
_ODCONG                                        (abs)        000EBA
_ODCONH                                        (abs)        000EBF
_OLED_Clear                                    text54       002A0E
[...]

mcc_generated_files/tmr4.c estimated size: 143

C:\Program Files (x86)\Microchip\xc8\v1.45\sources\common\round.c
		_round         		CODE           	0AC0	0000	183

C:\Program Files (x86)\Microchip\xc8\v1.45\sources\common\round.c estimated size: 183

mcc_generated_files/tmr2.c
		_TMR2_ISR      		CODE           	31D0	0000	39
		_TMR2_Initialize		CODE           	2FD6	0000	49
		_TMR2_Stop     		CODE           	374A	0000	5
		_TMR2_Start    		CODE           	374E	0000	5
		_TMR2_SetInterruptHandler		CODE           	363C	0000	15
		_TMR2_Counter8BitSet		CODE           	36D0	0000	11
		_TMR2_StopTimer		CODE           	3722	0000	7
		_TMR2_DefaultInterruptHandler		CODE           	376C	0000	3
		_TMR2_CallBack 		CODE           	328E	0000	37
		_TMR2_WriteTimer		CODE           	35F6	0000	15
		_TMR2_StartTimer		CODE           	3728	0000	7

mcc_generated_files/tmr2.c estimated size: 193

mcc_generated_files/interrupt_manager.c
		_INTERRUPT_Initialize		CODE           	33A0	0000	31
		_INTERRUPT_InterruptManagerLow		CODE           	0018	0000	243
		_INTERRUPT_InterruptManagerHigh		CODE           	0008	0000	271

mcc_generated_files/interrupt_manager.c estimated size: 545

C:\Program Files (x86)\Microchip\xc8\v1.45\sources\common\Umul16.c
		___wmul        		CODE           	30BE	0000	41

C:\Program Files (x86)\Microchip\xc8\v1.45\sources\common\Umul16.c estimated size: 41

mcc_generated_files/i2c1.c
		_I2C1_BusCollisionISR		CODE           	3740	0000	7
		_I2C1_FunctionComplete		CODE           	33DC	0000	31
		_I2C1_MasterWriteTRBBuild		CODE           	27EE	0000	71
		_I2C1_ISR      		CODE           	1DBAE	0000	621
		_I2C1_MasterWrite		CODE           	2390	0000	81
		_I2C1_Initialize		CODE           	2DDC	0000	55
		_I2C1_Stop     		CODE           	29CC	0000	67
		_I2C1_WaitForLastPacketToComplete		CODE           	36DA	0000	11
		_I2C1_MasterTRBInsert		CODE           	0F98	0000	163

mcc_generated_files/i2c1.c estimated size: 1107

double_to_EEPROM.c
		_readDoubleFromEEPROM		CODE           	224E	0000	83
		_writeDoubleToEEPROM		CODE           	22F0	0000	81

double_to_EEPROM.c estimated size: 164

C:\Program Files (x86)\Microchip\xc8\v1.45\sources\common\frexp.c
		_frexp         		CODE           	1770	0000	127

C:\Program Files (x86)\Microchip\xc8\v1.45\sources\common\frexp.c estimated size: 127

mcc_generated_files/pin_manager.c
		_PIN_MANAGER_Initialize		CODE           	0868	0000	205

mcc_generated_files/pin_manager.c estimated size: 205

C:\Program Files (x86)\Microchip\xc8\v1.45\sources\common\fabs.c
		_fabs          		CODE           	2ACE	0000	63

C:\Program Files (x86)\Microchip\xc8\v1.45\sources\common\fabs.c estimated size: 63

C:\Program Files (x86)\Microchip\xc8\v1.45\sources\common\isdigit.c
		_isdigit       		CODE           	331C	0000	35

C:\Program Files (x86)\Microchip\xc8\v1.45\sources\common\isdigit.c estimated size: 35

C:\Program Files (x86)\Microchip\xc8\v1.45\sources\common\sprcadd.c
		___flsub       		CODE           	2686	0000	73
		___fladd       		CODE           	1AD10	0000	831

C:\Program Files (x86)\Microchip\xc8\v1.45\sources\common\sprcadd.c estimated size: 904

C:\Program Files (x86)\Microchip\xc8\v1.45\sources\common\floor.c
		_floor         		CODE           	1FC0A	0000	277

C:\Program Files (x86)\Microchip\xc8\v1.45\sources\common\floor.c estimated size: 277

C:\Program Files (x86)\Microchip\xc8\v1.45\sources\common\ftdivl.c
		__tdiv_to_l_   		CODE           	1F072	0000	309

C:\Program Files (x86)\Microchip\xc8\v1.45\sources\common\ftdivl.c estimated size: 309

C:\Program Files (x86)\Microchip\xc8\v1.45\sources\common\awmod.c
		___awmod       		CODE           	1A56	0000	115

C:\Program Files (x86)\Microchip\xc8\v1.45\sources\common\awmod.c estimated size: 115

C:\Program Files (x86)\Microchip\xc8\v1.45\sources\common\strstr.c
		_strstr        		CODE           	1346	0000	141

C:\Program Files (x86)\Microchip\xc8\v1.45\sources\common\strstr.c estimated size: 141

device_IDs.c
		_getDeviceID   		CODE           	3360	0000	33
		_getUserID     		CODE           	28C0	0000	69
		_getMinorRevisionID		CODE           	315E	0000	39
		_getDeviceIDString		CODE           	2038	0000	97
		_getMajorRevisionID		CODE           	2BC6	0000	61

device_IDs.c estimated size: 299

C:\Program Files (x86)\Microchip\xc8\v1.45\sources\common\ftdiv.c
		___ftdiv       		CODE           	0400	0000	233

C:\Program Files (x86)\Microchip\xc8\v1.45\sources\common\ftdiv.c estimated size: 233

C:\Program Files (x86)\Microchip\xc8\v1.45\sources\common\acos.c
		_acos          		CODE           	1B3A	0000	113

C:\Program Files (x86)\Microchip\xc8\v1.45\sources\common\acos.c estimated size: 113

C:\Program Files (x86)\Microchip\xc8\v1.45\sources\common\llmod.c
		___llmod       		CODE           	1DCC	0000	105

C:\Program Files (x86)\Microchip\xc8\v1.45\sources\common\llmod.c estimated size: 105

C:\Program Files (x86)\Microchip\xc8\v1.45\sources\common\fldivl.c
		__div_to_l_    		CODE           	1F40C	0000	299

C:\Program Files (x86)\Microchip\xc8\v1.45\sources\common\fldivl.c estimated size: 299

C:\Program Files (x86)\Microchip\xc8\v1.45\sources\common\sprintf.c
		_sprintf       		CODE           	25F6	0000	73

C:\Program Files (x86)\Microchip\xc8\v1.45\sources\common\sprintf.c estimated size: 73

C:\Program Files (x86)\Microchip\xc8\v1.45\sources\common\fltol.c
		___fltol       		CODE           	05D0	0000	223

C:\Program Files (x86)\Microchip\xc8\v1.45\sources\common\fltol.c estimated size: 223

mcc_generated_files/ext_int.c
		_INT0_SetInterruptHandler		CODE           	364A	0000	15
		_EXT_INT_Initialize		CODE           	33BE	0000	31
		_INT0_DefaultInterruptHandler		CODE           	3772	0000	3
		_INT0_CallBack 		CODE           	32D6	0000	37
		_INT0_ISR      		CODE           	36F8	0000	11

mcc_generated_files/ext_int.c estimated size: 97

C:\Program Files (x86)\Microchip\xc8\v1.45\sources\common\atoi.c
		_atoi          		CODE           	1FF26	0000	217

C:\Program Files (x86)\Microchip\xc8\v1.45\sources\common\atoi.c estimated size: 217

mcc_generated_files/tmr7.c
		_TMR7_DefaultInterruptHandler		CODE           	1FFFE	0000	3
		_TMR7_WriteTimer		CODE           	31AA	0000	39
		_TMR7_ISR      		CODE           	2E7C	0000	53
		_TMR7_Initialize		CODE           	21FA	0000	85
		_TMR7_SetInterruptHandler		CODE           	3604	0000	15

mcc_generated_files/tmr7.c estimated size: 195

mcc_generated_files/hlvd.c
		_HLVD_ISR      		CODE           	2A8E	0000	65
		_HLVD_Initialize		CODE           	35D8	0000	17

mcc_generated_files/hlvd.c estimated size: 82

C:\Program Files (x86)\Microchip\xc8\v1.45\sources\common\printf.c
		_printf        		CODE           	2C3E	0000	61

C:\Program Files (x86)\Microchip\xc8\v1.45\sources\common\printf.c estimated size: 61

mcc_generated_files/tmr5.c
		_TMR5_ISR      		CODE           	2EB0	0000	53
		_TMR5_Initialize		CODE           	2340	0000	81
		_TMR5_SetInterruptHandler		CODE           	3620	0000	15
		_TMR5_StopTimer		CODE           	3746	0000	5
		_TMR5_DefaultInterruptHandler		CODE           	376E	0000	3
		_TMR5_WriteTimer		CODE           	3450	0000	29
		_TMR5_StartTimer		CODE           	375E	0000	5

mcc_generated_files/tmr5.c estimated size: 191

shared
		i2_writeDoubleToEEPROM		CODE           	2518	0000	77
		i2_DATAEE_WriteByte		CODE           	2D6A	0000	59
		i1_acos        		CODE           	1BAA	0000	113
		i2_printf      		CODE           	2CF2	0000	61
		i2_acos        		CODE           	1C8A	0000	113
		_OledFont      		MEDIUMCONST    	CC95	0000	769
		i2_readDoubleFromEEPROM		CODE           	247E	0000	79
		i1_putch       		CODE           	3690	0000	15
		i2_putch       		CODE           	3702	0000	11
		i1_getMinorRevisionID		CODE           	31F6	0000	39
		i1___ftdiv     		CODE           	04E8	0000	233
		__powers_      		MEDIUMCONST    	CBD7	0000	53
		i1_TMR2_Counter8BitSet		CODE           	36E4	0000	11
		i1_OLED_YX     		CODE           	2CB6	0000	61
		i1_I2C1_WaitForLastPacketToComplete		CODE           	36EE	0000	11
		_dpowers       		MEDIUMCONST    	CC3F	0000	41
		i1___lwtoft    		CODE           	321C	0000	39
		i1_isdigit     		CODE           	333E	0000	35
		i2_isdigit     		CODE           	33FA	0000	31
		i1_getCauseOfResetStringSmall		CODE           	3006	0000	49
		i1_OLED_Clear  		CODE           	2A4E	0000	65
		i1___flneg     		CODE           	3036	0000	49
		i1_strcpy      		CODE           	26CE	0000	73
		i2___flneg     		CODE           	3066	0000	47
		i1_atan        		CODE           	1E502	0000	569
		i1___awdiv     		CODE           	1458	0000	135
		i2_atan        		CODE           	1E73A	0000	569
		atan@coeff_a   		MEDIUMCONST    	CF95	0000	25
		atan@coeff_b   		MEDIUMCONST    	CFC1	0000	21
		i2___awdiv     		CODE           	166A	0000	133
		i1___fladd     		CODE           	1B04E	0000	831
		i1__tdiv_to_l_ 		CODE           	1F1A6	0000	309
		i2___fladd     		CODE           	1B38C	0000	831
		i2__tdiv_to_l_ 		CODE           	1F2DA	0000	307
		i1___wmul      		CODE           	310E	0000	41
		i1_eval_poly   		CODE           	010E	0000	257
		i2___wmul      		CODE           	3268	0000	39
		i1_I2C1_MasterWrite		CODE           	23E0	0000	81
		i2_eval_poly   		CODE           	020E	0000	257
		i1__doprnt     		CODE           	11F3C	0000	7987
		i2__doprnt     		CODE           	13E6E	0000	7969
		i1___fldiv     		CODE           	1D394	0000	695
		i1__div_to_l_  		CODE           	1F536	0000	299
		i1___fltol     		CODE           	06AE	0000	223
		i2___fldiv     		CODE           	1D64A	0000	695
		i2__div_to_l_  		CODE           	1F660	0000	297
		i1___ftpack    		CODE           	0CDC	0000	177
		__npowers_     		MEDIUMCONST    	CC0B	0000	53
		i2___fltol     		CODE           	078C	0000	221
		i1_scale       		CODE           	19690	0000	1189
		i1___lldiv     		CODE           	1562	0000	133
		i2_scale       		CODE           	19B34	0000	1153
		i2___lldiv     		CODE           	16EE	0000	131
		__initialization		CODE           	030E	0000	233
		i1___flge      		CODE           	1F8AA	0000	291
		i2___flge      		CODE           	1F9CC	0000	291
		i1_OLED_Command		CODE           	1F04	0000	105
		i1_OLED_UpdateFromRAMBuffer		CODE           	1962	0000	123
		i1_OLED_PutChar		CODE           	09FA	0000	199
		i1_trunc       		CODE           	117C	0000	161
		i1___awmod     		CODE           	1AC8	0000	115
		i2___awmod     		CODE           	1C1A	0000	113
		i1_EUSART2_Write		CODE           	2716	0000	73
		i1_frexp       		CODE           	17EE	0000	127
		i2_EUSART2_Write		CODE           	287A	0000	71
		i2_frexp       		CODE           	19DC	0000	123
		_max_Temp_ADC_Result_address		MEDIUMCONST    	CC89	0000	3
		i1_FLASH_ReadWord		CODE           	298A	0000	67
		_max_Irms_address		MEDIUMCONST    	CC91	0000	3
		i1_TMR2_Stop   		CODE           	3752	0000	5
		_max_POS12_ADC_Result_address		MEDIUMCONST    	CC8B	0000	3
		i1_FLASH_ReadByte		CODE           	34BA	0000	27
		i1___flmul     		CODE           	1A66E	0000	851
		i1_I2C1_MasterWriteTRBBuild		CODE           	2834	0000	71
		i2___flmul     		CODE           	1A9C0	0000	849
		i1_asin        		CODE           	1B9DA	0000	785
		i1_TMR2_Start  		CODE           	3756	0000	5
		i2_asin        		CODE           	1BCEA	0000	785
		i1_OLED_updateCallback		CODE           	18070	0000	2245
		i1___llmod     		CODE           	1E9C	0000	105
		_hexpowers     		MEDIUMCONST    	CC67	0000	33
		i1_memmove     		CODE           	0EEA	0000	175
		i1_sprintf     		CODE           	2564	0000	75
		i2___llmod     		CODE           	1FD2	0000	103
		i1_getMajorRevisionID		CODE           	2C7A	0000	61
		i1___xxtofl    		CODE           	1EC82	0000	341
		i2___xxtofl    		CODE           	1EDD6	0000	337
		_Total_Energy_address		MEDIUMCONST    	CC93	0000	3
		i1_getDeviceID 		CODE           	3380	0000	33
		i2_DATAEE_ReadByte		CODE           	3504	0000	25
		i1_TMR2_StopTimer		CODE           	3734	0000	7
		i1___flsub     		CODE           	275E	0000	73
		i2___flsub     		CODE           	27A6	0000	73
		i1_OLED_WriteString		CODE           	21A2	0000	89
		i2_TMR5_StopTimer		CODE           	375A	0000	5
		i1_fabs        		CODE           	2B88	0000	63
		i2_fabs        		CODE           	2D2E	0000	61
		i1_sqrt        		CODE           	1C5C2	0000	713
		i2_sqrt        		CODE           	1C88A	0000	713
		_max_Power_address		MEDIUMCONST    	CC8F	0000	3
		i1_fround      		CODE           	1CE18	0000	711
		i1_round       		CODE           	0B76	0000	183
		i2_fround      		CODE           	1D900	0000	687
		i1_TMR2_WriteTimer		CODE           	369E	0000	15
		i1_TMR2_StartTimer		CODE           	373A	0000	7
		sin@coeff_a    		MEDIUMCONST    	CFAD	0000	21
		sin@coeff_b    		MEDIUMCONST    	CFD5	0000	17
		_max_POS3P3_ADC_Result_address		MEDIUMCONST    	CC8D	0000	3
		i1_I2C1_MasterTRBInsert		CODE           	103A	0000	163
		_max_FVR_ADC_Result_address		MEDIUMCONST    	CC87	0000	3

shared estimated size: 40386

mcc_generated_files/mcc.c
		_PMD_Initialize		CODE           	3418	0000	29
		_OSCILLATOR_Initialize		CODE           	3434	0000	29
		_SYSTEM_Initialize		CODE           	2B4A	0000	63

mcc_generated_files/mcc.c estimated size: 121

ring_buffer_interface.c
		_terminal_ringBufferPull		CODE           	1FAEE	0000	285
		_terminal_textAttributes		CODE           	19FB4	0000	873
		_terminal_textAttributesReset		CODE           	3584	0000	19
		_terminal_setCursorHome		CODE           	35A8	0000	17
		_terminal_printNewline		CODE           	35B8	0000	17
		_terminal_clearTerminal		CODE           	35C8	0000	17

ring_buffer_interface.c estimated size: 1228

C:\Program Files (x86)\Microchip\xc8\v1.45\sources\common\atan.c
		_atan          		CODE           	1E2CA	0000	569

C:\Program Files (x86)\Microchip\xc8\v1.45\sources\common\atan.c estimated size: 569

cause_of_reset.c
		_getCauseOfResetStringSmall		CODE           	2F46	0000	49
		_getCauseOfResetString		CODE           	2F16	0000	49
		_getCauseOfReset		CODE           	2098	0000	91

cause_of_reset.c estimated size: 189

C:\Program Files (x86)\Microchip\xc8\v1.45\sources\common\awdiv.c
		___awdiv       		CODE           	13D2	0000	135

C:\Program Files (x86)\Microchip\xc8\v1.45\sources\common\awdiv.c estimated size: 135

C:\Program Files (x86)\Microchip\xc8\v1.45\sources\common\strcat.c
		_strcat        		CODE           	24CC	0000	77

C:\Program Files (x86)\Microchip\xc8\v1.45\sources\common\strcat.c estimated size: 77

oled.c
		_OLED_Clear    		CODE           	2A0E	0000	65
		_OLED_Command  		CODE           	1E34	0000	105
		_OLED_WriteString		CODE           	214A	0000	89
		_OLED_UpdateFromRAMBuffer		CODE           	18E8	0000	123
		_OLED_Init     		CODE           	121C	0000	155
		_OLED_PutChar  		CODE           	0934	0000	199
		_OLED_YX       		CODE           	2C02	0000	61

oled.c estimated size: 797

C:\Program Files (x86)\Microchip\xc8\v1.45\sources\common\evalpoly.c
		_eval_poly     		CODE           	1FE26	0000	257

C:\Program Files (x86)\Microchip\xc8\v1.45\sources\common\evalpoly.c estimated size: 257

mcc_generated_files/memory.c
		_FLASH_ReadWord		CODE           	2948	0000	67
		_FLASH_ReadByte		CODE           	346C	0000	27
		_DATAEE_WriteByte		CODE           	2B0C	0000	63
		_DATAEE_ReadByte		CODE           	34A0	0000	27

mcc_generated_files/memory.c estimated size: 184

C:\Program Files (x86)\Microchip\xc8\v1.45\sources\common\sin.c
		_sin           		CODE           	1BFFA	0000	769

C:\Program Files (x86)\Microchip\xc8\v1.45\sources\common\sin.c estimated size: 769

C:\Program Files (x86)\Microchip\xc8\v1.45\sources\common\abs.c
		_abs           		CODE           	3094	0000	43

C:\Program Files (x86)\Microchip\xc8\v1.45\sources\common\abs.c estimated size: 43

C:\Program Files (x86)\Microchip\xc8\v1.45\sources\common\lldiv.c
		___lldiv       		CODE           	14DE	0000	133

C:\Program Files (x86)\Microchip\xc8\v1.45\sources\common\lldiv.c estimated size: 133

ring_buffer_LUT.c
		_ringBufferLUT 		CODE           	15D8E	0000	6069

ring_buffer_LUT.c estimated size: 6069

C:\Program Files (x86)\Microchip\xc8\v1.45\sources\common\xxtofl.c
		___xxtofl      		CODE           	1EB2E	0000	341

C:\Program Files (x86)\Microchip\xc8\v1.45\sources\common\xxtofl.c estimated size: 341

C:\Program Files (x86)\Microchip\xc8\v1.45\sources\common\trunc.c
		_trunc         		CODE           	10DC	0000	161

C:\Program Files (x86)\Microchip\xc8\v1.45\sources\common\trunc.c estimated size: 161

mcc_generated_files/adcc.c
		_ADCC_StopConversion		CODE           	3762	0000	5
		_ADCC_DefaultInterruptHandler		CODE           	3774	0000	3
		_ADCC_ClearAccumulator		CODE           	372E	0000	7
		_ADCC_GetFilterValue		CODE           	354A	0000	21
		_ADCC_GetCurrentCountofConversions		CODE           	3766	0000	5
		_ADCC_SetADTIInterruptHandler		CODE           	3674	0000	15
		_ADCC_GetConversionResult		CODE           	355E	0000	21
		_ADCC_ThresholdISR		CODE           	3136	0000	41
		_ADCC_StartConversion		CODE           	3682	0000	15
		_ADCC_Initialize		CODE           	1CFA	0000	107
		_ADCC_HasAccumulatorOverflowed		CODE           	36C4	0000	13
		_ADCC_DischargeSampleCapacitor		CODE           	3714	0000	9

mcc_generated_files/adcc.c estimated size: 262

C:\Program Files (x86)\Microchip\xc8\v1.45\sources\common\flneg.c
		___flneg       		CODE           	2F76	0000	49

C:\Program Files (x86)\Microchip\xc8\v1.45\sources\common\flneg.c estimated size: 49

main.c
		_dimmingOffTimeCallback		CODE           	351C	0000	25
		_saveSRAMMaxToEEPROM		CODE           	1DE1A	0000	615
		_acquisitionTimerCallback		CODE           	3596	0000	19
		_ADC_PostProcessingCallback		CODE           	17542	0000	2863
		_main          		CODE           	1E972	0000	445
		_heartbeatTimerCallback		CODE           	2904	0000	69
		_currentMeasuredToPeak		CODE           	186C	0000	125
		_recoverSRAMMaxFromEEPROM		CODE           	1EF26	0000	333
		_dimmingOnTimeCallback		CODE           	36B8	0000	13
		_writeEnergyToEEPROMCallback		CODE           	15E6	0000	133
		_OLED_updateCallback		CODE           	18934	0000	2233
		_peakToRMS     		CODE           	1E080	0000	587

main.c estimated size: 7460

C:\Program Files (x86)\Microchip\xc8\v1.45\sources\common\strlen.c
		_strlen        		CODE           	20F2	0000	89

C:\Program Files (x86)\Microchip\xc8\v1.45\sources\common\strlen.c estimated size: 89

C:\Program Files (x86)\Microchip\xc8\v1.45\sources\common\lwtoft.c
		___lwtoft      		CODE           	3184	0000	39

C:\Program Files (x86)\Microchip\xc8\v1.45\sources\common\lwtoft.c estimated size: 39

C:\Program Files (x86)\Microchip\xc8\v1.45\sources\common\strcmp.c
		_strcmp        		CODE           	22A0	0000	81

C:\Program Files (x86)\Microchip\xc8\v1.45\sources\common\strcmp.c estimated size: 81

C:\Program Files (x86)\Microchip\xc8\v1.45\sources\common\strchr.c
		_strchr        		CODE           	2DA4	0000	57

C:\Program Files (x86)\Microchip\xc8\v1.45\sources\common\strchr.c estimated size: 57

C:\Program Files (x86)\Microchip\xc8\v1.45\sources\common\strcpy.c
		_strcpy        		CODE           	25AE	0000	73

C:\Program Files (x86)\Microchip\xc8\v1.45\sources\common\strcpy.c estimated size: 73

C:\Program Files (x86)\Microchip\xc8\v1.45\sources\common\strncmp.c
		_strncmp       		CODE           	12B6	0000	145

C:\Program Files (x86)\Microchip\xc8\v1.45\sources\common\strncmp.c estimated size: 145

C:\Program Files (x86)\Microchip\xc8\v1.45\sources\common\sprcmul.c
		___flmul       		CODE           	1A31C	0000	851

C:\Program Files (x86)\Microchip\xc8\v1.45\sources\common\sprcmul.c estimated size: 851

C:\Program Files (x86)\Microchip\xc8\v1.45\sources\common\strncpy.c
		_strncpy       		CODE           	1D64	0000	105

C:\Program Files (x86)\Microchip\xc8\v1.45\sources\common\strncpy.c estimated size: 105

