Microchip MPLAB XC8 Compiler V1.45 ()

Linker command line:

-W-3 --edf=C:\Program Files (x86)\Microchip\xc8\v1.45\dat\en_msgs.txt -cs \
  -h+dist/default/production\AC_Power_Meter.X.production.sym \
  --cmf=dist/default/production\AC_Power_Meter.X.production.cmf -z \
  -Q18LF67K40 -oC:\Users\DREWMA~1\AppData\Local\Temp\sc2g.2 \
  -Mdist/default/production/AC_Power_Meter.X.production.map -E1 -ver=XC8 \
  --acfsm=1493 -ASTACK=06CEh-0de9h -pstack=STACK -ACODE=00h-01FFFFh \
  -ACONST=00h-01FFFFh -ASMALLCONST=0E00h-0EFFhx498 \
  -AMEDIUMCONST=0E00h-0FFFFh,010E00h-01FFFFh -ACOMRAM=01h-05Fh \
  -AABS1=00h-0DE9h -ABIGRAM=01h-0DE9h \
  -ARAM=060h-0FFh,0100h-01FFhx12,0D00h-0DE9h -ABANK0=060h-0FFh \
  -ABANK1=0100h-01FFh -ABANK2=0200h-02FFh -ABANK3=0300h-03FFh \
  -ABANK4=0400h-04FFh -ABANK5=0500h-05FFh -ABANK6=0600h-06FFh \
  -ABANK7=0700h-07FFh -ABANK8=0800h-08FFh -ABANK9=0900h-09FFh \
  -ABANK10=0A00h-0AFFh -ABANK11=0B00h-0BFFh -ABANK12=0C00h-0CFFh \
  -ABANK13=0D00h-0DE9h \
  -ASFR=0DEFh-0DFFh,0E00h-0EFFh,0F00h-0F5Fh,0F60h-0FFFh \
  -preset_vec=00h,intcode=08h,intcodelo=018h,powerup,init -pramtop=0E00h \
  -psmallconst=SMALLCONST -pmediumconst=MEDIUMCONST -pconst=CONST \
  -AFARRAM=00h-00h -ACONFIG=0300000h-030000Bh -pconfig=CONFIG \
  -AIDLOC=0200000h-020000Fh -pidloc=IDLOC -AEEDATA=0310000h-03103FFh \
  -peeprom_data=EEDATA \
  -prdata=COMRAM,nvrram=COMRAM,nvbit=COMRAM,rbss=COMRAM,rbit=COMRAM \
  -pfarbss=FARRAM,fardata=FARRAM,nvFARRAM=FARRAM \
  -pintsave_regs=BIGRAM,bigbss=BIGRAM,bigdata=BIGRAM -pbss=RAM \
  -pidata=CODE,irdata=CODE,ibigdata=CODE,ifardata=CODE -prparam=COMRAM \
  C:\Users\DREWMA~1\AppData\Local\Temp\sc2g.obj \
  dist/default/production\AC_Power_Meter.X.production.obj 

Object code version is 3.11

Machine type is 18LF67K40

Call graph: (short form)




                Name                               Link     Load   Length Selector   Space Scale
C:\Users\DREWMA~1\AppData\Local\Temp\sc2g.obj
                init                                10A      10A        4        C       0
                reset_vec                             0        0        4        0       0
                idloc                            200000   200000       10   200000       0
                config                           300000   300000        C   300000       0
dist/default/production\AC_Power_Meter.X.production.obj
                intcodelo                            18       18       F2        C       0
                intcode                               8        8        6        4       0
                temp                                 5F       5F        1        1       1
                mediumconst                        CABC     CABC     3544     655E       0
                text262                            431E     431E       14        C       0
                text261                            452E     452E        4        C       0
                text260                            430A     430A       14        C       0
                text259                            4472     4472        C        C       0
                text258                            452A     452A        4        C       0
                text257                            3E48     3E48       2A        C       0
                text256                           1C202    1C202      33E     8000       0
                text255                             800      800      122        C       0
                text254                            14D2     14D2       DC        C       0
                text253                           1FA90    1FA90      150     8000       0
                text252                            27FA     27FA       7A        C       0
                text251                             A3E      A3E      114        C       0
                text250                           1E4C0    1E4C0      2B6     8000       0
                text249                            3E1A     3E1A       2E        C       0
                text248                            355A     355A       48        C       0
                text247                           1B836    1B836      350     8000       0
                text246                             E5A      E5A      100        C       0
                text245                           1CE70    1CE70      300     8000       0
                text244                            268A     268A       7C        C       0
                text243                            3AE2     3AE2       3C        C       0
                text242                           1F5B0    1F5B0      238     8000       0
                text241                           1D700    1D700      2C8     8000       0
                text240                           1CB60    1CB60      310     8000       0
                text239                            2AA8     2AA8       70        C       0
                text238                           1EEF6    1EEF6      24A     8000       0
                text237                           17EBA    17EBA      B2E     8000       0
                text236                            453C     453C        2        C       0
                text235                            3EEA     3EEA       28        C       0
                text234                            250C     250C       82        C       0
                text233                            2D86     2D86       66        C       0
                text232                            401C     401C       26        C       0
                text231                             494      494      128        C       0
                text230                             10E      10E      132        C       0
                text229                            2488     2488       84        C       0
                text228                            2A38     2A38       70        C       0
                text227                           1E776    1E776      2AE     8000       0
                text226                            41D2     41D2       1E        C       0
                text225                            362E     362E       46        C       0
                text224                            44C4     44C4        A        C       0
                text223                           1A9AA    1A9AA      480     8000       0
                text222                           15F9A    15F9A     1F20     8000       0
                text221                            3AA6     3AA6       3C        C       0
                text220                            1BAA     1BAA       B0        C       0
                text219                            3B1E     3B1E       3A        C       0
                text218                            32CC     32CC       4C        C       0
                text217                            3842     3842       40        C       0
                text216                            4508     4508        6        C       0
                text215                            41B4     41B4       1E        C       0
                text214                            3780     3780       42        C       0
                text213                           1EA24    1EA24      26C     8000       0
                text212                            4526     4526        4        C       0
                text211                            4228     4228       1C        C       0
                text210                            42DC     42DC       18        C       0
                text209                            453A     453A        2        C       0
                text208                            40AE     40AE       24        C       0
                text207                            44BA     44BA        A        C       0
                text206                            42C4     42C4       18        C       0
                text205                            3232     3232       4E        C       0
                text204                            2404     2404       84        C       0
                text203                            4538     4538        2        C       0
                text202                            408A     408A       24        C       0
                text201                            3FF6     3FF6       26        C       0
                text200                            4522     4522        4        C       0
                text199                            4466     4466        C        C       0
                text198                            4536     4536        2        C       0
                text197                            3C64     3C64       34        C       0
                intcode_body                        B52      B52      108        C       0
                text195                            3BC6     3BC6       36        C       0
                text194                            44B0     44B0        A        C       0
                text193                            1E58     1E58       A2        C       0
                text192                            35E8     35E8       46        C       0
                text191                            3194     3194       50        C       0
                text190                            1D08     1D08       AE        C       0
                text189                            1818     1818       C6        C       0
                text188                            3802     3802       40        C       0
                text187                            2F56     2F56       58        C       0
                text186                            2CB8     2CB8       68        C       0
                text185                            3A6A     3A6A       3C        C       0
                text184                            2780     2780       7A        C       0
                text183                            44A6     44A6        A        C       0
                text182                            451E     451E        4        C       0
                text181                            4502     4502        6        C       0
                text180                            451A     451A        4        C       0
                text179                            44FC     44FC        6        C       0
                text178                            449C     449C        A        C       0
                text177                            444C     444C        E        C       0
                text176                            1AFA     1AFA       B0        C       0
                text175                            122E     122E       E8        C       0
                text174                            3FD0     3FD0       26        C       0
                text173                           1E20A    1E20A      2B6     8000       0
                text172                             6DE      6DE      122        C       0
                text171                           1BEC4    1BEC4      33E     8000       0
                text170                           1B4E4    1B4E4      352     8000       0
                text169                             D5A      D5A      100        C       0
                text168                            3DEA     3DEA       30        C       0
                text167                            393C     393C       3E        C       0
                text166                           1F378    1F378      238     8000       0
                text165                           1D438    1D438      2C8     8000       0
                text164                           1C850    1C850      310     8000       0
                text163                            29C8     29C8       70        C       0
                text162                            3DBA     3DBA       30        C       0
                text161                            4292     4292       1A        C       0
                text160                            373E     373E       42        C       0
                text159                            4158     4158       20        C       0
                text158                            3A2E     3A2E       3C        C       0
                text157                            3FAA     3FAA       26        C       0
                text156                            13F4     13F4       DE        C       0
                text155                           1F93C    1F93C      154     8000       0
                text154                            260C     260C       7E        C       0
                text153                            1F9A     1F9A       A0        C       0
                text152                            1994     1994       B6        C       0
                text151                            3512     3512       48        C       0
                text150                            2380     2380       84        C       0
                text149                            2C50     2C50       68        C       0
                text148                            3EC2     3EC2       28        C       0
                text147                             36A      36A      12A        C       0
                text146                           1FE60    1FE60      134     8000       0
                text145                            2276     2276       86        C       0
                text144                            28E6     28E6       72        C       0
                text143                           1DC8E    1DC8E      2C6     8000       0
                text142                            4116     4116       22        C       0
                text141                            34CA     34CA       48        C       0
                text140                            443E     443E        E        C       0
                text139                           1A506    1A506      4A4     8000       0
                text138                           14068    14068     1F32     8000       0
                text137                            3318     3318       4A        C       0
                text136                            3482     3482       48        C       0
                text135                           189E8    189E8      8CC     8000       0
                text134                            4534     4534        2        C       0
                text133                            4066     4066       24        C       0
                text132                            3F84     3F84       26        C       0
                text131                            36B8     36B8       44        C       0
                text130                            4532     4532        2        C       0
                text129                            3E9A     3E9A       28        C       0
                text128                            3F5E     3F5E       26        C       0
                text127                            44F6     44F6        6        C       0
                text126                            44D6     44D6        8        C       0
                text125                            4430     4430        E        C       0
                text124                            4344     4344       12        C       0
                text123                           1FFFE    1FFFE        2     8000       0
                text122                            3C30     3C30       34        C       0
                text120                            4492     4492        A        C       0
                text119                            1DB6     1DB6       A2        C       0
                text118                            35A2     35A2       46        C       0
                text117                            3144     3144       50        C       0
                text116                            2BE8     2BE8       68        C       0
                text115                            203A     203A       9A        C       0
                text114                            4422     4422        E        C       0
                text113                           1FF94    1FF94       6A     8000       0
                text112                            4414     4414        E        C       0
                text111                            4406     4406        E        C       0
                text110                            2D20     2D20       66        C       0
                text109                            43F8     43F8        E        C       0
                text108                            4196     4196       1E        C       0
                text107                            44CE     44CE        8        C       0
                text106                            4386     4386       10        C       0
                text105                            3B90     3B90       36        C       0
                text104                            4178     4178       1E        C       0
                text103                            420C     420C       1C        C       0
                text102                            1686     1686       CC        C       0
                text101                            41F0     41F0       1C        C       0
                text100                            43EA     43EA        E        C       0
                text99                             3D8A     3D8A       30        C       0
                text98                             43DC     43DC        E        C       0
                text97                             3D5A     3D5A       30        C       0
                text96                             43CE     43CE        E        C       0
                text95                             30F4     30F4       50        C       0
                text94                             43C0     43C0        E        C       0
                text93                             3C98     3C98       32        C       0
                text92                             43B2     43B2        E        C       0
                text91                             2FAE     2FAE       54        C       0
                text90                             38FE     38FE       3E        C       0
                text89                             2E4C     2E4C       5A        C       0
                text88                             4278     4278       1A        C       0
                text87                             3002     3002       52        C       0
                text86                            1FBE0    1FBE0      14C     8000       0
                text85                              5BC      5BC      122        C       0
                text84                             38C0     38C0       3E        C       0
                text83                             30A4     30A4       50        C       0
                text82                            1EC90    1EC90      266     8000       0
                text81                            1DF54    1DF54      2B6     8000       0
                text80                             3D2A     3D2A       30        C       0
                text79                            1BB86    1BB86      33E     8000       0
                text78                             343A     343A       48        C       0
                text77                             1316     1316       DE        C       0
                text76                             22FC     22FC       84        C       0
                text75                             2B80     2B80       68        C       0
                text74                             3E72     3E72       28        C       0
                text73                            1F7E8    1F7E8      154     8000       0
                text72                              240      240      12A        C       0
                text71                            1FD2C    1FD2C      134     8000       0
                text70                             21F0     21F0       86        C       0
                text69                             2874     2874       72        C       0
                text68                            1B192    1B192      352     8000       0
                text67                            1D9C8    1D9C8      2C6     8000       0
                text66                             40F4     40F4       22        C       0
                text65                             33F2     33F2       48        C       0
                text64                             425E     425E       1A        C       0
                text63                            1A062    1A062      4A4     8000       0
                text62                            1212C    1212C     1F3C     8000       0
                text61                             39F2     39F2       3C        C       0
                text60                             4376     4376       10        C       0
                text59                             3BFC     3BFC       34        C       0
                text58                             42F4     42F4       16        C       0
                text57                             3CFA     3CFA       30        C       0
                text56                             4244     4244       1A        C       0
                text55                             36FC     36FC       42        C       0
                text54                             4138     4138       20        C       0
                text53                             2DEC     2DEC       60        C       0
                text52                             39B6     39B6       3C        C       0
                text51                             3F38     3F38       26        C       0
                text50                             3674     3674       44        C       0
                text49                             4366     4366       10        C       0
                text48                             3280     3280       4C        C       0
                text47                             2B18     2B18       68        C       0
                text46                            1AE2A    1AE2A      368     8000       0
                text45                             4332     4332       12        C       0
                text44                            19B74    19B74      4EE     8000       0
                text43                             31E4     31E4       4E        C       0
                text42                             1C5A     1C5A       AE        C       0
                text41                             1752     1752       C6        C       0
                text40                             37C2     37C2       40        C       0
                text39                             2EFE     2EFE       58        C       0
                text38                             397A     397A       3C        C       0
                text37                             2706     2706       7A        C       0
                text36                             4488     4488        A        C       0
                text35                             4516     4516        4        C       0
                text34                             44F0     44F0        6        C       0
                text33                             4512     4512        4        C       0
                text32                             44EA     44EA        6        C       0
                text31                             447E     447E        A        C       0
                text30                             43A4     43A4        E        C       0
                text29                             1A4A     1A4A       B0        C       0
                text28                             1146     1146       E8        C       0
                text27                             3F12     3F12       26        C       0
                text26                              C5A      C5A      100        C       0
                text25                             3882     3882       3E        C       0
                text24                            1F140    1F140      238     8000       0
                text23                            1D170    1D170      2C8     8000       0
                text22                            1C540    1C540      310     8000       0
                text21                             2958     2958       70        C       0
                text20                             3CCA     3CCA       30        C       0
                text19                             258E     258E       7E        C       0
                text18                             1EFA     1EFA       A0        C       0
                text17                             18DE     18DE       B6        C       0
                text16                             33AA     33AA       48        C       0
                text15                             3362     3362       48        C       0
                text14                            192B4    192B4      8C0     8000       0
                text13                             450E     450E        4        C       0
                text12                             15AE     15AE       D8        C       0
                text11                             40D2     40D2       22        C       0
                text10                             4396     4396        E        C       0
                text9                              3054     3054       50        C       0
                text8                              3B58     3B58       38        C       0
                text7                              2EA6     2EA6       58        C       0
                text6                              20D4     20D4       90        C       0
                text5                              2164     2164       8C        C       0
                text4                             10000    10000     212C     8000       0
                text3                               922      922      11C        C       0
                text2                              4356     4356       10        C       0
                text1                              42AC     42AC       18        C       0
                text0                               F5A      F5A       FA        C       0
                cstackCOMRAM                          1        1       5E        1       1
                cstackBANK0                          60       60       93       60       1
                cstackBANK1                         100      100       D6      100       1
                cstackBANK2                         200      200       76      200       1
                cstackBANK3                         300      300       E5      300       1
                cstackBANK4                         4AE      4AE       4A      400       1
                cstackBANK6                         680      680       4E      600       1
                bssBANK6                            600      600       80      600       1
                dataBANK5                           5A2      5A2       24      500       1
                bssBANK5                            500      500       A2      500       1
                dataBANK4                           4F8      4F8        6      400       1
                bssBANK4                            400      400       AE      400       1
                bssBANK3                            3E5      3E5        9      300       1
                dataBANK2                           2CD      2CD        C      200       1
                bssBANK2                            276      276       57      200       1
                dataBANK1                           1EB      1EB        1      100       1
                bssBANK1                            1D6      1D6       15      100       1
                dataBANK0                            F3       F3        6       60       1
                bssBANK0                             F9       F9        4       60       1
                bitbssBANK0                         7E8       FD        2       60       1     8
                cinit                              1054     1054       F2        C       0
                nvBANK3                             3EE      3EE        1      300       1
                idataBANK5                         4042     4042       24        C       0
                idataBANK4                         44E4     44E4        6        C       0
                idataBANK2                         445A     445A        C        C       0
                idataBANK1                         453E     453E        1        C       0
                idataBANK0                         44DE     44DE        6        C       0

TOTAL           Name                               Link     Load   Length     Space
        CLASS   STACK          

        CLASS   CODE           
                intcodelo                            18       18       F2         0
                intcode                               8        8        6         0
                init                                10A      10A        4         0
                reset_vec                             0        0        4         0
                text262                            431E     431E       14         0
                text261                            452E     452E        4         0
                text260                            430A     430A       14         0
                text259                            4472     4472        C         0
                text258                            452A     452A        4         0
                text257                            3E48     3E48       2A         0
                text256                           1C202    1C202      33E         0
                text255                             800      800      122         0
                text254                            14D2     14D2       DC         0
                text253                           1FA90    1FA90      150         0
                text252                            27FA     27FA       7A         0
                text251                             A3E      A3E      114         0
                text250                           1E4C0    1E4C0      2B6         0
                text249                            3E1A     3E1A       2E         0
                text248                            355A     355A       48         0
                text247                           1B836    1B836      350         0
                text246                             E5A      E5A      100         0
                text245                           1CE70    1CE70      300         0
                text244                            268A     268A       7C         0
                text243                            3AE2     3AE2       3C         0
                text242                           1F5B0    1F5B0      238         0
                text241                           1D700    1D700      2C8         0
                text240                           1CB60    1CB60      310         0
                text239                            2AA8     2AA8       70         0
                text238                           1EEF6    1EEF6      24A         0
                text237                           17EBA    17EBA      B2E         0
                text236                            453C     453C        2         0
                text235                            3EEA     3EEA       28         0
                text234                            250C     250C       82         0
                text233                            2D86     2D86       66         0
                text232                            401C     401C       26         0
                text231                             494      494      128         0
                text230                             10E      10E      132         0
                text229                            2488     2488       84         0
                text228                            2A38     2A38       70         0
                text227                           1E776    1E776      2AE         0
                text226                            41D2     41D2       1E         0
                text225                            362E     362E       46         0
                text224                            44C4     44C4        A         0
                text223                           1A9AA    1A9AA      480         0
                text222                           15F9A    15F9A     1F20         0
                text221                            3AA6     3AA6       3C         0
                text220                            1BAA     1BAA       B0         0
                text219                            3B1E     3B1E       3A         0
                text218                            32CC     32CC       4C         0
                text217                            3842     3842       40         0
                text216                            4508     4508        6         0
                text215                            41B4     41B4       1E         0
                text214                            3780     3780       42         0
                text213                           1EA24    1EA24      26C         0
                text212                            4526     4526        4         0
                text211                            4228     4228       1C         0
                text210                            42DC     42DC       18         0
                text209                            453A     453A        2         0
                text208                            40AE     40AE       24         0
                text207                            44BA     44BA        A         0
                text206                            42C4     42C4       18         0
                text205                            3232     3232       4E         0
                text204                            2404     2404       84         0
                text203                            4538     4538        2         0
                text202                            408A     408A       24         0
                text201                            3FF6     3FF6       26         0
                text200                            4522     4522        4         0
                text199                            4466     4466        C         0
                text198                            4536     4536        2         0
                text197                            3C64     3C64       34         0
                intcode_body                        B52      B52      108         0
                text195                            3BC6     3BC6       36         0
                text194                            44B0     44B0        A         0
                text193                            1E58     1E58       A2         0
                text192                            35E8     35E8       46         0
                text191                            3194     3194       50         0
                text190                            1D08     1D08       AE         0
                text189                            1818     1818       C6         0
                text188                            3802     3802       40         0
                text187                            2F56     2F56       58         0
                text186                            2CB8     2CB8       68         0
                text185                            3A6A     3A6A       3C         0
                text184                            2780     2780       7A         0
                text183                            44A6     44A6        A         0
                text182                            451E     451E        4         0
                text181                            4502     4502        6         0
                text180                            451A     451A        4         0
                text179                            44FC     44FC        6         0
                text178                            449C     449C        A         0
                text177                            444C     444C        E         0
                text176                            1AFA     1AFA       B0         0
                text175                            122E     122E       E8         0
                text174                            3FD0     3FD0       26         0
                text173                           1E20A    1E20A      2B6         0
                text172                             6DE      6DE      122         0
                text171                           1BEC4    1BEC4      33E         0
                text170                           1B4E4    1B4E4      352         0
                text169                             D5A      D5A      100         0
                text168                            3DEA     3DEA       30         0
                text167                            393C     393C       3E         0
                text166                           1F378    1F378      238         0
                text165                           1D438    1D438      2C8         0
                text164                           1C850    1C850      310         0
                text163                            29C8     29C8       70         0
                text162                            3DBA     3DBA       30         0
                text161                            4292     4292       1A         0
                text160                            373E     373E       42         0
                text159                            4158     4158       20         0
                text158                            3A2E     3A2E       3C         0
                text157                            3FAA     3FAA       26         0
                text156                            13F4     13F4       DE         0
                text155                           1F93C    1F93C      154         0
                text154                            260C     260C       7E         0
                text153                            1F9A     1F9A       A0         0
                text152                            1994     1994       B6         0
                text151                            3512     3512       48         0
                text150                            2380     2380       84         0
                text149                            2C50     2C50       68         0
                text148                            3EC2     3EC2       28         0
                text147                             36A      36A      12A         0
                text146                           1FE60    1FE60      134         0
                text145                            2276     2276       86         0
                text144                            28E6     28E6       72         0
                text143                           1DC8E    1DC8E      2C6         0
                text142                            4116     4116       22         0
                text141                            34CA     34CA       48         0
                text140                            443E     443E        E         0
                text139                           1A506    1A506      4A4         0
                text138                           14068    14068     1F32         0
                text137                            3318     3318       4A         0
                text136                            3482     3482       48         0
                text135                           189E8    189E8      8CC         0
                text134                            4534     4534        2         0
                text133                            4066     4066       24         0
                text132                            3F84     3F84       26         0
                text131                            36B8     36B8       44         0
                text130                            4532     4532        2         0
                text129                            3E9A     3E9A       28         0
                text128                            3F5E     3F5E       26         0
                text127                            44F6     44F6        6         0
                text126                            44D6     44D6        8         0
                text125                            4430     4430        E         0
                text124                            4344     4344       12         0
                text123                           1FFFE    1FFFE        2         0
                text122                            3C30     3C30       34         0
                text120                            4492     4492        A         0
                text119                            1DB6     1DB6       A2         0
                text118                            35A2     35A2       46         0
                text117                            3144     3144       50         0
                text116                            2BE8     2BE8       68         0
                text115                            203A     203A       9A         0
                text114                            4422     4422        E         0
                text113                           1FF94    1FF94       6A         0
                text112                            4414     4414        E         0
                text111                            4406     4406        E         0
                text110                            2D20     2D20       66         0
                text109                            43F8     43F8        E         0
                text108                            4196     4196       1E         0
                text107                            44CE     44CE        8         0
                text106                            4386     4386       10         0
                text105                            3B90     3B90       36         0
                text104                            4178     4178       1E         0
                text103                            420C     420C       1C         0
                text102                            1686     1686       CC         0
                text101                            41F0     41F0       1C         0
                text100                            43EA     43EA        E         0
                text99                             3D8A     3D8A       30         0
                text98                             43DC     43DC        E         0
                text97                             3D5A     3D5A       30         0
                text96                             43CE     43CE        E         0
                text95                             30F4     30F4       50         0
                text94                             43C0     43C0        E         0
                text93                             3C98     3C98       32         0
                text92                             43B2     43B2        E         0
                text91                             2FAE     2FAE       54         0
                text90                             38FE     38FE       3E         0
                text89                             2E4C     2E4C       5A         0
                text88                             4278     4278       1A         0
                text87                             3002     3002       52         0
                text86                            1FBE0    1FBE0      14C         0
                text85                              5BC      5BC      122         0
                text84                             38C0     38C0       3E         0
                text83                             30A4     30A4       50         0
                text82                            1EC90    1EC90      266         0
                text81                            1DF54    1DF54      2B6         0
                text80                             3D2A     3D2A       30         0
                text79                            1BB86    1BB86      33E         0
                text78                             343A     343A       48         0
                text77                             1316     1316       DE         0
                text76                             22FC     22FC       84         0
                text75                             2B80     2B80       68         0
                text74                             3E72     3E72       28         0
                text73                            1F7E8    1F7E8      154         0
                text72                              240      240      12A         0
                text71                            1FD2C    1FD2C      134         0
                text70                             21F0     21F0       86         0
                text69                             2874     2874       72         0
                text68                            1B192    1B192      352         0
                text67                            1D9C8    1D9C8      2C6         0
                text66                             40F4     40F4       22         0
                text65                             33F2     33F2       48         0
                text64                             425E     425E       1A         0
                text63                            1A062    1A062      4A4         0
                text62                            1212C    1212C     1F3C         0
                text61                             39F2     39F2       3C         0
                text60                             4376     4376       10         0
                text59                             3BFC     3BFC       34         0
                text58                             42F4     42F4       16         0
                text57                             3CFA     3CFA       30         0
                text56                             4244     4244       1A         0
                text55                             36FC     36FC       42         0
                text54                             4138     4138       20         0
                text53                             2DEC     2DEC       60         0
                text52                             39B6     39B6       3C         0
                text51                             3F38     3F38       26         0
                text50                             3674     3674       44         0
                text49                             4366     4366       10         0
                text48                             3280     3280       4C         0
                text47                             2B18     2B18       68         0
                text46                            1AE2A    1AE2A      368         0
                text45                             4332     4332       12         0
                text44                            19B74    19B74      4EE         0
                text43                             31E4     31E4       4E         0
                text42                             1C5A     1C5A       AE         0
                text41                             1752     1752       C6         0
                text40                             37C2     37C2       40         0
                text39                             2EFE     2EFE       58         0
                text38                             397A     397A       3C         0
                text37                             2706     2706       7A         0
                text36                             4488     4488        A         0
                text35                             4516     4516        4         0
                text34                             44F0     44F0        6         0
                text33                             4512     4512        4         0
                text32                             44EA     44EA        6         0
                text31                             447E     447E        A         0
                text30                             43A4     43A4        E         0
                text29                             1A4A     1A4A       B0         0
                text28                             1146     1146       E8         0
                text27                             3F12     3F12       26         0
                text26                              C5A      C5A      100         0
                text25                             3882     3882       3E         0
                text24                            1F140    1F140      238         0
                text23                            1D170    1D170      2C8         0
                text22                            1C540    1C540      310         0
                text21                             2958     2958       70         0
                text20                             3CCA     3CCA       30         0
                text19                             258E     258E       7E         0
                text18                             1EFA     1EFA       A0         0
                text17                             18DE     18DE       B6         0
                text16                             33AA     33AA       48         0
                text15                             3362     3362       48         0
                text14                            192B4    192B4      8C0         0
                text13                             450E     450E        4         0
                text12                             15AE     15AE       D8         0
                text11                             40D2     40D2       22         0
                text10                             4396     4396        E         0
                text9                              3054     3054       50         0
                text8                              3B58     3B58       38         0
                text7                              2EA6     2EA6       58         0
                text6                              20D4     20D4       90         0
                text5                              2164     2164       8C         0
                text4                             10000    10000     212C         0
                text3                               922      922      11C         0
                text2                              4356     4356       10         0
                text1                              42AC     42AC       18         0
                text0                               F5A      F5A       FA         0
                cinit                              1054     1054       F2         0
                idataBANK5                         4042     4042       24         0
                idataBANK4                         44E4     44E4        6         0
                idataBANK2                         445A     445A        C         0
                idataBANK1                         453E     453E        1         0
                idataBANK0                         44DE     44DE        6         0

        CLASS   CONST          

        CLASS   SMALLCONST     

        CLASS   MEDIUMCONST    
                mediumconst                        CABC     CABC     3544         0

        CLASS   COMRAM         
                temp                                 5F       5F        1         1
                cstackCOMRAM                          1        1       5E         1

        CLASS   ABS1           

        CLASS   BIGRAM         

        CLASS   RAM            

        CLASS   BANK0          
                cstackBANK0                          60       60       93         1
                dataBANK0                            F3       F3        6         1
                bssBANK0                             F9       F9        4         1
                bitbssBANK0                         7E8       FD        2         1

        CLASS   BANK1          
                cstackBANK1                         100      100       D6         1
                dataBANK1                           1EB      1EB        1         1
                bssBANK1                            1D6      1D6       15         1

        CLASS   BANK2          
                cstackBANK2                         200      200       76         1
                dataBANK2                           2CD      2CD        C         1
                bssBANK2                            276      276       57         1

        CLASS   BANK3          
                cstackBANK3                         300      300       E5         1
                bssBANK3                            3E5      3E5        9         1
                nvBANK3                             3EE      3EE        1         1

        CLASS   BANK4          
                cstackBANK4                         4AE      4AE       4A         1
                dataBANK4                           4F8      4F8        6         1
                bssBANK4                            400      400       AE         1

        CLASS   BANK5          
                dataBANK5                           5A2      5A2       24         1
                bssBANK5                            500      500       A2         1

        CLASS   BANK6          
                cstackBANK6                         680      680       4E         1
                bssBANK6                            600      600       80         1

        CLASS   BANK7          

        CLASS   BANK8          

        CLASS   BANK9          

        CLASS   BANK10         

        CLASS   BANK11         

        CLASS   BANK12         

        CLASS   BANK13         

        CLASS   SFR            

        CLASS   FARRAM         

        CLASS   CONFIG         
                config                           300000   300000        C         0

        CLASS   IDLOC          
                idloc                            200000   200000       10         0

        CLASS   EEDATA         



SEGMENTS        Name                           Load    Length   Top    Selector   Space  Class

                reset_vec                      000000  000004  000004         0       0  CODE    
                cstackCOMRAM                   000001  00005F  000060         1       1  COMRAM  
                intcode                        000008  000006  00000E         4       0  CODE    
                intcodelo                      000018  004527  00453F         C       0  CODE    
                cstackBANK0                    000060  00009E  0000FE        60       1  BANK0   
                cstackBANK1                    000100  0000EC  0001EC       100       1  BANK1   
                cstackBANK2                    000200  0000D9  0002D9       200       1  BANK2   
                cstackBANK3                    000300  0000EF  0003EF       300       1  BANK3   
                bssBANK4                       000400  0000FE  0004FE       400       1  BANK4   
                bssBANK5                       000500  0000C6  0005C6       500       1  BANK5   
                bssBANK6                       000600  0000CE  0006CE       600       1  BANK6   
                mediumconst                    00CABC  003544  010000      655E       0  MEDIUMCO
                text4                          010000  010000  020000      8000       0  CODE    
                idloc                          200000  000010  200010    200000       0  IDLOC   
                config                         300000  00000C  30000C    300000       0  CONFIG  


UNUSED ADDRESS RANGES

        Name                Unused          Largest block    Delta
        BANK0            0000FE-0000FF                2
        BANK1            0001EC-0001FF               14
        BANK10           000A00-000AFF              100
        BANK11           000B00-000BFF              100
        BANK12           000C00-000CFF              100
        BANK13           000D00-000DE9               EA
        BANK2            0002D9-0002FF               27
        BANK3            0003EF-0003FF               11
        BANK4            0004FE-0004FF                2
        BANK5            0005C6-0005FF               3A
        BANK6            0006CE-0006FF               32
        BANK7            000700-0007FF              100
        BANK8            000800-0008FF              100
        BANK9            000900-0009FF              100
        BIGRAM           0000FE-0000FF                2
                         0001EC-0001FF               14
                         0002D9-0002FF               27
                         0003EF-0003FF               11
                         0004FE-0004FF                2
                         0005C6-0005FF               3A
                         0006CE-000DE9              71C
        CODE             000004-000007                4
                         00000E-000017                A
                         00453F-00CABB             857D
        CONST            000004-000007                4
                         00000E-000017                A
                         00453F-00CABB             857D
        EEDATA           310000-3103FF              400
        MEDIUMCONST      00453F-00CABB             857D
        RAM              0000FE-0000FF                2
                         0001EC-0001FF               14
                         0002D9-0002FF               27
                         0003EF-0003FF               11
                         0004FE-0004FF                2
                         0005C6-0005FF               3A
                         0006CE-000DE9              100
        SFR              000DEF-000FFF              100
        SMALLCONST       00453F-00CABB              100
        STACK            0006CE-000DE9              71C

                                  Symbol Table

?_ADCC_GetConversionResult                     cstackCOMRAM 000001
?_ADCC_GetFilterValue                          cstackCOMRAM 000001
?_FLASH_ReadWord                               cstackBANK3  000304
?___awdiv                                      cstackBANK3  000306
?___awmod                                      cstackBANK3  000300
?___fladd                                      cstackBANK3  000334
?___fldiv                                      cstackBANK3  000348
?___flmul                                      cstackBANK3  000361
?___flneg                                      cstackBANK3  000330
?___flsub                                      cstackBANK3  000348
?___fltol                                      cstackBANK3  00030E
?___ftdiv                                      cstackBANK3  00030B
?___ftpack                                     cstackBANK3  000300
?___lldiv                                      cstackBANK3  000300
?___llmod                                      cstackBANK3  00030D
?___lwtoft                                     cstackBANK3  000308
?___wmul                                       cstackBANK3  000300
?___xxtofl                                     cstackBANK3  000318
?__div_to_l_                                   cstackBANK3  000300
?__doprnt                                      cstackBANK3  000387
?__tdiv_to_l_                                  cstackBANK3  000300
?_abs                                          cstackBANK0  00007D
?_acos                                         cstackBANK3  0003B7
?_asin                                         cstackBANK3  00039F
?_atan                                         cstackBANK3  00038A
?_atoi                                         cstackBANK3  000306
?_currentMeasuredToPeak                        cstackBANK0  0000AC
?_eval_poly                                    cstackBANK3  00037A
?_fabs                                         cstackBANK3  000334
?_floor                                        cstackBANK0  000089
?_fround                                       cstackBANK3  00037A
?_getCauseOfResetString                        cstackBANK3  000300
?_getCauseOfResetStringSmall                   cstackBANK3  000300
?_getDeviceID                                  cstackBANK3  00030B
?_getDeviceIDString                            cstackBANK3  00030D
?_getUserID                                    cstackBANK3  00030B
?_peakToRMS                                    cstackBANK0  0000C2
?_printf                                       cstackBANK3  0003B1
?_readDoubleFromEEPROM                         cstackBANK3  000302
?_round                                        cstackBANK3  0003BF
?_scale                                        cstackBANK3  00037A
?_sin                                          cstackBANK0  00009B
?_sprintf                                      cstackBANK3  0003B1
?_sqrt                                         cstackBANK3  00037A
?_strchr                                       cstackBANK3  000300
?_strcmp                                       cstackBANK3  000300
?_strlen                                       cstackBANK3  000300
?_strncmp                                      cstackBANK3  000306
?_strstr                                       cstackBANK3  00030F
?_trunc                                        cstackBANK3  000326
?i1_FLASH_ReadWord                             cstackBANK1  000116
?i1___awdiv                                    cstackBANK1  000118
?i1___awmod                                    cstackBANK1  000112
?i1___fladd                                    cstackBANK1  000181
?i1___fldiv                                    cstackBANK1  000120
?i1___flmul                                    cstackBANK1  000139
?i1___flneg                                    cstackBANK1  00017D
?i1___flsub                                    cstackBANK1  000195
?i1___fltol                                    cstackBANK1  00015B
?i1___ftdiv                                    cstackBANK1  00011D
?i1___ftpack                                   cstackBANK1  000112
?i1___lldiv                                    cstackBANK1  000112
?i1___llmod                                    cstackBANK1  00011F
?i1___lwtoft                                   cstackBANK1  00011A
?i1___wmul                                     cstackBANK1  000112
?i1___xxtofl                                   cstackBANK1  000165
?i1__div_to_l_                                 cstackBANK1  000112
?i1__tdiv_to_l_                                cstackBANK1  000112
?i1_acos                                       cstackBANK1  0001D2
?i1_asin                                       cstackBANK1  0001BA
?i1_atan                                       cstackBANK1  0001A5
?i1_eval_poly                                  cstackBANK1  000195
?i1_fabs                                       cstackBANK1  000181
?i1_fround                                     cstackBANK1  000152
?i1_getCauseOfResetStringSmall                 cstackBANK1  000112
?i1_getDeviceID                                cstackBANK1  00011D
?i1_round                                      cstackBANK2  000204
?i1_scale                                      cstackBANK1  000152
?i1_sprintf                                    cstackBANK1  0001CB
?i1_sqrt                                       cstackBANK1  000195
?i1_trunc                                      cstackBANK1  000173
?i2___awdiv                                    cstackCOMRAM 000007
?i2___awmod                                    cstackCOMRAM 000001
?i2___fladd                                    cstackBANK0  00006D
?i2___fldiv                                    cstackCOMRAM 000049
?i2___flmul                                    cstackCOMRAM 00000F
?i2___flneg                                    cstackCOMRAM 000055
?i2___flsub                                    cstackBANK0  000093
?i2___fltol                                    cstackCOMRAM 000031
?i2___lldiv                                    cstackCOMRAM 000001
?i2___llmod                                    cstackCOMRAM 00000E
?i2___wmul                                     cstackCOMRAM 000001
?i2___xxtofl                                   cstackCOMRAM 00003B
?i2__div_to_l_                                 cstackCOMRAM 000001
?i2__doprnt                                    cstackBANK0  00009B
?i2__tdiv_to_l_                                cstackCOMRAM 000001
?i2_acos                                       cstackBANK0  0000BA
?i2_asin                                       cstackBANK0  0000A2
?i2_atan                                       cstackBANK0  00008D
?i2_eval_poly                                  cstackBANK0  00007D
?i2_fabs                                       cstackCOMRAM 000059
?i2_fround                                     cstackCOMRAM 000028
?i2_printf                                     cstackBANK0  0000C5
?i2_readDoubleFromEEPROM                       cstackCOMRAM 000003
?i2_scale                                      cstackCOMRAM 000028
?i2_sqrt                                       cstackBANK0  00007D
ADCC_SetADTIInterruptHandler@InterruptHandler  cstackBANK3  000300
ADCC_StartConversion@channel                   cstackBANK1  000112
ADC_PostProcessingCallback@current_adc_channel cstackBANK0  0000EA
DATAEE_ReadByte@bAdd                           cstackBANK3  000300
DATAEE_WriteByte@GIEBitValue                   cstackBANK3  000303
DATAEE_WriteByte@bAdd                          cstackBANK3  000300
DATAEE_WriteByte@bData                         cstackBANK3  000302
EUSART2_Read@readValue                         cstackBANK3  000300
EUSART2_SetRxInterruptHandler@interruptHandler cstackBANK3  000300
EUSART2_SetTxInterruptHandler@interruptHandler cstackBANK3  000300
EUSART2_Write@txData                           cstackBANK3  000300
FLASH_ReadByte@flashAddr                       cstackBANK3  000300
FLASH_ReadWord@flashAddr                       cstackBANK3  000304
I2C1_ISR@i2c_10bit_address_restart             bssBANK1     0001E8
I2C1_ISR@i2c_address                           bssBANK0     0000FB
I2C1_ISR@i2c_bytes_left                        bssBANK1     0001E9
I2C1_ISR@pi2c_buf_ptr                          bssBANK1     0001DA
I2C1_MasterRead@trBlock                        bssBANK4     0004A4
I2C1_MasterTRBInsert@count                     cstackBANK3  000305
I2C1_MasterTRBInsert@pflag                     cstackBANK3  000302
I2C1_MasterTRBInsert@ptrb_list                 cstackBANK3  000300
I2C1_MasterWrite@address                       cstackBANK3  00030C
I2C1_MasterWrite@length                        cstackBANK3  00030B
I2C1_MasterWrite@pdata                         cstackBANK3  000309
I2C1_MasterWrite@pflag                         cstackBANK3  00030E
I2C1_MasterWrite@trBlock                       bssBANK4     0004A9
I2C1_MasterWriteTRBBuild@address               cstackBANK3  000305
I2C1_MasterWriteTRBBuild@length                cstackBANK3  000304
I2C1_MasterWriteTRBBuild@pdata                 cstackBANK3  000302
I2C1_MasterWriteTRBBuild@ptrb                  cstackBANK3  000300
I2C1_Stop@completion_code                      cstackCOMRAM 000003
INT0_SetInterruptHandler@InterruptHandler      cstackBANK3  000300
OLED_Clear@col                                 cstackBANK3  000323
OLED_Clear@row                                 cstackBANK3  000321
OLED_Command@data_array                        cstackBANK3  000312
OLED_Command@length                            cstackBANK3  000311
OLED_Command@temp                              cstackBANK3  000310
OLED_PutChar@ch                                cstackBANK3  000320
OLED_PutChar@data_array                        cstackBANK3  000314
OLED_PutChar@input_base                        cstackBANK3  00031D
OLED_PutChar@length                            cstackBANK3  00031F
OLED_WriteString@s                             cstackBANK3  000321
OLED_YX@Column                                 cstackBANK3  000314
OLED_YX@Row                                    cstackBANK3  000316
OLED_updateCallback@TRIAC_degrees              cstackBANK6  000684
OLED_updateCallback@angle_string               cstackBANK6  0006BD
OLED_updateCallback@dev_id_str                 cstackBANK6  00068A
OLED_updateCallback@percentage                 cstackBANK6  000687
OLED_updateCallback@percentage_string          cstackBANK6  0006AC
OLED_updateCallback@rev_id_str                 cstackBANK6  00069B
TMR2_Counter8BitSet@timerVal                   cstackBANK3  000300
TMR2_Period8BitSet@periodVal                   cstackBANK3  000300
TMR2_SetInterruptHandler@InterruptHandler      cstackBANK3  000300
TMR2_WriteTimer@timerVal                       cstackBANK3  000301
TMR4_ISR@CountCallBack                         bssBANK1     0001E0
TMR4_SetInterruptHandler@InterruptHandler      cstackBANK3  000300
TMR5_SetInterruptHandler@InterruptHandler      cstackBANK3  000300
TMR5_WriteTimer@timerVal                       cstackCOMRAM 000001
TMR6_SetInterruptHandler@InterruptHandler      cstackBANK3  000300
TMR7_SetInterruptHandler@InterruptHandler      cstackBANK3  000300
TMR7_WriteTimer@timerVal                       cstackBANK1  000112
_ADACCH                                        (abs)        000F71
_ADACCL                                        (abs)        000F70
_ADACQ                                         (abs)        000F5C
_ADACT                                         (abs)        000F56
_ADCAP                                         (abs)        000F5D
_ADCC_ADTI_InterruptHandler                    bssBANK2     0002B1
_ADCC_ClearAccumulator                         text127      0044F6
_ADCC_DefaultInterruptHandler                  text236      00453C
_ADCC_DischargeSampleCapacitor                 text126      0044D6
_ADCC_GetConversionResult                      text262      00431E
_ADCC_GetCurrentCountofConversions             text261      00452E
_ADCC_GetFilterValue                           text260      00430A
_ADCC_HasAccumulatorOverflowed                 text259      004472
_ADCC_Initialize                               text113      01FF94
_ADCC_SetADTIInterruptHandler                  text114      004422
_ADCC_StartConversion                          text125      004430
_ADCC_StopConversion                           text258      00452A
_ADCC_ThresholdISR                             text235      003EEA
_ADCLK                                         (abs)        000F57
_ADCNT                                         (abs)        000F67
_ADCON0                                        (abs)        000F60
_ADCON0bits                                    (abs)        000F60
_ADCON1                                        (abs)        000F59
_ADCON1bits                                    (abs)        000F59
_ADCON2                                        (abs)        000F5A
_ADCON2bits                                    (abs)        000F5A
_ADCON3                                        (abs)        000F5B
_ADCON3bits                                    (abs)        000F5B
_ADC_PostProcessingCallback                    text237      017EBA
_ADC_PostProcessingCallback$6524               cstackBANK0  0000EB
_ADC_PostProcessingCallback$6525               cstackBANK0  0000EF
_ADC_PostProcessingCallback$6526               cstackBANK0  0000DA
_ADC_PostProcessingCallback$6527               cstackBANK0  0000DE
_ADC_PostProcessingCallback$6528               cstackBANK0  0000E2
_ADC_PostProcessingCallback$6529               cstackBANK0  0000E6
_ADC_Result_Scaling                            bssBANK2     00029A
_ADERRH                                        (abs)        000F6F
_ADERRL                                        (abs)        000F6E
_ADFLTRH                                       (abs)        000F73
_ADFLTRL                                       (abs)        000F72
_ADLTHH                                        (abs)        000F6B
_ADLTHL                                        (abs)        000F6A
_ADPCH                                         (abs)        000F5F
_ADPRE                                         (abs)        000F5E
_ADPREVH                                       (abs)        000F62
_ADPREVL                                       (abs)        000F61
_ADREF                                         (abs)        000F58
_ADRESH                                        (abs)        000F64
_ADRESL                                        (abs)        000F63
_ADRPT                                         (abs)        000F66
_ADSTAT                                        (abs)        000F65
_ADSTATbits                                    (abs)        000F65
_ADSTPTH                                       (abs)        000F69
_ADSTPTL                                       (abs)        000F68
_ADUTHH                                        (abs)        000F6D
_ADUTHL                                        (abs)        000F6C
_ANSELA                                        (abs)        000E92
_ANSELB                                        (abs)        000E9A
_ANSELD                                        (abs)        000EA7
_ANSELE                                        (abs)        000EAF
_ANSELF                                        (abs)        000EB4
_ANSELG                                        (abs)        000EBC
_AVSS_ADC_Result                               bssBANK3     0003E9
_Avg_Power                                     bssBANK2     000286
_BAUD2CON                                      (abs)        000EF7
_CountCallBack                                 bssBANK2     0002BC
_DATAEE_ReadByte                               text88       004278
_DATAEE_WriteByte                              text84       0038C0
_EUSART2_Initialize                            text110      002D20
_EUSART2_Read                                  text43       0031E4
_EUSART2_Receive_ISR                           text220      001BAA
_EUSART2_RxDefaultInterruptHandler             bssBANK4     000428
_EUSART2_SetRxInterruptHandler                 text112      004414
_EUSART2_SetTxInterruptHandler                 text111      004406
_EUSART2_Transmit_ISR                          text195      003BC6
_EUSART2_TxDefaultInterruptHandler             bssBANK2     0002B7
_EUSART2_Write                                 text65       0033F2
_EXT_INT_Initialize                            text108      004196
_FLASH_ReadByte                                text56       004244
_FLASH_ReadWord                                text55       0036FC
_FVRCON                                        (abs)        000EC4
_FVRCONbits                                    (abs)        000EC4
_FVR_ADC_Result                                bssBANK2     0002C8
_FVR_Initialize                                text107      0044CE
_HLVDCON0                                      (abs)        000EC2
_HLVDCON0bits                                  (abs)        000EC2
_HLVDCON1                                      (abs)        000EC3
_HLVD_ISR                                      text217      003842
_HLVD_Initialize                               text106      004386
_I2C1_BusCollisionISR                          text216      004508
_I2C1_FunctionComplete                         text215      0041B4
_I2C1_ISR                                      text213      01EA24
_I2C1_Initialize                               text105      003B90
_I2C1_MasterTRBInsert                          text119      001DB6
_I2C1_MasterWrite                              text117      003144
_I2C1_MasterWriteTRBBuild                      text118      0035A2
_I2C1_Stop                                     text214      003780
_I2C1_WaitForLastPacketToComplete              text120      004492
_INT0PPS                                       (abs)        000DF0
_INT0_CallBack                                 text208      0040AE
_INT0_DefaultInterruptHandler                  text209      00453A
_INT0_ISR                                      text207      0044BA
_INT0_InterruptHandler                         bssBANK2     0002A8
_INT0_SetInterruptHandler                      text109      0043F8
_INTCONbits                                    (abs)        000FF2
_INTERRUPT_Initialize                          text104      004178
_INTERRUPT_InterruptManagerHigh                intcode      000008
_INTERRUPT_InterruptManagerLow                 intcodelo    000018
_IPR0bits                                      (abs)        000E1F
_IPR1bits                                      (abs)        000E20
_IPR2bits                                      (abs)        000E21
_IPR3bits                                      (abs)        000E22
_IPR5bits                                      (abs)        000E24
_Imeas                                         bssBANK4     000420
_Ipk                                           bssBANK1     0001D6
_Irms                                          bssBANK2     00028A
_Irms_offset                                   dataBANK2    0002CD
_LATA                                          (abs)        000F79
_LATB                                          (abs)        000F7A
_LATC                                          (abs)        000F7B
_LATD                                          (abs)        000F7C
_LATE                                          (abs)        000F7D
_LATF                                          (abs)        000F7E
_LATFbits                                      (abs)        000F7E
_LATG                                          (abs)        000F7F
_LATGbits                                      (abs)        000F7F
_LATH                                          (abs)        000F80
_NVMADRH                                       (abs)        000F75
_NVMADRL                                       (abs)        000F74
_NVMCON1bits                                   (abs)        000F77
_NVMCON2                                       (abs)        000F78
_NVMDAT                                        (abs)        000F76
[...]

C:\Program Files (x86)\Microchip\xc8\v1.45\sources\common\round.c estimated size: 183

mcc_generated_files/tmr2.c
		_TMR2_ISR      		CODE           	3F84	0000	39
		_TMR2_Initialize		CODE           	3D8A	0000	49
		_TMR2_Stop     		CODE           	4512	0000	5
		_TMR2_Start    		CODE           	4516	0000	5
		_TMR2_SetInterruptHandler		CODE           	43EA	0000	15
		_TMR2_Counter8BitSet		CODE           	447E	0000	11
		_TMR2_Period8BitSet		CODE           	4488	0000	11
		_TMR2_StopTimer		CODE           	44EA	0000	7
		_TMR2_DefaultInterruptHandler		CODE           	4534	0000	3
		_TMR2_CallBack 		CODE           	4066	0000	37
		_TMR2_WriteTimer		CODE           	43A4	0000	15
		_TMR2_StartTimer		CODE           	44F0	0000	7

mcc_generated_files/tmr2.c estimated size: 204

mcc_generated_files/interrupt_manager.c
		_INTERRUPT_Initialize		CODE           	4178	0000	31
		_INTERRUPT_InterruptManagerLow		CODE           	0018	0000	243
		_INTERRUPT_InterruptManagerHigh		CODE           	0008	0000	271

mcc_generated_files/interrupt_manager.c estimated size: 545

C:\Program Files (x86)\Microchip\xc8\v1.45\sources\common\Umul16.c
		___wmul        		CODE           	3E72	0000	41

C:\Program Files (x86)\Microchip\xc8\v1.45\sources\common\Umul16.c estimated size: 41

mcc_generated_files/i2c1.c
		_I2C1_BusCollisionISR		CODE           	4508	0000	7
		_I2C1_FunctionComplete		CODE           	41B4	0000	31
		_I2C1_MasterWriteTRBBuild		CODE           	35A2	0000	71
		_I2C1_ISR      		CODE           	1EA24	0000	621
		_I2C1_MasterWrite		CODE           	3144	0000	81
		_I2C1_Initialize		CODE           	3B90	0000	55
		_I2C1_Stop     		CODE           	3780	0000	67
		_I2C1_WaitForLastPacketToComplete		CODE           	4492	0000	11
		_I2C1_MasterTRBInsert		CODE           	1DB6	0000	163

mcc_generated_files/i2c1.c estimated size: 1107

double_to_EEPROM.c
		_readDoubleFromEEPROM		CODE           	3002	0000	83
		_writeDoubleToEEPROM		CODE           	30A4	0000	81

double_to_EEPROM.c estimated size: 164

C:\Program Files (x86)\Microchip\xc8\v1.45\sources\common\frexp.c
		_frexp         		CODE           	258E	0000	127

C:\Program Files (x86)\Microchip\xc8\v1.45\sources\common\frexp.c estimated size: 127

mcc_generated_files/pin_manager.c
		_PIN_MANAGER_Initialize		CODE           	1686	0000	205

mcc_generated_files/pin_manager.c estimated size: 205

C:\Program Files (x86)\Microchip\xc8\v1.45\sources\common\fabs.c
		_fabs          		CODE           	3882	0000	63

C:\Program Files (x86)\Microchip\xc8\v1.45\sources\common\fabs.c estimated size: 63

C:\Program Files (x86)\Microchip\xc8\v1.45\sources\common\isdigit.c
		_isdigit       		CODE           	40F4	0000	35

C:\Program Files (x86)\Microchip\xc8\v1.45\sources\common\isdigit.c estimated size: 35

C:\Program Files (x86)\Microchip\xc8\v1.45\sources\common\sprcadd.c
		___flsub       		CODE           	343A	0000	73
		___fladd       		CODE           	1BB86	0000	831

C:\Program Files (x86)\Microchip\xc8\v1.45\sources\common\sprcadd.c estimated size: 904

C:\Program Files (x86)\Microchip\xc8\v1.45\sources\common\floor.c
		_floor         		CODE           	0A3E	0000	277

C:\Program Files (x86)\Microchip\xc8\v1.45\sources\common\floor.c estimated size: 277

C:\Program Files (x86)\Microchip\xc8\v1.45\sources\common\ftdivl.c
		__tdiv_to_l_   		CODE           	1FD2C	0000	309

C:\Program Files (x86)\Microchip\xc8\v1.45\sources\common\ftdivl.c estimated size: 309

C:\Program Files (x86)\Microchip\xc8\v1.45\sources\common\awmod.c
		___awmod       		CODE           	2874	0000	115

C:\Program Files (x86)\Microchip\xc8\v1.45\sources\common\awmod.c estimated size: 115

C:\Program Files (x86)\Microchip\xc8\v1.45\sources\common\strstr.c
		_strstr        		CODE           	2164	0000	141

C:\Program Files (x86)\Microchip\xc8\v1.45\sources\common\strstr.c estimated size: 141

C:\Program Files (x86)\Microchip\xc8\v1.45\sources\common\ftdiv.c
		___ftdiv       		CODE           	1146	0000	233

C:\Program Files (x86)\Microchip\xc8\v1.45\sources\common\ftdiv.c estimated size: 233

device_IDs.c
		_getDeviceID   		CODE           	4138	0000	33
		_getUserID     		CODE           	3674	0000	69
		_getMinorRevisionID		CODE           	3F38	0000	39
		_getDeviceIDString		CODE           	2DEC	0000	97
		_getMajorRevisionID		CODE           	39B6	0000	61

device_IDs.c estimated size: 299

C:\Program Files (x86)\Microchip\xc8\v1.45\sources\common\acos.c
		_acos          		CODE           	2958	0000	113

C:\Program Files (x86)\Microchip\xc8\v1.45\sources\common\acos.c estimated size: 113

C:\Program Files (x86)\Microchip\xc8\v1.45\sources\common\llmod.c
		___llmod       		CODE           	2B80	0000	105

C:\Program Files (x86)\Microchip\xc8\v1.45\sources\common\llmod.c estimated size: 105

C:\Program Files (x86)\Microchip\xc8\v1.45\sources\common\fldivl.c
		__div_to_l_    		CODE           	0240	0000	299

C:\Program Files (x86)\Microchip\xc8\v1.45\sources\common\fldivl.c estimated size: 299

C:\Program Files (x86)\Microchip\xc8\v1.45\sources\common\sprintf.c
		_sprintf       		CODE           	33AA	0000	73

C:\Program Files (x86)\Microchip\xc8\v1.45\sources\common\sprintf.c estimated size: 73

C:\Program Files (x86)\Microchip\xc8\v1.45\sources\common\fltol.c
		___fltol       		CODE           	1316	0000	223

C:\Program Files (x86)\Microchip\xc8\v1.45\sources\common\fltol.c estimated size: 223

mcc_generated_files/ext_int.c
		_INT0_SetInterruptHandler		CODE           	43F8	0000	15
		_EXT_INT_Initialize		CODE           	4196	0000	31
		_INT0_DefaultInterruptHandler		CODE           	453A	0000	3
		_INT0_CallBack 		CODE           	40AE	0000	37
		_INT0_ISR      		CODE           	44BA	0000	11

mcc_generated_files/ext_int.c estimated size: 97

C:\Program Files (x86)\Microchip\xc8\v1.45\sources\common\atoi.c
		_atoi          		CODE           	15AE	0000	217

C:\Program Files (x86)\Microchip\xc8\v1.45\sources\common\atoi.c estimated size: 217

mcc_generated_files/tmr7.c
		_TMR7_DefaultInterruptHandler		CODE           	1FFFE	0000	3
		_TMR7_WriteTimer		CODE           	3F5E	0000	39
		_TMR7_ISR      		CODE           	3C30	0000	53
		_TMR7_Initialize		CODE           	2FAE	0000	85
		_TMR7_SetInterruptHandler		CODE           	43B2	0000	15

mcc_generated_files/tmr7.c estimated size: 195

mcc_generated_files/hlvd.c
		_HLVD_ISR      		CODE           	3842	0000	65
		_HLVD_Initialize		CODE           	4386	0000	17

mcc_generated_files/hlvd.c estimated size: 82

C:\Program Files (x86)\Microchip\xc8\v1.45\sources\common\printf.c
		_printf        		CODE           	39F2	0000	61

C:\Program Files (x86)\Microchip\xc8\v1.45\sources\common\printf.c estimated size: 61

mcc_generated_files/tmr5.c
		_TMR5_ISR      		CODE           	3C64	0000	53
		_TMR5_Initialize		CODE           	30F4	0000	81
		_TMR5_SetInterruptHandler		CODE           	43CE	0000	15
		_TMR5_StopTimer		CODE           	450E	0000	5
		_TMR5_DefaultInterruptHandler		CODE           	4536	0000	3
		_TMR5_WriteTimer		CODE           	4228	0000	29
		_TMR5_StartTimer		CODE           	4526	0000	5

mcc_generated_files/tmr5.c estimated size: 191

shared
		i2_writeDoubleToEEPROM		CODE           	32CC	0000	77
		i2_DATAEE_WriteByte		CODE           	3B1E	0000	59
		i1_acos        		CODE           	29C8	0000	113
		i2_printf      		CODE           	3AA6	0000	61
		i2_acos        		CODE           	2AA8	0000	113
		_OledFont      		MEDIUMCONST    	CB7B	0000	769
		i2_readDoubleFromEEPROM		CODE           	3232	0000	79
		i1_putch       		CODE           	443E	0000	15
		i2_putch       		CODE           	44C4	0000	11
		i1_getMinorRevisionID		CODE           	3FAA	0000	39
		i1___ftdiv     		CODE           	122E	0000	233
		__powers_      		MEDIUMCONST    	CABD	0000	53
		i1_TMR2_Counter8BitSet		CODE           	449C	0000	11
		i1_OLED_YX     		CODE           	3A6A	0000	61
		i1_I2C1_WaitForLastPacketToComplete		CODE           	44B0	0000	11
		_dpowers       		MEDIUMCONST    	CB25	0000	41
		i1___lwtoft    		CODE           	3FD0	0000	39
		i1_isdigit     		CODE           	4116	0000	35
		i2_isdigit     		CODE           	41D2	0000	31
		i1_getCauseOfResetStringSmall		CODE           	3DBA	0000	49
		i1_OLED_Clear  		CODE           	3802	0000	65
		i1___flneg     		CODE           	3DEA	0000	49
		i1_strcpy      		CODE           	3482	0000	73
		i2___flneg     		CODE           	3E1A	0000	47
		i1_atan        		CODE           	1F378	0000	569
		i1___awdiv     		CODE           	2276	0000	135
		i2_atan        		CODE           	1F5B0	0000	569
		atan@coeff_a   		MEDIUMCONST    	CE7B	0000	25
		atan@coeff_b   		MEDIUMCONST    	CEA7	0000	21
		i2___awdiv     		CODE           	2488	0000	133
		i1___fladd     		CODE           	1BEC4	0000	831
		i1__tdiv_to_l_ 		CODE           	1FE60	0000	309
		i2___fladd     		CODE           	1C202	0000	831
		i2__tdiv_to_l_ 		CODE           	010E	0000	307
		i1___wmul      		CODE           	3EC2	0000	41
		i1_eval_poly   		CODE           	0D5A	0000	257
		i2___wmul      		CODE           	401C	0000	39
		i1_I2C1_MasterWrite		CODE           	3194	0000	81
		i2_eval_poly   		CODE           	0E5A	0000	257
		i1__doprnt     		CODE           	14068	0000	7987
		i2__doprnt     		CODE           	15F9A	0000	7969
		i1___fldiv     		CODE           	1E20A	0000	695
		i1__div_to_l_  		CODE           	036A	0000	299
		i1___fltol     		CODE           	13F4	0000	223
		i2___fldiv     		CODE           	1E4C0	0000	695
		i2__div_to_l_  		CODE           	0494	0000	297
		i1___ftpack    		CODE           	1AFA	0000	177
		__npowers_     		MEDIUMCONST    	CAF1	0000	53
		i2___fltol     		CODE           	14D2	0000	221
		i1_scale       		CODE           	1A506	0000	1189
		i1___lldiv     		CODE           	2380	0000	133
		i2_scale       		CODE           	1A9AA	0000	1153
		i2___lldiv     		CODE           	250C	0000	131
		__initialization		CODE           	1054	0000	233
		i1___flge      		CODE           	06DE	0000	291
		i2___flge      		CODE           	0800	0000	291
		i1_OLED_Command		CODE           	2CB8	0000	105
		i1_OLED_UpdateFromRAMBuffer		CODE           	2780	0000	123
		i1_OLED_PutChar		CODE           	1818	0000	199
		i1_trunc       		CODE           	1F9A	0000	161
		i1___awmod     		CODE           	28E6	0000	115
		i2___awmod     		CODE           	2A38	0000	113
		i1_EUSART2_Write		CODE           	34CA	0000	73
		i1_frexp       		CODE           	260C	0000	127
		i2_EUSART2_Write		CODE           	362E	0000	71
		i2_frexp       		CODE           	27FA	0000	123
		_max_Temp_ADC_Result_address		MEDIUMCONST    	CB6F	0000	3
		i1_FLASH_ReadWord		CODE           	373E	0000	67
		_max_Irms_address		MEDIUMCONST    	CB77	0000	3
		i1_TMR2_Stop   		CODE           	451A	0000	5
		_max_POS12_ADC_Result_address		MEDIUMCONST    	CB71	0000	3
		i1_FLASH_ReadByte		CODE           	4292	0000	27
		i1___flmul     		CODE           	1B4E4	0000	851
		i1_I2C1_MasterWriteTRBBuild		CODE           	35E8	0000	71
		i2___flmul     		CODE           	1B836	0000	849
		i1_asin        		CODE           	1C850	0000	785
		i1_TMR2_Start  		CODE           	451E	0000	5
		i2_asin        		CODE           	1CB60	0000	785
		i1_OLED_updateCallback		CODE           	189E8	0000	2253
		i1___llmod     		CODE           	2C50	0000	105
		_hexpowers     		MEDIUMCONST    	CB4D	0000	33
		i1_memmove     		CODE           	1D08	0000	175
		i1_sprintf     		CODE           	3318	0000	75
		i2___llmod     		CODE           	2D86	0000	103
		i1_getMajorRevisionID		CODE           	3A2E	0000	61
		i1___xxtofl    		CODE           	1F93C	0000	341
		i2___xxtofl    		CODE           	1FA90	0000	337
		_Total_Energy_address		MEDIUMCONST    	CB79	0000	3
		i1_getDeviceID 		CODE           	4158	0000	33
		i2_DATAEE_ReadByte		CODE           	42C4	0000	25
		i1_TMR2_StopTimer		CODE           	44FC	0000	7
		i1___flsub     		CODE           	3512	0000	73
		i2___flsub     		CODE           	355A	0000	73
		i1_OLED_WriteString		CODE           	2F56	0000	89
		i2_TMR5_StopTimer		CODE           	4522	0000	5
		i1_fabs        		CODE           	393C	0000	63
		i2_fabs        		CODE           	3AE2	0000	61
		i1_sqrt        		CODE           	1D438	0000	713
		i2_sqrt        		CODE           	1D700	0000	713
		_max_Power_address		MEDIUMCONST    	CB75	0000	3
		i1_TMR2_Period8BitSet		CODE           	44A6	0000	11
		i1_fround      		CODE           	1DC8E	0000	711
		i1_round       		CODE           	1994	0000	183
		i2_fround      		CODE           	1E776	0000	687
		i1_TMR2_WriteTimer		CODE           	444C	0000	15
		i1_TMR2_StartTimer		CODE           	4502	0000	7
		sin@coeff_a    		MEDIUMCONST    	CE93	0000	21
		sin@coeff_b    		MEDIUMCONST    	CEBB	0000	17
		_max_POS3P3_ADC_Result_address		MEDIUMCONST    	CB73	0000	3
		i1_I2C1_MasterTRBInsert		CODE           	1E58	0000	163
		_max_FVR_ADC_Result_address		MEDIUMCONST    	CB6D	0000	3

shared estimated size: 40405

mcc_generated_files/mcc.c
		_PMD_Initialize		CODE           	41F0	0000	29
		_OSCILLATOR_Initialize		CODE           	420C	0000	29
		_SYSTEM_Initialize		CODE           	38FE	0000	63

mcc_generated_files/mcc.c estimated size: 121

ring_buffer_interface.c
		_terminal_ringBufferPull		CODE           	0922	0000	285
		_terminal_textAttributes		CODE           	1AE2A	0000	873
		_terminal_textAttributesReset		CODE           	4332	0000	19
		_terminal_setCursorHome		CODE           	4356	0000	17
		_terminal_printNewline		CODE           	4366	0000	17
		_terminal_clearTerminal		CODE           	4376	0000	17

ring_buffer_interface.c estimated size: 1228

C:\Program Files (x86)\Microchip\xc8\v1.45\sources\common\atan.c
		_atan          		CODE           	1F140	0000	569

C:\Program Files (x86)\Microchip\xc8\v1.45\sources\common\atan.c estimated size: 569

cause_of_reset.c
		_getCauseOfResetStringSmall		CODE           	3CCA	0000	49
		_getCauseOfResetString		CODE           	3CFA	0000	49
		_getCauseOfReset		CODE           	2E4C	0000	91

cause_of_reset.c estimated size: 189

C:\Program Files (x86)\Microchip\xc8\v1.45\sources\common\awdiv.c
		___awdiv       		CODE           	21F0	0000	135

C:\Program Files (x86)\Microchip\xc8\v1.45\sources\common\awdiv.c estimated size: 135

C:\Program Files (x86)\Microchip\xc8\v1.45\sources\common\strcat.c
		_strcat        		CODE           	3280	0000	77

C:\Program Files (x86)\Microchip\xc8\v1.45\sources\common\strcat.c estimated size: 77

oled.c
		_OLED_Clear    		CODE           	37C2	0000	65
		_OLED_Command  		CODE           	2BE8	0000	105
		_OLED_WriteString		CODE           	2EFE	0000	89
		_OLED_UpdateFromRAMBuffer		CODE           	2706	0000	123
		_OLED_Init     		CODE           	203A	0000	155
		_OLED_PutChar  		CODE           	1752	0000	199
		_OLED_YX       		CODE           	397A	0000	61

oled.c estimated size: 797

C:\Program Files (x86)\Microchip\xc8\v1.45\sources\common\evalpoly.c
		_eval_poly     		CODE           	0C5A	0000	257

C:\Program Files (x86)\Microchip\xc8\v1.45\sources\common\evalpoly.c estimated size: 257

mcc_generated_files/memory.c
		_FLASH_ReadWord		CODE           	36FC	0000	67
		_FLASH_ReadByte		CODE           	4244	0000	27
		_DATAEE_WriteByte		CODE           	38C0	0000	63
		_DATAEE_ReadByte		CODE           	4278	0000	27

mcc_generated_files/memory.c estimated size: 184

C:\Program Files (x86)\Microchip\xc8\v1.45\sources\common\sin.c
		_sin           		CODE           	1CE70	0000	769

C:\Program Files (x86)\Microchip\xc8\v1.45\sources\common\sin.c estimated size: 769

C:\Program Files (x86)\Microchip\xc8\v1.45\sources\common\abs.c
		_abs           		CODE           	3E48	0000	43

C:\Program Files (x86)\Microchip\xc8\v1.45\sources\common\abs.c estimated size: 43

C:\Program Files (x86)\Microchip\xc8\v1.45\sources\common\lldiv.c
		___lldiv       		CODE           	22FC	0000	133

C:\Program Files (x86)\Microchip\xc8\v1.45\sources\common\lldiv.c estimated size: 133

ring_buffer_LUT.c
		_ringBufferLUT 		CODE           	10000	0000	8493
		_terminal_printResetMessage		CODE           	19B74	0000	1263

ring_buffer_LUT.c estimated size: 9756

C:\Program Files (x86)\Microchip\xc8\v1.45\sources\common\xxtofl.c
		___xxtofl      		CODE           	1F7E8	0000	341

C:\Program Files (x86)\Microchip\xc8\v1.45\sources\common\xxtofl.c estimated size: 341

C:\Program Files (x86)\Microchip\xc8\v1.45\sources\common\trunc.c
		_trunc         		CODE           	1EFA	0000	161

C:\Program Files (x86)\Microchip\xc8\v1.45\sources\common\trunc.c estimated size: 161

mcc_generated_files/adcc.c
		_ADCC_StopConversion		CODE           	452A	0000	5
		_ADCC_DefaultInterruptHandler		CODE           	453C	0000	3
		_ADCC_ClearAccumulator		CODE           	44F6	0000	7
		_ADCC_GetFilterValue		CODE           	430A	0000	21
		_ADCC_GetCurrentCountofConversions		CODE           	452E	0000	5
		_ADCC_SetADTIInterruptHandler		CODE           	4422	0000	15
		_ADCC_GetConversionResult		CODE           	431E	0000	21
		_ADCC_ThresholdISR		CODE           	3EEA	0000	41
		_ADCC_StartConversion		CODE           	4430	0000	15
		_ADCC_Initialize		CODE           	1FF94	0000	107
		_ADCC_HasAccumulatorOverflowed		CODE           	4472	0000	13
		_ADCC_DischargeSampleCapacitor		CODE           	44D6	0000	9

mcc_generated_files/adcc.c estimated size: 262

C:\Program Files (x86)\Microchip\xc8\v1.45\sources\common\flneg.c
		___flneg       		CODE           	3D2A	0000	49

C:\Program Files (x86)\Microchip\xc8\v1.45\sources\common\flneg.c estimated size: 49

main.c
		_dimmingOffTimeCallback		CODE           	42DC	0000	25
		_saveSRAMMaxToEEPROM		CODE           	1EC90	0000	615
		_acquisitionTimerCallback		CODE           	4344	0000	19
		_ADC_PostProcessingCallback		CODE           	17EBA	0000	2863
		_main          		CODE           	0F5A	0000	251
		_heartbeatTimerCallback		CODE           	36B8	0000	69
		_currentMeasuredToPeak		CODE           	268A	0000	125
		_recoverSRAMMaxFromEEPROM		CODE           	1FBE0	0000	333
		_dimmingOnTimeCallback		CODE           	4466	0000	13
		_writeEnergyToEEPROMCallback		CODE           	2404	0000	133
		_OLED_updateCallback		CODE           	192B4	0000	2241
		_peakToRMS     		CODE           	1EEF6	0000	587

main.c estimated size: 7274

C:\Program Files (x86)\Microchip\xc8\v1.45\sources\common\strlen.c
		_strlen        		CODE           	2EA6	0000	89

C:\Program Files (x86)\Microchip\xc8\v1.45\sources\common\strlen.c estimated size: 89

C:\Program Files (x86)\Microchip\xc8\v1.45\sources\common\lwtoft.c
		___lwtoft      		CODE           	3F12	0000	39

C:\Program Files (x86)\Microchip\xc8\v1.45\sources\common\lwtoft.c estimated size: 39

C:\Program Files (x86)\Microchip\xc8\v1.45\sources\common\strcmp.c
		_strcmp        		CODE           	3054	0000	81

C:\Program Files (x86)\Microchip\xc8\v1.45\sources\common\strcmp.c estimated size: 81

C:\Program Files (x86)\Microchip\xc8\v1.45\sources\common\strchr.c
		_strchr        		CODE           	3B58	0000	57

C:\Program Files (x86)\Microchip\xc8\v1.45\sources\common\strchr.c estimated size: 57

C:\Program Files (x86)\Microchip\xc8\v1.45\sources\common\strcpy.c
		_strcpy        		CODE           	3362	0000	73

C:\Program Files (x86)\Microchip\xc8\v1.45\sources\common\strcpy.c estimated size: 73

C:\Program Files (x86)\Microchip\xc8\v1.45\sources\common\strncmp.c
		_strncmp       		CODE           	20D4	0000	145

C:\Program Files (x86)\Microchip\xc8\v1.45\sources\common\strncmp.c estimated size: 145

C:\Program Files (x86)\Microchip\xc8\v1.45\sources\common\sprcmul.c
		___flmul       		CODE           	1B192	0000	851

C:\Program Files (x86)\Microchip\xc8\v1.45\sources\common\sprcmul.c estimated size: 851

C:\Program Files (x86)\Microchip\xc8\v1.45\sources\common\strncpy.c
		_strncpy       		CODE           	2B18	0000	105

C:\Program Files (x86)\Microchip\xc8\v1.45\sources\common\strncpy.c estimated size: 105

