Microchip MPLAB XC8 Compiler V1.45 ()

Linker command line:

-W-3 --edf=C:\Program Files (x86)\Microchip\xc8\v1.45\dat\en_msgs.txt -cs \
  -h+dist/default/production\AC_Power_Meter.X.production.sym \
  --cmf=dist/default/production\AC_Power_Meter.X.production.cmf -z \
  -Q18LF67K40 -oC:\Users\DREWMA~1\AppData\Local\Temp\safc.2 \
  -Mdist/default/production/AC_Power_Meter.X.production.map -E1 -ver=XC8 \
  -ASTACK=0300h-0de9h -pstack=STACK -ACODE=00h-01FFFFh -ACONST=00h-01FFFFh \
  -ASMALLCONST=0E00h-0EFFhx498 -AMEDIUMCONST=0E00h-0FFFFh,010E00h-01FFFFh \
  -ACOMRAM=01h-05Fh -AABS1=00h-0DE9h -ABIGRAM=01h-0DE9h \
  -ARAM=060h-0FFh,0100h-01FFhx12,0D00h-0DE9h -ABANK0=060h-0FFh \
  -ABANK1=0100h-01FFh -ABANK2=0200h-02FFh -ABANK3=0300h-03FFh \
  -ABANK4=0400h-04FFh -ABANK5=0500h-05FFh -ABANK6=0600h-06FFh \
  -ABANK7=0700h-07FFh -ABANK8=0800h-08FFh -ABANK9=0900h-09FFh \
  -ABANK10=0A00h-0AFFh -ABANK11=0B00h-0BFFh -ABANK12=0C00h-0CFFh \
  -ABANK13=0D00h-0DE9h \
  -ASFR=0DEFh-0DFFh,0E00h-0EFFh,0F00h-0F5Fh,0F60h-0FFFh \
  -preset_vec=00h,intcode=08h,intcodelo=018h,powerup,init -pramtop=0E00h \
  -psmallconst=SMALLCONST -pmediumconst=MEDIUMCONST -pconst=CONST \
  -AFARRAM=00h-00h -ACONFIG=0300000h-030000Bh -pconfig=CONFIG \
  -AIDLOC=0200000h-020000Fh -pidloc=IDLOC -AEEDATA=0310000h-03103FFh \
  -peeprom_data=EEDATA \
  -prdata=COMRAM,nvrram=COMRAM,nvbit=COMRAM,rbss=COMRAM,rbit=COMRAM \
  -pfarbss=FARRAM,fardata=FARRAM,nvFARRAM=FARRAM \
  -pintsave_regs=BIGRAM,bigbss=BIGRAM,bigdata=BIGRAM -pbss=RAM \
  -pidata=CODE,irdata=CODE,ibigdata=CODE,ifardata=CODE -prparam=COMRAM \
  C:\Users\DREWMA~1\AppData\Local\Temp\safc.obj \
  dist/default/production\AC_Power_Meter.X.production.obj 

Object code version is 3.11

Machine type is 18LF67K40

Call graph: (short form)




                Name                               Link     Load   Length Selector   Space Scale
C:\Users\DREWMA~1\AppData\Local\Temp\safc.obj
                init                                 FE       FE        4        C       0
                reset_vec                             0        0        4        0       0
                idloc                            200000   200000       10   200000       0
                config                           300000   300000        C   300000       0
dist/default/production\AC_Power_Meter.X.production.obj
                intcodelo                            18       18       E6        C       0
                intcode                               8        8        6        4       0
                temp                                 5F       5F        1        1       1
                mediumconst                        F178     F178      E88     78BC       0
                text111                           163F8    163F8       14     8000       0
                text110                           150B8    150B8       AE     8000       0
                text109                           16340    16340       24     8000       0
                text108                           13DF6    13DF6      1AC     8000       0
                text107                           149EA    149EA       F4     8000       0
                text106                           162F6    162F6       26     8000       0
                text105                           14D8A    14D8A       DA     8000       0
                text104                           15778    15778       78     8000       0
                text103                           15700    15700       78     8000       0
                text102                           153D4    153D4       90     8000       0
                text101                           148F6    148F6       F4     8000       0
                text100                           14CAC    14CAC       DE     8000       0
                text99                            14BC6    14BC6       E6     8000       0
                text98                            1631C    1631C       24     8000       0
                text97                            16016    16016       42     8000       0
                text96                            13662    13662      25E     8000       0
                text95                            15BAA    15BAA       60     8000       0
                text94                            161D8    161D8       30     8000       0
                text93                            13A86    13A86      1C2     8000       0
                text92                            13FA2    13FA2      192     8000       0
                text91                            133F8    133F8      26A     8000       0
                text90                            15D78    15D78       56     8000       0
                text89                            138C0    138C0      1C6     8000       0
                text88                            11D64    11D64      552     8000       0
                text87                            16502    16502        2     8000       0
                text86                            16282    16282       28     8000       0
                text85                            1567E    1567E       82     8000       0
                text84                            15A7E    15A7E       66     8000       0
                text83                            15CC4    15CC4       5C     8000       0
                text82                            144C4    144C4      128     8000       0
                text81                            14268    14268      132     8000       0
                text80                            155FA    155FA       84     8000       0
                text79                            158D8    158D8       70     8000       0
                text78                            13182    13182      276     8000       0
                text77                            16386    16386       1E     8000       0
                text76                            15F4A    15F4A       46     8000       0
                text75                            164EA    164EA        A     8000       0
                text74                            12736    12736      450     8000       0
                text73                            10A2E    10A2E      A28     8000       0
                text72                            15166    15166       AA     8000       0
                text71                            16500    16500        2     8000       0
                text70                            163DC    163DC       1C     8000       0
                text69                            16172    16172       34     8000       0
                intcode_body                      14F3C    14F3C       CC     8000       0
                text67                            16108    16108       36     8000       0
                text66                            16058    16058       3E     8000       0
                text65                            164FE    164FE        2     8000       0
                text64                            1625A    1625A       28     8000       0
                text63                            162D0    162D0       26     8000       0
                text62                            164DE    164DE        C     8000       0
                text61                            164D0    164D0        E     8000       0
                text60                            15B48    15B48       62     8000       0
                text59                            164FC    164FC        2     8000       0
                text58                            1613E    1613E       34     8000       0
                text56                            164C2    164C2        E     8000       0
                text55                            15AE4    15AE4       64     8000       0
                text54                            164B4    164B4        E     8000       0
                text53                            164A6    164A6        E     8000       0
                text52                            15A18    15A18       66     8000       0
                text51                            164F4    164F4        8     8000       0
                text50                            1641E    1641E       12     8000       0
                text49                            163C0    163C0       1C     8000       0
                text48                            15210    15210       A2     8000       0
                text47                            163A4    163A4       1C     8000       0
                text46                            16498    16498        E     8000       0
                text45                            15EB8    15EB8       4A     8000       0
                text44                            1648A    1648A        E     8000       0
                text43                            161A6    161A6       32     8000       0
                text42                            1647C    1647C        E     8000       0
                text41                            15E1E    15E1E       4E     8000       0
                text40                            16208    16208       2A     8000       0
                text39                            152B2    152B2       92     8000       0
                text38                            162AA    162AA       26     8000       0
                text37                            15008    15008       B0     8000       0
                text36                            13C48    13C48      1AE     8000       0
                text35                            15FD4    15FD4       42     8000       0
                text34                            14708    14708       F8     8000       0
                text33                            15576    15576       84     8000       0
                text32                            159B0    159B0       68     8000       0
                text31                            15C0A    15C0A       5E     8000       0
                text30                            1439A    1439A      12A     8000       0
                text29                            14134    14134      134     8000       0
                text28                            154F0    154F0       86     8000       0
                text27                            15866    15866       72     8000       0
                text26                            14800    14800       F6     8000       0
                text25                            16232    16232       28     8000       0
                text24                            12EEE    12EEE      294     8000       0
                text23                            16364    16364       22     8000       0
                text22                            15F02    15F02       48     8000       0
                text21                            1646E    1646E        E     8000       0
                text20                            122B6    122B6      480     8000       0
                text19                            10000    10000      A2E     8000       0
                text18                            16450    16450       10     8000       0
                text17                            15F90    15F90       44     8000       0
                text16                            16096    16096       3A     8000       0
                text15                            14ADE    14ADE       E8     8000       0
                text14                            14E64    14E64       D8     8000       0
                text13                            15DCE    15DCE       50     8000       0
                text12                            160D0    160D0       38     8000       0
                text11                            15D20    15D20       58     8000       0
                text10                            15344    15344       90     8000       0
                text9                             15464    15464       8C     8000       0
                text8                             16440    16440       10     8000       0
                text7                             15E6C    15E6C       4C     8000       0
                text6                             15948    15948       68     8000       0
                text5                             12B86    12B86      368     8000       0
                text4                             1640C    1640C       12     8000       0
                text3                             11456    11456      90E     8000       0
                text2                             145EC    145EC      11C     8000       0
                text1                             16430    16430       10     8000       0
                text0                             157F0    157F0       76     8000       0
                cstackCOMRAM                          1        1       5D        1       1
                cstackBANK0                          60       60       68       60       1
                cstackBANK1                         100      100       B9      100       1
                bssBANK2                            200      200      100      200       1
                bssBANK1                            1B9      1B9       26      100       1
                dataBANK0                            EF       EF        E       60       1
                bssBANK0                             C8       C8       27       60       1
                bitbssBANK0                         7E8       FD        1       60       1     8
                bitbssCOMRAM                        2F0       5E        1        1       1     8
                cinit                             15C68    15C68       5C     8000       0
                idataBANK0                        16460    16460        E     8000       0

TOTAL           Name                               Link     Load   Length     Space
        CLASS   STACK          

        CLASS   CODE           
                intcodelo                            18       18       E6         0
                intcode                               8        8        6         0
                init                                 FE       FE        4         0
                reset_vec                             0        0        4         0
                text111                           163F8    163F8       14         0
                text110                           150B8    150B8       AE         0
                text109                           16340    16340       24         0
                text108                           13DF6    13DF6      1AC         0
                text107                           149EA    149EA       F4         0
                text106                           162F6    162F6       26         0
                text105                           14D8A    14D8A       DA         0
                text104                           15778    15778       78         0
                text103                           15700    15700       78         0
                text102                           153D4    153D4       90         0
                text101                           148F6    148F6       F4         0
                text100                           14CAC    14CAC       DE         0
                text99                            14BC6    14BC6       E6         0
                text98                            1631C    1631C       24         0
                text97                            16016    16016       42         0
                text96                            13662    13662      25E         0
                text95                            15BAA    15BAA       60         0
                text94                            161D8    161D8       30         0
                text93                            13A86    13A86      1C2         0
                text92                            13FA2    13FA2      192         0
                text91                            133F8    133F8      26A         0
                text90                            15D78    15D78       56         0
                text89                            138C0    138C0      1C6         0
                text88                            11D64    11D64      552         0
                text87                            16502    16502        2         0
                text86                            16282    16282       28         0
                text85                            1567E    1567E       82         0
                text84                            15A7E    15A7E       66         0
                text83                            15CC4    15CC4       5C         0
                text82                            144C4    144C4      128         0
                text81                            14268    14268      132         0
                text80                            155FA    155FA       84         0
                text79                            158D8    158D8       70         0
                text78                            13182    13182      276         0
                text77                            16386    16386       1E         0
                text76                            15F4A    15F4A       46         0
                text75                            164EA    164EA        A         0
                text74                            12736    12736      450         0
                text73                            10A2E    10A2E      A28         0
                text72                            15166    15166       AA         0
                text71                            16500    16500        2         0
                text70                            163DC    163DC       1C         0
                text69                            16172    16172       34         0
                intcode_body                      14F3C    14F3C       CC         0
                text67                            16108    16108       36         0
                text66                            16058    16058       3E         0
                text65                            164FE    164FE        2         0
                text64                            1625A    1625A       28         0
                text63                            162D0    162D0       26         0
                text62                            164DE    164DE        C         0
                text61                            164D0    164D0        E         0
                text60                            15B48    15B48       62         0
                text59                            164FC    164FC        2         0
                text58                            1613E    1613E       34         0
                text56                            164C2    164C2        E         0
                text55                            15AE4    15AE4       64         0
                text54                            164B4    164B4        E         0
                text53                            164A6    164A6        E         0
                text52                            15A18    15A18       66         0
                text51                            164F4    164F4        8         0
                text50                            1641E    1641E       12         0
                text49                            163C0    163C0       1C         0
                text48                            15210    15210       A2         0
                text47                            163A4    163A4       1C         0
                text46                            16498    16498        E         0
                text45                            15EB8    15EB8       4A         0
                text44                            1648A    1648A        E         0
                text43                            161A6    161A6       32         0
                text42                            1647C    1647C        E         0
                text41                            15E1E    15E1E       4E         0
                text40                            16208    16208       2A         0
                text39                            152B2    152B2       92         0
                text38                            162AA    162AA       26         0
                text37                            15008    15008       B0         0
                text36                            13C48    13C48      1AE         0
                text35                            15FD4    15FD4       42         0
                text34                            14708    14708       F8         0
                text33                            15576    15576       84         0
                text32                            159B0    159B0       68         0
                text31                            15C0A    15C0A       5E         0
                text30                            1439A    1439A      12A         0
                text29                            14134    14134      134         0
                text28                            154F0    154F0       86         0
                text27                            15866    15866       72         0
                text26                            14800    14800       F6         0
                text25                            16232    16232       28         0
                text24                            12EEE    12EEE      294         0
                text23                            16364    16364       22         0
                text22                            15F02    15F02       48         0
                text21                            1646E    1646E        E         0
                text20                            122B6    122B6      480         0
                text19                            10000    10000      A2E         0
                text18                            16450    16450       10         0
                text17                            15F90    15F90       44         0
                text16                            16096    16096       3A         0
                text15                            14ADE    14ADE       E8         0
                text14                            14E64    14E64       D8         0
                text13                            15DCE    15DCE       50         0
                text12                            160D0    160D0       38         0
                text11                            15D20    15D20       58         0
                text10                            15344    15344       90         0
                text9                             15464    15464       8C         0
                text8                             16440    16440       10         0
                text7                             15E6C    15E6C       4C         0
                text6                             15948    15948       68         0
                text5                             12B86    12B86      368         0
                text4                             1640C    1640C       12         0
                text3                             11456    11456      90E         0
                text2                             145EC    145EC      11C         0
                text1                             16430    16430       10         0
                text0                             157F0    157F0       76         0
                cinit                             15C68    15C68       5C         0
                idataBANK0                        16460    16460        E         0

        CLASS   CONST          

        CLASS   SMALLCONST     

        CLASS   MEDIUMCONST    
                mediumconst                        F178     F178      E88         0

        CLASS   COMRAM         
                temp                                 5F       5F        1         1
                cstackCOMRAM                          1        1       5D         1
                bitbssCOMRAM                        2F0       5E        1         1

        CLASS   ABS1           

        CLASS   BIGRAM         

        CLASS   RAM            

        CLASS   BANK0          
                cstackBANK0                          60       60       68         1
                dataBANK0                            EF       EF        E         1
                bssBANK0                             C8       C8       27         1
                bitbssBANK0                         7E8       FD        1         1

        CLASS   BANK1          
                cstackBANK1                         100      100       B9         1
                bssBANK1                            1B9      1B9       26         1

        CLASS   BANK2          
                bssBANK2                            200      200      100         1

        CLASS   BANK3          

        CLASS   BANK4          

        CLASS   BANK5          

        CLASS   BANK6          

        CLASS   BANK7          

        CLASS   BANK8          

        CLASS   BANK9          

        CLASS   BANK10         

        CLASS   BANK11         

        CLASS   BANK12         

        CLASS   BANK13         

        CLASS   SFR            

        CLASS   FARRAM         

        CLASS   CONFIG         
                config                           300000   300000        C         0

        CLASS   IDLOC          
                idloc                            200000   200000       10         0

        CLASS   EEDATA         



SEGMENTS        Name                           Load    Length   Top    Selector   Space  Class

                reset_vec                      000000  000004  000004         0       0  CODE    
                cstackCOMRAM                   000001  00005F  000060         1       1  COMRAM  
                intcode                        000008  000006  00000E         4       0  CODE    
                intcodelo                      000018  0000EA  000102         C       0  CODE    
                cstackBANK0                    000060  00009E  0000FE        60       1  BANK0   
                cstackBANK1                    000100  0000DF  0001DF       100       1  BANK1   
                bssBANK2                       000200  000100  000300       200       1  BANK2   
                mediumconst                    00F178  000E88  010000      78BC       0  MEDIUMCO
                text19                         010000  006504  016504      8000       0  CODE    
                idloc                          200000  000010  200010    200000       0  IDLOC   
                config                         300000  00000C  30000C    300000       0  CONFIG  


UNUSED ADDRESS RANGES

        Name                Unused          Largest block    Delta
        BANK0            0000FE-0000FF                2
        BANK1            0001DF-0001FF               21
        BANK10           000A00-000AFF              100
        BANK11           000B00-000BFF              100
        BANK12           000C00-000CFF              100
        BANK13           000D00-000DE9               EA
        BANK3            000300-0003FF              100
        BANK4            000400-0004FF              100
        BANK5            000500-0005FF              100
        BANK6            000600-0006FF              100
        BANK7            000700-0007FF              100
        BANK8            000800-0008FF              100
        BANK9            000900-0009FF              100
        BIGRAM           0000FE-0000FF                2
                         0001DF-0001FF               21
                         000300-000DE9              AEA
        CODE             000004-000007                4
                         00000E-000017                A
                         000102-00F177             F076
                         016504-01FFFF             9AFC
        CONST            000004-000007                4
                         00000E-000017                A
                         000102-00F177             F076
                         016504-01FFFF             9AFC
        EEDATA           310000-3103FF              400
        MEDIUMCONST      000E00-00F177             E378
                         016504-01FFFF             9AFC
        RAM              0000FE-0000FF                2
                         0001DF-0001FF               21
                         000300-000DE9              100
        SFR              000DEF-000FFF              100
        SMALLCONST       000E00-00F177              100
                         016504-01FFFF              100
        STACK            000300-000DE9              AEA

                                  Symbol Table

?_ADCC_GetConversionResult                     cstackCOMRAM 000001
?___altoft                                     cstackCOMRAM 00004C
?___awdiv                                      cstackBANK1  00011D
?___awmod                                      cstackBANK1  000117
?___awtoft                                     cstackBANK1  00011F
?___ftadd                                      cstackBANK1  00012B
?___ftdiv                                      cstackBANK1  000137
?___ftmul                                      cstackBANK1  000146
?___ftneg                                      cstackBANK1  000123
?___ftpack                                     cstackBANK1  000117
?___ftsub                                      cstackBANK1  000137
?___fttol                                      cstackBANK1  000155
?___lldiv                                      cstackBANK1  000117
?___llmod                                      cstackBANK1  000124
?___lltoft                                     cstackBANK1  00011F
?___lwtoft                                     cstackCOMRAM 000009
?___wmul                                       cstackBANK1  000125
?__div_to_l_                                   cstackBANK1  000117
?__tdiv_to_l_                                  cstackBANK1  000117
?_acos                                         cstackBANK0  00008E
?_asin                                         cstackBANK0  000079
?_atan                                         cstackCOMRAM 000058
?_atoi                                         cstackBANK1  00012B
?_currentMeasuredToPeak                        cstackBANK0  000073
?_eval_poly                                    cstackCOMRAM 00004C
?_fabs                                         cstackCOMRAM 000027
?_floor                                        cstackCOMRAM 000056
?_fround                                       cstackBANK1  000155
?_peakToRMS                                    cstackBANK0  000094
?_printf                                       cstackBANK1  000164
?_scale                                        cstackBANK1  000155
?_sin                                          cstackBANK0  000066
?_sqrt                                         cstackBANK0  000066
?_strchr                                       cstackBANK1  000117
?_strcmp                                       cstackBANK1  000117
?_strlen                                       cstackBANK1  000117
?_strncmp                                      cstackBANK1  00011D
?_strstr                                       cstackBANK1  000126
?i2___awdiv                                    cstackCOMRAM 000007
?i2___awmod                                    cstackCOMRAM 000001
?i2___ftadd                                    cstackCOMRAM 000040
?i2___ftdiv                                    cstackCOMRAM 000015
?i2___ftmul                                    cstackCOMRAM 000027
?i2___ftneg                                    cstackCOMRAM 000024
?i2___ftpack                                   cstackCOMRAM 000001
?i2___ftsub                                    cstackBANK0  000060
?i2___fttol                                    cstackCOMRAM 00003D
?i2___lldiv                                    cstackCOMRAM 000001
?i2___llmod                                    cstackCOMRAM 00000E
?i2___lltoft                                   cstackCOMRAM 000009
?i2___wmul                                     cstackCOMRAM 00000F
?i2__div_to_l_                                 cstackCOMRAM 000001
?i2__tdiv_to_l_                                cstackCOMRAM 000001
?i2_fround                                     cstackCOMRAM 000036
?i2_printf                                     cstackBANK0  000066
?i2_scale                                      cstackCOMRAM 000036
ADCC_SetADIInterruptHandler@InterruptHandler   cstackBANK1  000117
ADCC_StartConversion@channel                   cstackBANK1  000100
ADC_postProcessingCallback@currentADCChannel   cstackBANK0  0000AF
EUSART2_Read@readValue                         cstackBANK1  000117
EUSART2_SetRxInterruptHandler@interruptHandler cstackBANK1  000117
EUSART2_SetTxInterruptHandler@interruptHandler cstackBANK1  000117
EUSART2_Write@txData                           cstackBANK1  000117
TMR5_SetInterruptHandler@InterruptHandler      cstackBANK1  000117
TMR5_WriteTimer@timerVal                       cstackCOMRAM 000001
TMR6_SetInterruptHandler@InterruptHandler      cstackBANK1  000117
TMR7_SetInterruptHandler@InterruptHandler      cstackBANK1  000117
TMR7_WriteTimer@timerVal                       cstackBANK1  000100
_ADACCH                                        (abs)        000F71
_ADACCL                                        (abs)        000F70
_ADACQ                                         (abs)        000F5C
_ADACT                                         (abs)        000F56
_ADCAP                                         (abs)        000F5D
_ADCC_ADI_InterruptHandler                     bssBANK0     0000E0
_ADCC_DefaultInterruptHandler                  text87       016502
_ADCC_GetConversionResult                      text111      0163F8
_ADCC_ISR                                      text86       016282
_ADCC_Initialize                               text55       015AE4
_ADCC_IsConversionDone                         text62       0164DE
_ADCC_SetADIInterruptHandler                   text56       0164C2
_ADCC_StartConversion                          text61       0164D0
_ADCLK                                         (abs)        000F57
_ADCNT                                         (abs)        000F67
_ADCON0                                        (abs)        000F60
_ADCON0bits                                    (abs)        000F60
_ADCON1                                        (abs)        000F59
_ADCON1bits                                    (abs)        000F59
_ADCON2                                        (abs)        000F5A
_ADCON2bits                                    (abs)        000F5A
_ADCON3                                        (abs)        000F5B
_ADCON3bits                                    (abs)        000F5B
_ADC_Result_Scaling                            bssBANK0     0000DA
_ADC_postProcessingCallback                    text88       011D64
_ADC_postProcessingCallback$3334               cstackBANK0  0000B3
_ADC_postProcessingCallback$3335               cstackBANK0  0000B0
_ADC_postProcessingCallback$3336               cstackBANK0  0000A6
_ADC_postProcessingCallback$3337               cstackBANK0  0000A9
_ADC_postProcessingCallback$3338               cstackBANK0  0000AC
_ADERRH                                        (abs)        000F6F
_ADERRL                                        (abs)        000F6E
_ADFLTRH                                       (abs)        000F73
_ADFLTRL                                       (abs)        000F72
_ADLTHH                                        (abs)        000F6B
_ADLTHL                                        (abs)        000F6A
_ADPCH                                         (abs)        000F5F
_ADPRE                                         (abs)        000F5E
_ADPREVH                                       (abs)        000F62
_ADPREVL                                       (abs)        000F61
_ADREF                                         (abs)        000F58
_ADRESH                                        (abs)        000F64
_ADRESL                                        (abs)        000F63
_ADRPT                                         (abs)        000F66
_ADSTAT                                        (abs)        000F65
_ADSTATbits                                    (abs)        000F65
_ADSTPTH                                       (abs)        000F69
_ADSTPTL                                       (abs)        000F68
_ADUTHH                                        (abs)        000F6D
_ADUTHL                                        (abs)        000F6C
_ANSELA                                        (abs)        000E92
_ANSELB                                        (abs)        000E9A
_ANSELD                                        (abs)        000EA7
_ANSELE                                        (abs)        000EAF
_ANSELF                                        (abs)        000EB4
_ANSELG                                        (abs)        000EBC
_AVSS_ADC_Result                               bssBANK0     0000DD
_Avg_Power                                     bssBANK1     0001C1
_BAUD2CON                                      (abs)        000EF7
_EUSART2_Initialize                            text52       015A18
_EUSART2_Read                                  text17       015F90
_EUSART2_Receive_ISR                           text72       015166
_EUSART2_RxDefaultInterruptHandler             bssBANK0     0000E3
_EUSART2_SetRxInterruptHandler                 text54       0164B4
_EUSART2_SetTxInterruptHandler                 text53       0164A6
_EUSART2_Transmit_ISR                          text67       016108
_EUSART2_TxDefaultInterruptHandler             bssBANK1     0001D3
_EUSART2_Write                                 text22       015F02
_FVRCON                                        (abs)        000EC4
_FVRCONbits                                    (abs)        000EC4
_FVR_ADC_Result                                bssBANK0     0000EC
_FVR_Initialize                                text51       0164F4
_INTCONbits                                    (abs)        000FF2
_INTERRUPT_Initialize                          text50       01641E
_INTERRUPT_InterruptManagerHigh                intcode      000008
_INTERRUPT_InterruptManagerLow                 intcodelo    000018
_IPR1bits                                      (abs)        000E20
_IPR3bits                                      (abs)        000E22
_IPR5bits                                      (abs)        000E24
_Imeas                                         bssBANK0     0000CE
_Ipk                                           bssBANK0     0000D1
_Irms                                          bssBANK0     0000CB
_Irms_offset                                   dataBANK0    0000EF
_LATA                                          (abs)        000F79
_LATB                                          (abs)        000F7A
_LATC                                          (abs)        000F7B
_LATD                                          (abs)        000F7C
_LATE                                          (abs)        000F7D
_LATF                                          (abs)        000F7E
_LATFbits                                      (abs)        000F7E
_LATG                                          (abs)        000F7F
_LATGbits                                      (abs)        000F7F
_LATH                                          (abs)        000F80
_ODCONA                                        (abs)        000E90
_ODCONB                                        (abs)        000E98
_ODCONC                                        (abs)        000EA0
_ODCOND                                        (abs)        000EA5
_ODCONE                                        (abs)        000EAD
_ODCONF                                        (abs)        000EB2
_ODCONG                                        (abs)        000EBA
_ODCONH                                        (abs)        000EBF
_OSCCON1                                       (abs)        000E43
_OSCCON3                                       (abs)        000E45
_OSCEN                                         (abs)        000E47
_OSCFRQ                                        (abs)        000E49
_OSCILLATOR_Initialize                         text49       0163C0
_OSCTUNE                                       (abs)        000E48
_PIE1bits                                      (abs)        000E2A
_PIE3bits                                      (abs)        000E2C
_PIE5bits                                      (abs)        000E2E
_PIN_MANAGER_Initialize                        text48       015210
_PIR1bits                                      (abs)        000E34
_PIR3bits                                      (abs)        000E36
_PIR5bits                                      (abs)        000E38
_PLLR                                          (abs)        007230
_PMD0                                          (abs)        000E4C
_PMD1                                          (abs)        000E4D
_PMD2                                          (abs)        000E4E
_PMD3                                          (abs)        000E4F
_PMD4                                          (abs)        000E50
_PMD5                                          (abs)        000E51
_PMD_Initialize                                text47       0163A4
_POS12_ADC_Result                              bssBANK1     0001C7
_POS3P3_ADC_Result                             bssBANK0     0000D7
_PR6                                           (abs)        000FB0
_RC2REG                                        (abs)        000EF1
_RC2STA                                        (abs)        000EF5
_RC2STAbits                                    (abs)        000EF5
_RG7PPS                                        (abs)        000E89
_RX2PPS                                        (abs)        000E11
_SLRCONA                                       (abs)        000E8F
_SLRCONB                                       (abs)        000E97
_SLRCONC                                       (abs)        000E9F
_SLRCOND                                       (abs)        000EA4
_SLRCONE                                       (abs)        000EAC
_SLRCONF                                       (abs)        000EB1
_SLRCONG                                       (abs)        000EB9
_SLRCONH                                       (abs)        000EBE
_SP2BRGH                                       (abs)        000EF4
_SP2BRGL                                       (abs)        000EF3
_SYSTEM_Initialize                             text40       016208
_T5CLK                                         (abs)        000FC6
_T5CON                                         (abs)        000FC3
_T5CONbits                                     (abs)        000FC3
_T5GATE                                        (abs)        000FC5
_T5GCON                                        (abs)        000FC4
_T5GCONbits                                    (abs)        000FC4
_T6CLKCON                                      (abs)        000FB3
_T6CON                                         (abs)        000FB1
_T6CONbits                                     (abs)        000FB1
_T6HLT                                         (abs)        000FB2
_T6HLTbits                                     (abs)        000FB2
_T6PR                                          (abs)        000FB0
_T6RST                                         (abs)        000FB4
_T6RSTbits                                     (abs)        000FB4
_T6TMR                                         (abs)        000FAF
_T7CLK                                         (abs)        000F33
_T7CON                                         (abs)        000F30
_T7CONbits                                     (abs)        000F30
_T7GATE                                        (abs)        000F32
_T7GCON                                        (abs)        000F31
_T7GCONbits                                    (abs)        000F31
_TMR5H                                         (abs)        000FC2
_TMR5L                                         (abs)        000FC1
_TMR5_DefaultInterruptHandler                  text71       016500
_TMR5_ISR                                      text69       016172
_TMR5_Initialize                               text45       015EB8
_TMR5_InterruptHandler                         bssBANK1     0001CA
_TMR5_SetInterruptHandler                      text46       016498
_TMR5_WriteTimer                               text70       0163DC
_TMR6                                          (abs)        000FAF
_TMR6_DefaultInterruptHandler                  text65       0164FE
_TMR6_ISR                                      text64       01625A
_TMR6_Initialize                               text43       0161A6
_TMR6_InterruptHandler                         bssBANK1     0001D0
_TMR6_SetInterruptHandler                      text44       01648A
_TMR7H                                         (abs)        000F2F
_TMR7L                                         (abs)        000F2E
_TMR7_DefaultInterruptHandler                  text59       0164FC
_TMR7_ISR                                      text58       01613E
_TMR7_Initialize                               text41       015E1E
_TMR7_InterruptHandler                         bssBANK1     0001CD
_TMR7_SetInterruptHandler                      text42       01647C
_TMR7_WriteTimer                               text63       0162D0
_TRIAC_Firing_Angle                            dataBANK0    0000FA
_TRISA                                         (abs)        000F81
_TRISB                                         (abs)        000F82
_TRISC                                         (abs)        000F83
_TRISD                                         (abs)        000F84
_TRISE                                         (abs)        000F85
_TRISF                                         (abs)        000F86
_TRISG                                         (abs)        000F87
_TRISH                                         (abs)        000F88
_TX2REG                                        (abs)        000EF2
_TX2STA                                        (abs)        000EF6
_TX2STAbits                                    (abs)        000EF6
_Temp_ADC_Offset                               dataBANK0    0000F5
_Temp_ADC_Result                               bssBANK1     0001C4
_Vpk                                           bssBANK0     0000D4
_Vpk_const                                     dataBANK0    0000F2
_Vrms                                          bssBANK0     0000C8
_WPUA                                          (abs)        000E91
_WPUB                                          (abs)        000E99
_WPUC                                          (abs)        000EA1
_WPUD                                          (abs)        000EA6
_WPUE                                          (abs)        000EAE
_WPUF                                          (abs)        000EB3
_WPUG                                          (abs)        000EBB
_WPUH                                          (abs)        000EC0
__CFG_BOREN$SBORDIS                            (abs)        000000
__CFG_BORV$VBOR_190                            (abs)        000000
__CFG_CLKOUTEN$OFF                             (abs)        000000
__CFG_CP$OFF                                   (abs)        000000
__CFG_CPD$OFF                                  (abs)        000000
__CFG_CSWEN$ON                                 (abs)        000000
__CFG_DEBUG$OFF                                (abs)        000000
__CFG_EBTR0$OFF                                (abs)        000000
__CFG_EBTR1$OFF                                (abs)        000000
__CFG_EBTR2$OFF                                (abs)        000000
__CFG_EBTR3$OFF                                (abs)        000000
__CFG_EBTR4$OFF                                (abs)        000000
__CFG_EBTR5$OFF                                (abs)        000000
__CFG_EBTR6$OFF                                (abs)        000000
__CFG_EBTR7$OFF                                (abs)        000000
__CFG_EBTRB$OFF                                (abs)        000000
__CFG_FCMEN$ON                                 (abs)        000000
__CFG_FEXTOSC$ECH                              (abs)        000000
__CFG_LPBOREN$OFF                              (abs)        000000
__CFG_LVP$OFF                                  (abs)        000000
__CFG_MCLRE$EXTMCLR                            (abs)        000000
__CFG_PPS1WAY$ON                               (abs)        000000
__CFG_PWRTE$ON                                 (abs)        000000
__CFG_RSTOSC$EXTOSC_4PLL                       (abs)        000000
__CFG_SCANE$OFF                                (abs)        000000
__CFG_STVREN$ON                                (abs)        000000
__CFG_WDTCCS$LFINTOSC                          (abs)        000000
__CFG_WDTCPS$WDTCPS_11                         (abs)        000000
__CFG_WDTCWS$WDTCWS_7                          (abs)        000000
__CFG_WDTE$NSLEEP                              (abs)        000000
__CFG_WRT0$OFF                                 (abs)        000000
__CFG_WRT1$OFF                                 (abs)        000000
__CFG_WRT2$OFF                                 (abs)        000000
__CFG_WRT3$OFF                                 (abs)        000000
__CFG_WRT4$OFF                                 (abs)        000000
__CFG_WRT5$OFF                                 (abs)        000000
__CFG_WRT6$OFF                                 (abs)        000000
__CFG_WRT7$OFF                                 (abs)        000000
__CFG_WRTB$OFF                                 (abs)        000000
__CFG_WRTC$OFF                                 (abs)        000000
__CFG_WRTD$OFF                                 (abs)        000000
__CFG_XINST$OFF                                (abs)        000000
__CFG_ZCD$OFF                                  (abs)        000000
__HRAM                                         (abs)        000000
__Habs1                                        abs1         000000
__Hbank0                                       bank0        000000
__Hbank1                                       bank1        000000
__Hbank10                                      bank10       000000
__Hbank11                                      bank11       000000
__Hbank12                                      bank12       000000
__Hbank13                                      bank13       000000
__Hbank2                                       bank2        000000
__Hbank3                                       bank3        000000
__Hbank4                                       bank4        000000
__Hbank5                                       bank5        000000
__Hbank6                                       bank6        000000
__Hbank7                                       bank7        000000
__Hbank8                                       bank8        000000
__Hbank9                                       bank9        000000
__Hbigbss                                      bigbss       000000
__Hbigdata                                     bigdata      000000
__Hbigram                                      bigram       000000
__HbitbssBANK0                                 bitbssBANK0  000000
__HbitbssCOMRAM                                bitbssCOMRAM 000000
__Hbss                                         bss          000000
__HbssBANK0                                    bssBANK0     000000
__HbssBANK1                                    bssBANK1     000000
__HbssBANK2                                    bssBANK2     000000
__Hcinit                                       cinit        000000
__Hclrtext                                     clrtext      000000
__Hcomram                                      comram       000000
__Hconfig                                      config       30000C
__Hconst                                       const        000000
__HcstackBANK0                                 cstackBANK0  000000
__HcstackBANK1                                 cstackBANK1  000000
__HcstackCOMRAM                                cstackCOMRAM 000000
__Hdata                                        data         000000
__HdataBANK0                                   dataBANK0    000000
__Heeprom_data                                 eeprom_data  000000
__Hfarbss                                      farbss       000000
__Hfardata                                     fardata      000000
__Hibigdata                                    ibigdata     000000
__Hidata                                       idata        000000
__HidataBANK0                                  idataBANK0   000000
__Hidloc                                       idloc        200010
__Hifardata                                    ifardata     000000
__Hinit                                        init         000102
__Hintcode                                     intcode      00000E
__Hintcode_body                                intcode_body 000000
__Hintcodelo                                   intcodelo    0000FE
__Hintentry                                    intentry     000000
__Hintret                                      intret       000000
__Hintsave_regs                                intsave_regs 000000
__Hirdata                                      irdata       000000
__Hmediumconst                                 mediumconst  010000
__HnvFARRAM                                    nvFARRAM     000000
__Hnvbit                                       nvbit        000000
__Hnvrram                                      nvrram       000000
__Hparam                                       rparam       000000
__Hpowerup                                     powerup      0000FE
__Hram                                         ram          000000
__Hramtop                                      ramtop       000E00
__Hrbit                                        rbit         000000
__Hrbss                                        rbss         000000
__Hrdata                                       rdata        000000
__Hreset_vec                                   reset_vec    000004
__Hrparam                                      rparam       000000
__Hsfr                                         sfr          000000
__Hsmallconst                                  smallconst   000000
__Hspace_0                                     (abs)        30000C
__Hspace_1                                     (abs)        0007E9
__Hspace_2                                     (abs)        000000
__Hstack                                       stack        000000
__Hstruct                                      struct       000000
__Htemp                                        temp         000060
__Htext                                        text         000000
__Htext0                                       text0        000000
__Htext1                                       text1        000000
__Htext10                                      text10       000000
__Htext100                                     text100      000000
__Htext101                                     text101      000000
__Htext102                                     text102      000000
__Htext103                                     text103      000000
__Htext104                                     text104      000000
__Htext105                                     text105      000000
__Htext106                                     text106      000000
__Htext107                                     text107      000000
__Htext108                                     text108      000000
__Htext109                                     text109      000000
__Htext11                                      text11       000000
__Htext110                                     text110      000000
__Htext111                                     text111      000000
__Htext112                                     text112      000000
__Htext12                                      text12       000000
__Htext13                                      text13       000000
__Htext14                                      text14       000000
__Htext15                                      text15       000000
__Htext16                                      text16       000000
__Htext17                                      text17       000000
__Htext18                                      text18       000000
__Htext19                                      text19       000000
__Htext2                                       text2        000000
__Htext20                                      text20       000000
__Htext21                                      text21       000000
__Htext22                                      text22       000000
__Htext23                                      text23       000000
__Htext24                                      text24       000000
__Htext25                                      text25       000000
__Htext26                                      text26       000000
__Htext27                                      text27       000000
__Htext28                                      text28       000000
__Htext29                                      text29       000000
__Htext3                                       text3        000000
__Htext30                                      text30       000000
__Htext31                                      text31       000000
__Htext32                                      text32       000000
__Htext33                                      text33       000000
__Htext34                                      text34       000000
__Htext35                                      text35       000000
__Htext36                                      text36       000000
__Htext37                                      text37       000000
__Htext38                                      text38       000000
__Htext39                                      text39       000000
__Htext4                                       text4        000000
__Htext40                                      text40       000000
__Htext41                                      text41       000000
__Htext42                                      text42       000000
__Htext43                                      text43       000000
__Htext44                                      text44       000000
__Htext45                                      text45       000000
__Htext46                                      text46       000000
__Htext47                                      text47       000000
__Htext48                                      text48       000000
__Htext49                                      text49       000000
__Htext5                                       text5        000000
__Htext50                                      text50       000000
__Htext51                                      text51       000000
__Htext52                                      text52       000000
__Htext53                                      text53       000000
__Htext54                                      text54       000000
__Htext55                                      text55       000000
__Htext56                                      text56       000000
__Htext58                                      text58       000000
__Htext59                                      text59       000000
__Htext6                                       text6        000000
__Htext60                                      text60       000000
__Htext61                                      text61       000000
__Htext62                                      text62       000000
__Htext63                                      text63       000000
__Htext64                                      text64       000000
__Htext65                                      text65       000000
__Htext66                                      text66       000000
__Htext67                                      text67       000000
__Htext69                                      text69       000000
__Htext7                                       text7        000000
__Htext70                                      text70       000000
__Htext71                                      text71       000000
__Htext72                                      text72       000000
__Htext73                                      text73       000000
__Htext74                                      text74       000000
__Htext75                                      text75       000000
__Htext76                                      text76       000000
__Htext77                                      text77       000000
__Htext78                                      text78       000000
__Htext79                                      text79       000000
__Htext8                                       text8        000000
__Htext80                                      text80       000000
__Htext81                                      text81       000000
__Htext82                                      text82       000000
__Htext83                                      text83       000000
__Htext84                                      text84       000000
__Htext85                                      text85       000000
__Htext86                                      text86       000000
__Htext87                                      text87       000000
__Htext88                                      text88       000000
__Htext89                                      text89       000000
__Htext9                                       text9        000000
__Htext90                                      text90       000000
__Htext91                                      text91       000000
__Htext92                                      text92       000000
__Htext93                                      text93       000000
__Htext94                                      text94       000000
__Htext95                                      text95       000000
__Htext96                                      text96       000000
__Htext97                                      text97       000000
__Htext98                                      text98       000000
__Htext99                                      text99       000000
__LRAM                                         (abs)        000001
__Labs1                                        abs1         000000
__Lbank0                                       bank0        000000
__Lbank1                                       bank1        000000
__Lbank10                                      bank10       000000
__Lbank11                                      bank11       000000
__Lbank12                                      bank12       000000
__Lbank13                                      bank13       000000
__Lbank2                                       bank2        000000
__Lbank3                                       bank3        000000
__Lbank4                                       bank4        000000
__Lbank5                                       bank5        000000
__Lbank6                                       bank6        000000
__Lbank7                                       bank7        000000
__Lbank8                                       bank8        000000
__Lbank9                                       bank9        000000
__Lbigbss                                      bigbss       000000
__Lbigdata                                     bigdata      000000
__Lbigram                                      bigram       000000
__LbitbssBANK0                                 bitbssBANK0  000000
__LbitbssCOMRAM                                bitbssCOMRAM 000000
__Lbss                                         bss          000000
__LbssBANK0                                    bssBANK0     000000
__LbssBANK1                                    bssBANK1     000000
__LbssBANK2                                    bssBANK2     000000
__Lcinit                                       cinit        000000
__Lclrtext                                     clrtext      000000
__Lcomram                                      comram       000000
__Lconfig                                      config       300000
__Lconst                                       const        000000
__LcstackBANK0                                 cstackBANK0  000000
__LcstackBANK1                                 cstackBANK1  000000
__LcstackCOMRAM                                cstackCOMRAM 000000
__Ldata                                        data         000000
__LdataBANK0                                   dataBANK0    000000
__Leeprom_data                                 eeprom_data  000000
__Lfarbss                                      farbss       000000
__Lfardata                                     fardata      000000
__Libigdata                                    ibigdata     000000
__Lidata                                       idata        000000
__LidataBANK0                                  idataBANK0   000000
__Lidloc                                       idloc        200000
__Lifardata                                    ifardata     000000
__Linit                                        init         0000FE
__Lintcode                                     intcode      000008
__Lintcode_body                                intcode_body 000000
__Lintcodelo                                   intcodelo    000018
__Lintentry                                    intentry     000000
__Lintret                                      intret       000000
__Lintsave_regs                                intsave_regs 000000
__Lirdata                                      irdata       000000
__Lmediumconst                                 mediumconst  00F178
__LnvFARRAM                                    nvFARRAM     000000
__Lnvbit                                       nvbit        000000
__Lnvrram                                      nvrram       000000
__Lparam                                       rparam       000000
__Lpowerup                                     powerup      0000FE
__Lram                                         ram          000000
__Lramtop                                      ramtop       000E00
__Lrbit                                        rbit         000000
__Lrbss                                        rbss         000000
__Lrdata                                       rdata        000000
__Lreset_vec                                   reset_vec    000000
__Lrparam                                      rparam       000000
__Lsfr                                         sfr          000000
__Lsmallconst                                  smallconst   000000
__Lspace_0                                     (abs)        000000
__Lspace_1                                     (abs)        000000
__Lspace_2                                     (abs)        000000
__Lstack                                       stack        000000
__Lstruct                                      struct       000000
__Ltemp                                        temp         00005F
__Ltext                                        text         000000
__Ltext0                                       text0        000000
__Ltext1                                       text1        000000
__Ltext10                                      text10       000000
__Ltext100                                     text100      000000
__Ltext101                                     text101      000000
__Ltext102                                     text102      000000
__Ltext103                                     text103      000000
__Ltext104                                     text104      000000
__Ltext105                                     text105      000000
__Ltext106                                     text106      000000
__Ltext107                                     text107      000000
__Ltext108                                     text108      000000
__Ltext109                                     text109      000000
__Ltext11                                      text11       000000
__Ltext110                                     text110      000000
__Ltext111                                     text111      000000
__Ltext112                                     text112      000000
__Ltext12                                      text12       000000
__Ltext13                                      text13       000000
__Ltext14                                      text14       000000
__Ltext15                                      text15       000000
__Ltext16                                      text16       000000
__Ltext17                                      text17       000000
__Ltext18                                      text18       000000
__Ltext19                                      text19       000000
__Ltext2                                       text2        000000
__Ltext20                                      text20       000000
__Ltext21                                      text21       000000
__Ltext22                                      text22       000000
__Ltext23                                      text23       000000
__Ltext24                                      text24       000000
__Ltext25                                      text25       000000
__Ltext26                                      text26       000000
__Ltext27                                      text27       000000
__Ltext28                                      text28       000000
__Ltext29                                      text29       000000
__Ltext3                                       text3        000000
__Ltext30                                      text30       000000
__Ltext31                                      text31       000000
__Ltext32                                      text32       000000
__Ltext33                                      text33       000000
__Ltext34                                      text34       000000
__Ltext35                                      text35       000000
__Ltext36                                      text36       000000
__Ltext37                                      text37       000000
__Ltext38                                      text38       000000
__Ltext39                                      text39       000000
__Ltext4                                       text4        000000
__Ltext40                                      text40       000000
__Ltext41                                      text41       000000
__Ltext42                                      text42       000000
__Ltext43                                      text43       000000
__Ltext44                                      text44       000000
__Ltext45                                      text45       000000
__Ltext46                                      text46       000000
__Ltext47                                      text47       000000
__Ltext48                                      text48       000000
__Ltext49                                      text49       000000
__Ltext5                                       text5        000000
__Ltext50                                      text50       000000
__Ltext51                                      text51       000000
__Ltext52                                      text52       000000
__Ltext53                                      text53       000000
__Ltext54                                      text54       000000
__Ltext55                                      text55       000000
__Ltext56                                      text56       000000
__Ltext58                                      text58       000000
__Ltext59                                      text59       000000
__Ltext6                                       text6        000000
__Ltext60                                      text60       000000
__Ltext61                                      text61       000000
__Ltext62                                      text62       000000
__Ltext63                                      text63       000000
__Ltext64                                      text64       000000
__Ltext65                                      text65       000000
__Ltext66                                      text66       000000
__Ltext67                                      text67       000000
__Ltext69                                      text69       000000
__Ltext7                                       text7        000000
__Ltext70                                      text70       000000
__Ltext71                                      text71       000000
__Ltext72                                      text72       000000
__Ltext73                                      text73       000000
__Ltext74                                      text74       000000
__Ltext75                                      text75       000000
__Ltext76                                      text76       000000
__Ltext77                                      text77       000000
__Ltext78                                      text78       000000
__Ltext79                                      text79       000000
__Ltext8                                       text8        000000
__Ltext80                                      text80       000000
__Ltext81                                      text81       000000
__Ltext82                                      text82       000000
__Ltext83                                      text83       000000
__Ltext84                                      text84       000000
__Ltext85                                      text85       000000
__Ltext86                                      text86       000000
__Ltext87                                      text87       000000
__Ltext88                                      text88       000000
__Ltext89                                      text89       000000
__Ltext9                                       text9        000000
__Ltext90                                      text90       000000
__Ltext91                                      text91       000000
__Ltext92                                      text92       000000
__Ltext93                                      text93       000000
__Ltext94                                      text94       000000
__Ltext95                                      text95       000000
__Ltext96                                      text96       000000
__Ltext97                                      text97       000000
__Ltext98                                      text98       000000
__Ltext99                                      text99       000000
__S0                                           (abs)        30000C
__S1                                           (abs)        000300
__S2                                           (abs)        000000
___altoft                                      text104      015778
___altoft@c                                    cstackCOMRAM 00004C
___altoft@exp                                  cstackCOMRAM 000054
___altoft@sign                                 cstackCOMRAM 000055
___awdiv                                       text28       0154F0
___awdiv@counter                               cstackBANK1  000121
___awdiv@dividend                              cstackBANK1  00011D
___awdiv@divisor                               cstackBANK1  00011F
___awdiv@quotient                              cstackBANK1  000123
___awdiv@sign                                  cstackBANK1  000122
___awmod                                       text27       015866
___awmod@counter                               cstackBANK1  00011B
___awmod@dividend                              cstackBANK1  000117
___awmod@divisor                               cstackBANK1  000119
___awmod@sign                                  cstackBANK1  00011C
___awtoft                                      text16       016096
___awtoft@c                                    cstackBANK1  00011F
___awtoft@sign                                 cstackBANK1  000122
___ftadd                                       text36       013C48
___ftadd@exp1                                  cstackBANK1  000136
___ftadd@exp2                                  cstackBANK1  000135
___ftadd@f1                                    cstackBANK1  00012B
___ftadd@f2                                    cstackBANK1  00012E
___ftadd@sign                                  cstackBANK1  000134
___ftdiv                                       text15       014ADE
___ftdiv@cntr                                  cstackBANK1  000140
___ftdiv@exp                                   cstackBANK1  000144
___ftdiv@f1                                    cstackBANK1  000137
___ftdiv@f2                                    cstackBANK1  00013A
___ftdiv@f3                                    cstackBANK1  000141
___ftdiv@sign                                  cstackBANK1  000145
___ftge                                        text39       0152B2
___ftge@ff1                                    cstackBANK1  000117
___ftge@ff2                                    cstackBANK1  00011A
___ftmul                                       text26       014800
___ftmul@cntr                                  cstackBANK1  000153
___ftmul@exp                                   cstackBANK1  00014F
___ftmul@f1                                    cstackBANK1  000146
___ftmul@f2                                    cstackBANK1  000149
___ftmul@f3_as_product                         cstackBANK1  000150
___ftmul@sign                                  cstackBANK1  000154
___ftneg                                       text38       0162AA
___ftneg@f1                                    cstackBANK1  000123
___ftpack                                      text37       015008
___ftpack@arg                                  cstackBANK1  000117
___ftpack@exp                                  cstackBANK1  00011A
___ftpack@sign                                 cstackBANK1  00011B
___ftsub                                       text35       015FD4
___ftsub@f1                                    cstackBANK1  000137
___ftsub@f2                                    cstackBANK1  00013A
___fttol                                       text34       014708
___fttol@exp1                                  cstackBANK1  000163
___fttol@f1                                    cstackBANK1  000155
___fttol@lval                                  cstackBANK1  00015F
___fttol@sign1                                 cstackBANK1  00015E
___inthi_sp                                    stack        000000
___intlo_sp                                    stack        000000
___lldiv                                       text33       015576
___lldiv@counter                               cstackBANK1  000123
___lldiv@dividend                              cstackBANK1  000117
___lldiv@divisor                               cstackBANK1  00011B
___lldiv@quotient                              cstackBANK1  00011F
___llmod                                       text32       0159B0
___llmod@counter                               cstackBANK1  00012C
___llmod@dividend                              cstackBANK1  000124
___llmod@divisor                               cstackBANK1  000128
___lltoft                                      text31       015C0A
___lltoft@c                                    cstackBANK1  00011F
___lltoft@exp                                  cstackBANK1  000127
___lwtoft                                      text109      016340
[...]
      Params:         6       0       0       0       0       0       0       0       0       0       0       0       0       0       0
      Locals:         6       0       0       0       0       0       0       0       0       0       0       0       0       0       0
      Temps:          3       0       0       0       0       0       0       0       0       0       0       0       0       0       0
      Totals:        15       0       0       0       0       0       0       0       0       0       0       0       0       0       0
Total ram usage:       15 bytes
 Hardware stack levels used:    1
 Hardware stack levels required when called:    1
 This function calls:
		i2___ftpack
 This function is called by:
		_peakToRMS
		_ADC_postProcessingCallback
		_asin
		_atan
		_eval_poly
		_sin
		_sqrt
		i2_fround
		i2_scale
		i2_printf
 This function uses a non-reentrant model


 *************** function i2___ftadd *****************
 Defined at:
		line 86 in file "C:\Program Files (x86)\Microchip\xc8\v1.45\sources\common\ftadd.c"
 Parameters:    Size  Location     Type
  f1              3   63[COMRAM] float 
  f2              3   66[COMRAM] float 
 Auto vars:     Size  Location     Type
  __ftadd         1   74[COMRAM] unsigned char 
  __ftadd         1   73[COMRAM] unsigned char 
  __ftadd         1   72[COMRAM] unsigned char 
 Return value:  Size  Location     Type
                  3   63[COMRAM] float 
 Registers used:
		wreg, status,2, status,0, cstack
 Tracked objects:
		On entry : 
		On exit  : 
		Unchanged: 
 Data sizes:     COMRAM   BANK0   BANK1   BANK2   BANK3   BANK4   BANK5   BANK6   BANK7   BANK8   BANK9  BANK10  BANK11  BANK12  BANK13
      Params:         6       0       0       0       0       0       0       0       0       0       0       0       0       0       0
      Locals:         3       0       0       0       0       0       0       0       0       0       0       0       0       0       0
      Temps:          3       0       0       0       0       0       0       0       0       0       0       0       0       0       0
      Totals:        12       0       0       0       0       0       0       0       0       0       0       0       0       0       0
Total ram usage:       12 bytes
 Hardware stack levels used:    1
 Hardware stack levels required when called:    1
 This function calls:
		i2___ftpack
 This function is called by:
		_peakToRMS
		_ADC_postProcessingCallback
		_acos
		_asin
		_atan
		_eval_poly
		_sin
		_floor
		i2_printf
		i2___ftsub
 This function uses a non-reentrant model


 *************** function ___lwtoft *****************
 Defined at:
		line 28 in file "C:\Program Files (x86)\Microchip\xc8\v1.45\sources\common\lwtoft.c"
 Parameters:    Size  Location     Type
  c               2    8[COMRAM] unsigned int 
 Auto vars:     Size  Location     Type
		None
 Return value:  Size  Location     Type
                  3    8[COMRAM] float 
 Registers used:
		wreg, status,2, status,0, cstack
 Tracked objects:
		On entry : 
		On exit  : 
		Unchanged: 
 Data sizes:     COMRAM   BANK0   BANK1   BANK2   BANK3   BANK4   BANK5   BANK6   BANK7   BANK8   BANK9  BANK10  BANK11  BANK12  BANK13
      Params:         3       0       0       0       0       0       0       0       0       0       0       0       0       0       0
      Locals:         0       0       0       0       0       0       0       0       0       0       0       0       0       0       0
      Temps:          0       0       0       0       0       0       0       0       0       0       0       0       0       0       0
      Totals:         3       0       0       0       0       0       0       0       0       0       0       0       0       0       0
Total ram usage:        3 bytes
 Hardware stack levels used:    1
 Hardware stack levels required when called:    1
 This function calls:
		i2___ftpack
 This function is called by:
		_ADC_postProcessingCallback
 This function uses a non-reentrant model


 *************** function i2___ftpack *****************
 Defined at:
		line 62 in file "C:\Program Files (x86)\Microchip\xc8\v1.45\sources\common\float.c"
 Parameters:    Size  Location     Type
  arg             3    0[COMRAM] unsigned um
  exp             1    3[COMRAM] unsigned char 
  sign            1    4[COMRAM] unsigned char 
 Auto vars:     Size  Location     Type
		None
 Return value:  Size  Location     Type
                  3    0[COMRAM] float 
 Registers used:
		wreg, status,2, status,0
 Tracked objects:
		On entry : 
		On exit  : 
		Unchanged: 
 Data sizes:     COMRAM   BANK0   BANK1   BANK2   BANK3   BANK4   BANK5   BANK6   BANK7   BANK8   BANK9  BANK10  BANK11  BANK12  BANK13
      Params:         5       0       0       0       0       0       0       0       0       0       0       0       0       0       0
      Locals:         0       0       0       0       0       0       0       0       0       0       0       0       0       0       0
      Temps:          3       0       0       0       0       0       0       0       0       0       0       0       0       0       0
      Totals:         8       0       0       0       0       0       0       0       0       0       0       0       0       0       0
Total ram usage:        8 bytes
 Hardware stack levels used:    1
 This function calls:
		Nothing
 This function is called by:
		___altoft
		___lwtoft
		i2___ftadd
		i2___ftdiv
		i2___ftmul
		i2___lltoft
 This function uses a non-reentrant model


 *************** function _ADCC_GetConversionResult *****************
 Defined at:
		line 130 in file "mcc_generated_files/adcc.c"
 Parameters:    Size  Location     Type
		None
 Auto vars:     Size  Location     Type
		None
 Return value:  Size  Location     Type
                  2    0[COMRAM] unsigned int 
 Registers used:
		wreg, status,2, status,0
 Tracked objects:
		On entry : 
		On exit  : 
		Unchanged: 
 Data sizes:     COMRAM   BANK0   BANK1   BANK2   BANK3   BANK4   BANK5   BANK6   BANK7   BANK8   BANK9  BANK10  BANK11  BANK12  BANK13
      Params:         2       0       0       0       0       0       0       0       0       0       0       0       0       0       0
      Locals:         0       0       0       0       0       0       0       0       0       0       0       0       0       0       0
      Temps:          2       0       0       0       0       0       0       0       0       0       0       0       0       0       0
      Totals:         4       0       0       0       0       0       0       0       0       0       0       0       0       0       0
Total ram usage:        4 bytes
 Hardware stack levels used:    1
 This function calls:
		Nothing
 This function is called by:
		_ADC_postProcessingCallback
 This function uses a non-reentrant model



MODULE INFORMATION

Module		Function		Class		Link	Load	Size
C:\Program Files (x86)\Microchip\xc8\v1.45\sources\common\asin.c
		_asin          		CODE           	133F8	0000	619

C:\Program Files (x86)\Microchip\xc8\v1.45\sources\common\asin.c estimated size: 619

C:\Program Files (x86)\Microchip\xc8\v1.45\sources\common\ftneg.c
		___ftneg       		CODE           	162AA	0000	39

C:\Program Files (x86)\Microchip\xc8\v1.45\sources\common\ftneg.c estimated size: 39

C:\Program Files (x86)\Microchip\xc8\v1.45\sources\common\sprcsqrt.c
		_sqrt          		CODE           	13FA2	0000	403

C:\Program Files (x86)\Microchip\xc8\v1.45\sources\common\sprcsqrt.c estimated size: 403

C:\Program Files (x86)\Microchip\xc8\v1.45\sources\common\ftsub.c
		___ftsub       		CODE           	15FD4	0000	67

C:\Program Files (x86)\Microchip\xc8\v1.45\sources\common\ftsub.c estimated size: 67

C:\Program Files (x86)\Microchip\xc8\v1.45\sources\common\float.c
		___ftpack      		CODE           	15008	0000	177

C:\Program Files (x86)\Microchip\xc8\v1.45\sources\common\float.c estimated size: 177

mcc_generated_files/tmr6.c
		_TMR6_ISR      		CODE           	1625A	0000	41
		_TMR6_Initialize		CODE           	161A6	0000	51
		_TMR6_SetInterruptHandler		CODE           	1648A	0000	15
		_TMR6_DefaultInterruptHandler		CODE           	164FE	0000	3

mcc_generated_files/tmr6.c estimated size: 110

mcc_generated_files/eusart2.c
		_putch         		CODE           	1646E	0000	15
		_EUSART2_Read  		CODE           	15F90	0000	69
		_EUSART2_Write 		CODE           	15F02	0000	73
		_EUSART2_Receive_ISR		CODE           	15166	0000	171
		_EUSART2_Transmit_ISR		CODE           	16108	0000	55
		_EUSART2_SetRxInterruptHandler		CODE           	164B4	0000	15
		_EUSART2_SetTxInterruptHandler		CODE           	164A6	0000	15
		_EUSART2_Initialize		CODE           	15A18	0000	103

mcc_generated_files/eusart2.c estimated size: 516

C:\Program Files (x86)\Microchip\xc8\v1.45\sources\common\doprnt.c
		_scale         		CODE           	122B6	0000	1153
		_printf        		CODE           	10000	0000	2607
		_fround        		CODE           	12EEE	0000	661

C:\Program Files (x86)\Microchip\xc8\v1.45\sources\common\doprnt.c estimated size: 4421

mcc_generated_files/fvr.c
		_FVR_Initialize		CODE           	164F4	0000	9

mcc_generated_files/fvr.c estimated size: 9

C:\Program Files (x86)\Microchip\xc8\v1.45\sources\common\lltoft.c
		___lltoft      		CODE           	15C0A	0000	95

C:\Program Files (x86)\Microchip\xc8\v1.45\sources\common\lltoft.c estimated size: 95

mcc_generated_files/interrupt_manager.c
		_INTERRUPT_Initialize		CODE           	1641E	0000	19
		_INTERRUPT_InterruptManagerLow		CODE           	0018	0000	231
		_INTERRUPT_InterruptManagerHigh		CODE           	0008	0000	211

mcc_generated_files/interrupt_manager.c estimated size: 461

C:\Program Files (x86)\Microchip\xc8\v1.45\sources\common\Umul16.c
		___wmul        		CODE           	16232	0000	41

C:\Program Files (x86)\Microchip\xc8\v1.45\sources\common\Umul16.c estimated size: 41

C:\Program Files (x86)\Microchip\xc8\v1.45\sources\common\frexp.c
		_frexp         		CODE           	15700	0000	121

C:\Program Files (x86)\Microchip\xc8\v1.45\sources\common\frexp.c estimated size: 121

C:\Program Files (x86)\Microchip\xc8\v1.45\sources\common\ftge.c
		___ftge        		CODE           	152B2	0000	147

C:\Program Files (x86)\Microchip\xc8\v1.45\sources\common\ftge.c estimated size: 147

mcc_generated_files/pin_manager.c
		_PIN_MANAGER_Initialize		CODE           	15210	0000	163

mcc_generated_files/pin_manager.c estimated size: 163

C:\Program Files (x86)\Microchip\xc8\v1.45\sources\common\fabs.c
		_fabs          		CODE           	161D8	0000	49

C:\Program Files (x86)\Microchip\xc8\v1.45\sources\common\fabs.c estimated size: 49

C:\Program Files (x86)\Microchip\xc8\v1.45\sources\common\isdigit.c
		_isdigit       		CODE           	16364	0000	35

C:\Program Files (x86)\Microchip\xc8\v1.45\sources\common\isdigit.c estimated size: 35

C:\Program Files (x86)\Microchip\xc8\v1.45\sources\common\floor.c
		_floor         		CODE           	14CAC	0000	223

C:\Program Files (x86)\Microchip\xc8\v1.45\sources\common\floor.c estimated size: 223

C:\Program Files (x86)\Microchip\xc8\v1.45\sources\common\ftdivl.c
		__tdiv_to_l_   		CODE           	14134	0000	309

C:\Program Files (x86)\Microchip\xc8\v1.45\sources\common\ftdivl.c estimated size: 309

C:\Program Files (x86)\Microchip\xc8\v1.45\sources\common\ftmul.c
		___ftmul       		CODE           	14800	0000	247

C:\Program Files (x86)\Microchip\xc8\v1.45\sources\common\ftmul.c estimated size: 247

C:\Program Files (x86)\Microchip\xc8\v1.45\sources\common\awmod.c
		___awmod       		CODE           	15866	0000	115

C:\Program Files (x86)\Microchip\xc8\v1.45\sources\common\awmod.c estimated size: 115

C:\Program Files (x86)\Microchip\xc8\v1.45\sources\common\strstr.c
		_strstr        		CODE           	15464	0000	141

C:\Program Files (x86)\Microchip\xc8\v1.45\sources\common\strstr.c estimated size: 141

C:\Program Files (x86)\Microchip\xc8\v1.45\sources\common\ftdiv.c
		___ftdiv       		CODE           	14ADE	0000	233

C:\Program Files (x86)\Microchip\xc8\v1.45\sources\common\ftdiv.c estimated size: 233

C:\Program Files (x86)\Microchip\xc8\v1.45\sources\common\acos.c
		_acos          		CODE           	15D78	0000	87

C:\Program Files (x86)\Microchip\xc8\v1.45\sources\common\acos.c estimated size: 87

C:\Program Files (x86)\Microchip\xc8\v1.45\sources\common\llmod.c
		___llmod       		CODE           	159B0	0000	105

C:\Program Files (x86)\Microchip\xc8\v1.45\sources\common\llmod.c estimated size: 105

C:\Program Files (x86)\Microchip\xc8\v1.45\sources\common\fldivl.c
		__div_to_l_    		CODE           	1439A	0000	299

C:\Program Files (x86)\Microchip\xc8\v1.45\sources\common\fldivl.c estimated size: 299

C:\Program Files (x86)\Microchip\xc8\v1.45\sources\common\atoi.c
		_atoi          		CODE           	14E64	0000	217

C:\Program Files (x86)\Microchip\xc8\v1.45\sources\common\atoi.c estimated size: 217

mcc_generated_files/tmr7.c
		_TMR7_DefaultInterruptHandler		CODE           	164FC	0000	3
		_TMR7_WriteTimer		CODE           	162D0	0000	39
		_TMR7_ISR      		CODE           	1613E	0000	53
		_TMR7_Initialize		CODE           	15E1E	0000	79
		_TMR7_SetInterruptHandler		CODE           	1647C	0000	15

mcc_generated_files/tmr7.c estimated size: 189

mcc_generated_files/tmr5.c
		_TMR5_ISR      		CODE           	16172	0000	53
		_TMR5_Initialize		CODE           	15EB8	0000	75
		_TMR5_SetInterruptHandler		CODE           	16498	0000	15
		_TMR5_DefaultInterruptHandler		CODE           	16500	0000	3
		_TMR5_WriteTimer		CODE           	163DC	0000	29

mcc_generated_files/tmr5.c estimated size: 175

shared
		i2_printf      		CODE           	10A2E	0000	2601
		i2___ftneg     		CODE           	1631C	0000	37
		i2_putch       		CODE           	164EA	0000	11
		i2___ftadd     		CODE           	13DF6	0000	429
		i2___ftdiv     		CODE           	14BC6	0000	231
		__powers_      		MEDIUMCONST    	F1A1	0000	40
		i2___fttol     		CODE           	148F6	0000	245
		_dpowers       		MEDIUMCONST    	F179	0000	41
		i2___ftge      		CODE           	153D4	0000	145
		i2_isdigit     		CODE           	16386	0000	31
		atan@coeff_a   		MEDIUMCONST    	F20F	0000	19
		atan@coeff_b   		MEDIUMCONST    	F230	0000	16
		i2___awdiv     		CODE           	155FA	0000	133
		i2__tdiv_to_l_ 		CODE           	14268	0000	307
		i2___ftmul     		CODE           	149EA	0000	245
		i2___wmul      		CODE           	162F6	0000	39
		i2__div_to_l_  		CODE           	144C4	0000	297
		__npowers_     		MEDIUMCONST    	F1C8	0000	40
		i2___ftpack    		CODE           	150B8	0000	175
		i2_scale       		CODE           	12736	0000	1105
		i2___lldiv     		CODE           	1567E	0000	131
		__initialization		CODE           	15C68	0000	83
		i2___lltoft    		CODE           	15CC4	0000	93
		i2___ftsub     		CODE           	16016	0000	67
		i2___awmod     		CODE           	158D8	0000	113
		i2_EUSART2_Write		CODE           	15F4A	0000	71
		_hexpowers     		MEDIUMCONST    	F1EF	0000	33
		i2___llmod     		CODE           	15A7E	0000	103
		i2_fround      		CODE           	13182	0000	631
		sin@coeff_a    		MEDIUMCONST    	F221	0000	16
		sin@coeff_b    		MEDIUMCONST    	F23F	0000	13

shared estimated size: 7541

mcc_generated_files/mcc.c
		_PMD_Initialize		CODE           	163A4	0000	29
		_OSCILLATOR_Initialize		CODE           	163C0	0000	29
		_SYSTEM_Initialize		CODE           	16208	0000	43

mcc_generated_files/mcc.c estimated size: 101

ring_buffer_interface.c
		_terminal_ringBufferPull		CODE           	145EC	0000	285
		_terminal_textAttributes		CODE           	12B86	0000	873
		_terminal_textAttributesReset		CODE           	1640C	0000	19
		_terminal_setCursorHome		CODE           	16430	0000	17
		_terminal_printNewline		CODE           	16440	0000	17
		_terminal_clearTerminal		CODE           	16450	0000	17

ring_buffer_interface.c estimated size: 1228

C:\Program Files (x86)\Microchip\xc8\v1.45\sources\common\fttol.c
		___fttol       		CODE           	14708	0000	249

C:\Program Files (x86)\Microchip\xc8\v1.45\sources\common\fttol.c estimated size: 249

C:\Program Files (x86)\Microchip\xc8\v1.45\sources\common\atan.c
		_atan          		CODE           	13A86	0000	451

C:\Program Files (x86)\Microchip\xc8\v1.45\sources\common\atan.c estimated size: 451

C:\Program Files (x86)\Microchip\xc8\v1.45\sources\common\awtoft.c
		___awtoft      		CODE           	16096	0000	59

C:\Program Files (x86)\Microchip\xc8\v1.45\sources\common\awtoft.c estimated size: 59

C:\Program Files (x86)\Microchip\xc8\v1.45\sources\common\awdiv.c
		___awdiv       		CODE           	154F0	0000	135

C:\Program Files (x86)\Microchip\xc8\v1.45\sources\common\awdiv.c estimated size: 135

C:\Program Files (x86)\Microchip\xc8\v1.45\sources\common\strcat.c
		_strcat        		CODE           	15E6C	0000	77

C:\Program Files (x86)\Microchip\xc8\v1.45\sources\common\strcat.c estimated size: 77

C:\Program Files (x86)\Microchip\xc8\v1.45\sources\common\evalpoly.c
		_eval_poly     		CODE           	14D8A	0000	219

C:\Program Files (x86)\Microchip\xc8\v1.45\sources\common\evalpoly.c estimated size: 219

C:\Program Files (x86)\Microchip\xc8\v1.45\sources\common\ftadd.c
		___ftadd       		CODE           	13C48	0000	431

C:\Program Files (x86)\Microchip\xc8\v1.45\sources\common\ftadd.c estimated size: 431

C:\Program Files (x86)\Microchip\xc8\v1.45\sources\common\sin.c
		_sin           		CODE           	13662	0000	607

C:\Program Files (x86)\Microchip\xc8\v1.45\sources\common\sin.c estimated size: 607

C:\Program Files (x86)\Microchip\xc8\v1.45\sources\common\lldiv.c
		___lldiv       		CODE           	15576	0000	133

C:\Program Files (x86)\Microchip\xc8\v1.45\sources\common\lldiv.c estimated size: 133

ring_buffer_LUT.c
		_ringBufferLUT 		CODE           	11456	0000	2319

ring_buffer_LUT.c estimated size: 2319

mcc_generated_files/adcc.c
		_ADCC_DefaultInterruptHandler		CODE           	16502	0000	3
		_ADCC_GetConversionResult		CODE           	163F8	0000	21
		_ADCC_SetADIInterruptHandler		CODE           	164C2	0000	15
		_ADCC_ISR      		CODE           	16282	0000	41
		_ADCC_StartConversion		CODE           	164D0	0000	15
		_ADCC_Initialize		CODE           	15AE4	0000	101
		_ADCC_IsConversionDone		CODE           	164DE	0000	13

mcc_generated_files/adcc.c estimated size: 209

main.c
		_acquisitionTimerCallback		CODE           	15B48	0000	99
		_main          		CODE           	157F0	0000	119
		_heartbeatTimerCallback		CODE           	16058	0000	63
		_currentMeasuredToPeak		CODE           	15BAA	0000	97
		_ADC_postProcessingCallback		CODE           	11D64	0000	1363
		_peakToRMS     		CODE           	138C0	0000	455

main.c estimated size: 2196

C:\Program Files (x86)\Microchip\xc8\v1.45\sources\common\strlen.c
		_strlen        		CODE           	15D20	0000	89

C:\Program Files (x86)\Microchip\xc8\v1.45\sources\common\strlen.c estimated size: 89

C:\Program Files (x86)\Microchip\xc8\v1.45\sources\common\lwtoft.c
		___lwtoft      		CODE           	16340	0000	37

C:\Program Files (x86)\Microchip\xc8\v1.45\sources\common\lwtoft.c estimated size: 37

C:\Program Files (x86)\Microchip\xc8\v1.45\sources\common\strcmp.c
		_strcmp        		CODE           	15DCE	0000	81

C:\Program Files (x86)\Microchip\xc8\v1.45\sources\common\strcmp.c estimated size: 81

C:\Program Files (x86)\Microchip\xc8\v1.45\sources\common\strchr.c
		_strchr        		CODE           	160D0	0000	57

C:\Program Files (x86)\Microchip\xc8\v1.45\sources\common\strchr.c estimated size: 57

C:\Program Files (x86)\Microchip\xc8\v1.45\sources\common\strncmp.c
		_strncmp       		CODE           	15344	0000	145

C:\Program Files (x86)\Microchip\xc8\v1.45\sources\common\strncmp.c estimated size: 145

C:\Program Files (x86)\Microchip\xc8\v1.45\sources\common\altoft.c
		___altoft      		CODE           	15778	0000	121

C:\Program Files (x86)\Microchip\xc8\v1.45\sources\common\altoft.c estimated size: 121

C:\Program Files (x86)\Microchip\xc8\v1.45\sources\common\strncpy.c
		_strncpy       		CODE           	15948	0000	105

C:\Program Files (x86)\Microchip\xc8\v1.45\sources\common\strncpy.c estimated size: 105

