Microchip MPLAB XC8 Compiler V1.45 ()

Linker command line:

-W-3 --edf=C:\Program Files (x86)\Microchip\xc8\v1.45\dat\en_msgs.txt -cs \
  -h+dist/default/production\AC_Power_Meter.X.production.sym \
  --cmf=dist/default/production\AC_Power_Meter.X.production.cmf -z \
  -Q18LF67K40 -oC:\Users\DREWMA~1\AppData\Local\Temp\s7k.2 \
  -Mdist/default/production/AC_Power_Meter.X.production.map -E1 -ver=XC8 \
  -ASTACK=0216h-0de9h -pstack=STACK -ACODE=00h-01FFFFh -ACONST=00h-01FFFFh \
  -ASMALLCONST=0E00h-0EFFhx498 -AMEDIUMCONST=0E00h-0FFFFh,010E00h-01FFFFh \
  -ACOMRAM=01h-05Fh -AABS1=00h-0DE9h -ABIGRAM=01h-0DE9h \
  -ARAM=060h-0FFh,0100h-01FFhx12,0D00h-0DE9h -ABANK0=060h-0FFh \
  -ABANK1=0100h-01FFh -ABANK2=0200h-02FFh -ABANK3=0300h-03FFh \
  -ABANK4=0400h-04FFh -ABANK5=0500h-05FFh -ABANK6=0600h-06FFh \
  -ABANK7=0700h-07FFh -ABANK8=0800h-08FFh -ABANK9=0900h-09FFh \
  -ABANK10=0A00h-0AFFh -ABANK11=0B00h-0BFFh -ABANK12=0C00h-0CFFh \
  -ABANK13=0D00h-0DE9h \
  -ASFR=0DEFh-0DFFh,0E00h-0EFFh,0F00h-0F5Fh,0F60h-0FFFh \
  -preset_vec=00h,intcode=08h,intcodelo=018h,powerup,init -pramtop=0E00h \
  -psmallconst=SMALLCONST -pmediumconst=MEDIUMCONST -pconst=CONST \
  -AFARRAM=00h-00h -ACONFIG=0300000h-030000Bh -pconfig=CONFIG \
  -AIDLOC=0200000h-020000Fh -pidloc=IDLOC -AEEDATA=0310000h-03103FFh \
  -peeprom_data=EEDATA \
  -prdata=COMRAM,nvrram=COMRAM,nvbit=COMRAM,rbss=COMRAM,rbit=COMRAM \
  -pfarbss=FARRAM,fardata=FARRAM,nvFARRAM=FARRAM \
  -pintsave_regs=BIGRAM,bigbss=BIGRAM,bigdata=BIGRAM -pbss=RAM \
  -pidata=CODE,irdata=CODE,ibigdata=CODE,ifardata=CODE -prparam=COMRAM \
  C:\Users\DREWMA~1\AppData\Local\Temp\s7k.obj \
  dist/default/production\AC_Power_Meter.X.production.obj 

Object code version is 3.11

Machine type is 18LF67K40

Call graph: (short form)




                Name                               Link     Load   Length Selector   Space Scale
C:\Users\DREWMA~1\AppData\Local\Temp\s7k.obj
                init                                 FE       FE        4        C       0
                reset_vec                             0        0        4        0       0
                idloc                            200000   200000       10   200000       0
                config                           300000   300000        C   300000       0
dist/default/production\AC_Power_Meter.X.production.obj
                intcodelo                            18       18       E6        C       0
                intcode                               8        8        6        4       0
                temp                                 5F       5F        1        1       1
                mediumconst                        FBB6     FBB6      44A     7DDB       0
                text83                            13D92    13D92       14     8000       0
                text82                            12EBE    12EBE       AE     8000       0
                text81                            13CD0    13CD0       24     8000       0
                text80                            12C5A    12C5A       F4     8000       0
                text79                            131DA    131DA       8E     8000       0
                text78                            13E64    13E64        2     8000       0
                text77                            13BEC    13BEC       28     8000       0
                text76                            1314A    1314A       90     8000       0
                text75                            13CAC    13CAC       24     8000       0
                text74                            121B6    121B6      1AC     8000       0
                text73                            13A82    13A82       40     8000       0
                text72                            12B66    12B66       F4     8000       0
                text71                            133F6    133F6       82     8000       0
                text70                            13700    13700       66     8000       0
                text69                            13828    13828       5C     8000       0
                text68                            12832    12832      128     8000       0
                text67                            125D6    125D6      132     8000       0
                text66                            13372    13372       84     8000       0
                text65                            1355A    1355A       70     8000       0
                text64                            13C86    13C86       26     8000       0
                text63                            11B50    11B50      276     8000       0
                text62                            139B6    139B6       46     8000       0
                text61                            13E56    13E56        A     8000       0
                text60                            11104    11104      450     8000       0
                text59                            1066A    1066A      61A     8000       0
                text58                            12F6C    12F6C       AA     8000       0
                intcode_body                      12D4E    12D4E       C0     8000       0
                text56                            13B00    13B00       36     8000       0
                text55                            13D38    13D38       22     8000       0
                text54                            13E62    13E62        2     8000       0
                text53                            13BC4    13BC4       28     8000       0
                text52                            13C60    13C60       26     8000       0
                text51                            13E4A    13E4A        C     8000       0
                text50                            13E3C    13E3C        E     8000       0
                text49                            13D16    13D16       22     8000       0
                text48                            13E60    13E60        2     8000       0
                text47                            13B36    13B36       34     8000       0
                text45                            13E2E    13E2E        E     8000       0
                text44                            13766    13766       64     8000       0
                text43                            13E20    13E20        E     8000       0
                text42                            13E12    13E12        E     8000       0
                text41                            1369A    1369A       66     8000       0
                text40                            13DD8    13DD8       10     8000       0
                text39                            13D76    13D76       1C     8000       0
                text38                            13016    13016       A2     8000       0
                text37                            13D5A    13D5A       1C     8000       0
                text36                            13E04    13E04        E     8000       0
                text35                            13B6A    13B6A       32     8000       0
                text34                            13DF6    13DF6        E     8000       0
                text33                            138D4    138D4       4E     8000       0
                text32                            13CF4    13CF4       22     8000       0
                text31                            130B8    130B8       92     8000       0
                text30                            13C3A    13C3A       26     8000       0
                text29                            12E0E    12E0E       B0     8000       0
                text28                            12008    12008      1AE     8000       0
                text27                            13A40    13A40       42     8000       0
                text26                            1295A    1295A      116     8000       0
                text25                            132EE    132EE       84     8000       0
                text24                            13632    13632       68     8000       0
                text23                            137CA    137CA       5E     8000       0
                text22                            12708    12708      12A     8000       0
                text21                            124A2    124A2      134     8000       0
                text20                            13268    13268       86     8000       0
                text19                            13478    13478       72     8000       0
                text18                            12A70    12A70       F6     8000       0
                text17                            13B9C    13B9C       28     8000       0
                text16                            118BC    118BC      294     8000       0
                text15                            1396E    1396E       48     8000       0
                text14                            13DE8    13DE8        E     8000       0
                text13                            10C84    10C84      480     8000       0
                text12                            10000    10000      66A     8000       0
                text11                            13DC8    13DC8       10     8000       0
                text10                            139FC    139FC       44     8000       0
                text9                             13884    13884       50     8000       0
                text8                             13922    13922       4C     8000       0
                text7                             135CA    135CA       68     8000       0
                text6                             11554    11554      368     8000       0
                text5                             13DA6    13DA6       12     8000       0
                text4                             11DC6    11DC6      242     8000       0
                text3                             13AC2    13AC2       3E     8000       0
                text2                             12362    12362      140     8000       0
                text1                             13DB8    13DB8       10     8000       0
                text0                             134EA    134EA       70     8000       0
                cstackCOMRAM                          1        1       5E        1       1
                cstackBANK0                          60       60       57       60       1
                cstackBANK1                         1C1      1C1       3D      100       1
                cstackBANK2                         200      200       16      200       1
                bssBANK1                            100      100       C1      100       1
                bssBANK0                             B7       B7       1F       60       1
                bitbssBANK0                         6B0       D6        1       60       1     8
                cinit                             13C14    13C14       26     8000       0

TOTAL           Name                               Link     Load   Length     Space
        CLASS   STACK          

        CLASS   CODE           
                intcodelo                            18       18       E6         0
                intcode                               8        8        6         0
                init                                 FE       FE        4         0
                reset_vec                             0        0        4         0
                text83                            13D92    13D92       14         0
                text82                            12EBE    12EBE       AE         0
                text81                            13CD0    13CD0       24         0
                text80                            12C5A    12C5A       F4         0
                text79                            131DA    131DA       8E         0
                text78                            13E64    13E64        2         0
                text77                            13BEC    13BEC       28         0
                text76                            1314A    1314A       90         0
                text75                            13CAC    13CAC       24         0
                text74                            121B6    121B6      1AC         0
                text73                            13A82    13A82       40         0
                text72                            12B66    12B66       F4         0
                text71                            133F6    133F6       82         0
                text70                            13700    13700       66         0
                text69                            13828    13828       5C         0
                text68                            12832    12832      128         0
                text67                            125D6    125D6      132         0
                text66                            13372    13372       84         0
                text65                            1355A    1355A       70         0
                text64                            13C86    13C86       26         0
                text63                            11B50    11B50      276         0
                text62                            139B6    139B6       46         0
                text61                            13E56    13E56        A         0
                text60                            11104    11104      450         0
                text59                            1066A    1066A      61A         0
                text58                            12F6C    12F6C       AA         0
                intcode_body                      12D4E    12D4E       C0         0
                text56                            13B00    13B00       36         0
                text55                            13D38    13D38       22         0
                text54                            13E62    13E62        2         0
                text53                            13BC4    13BC4       28         0
                text52                            13C60    13C60       26         0
                text51                            13E4A    13E4A        C         0
                text50                            13E3C    13E3C        E         0
                text49                            13D16    13D16       22         0
                text48                            13E60    13E60        2         0
                text47                            13B36    13B36       34         0
                text45                            13E2E    13E2E        E         0
                text44                            13766    13766       64         0
                text43                            13E20    13E20        E         0
                text42                            13E12    13E12        E         0
                text41                            1369A    1369A       66         0
                text40                            13DD8    13DD8       10         0
                text39                            13D76    13D76       1C         0
                text38                            13016    13016       A2         0
                text37                            13D5A    13D5A       1C         0
                text36                            13E04    13E04        E         0
                text35                            13B6A    13B6A       32         0
                text34                            13DF6    13DF6        E         0
                text33                            138D4    138D4       4E         0
                text32                            13CF4    13CF4       22         0
                text31                            130B8    130B8       92         0
                text30                            13C3A    13C3A       26         0
                text29                            12E0E    12E0E       B0         0
                text28                            12008    12008      1AE         0
                text27                            13A40    13A40       42         0
                text26                            1295A    1295A      116         0
                text25                            132EE    132EE       84         0
                text24                            13632    13632       68         0
                text23                            137CA    137CA       5E         0
                text22                            12708    12708      12A         0
                text21                            124A2    124A2      134         0
                text20                            13268    13268       86         0
                text19                            13478    13478       72         0
                text18                            12A70    12A70       F6         0
                text17                            13B9C    13B9C       28         0
                text16                            118BC    118BC      294         0
                text15                            1396E    1396E       48         0
                text14                            13DE8    13DE8        E         0
                text13                            10C84    10C84      480         0
                text12                            10000    10000      66A         0
                text11                            13DC8    13DC8       10         0
                text10                            139FC    139FC       44         0
                text9                             13884    13884       50         0
                text8                             13922    13922       4C         0
                text7                             135CA    135CA       68         0
                text6                             11554    11554      368         0
                text5                             13DA6    13DA6       12         0
                text4                             11DC6    11DC6      242         0
                text3                             13AC2    13AC2       3E         0
                text2                             12362    12362      140         0
                text1                             13DB8    13DB8       10         0
                text0                             134EA    134EA       70         0
                cinit                             13C14    13C14       26         0

        CLASS   CONST          

        CLASS   SMALLCONST     

        CLASS   MEDIUMCONST    
                mediumconst                        FBB6     FBB6      44A         0

        CLASS   COMRAM         
                temp                                 5F       5F        1         1
                cstackCOMRAM                          1        1       5E         1

        CLASS   ABS1           

        CLASS   BIGRAM         

        CLASS   RAM            

        CLASS   BANK0          
                cstackBANK0                          60       60       57         1
                bssBANK0                             B7       B7       1F         1
                bitbssBANK0                         6B0       D6        1         1

        CLASS   BANK1          
                cstackBANK1                         1C1      1C1       3D         1
                bssBANK1                            100      100       C1         1

        CLASS   BANK2          
                cstackBANK2                         200      200       16         1

        CLASS   BANK3          

        CLASS   BANK4          

        CLASS   BANK5          

        CLASS   BANK6          

        CLASS   BANK7          

        CLASS   BANK8          

        CLASS   BANK9          

        CLASS   BANK10         

        CLASS   BANK11         

        CLASS   BANK12         

        CLASS   BANK13         

        CLASS   SFR            

        CLASS   FARRAM         

        CLASS   CONFIG         
                config                           300000   300000        C         0

        CLASS   IDLOC          
                idloc                            200000   200000       10         0

        CLASS   EEDATA         



SEGMENTS        Name                           Load    Length   Top    Selector   Space  Class

                reset_vec                      000000  000004  000004         0       0  CODE    
                cstackCOMRAM                   000001  00005F  000060         1       1  COMRAM  
                intcode                        000008  000006  00000E         4       0  CODE    
                intcodelo                      000018  0000EA  000102         C       0  CODE    
                cstackBANK0                    000060  000077  0000D7        60       1  BANK0   
                bssBANK1                       000100  0000FE  0001FE       100       1  BANK1   
                cstackBANK2                    000200  000016  000216       200       1  BANK2   
                mediumconst                    00FBB6  00044A  010000      7DDB       0  MEDIUMCO
                text12                         010000  003E66  013E66      8000       0  CODE    
                idloc                          200000  000010  200010    200000       0  IDLOC   
                config                         300000  00000C  30000C    300000       0  CONFIG  


UNUSED ADDRESS RANGES

        Name                Unused          Largest block    Delta
        BANK0            0000D7-0000FF               29
        BANK1            0001FE-0001FF                2
        BANK10           000A00-000AFF              100
        BANK11           000B00-000BFF              100
        BANK12           000C00-000CFF              100
        BANK13           000D00-000DE9               EA
        BANK2            000216-0002FF               EA
        BANK3            000300-0003FF              100
        BANK4            000400-0004FF              100
        BANK5            000500-0005FF              100
        BANK6            000600-0006FF              100
        BANK7            000700-0007FF              100
        BANK8            000800-0008FF              100
        BANK9            000900-0009FF              100
        BIGRAM           0000D7-0000FF               29
                         0001FE-0001FF                2
                         000216-000DE9              BD4
        CODE             000004-000007                4
                         00000E-000017                A
                         000102-00FBB5             FAB4
                         013E66-01FFFF             C19A
        CONST            000004-000007                4
                         00000E-000017                A
                         000102-00FBB5             FAB4
                         013E66-01FFFF             C19A
        EEDATA           310000-3103FF              400
        MEDIUMCONST      000E00-00FBB5             EDB6
                         013E66-01FFFF             C19A
        RAM              0000D7-0000FF               29
                         0001FE-0001FF                2
                         000216-000DE9              100
        SFR              000DEF-000FFF              100
        SMALLCONST       000E00-00FBB5              100
                         013E66-01FFFF              100
        STACK            000216-000DE9              BD4

                                  Symbol Table

?_ADCC_GetConversionResult                     cstackCOMRAM 000001
?___awdiv                                      cstackBANK0  00008F
?___awmod                                      cstackBANK0  000089
?___ftadd                                      cstackBANK1  0001C1
?___ftmul                                      cstackBANK0  00009D
?___ftneg                                      cstackBANK0  000089
?___ftpack                                     cstackBANK0  000089
?___ftsub                                      cstackBANK1  0001CD
?___fttol                                      cstackBANK0  0000B3
?___lldiv                                      cstackBANK0  000089
?___llmod                                      cstackBANK0  000089
?___lltoft                                     cstackBANK0  000091
?___lwtoft                                     cstackCOMRAM 000009
?___wmul                                       cstackBANK0  000097
?__div_to_l_                                   cstackBANK0  000089
?__tdiv_to_l_                                  cstackBANK0  000089
?_fround                                       cstackBANK0  0000AC
?_printf                                       cstackBANK1  0001D3
?_scale                                        cstackBANK0  0000AC
?_strcmp                                       cstackBANK0  000089
?_strlen                                       cstackBANK0  000089
?i2___awdiv                                    cstackCOMRAM 000007
?i2___awmod                                    cstackCOMRAM 000001
?i2___ftadd                                    cstackCOMRAM 00002E
?i2___ftmul                                    cstackCOMRAM 000015
?i2___ftneg                                    cstackCOMRAM 000001
?i2___ftpack                                   cstackCOMRAM 000001
?i2___ftsub                                    cstackCOMRAM 00003A
?i2___fttol                                    cstackCOMRAM 000024
?i2___lldiv                                    cstackCOMRAM 000001
?i2___llmod                                    cstackCOMRAM 000001
?i2___lltoft                                   cstackCOMRAM 000009
?i2___wmul                                     cstackCOMRAM 00000F
?i2__div_to_l_                                 cstackCOMRAM 000001
?i2__tdiv_to_l_                                cstackCOMRAM 000001
?i2_fround                                     cstackCOMRAM 000024
?i2_printf                                     cstackCOMRAM 000040
?i2_scale                                      cstackCOMRAM 000024
ADCC_SetADIInterruptHandler@InterruptHandler   cstackBANK0  000089
ADCC_StartConversion@channel                   cstackBANK0  000072
ADCCallback@currentADCChannel                  cstackCOMRAM 000024
EUSART2_Read@readValue                         cstackBANK0  000089
EUSART2_SetRxInterruptHandler@interruptHandler cstackBANK0  000089
EUSART2_SetTxInterruptHandler@interruptHandler cstackBANK0  000089
EUSART2_Write@txData                           cstackBANK0  000089
TMR6_SetInterruptHandler@InterruptHandler      cstackBANK0  000089
TMR7_SetInterruptHandler@InterruptHandler      cstackBANK0  000089
TMR7_WriteTimer@timerVal                       cstackBANK0  000072
_ADACCH                                        (abs)        000F71
_ADACCL                                        (abs)        000F70
_ADACQ                                         (abs)        000F5C
_ADACT                                         (abs)        000F56
_ADCAP                                         (abs)        000F5D
_ADCC_ADI_InterruptHandler                     bssBANK0     0000BA
_ADCC_DefaultInterruptHandler                  text78       013E64
_ADCC_GetConversionResult                      text83       013D92
_ADCC_ISR                                      text77       013BEC
_ADCC_Initialize                               text44       013766
_ADCC_IsConversionDone                         text51       013E4A
_ADCC_SetADIInterruptHandler                   text45       013E2E
_ADCC_StartConversion                          text50       013E3C
_ADCCallback                                   text79       0131DA
_ADCLK                                         (abs)        000F57
_ADCNT                                         (abs)        000F67
_ADCON0                                        (abs)        000F60
_ADCON0bits                                    (abs)        000F60
_ADCON1                                        (abs)        000F59
_ADCON1bits                                    (abs)        000F59
_ADCON2                                        (abs)        000F5A
_ADCON2bits                                    (abs)        000F5A
_ADCON3                                        (abs)        000F5B
_ADCON3bits                                    (abs)        000F5B
_ADERRH                                        (abs)        000F6F
_ADERRL                                        (abs)        000F6E
_ADFLTRH                                       (abs)        000F73
_ADFLTRL                                       (abs)        000F72
_ADLTHH                                        (abs)        000F6B
_ADLTHL                                        (abs)        000F6A
_ADPCH                                         (abs)        000F5F
_ADPRE                                         (abs)        000F5E
_ADPREVH                                       (abs)        000F62
_ADPREVL                                       (abs)        000F61
_ADREF                                         (abs)        000F58
_ADRESH                                        (abs)        000F64
_ADRESL                                        (abs)        000F63
_ADRPT                                         (abs)        000F66
_ADSTAT                                        (abs)        000F65
_ADSTATbits                                    (abs)        000F65
_ADSTPTH                                       (abs)        000F69
_ADSTPTL                                       (abs)        000F68
_ADUTHH                                        (abs)        000F6D
_ADUTHL                                        (abs)        000F6C
_ANSELA                                        (abs)        000E92
_ANSELB                                        (abs)        000E9A
_ANSELD                                        (abs)        000EA7
_ANSELE                                        (abs)        000EAF
_ANSELF                                        (abs)        000EB4
_ANSELG                                        (abs)        000EBC
_BAUD2CON                                      (abs)        000EF7
_EUSART2_Initialize                            text41       01369A
_EUSART2_Read                                  text10       0139FC
_EUSART2_Receive_ISR                           text58       012F6C
_EUSART2_RxDefaultInterruptHandler             bssBANK0     0000C6
_EUSART2_SetRxInterruptHandler                 text43       013E20
_EUSART2_SetTxInterruptHandler                 text42       013E12
_EUSART2_Transmit_ISR                          text56       013B00
_EUSART2_TxDefaultInterruptHandler             bssBANK0     0000C9
_EUSART2_Write                                 text15       01396E
_INTCONbits                                    (abs)        000FF2
_INTERRUPT_Initialize                          text40       013DD8
_INTERRUPT_InterruptManagerHigh                intcode      000008
_INTERRUPT_InterruptManagerLow                 intcodelo    000018
_IPR1bits                                      (abs)        000E20
_IPR3bits                                      (abs)        000E22
_IPR5bits                                      (abs)        000E24
_LATA                                          (abs)        000F79
_LATB                                          (abs)        000F7A
_LATC                                          (abs)        000F7B
_LATD                                          (abs)        000F7C
_LATE                                          (abs)        000F7D
_LATF                                          (abs)        000F7E
_LATFbits                                      (abs)        000F7E
_LATG                                          (abs)        000F7F
_LATH                                          (abs)        000F80
_ODCONA                                        (abs)        000E90
_ODCONB                                        (abs)        000E98
_ODCONC                                        (abs)        000EA0
_ODCOND                                        (abs)        000EA5
_ODCONE                                        (abs)        000EAD
_ODCONF                                        (abs)        000EB2
_ODCONG                                        (abs)        000EBA
_ODCONH                                        (abs)        000EBF
_OSCCON1                                       (abs)        000E43
_OSCCON3                                       (abs)        000E45
_OSCEN                                         (abs)        000E47
_OSCFRQ                                        (abs)        000E49
_OSCILLATOR_Initialize                         text39       013D76
_OSCTUNE                                       (abs)        000E48
_PIE1bits                                      (abs)        000E2A
_PIE3bits                                      (abs)        000E2C
_PIE5bits                                      (abs)        000E2E
_PIN_MANAGER_Initialize                        text38       013016
_PIR1bits                                      (abs)        000E34
_PIR3bits                                      (abs)        000E36
_PIR5bits                                      (abs)        000E38
_PLLR                                          (abs)        007230
_PMD0                                          (abs)        000E4C
_PMD1                                          (abs)        000E4D
_PMD2                                          (abs)        000E4E
_PMD3                                          (abs)        000E4F
_PMD4                                          (abs)        000E50
_PMD5                                          (abs)        000E51
_PMD_Initialize                                text37       013D5A
_POS12_ADC_Result                              bssBANK0     0000BD
_POS3P3_ADC_Result                             bssBANK0     0000C0
_PR6                                           (abs)        000FB0
_RC2REG                                        (abs)        000EF1
_RC2STA                                        (abs)        000EF5
_RC2STAbits                                    (abs)        000EF5
_RG7PPS                                        (abs)        000E89
_RX2PPS                                        (abs)        000E11
_SLRCONA                                       (abs)        000E8F
_SLRCONB                                       (abs)        000E97
_SLRCONC                                       (abs)        000E9F
_SLRCOND                                       (abs)        000EA4
_SLRCONE                                       (abs)        000EAC
_SLRCONF                                       (abs)        000EB1
_SLRCONG                                       (abs)        000EB9
_SLRCONH                                       (abs)        000EBE
_SP2BRGH                                       (abs)        000EF4
_SP2BRGL                                       (abs)        000EF3
_SYSTEM_Initialize                             text32       013CF4
_T6CLKCON                                      (abs)        000FB3
_T6CON                                         (abs)        000FB1
_T6CONbits                                     (abs)        000FB1
_T6HLT                                         (abs)        000FB2
_T6HLTbits                                     (abs)        000FB2
_T6PR                                          (abs)        000FB0
_T6RST                                         (abs)        000FB4
_T6RSTbits                                     (abs)        000FB4
_T6TMR                                         (abs)        000FAF
_T7CLK                                         (abs)        000F33
_T7CON                                         (abs)        000F30
_T7CONbits                                     (abs)        000F30
_T7GATE                                        (abs)        000F32
_T7GCON                                        (abs)        000F31
_T7GCONbits                                    (abs)        000F31
_TMR6                                          (abs)        000FAF
_TMR6_DefaultInterruptHandler                  text54       013E62
_TMR6_ISR                                      text53       013BC4
_TMR6_Initialize                               text35       013B6A
_TMR6_InterruptHandler                         bssBANK0     0000C3
_TMR6_SetInterruptHandler                      text36       013E04
_TMR7H                                         (abs)        000F2F
_TMR7L                                         (abs)        000F2E
_TMR7_DefaultInterruptHandler                  text48       013E60
_TMR7_ISR                                      text47       013B36
_TMR7_Initialize                               text33       0138D4
_TMR7_InterruptHandler                         bssBANK0     0000B7
_TMR7_SetInterruptHandler                      text34       013DF6
_TMR7_WriteTimer                               text52       013C60
_TRISA                                         (abs)        000F81
_TRISB                                         (abs)        000F82
_TRISC                                         (abs)        000F83
_TRISD                                         (abs)        000F84
_TRISE                                         (abs)        000F85
_TRISF                                         (abs)        000F86
_TRISG                                         (abs)        000F87
_TRISH                                         (abs)        000F88
_TX2REG                                        (abs)        000EF2
_TX2STA                                        (abs)        000EF6
_TX2STAbits                                    (abs)        000EF6
_WPUA                                          (abs)        000E91
_WPUB                                          (abs)        000E99
_WPUC                                          (abs)        000EA1
_WPUD                                          (abs)        000EA6
_WPUE                                          (abs)        000EAE
_WPUF                                          (abs)        000EB3
_WPUG                                          (abs)        000EBB
_WPUH                                          (abs)        000EC0
__CFG_BOREN$SBORDIS                            (abs)        000000
__CFG_BORV$VBOR_190                            (abs)        000000
__CFG_CLKOUTEN$OFF                             (abs)        000000
__CFG_CP$OFF                                   (abs)        000000
__CFG_CPD$OFF                                  (abs)        000000
__CFG_CSWEN$ON                                 (abs)        000000
__CFG_DEBUG$OFF                                (abs)        000000
__CFG_EBTR0$OFF                                (abs)        000000
__CFG_EBTR1$OFF                                (abs)        000000
__CFG_EBTR2$OFF                                (abs)        000000
__CFG_EBTR3$OFF                                (abs)        000000
__CFG_EBTR4$OFF                                (abs)        000000
__CFG_EBTR5$OFF                                (abs)        000000
__CFG_EBTR6$OFF                                (abs)        000000
__CFG_EBTR7$OFF                                (abs)        000000
__CFG_EBTRB$OFF                                (abs)        000000
__CFG_FCMEN$ON                                 (abs)        000000
__CFG_FEXTOSC$ECH                              (abs)        000000
__CFG_LPBOREN$OFF                              (abs)        000000
__CFG_LVP$OFF                                  (abs)        000000
__CFG_MCLRE$EXTMCLR                            (abs)        000000
__CFG_PPS1WAY$ON                               (abs)        000000
__CFG_PWRTE$OFF                                (abs)        000000
__CFG_RSTOSC$EXTOSC_4PLL                       (abs)        000000
__CFG_SCANE$ON                                 (abs)        000000
__CFG_STVREN$ON                                (abs)        000000
__CFG_WDTCCS$LFINTOSC                          (abs)        000000
__CFG_WDTCPS$WDTCPS_11                         (abs)        000000
__CFG_WDTCWS$WDTCWS_7                          (abs)        000000
__CFG_WDTE$NSLEEP                              (abs)        000000
__CFG_WRT0$OFF                                 (abs)        000000
__CFG_WRT1$OFF                                 (abs)        000000
__CFG_WRT2$OFF                                 (abs)        000000
__CFG_WRT3$OFF                                 (abs)        000000
__CFG_WRT4$OFF                                 (abs)        000000
__CFG_WRT5$OFF                                 (abs)        000000
__CFG_WRT6$OFF                                 (abs)        000000
__CFG_WRT7$OFF                                 (abs)        000000
__CFG_WRTB$OFF                                 (abs)        000000
__CFG_WRTC$OFF                                 (abs)        000000
__CFG_WRTD$OFF                                 (abs)        000000
__CFG_XINST$OFF                                (abs)        000000
__CFG_ZCD$OFF                                  (abs)        000000
__HRAM                                         (abs)        000000
__Habs1                                        abs1         000000
__Hbank0                                       bank0        000000
__Hbank1                                       bank1        000000
__Hbank10                                      bank10       000000
__Hbank11                                      bank11       000000
__Hbank12                                      bank12       000000
__Hbank13                                      bank13       000000
__Hbank2                                       bank2        000000
__Hbank3                                       bank3        000000
__Hbank4                                       bank4        000000
__Hbank5                                       bank5        000000
__Hbank6                                       bank6        000000
__Hbank7                                       bank7        000000
__Hbank8                                       bank8        000000
__Hbank9                                       bank9        000000
__Hbigbss                                      bigbss       000000
__Hbigdata                                     bigdata      000000
__Hbigram                                      bigram       000000
__HbitbssBANK0                                 bitbssBANK0  000000
__Hbss                                         bss          000000
__HbssBANK0                                    bssBANK0     000000
__HbssBANK1                                    bssBANK1     000000
__Hcinit                                       cinit        000000
__Hclrtext                                     clrtext      000000
__Hcomram                                      comram       000000
__Hconfig                                      config       30000C
__Hconst                                       const        000000
__HcstackBANK0                                 cstackBANK0  000000
__HcstackBANK1                                 cstackBANK1  000000
__HcstackBANK2                                 cstackBANK2  000000
__HcstackCOMRAM                                cstackCOMRAM 000000
__Hdata                                        data         000000
__Heeprom_data                                 eeprom_data  000000
__Hfarbss                                      farbss       000000
__Hfardata                                     fardata      000000
__Hibigdata                                    ibigdata     000000
__Hidata                                       idata        000000
__Hidloc                                       idloc        200010
__Hifardata                                    ifardata     000000
__Hinit                                        init         000102
__Hintcode                                     intcode      00000E
__Hintcode_body                                intcode_body 000000
__Hintcodelo                                   intcodelo    0000FE
__Hintentry                                    intentry     000000
__Hintret                                      intret       000000
__Hintsave_regs                                intsave_regs 000000
__Hirdata                                      irdata       000000
__Hmediumconst                                 mediumconst  010000
__HnvFARRAM                                    nvFARRAM     000000
__Hnvbit                                       nvbit        000000
__Hnvrram                                      nvrram       000000
__Hparam                                       rparam       000000
__Hpowerup                                     powerup      0000FE
__Hram                                         ram          000000
__Hramtop                                      ramtop       000E00
__Hrbit                                        rbit         000000
__Hrbss                                        rbss         000000
__Hrdata                                       rdata        000000
__Hreset_vec                                   reset_vec    000004
__Hrparam                                      rparam       000000
__Hsfr                                         sfr          000000
__Hsmallconst                                  smallconst   000000
__Hspace_0                                     (abs)        30000C
__Hspace_1                                     (abs)        0006B1
__Hspace_2                                     (abs)        000000
__Hstack                                       stack        000000
__Hstruct                                      struct       000000
__Htemp                                        temp         000060
__Htext                                        text         000000
__Htext0                                       text0        000000
__Htext1                                       text1        000000
__Htext10                                      text10       000000
__Htext11                                      text11       000000
__Htext12                                      text12       000000
__Htext13                                      text13       000000
__Htext14                                      text14       000000
__Htext15                                      text15       000000
__Htext16                                      text16       000000
__Htext17                                      text17       000000
__Htext18                                      text18       000000
__Htext19                                      text19       000000
__Htext2                                       text2        000000
__Htext20                                      text20       000000
__Htext21                                      text21       000000
__Htext22                                      text22       000000
__Htext23                                      text23       000000
__Htext24                                      text24       000000
__Htext25                                      text25       000000
__Htext26                                      text26       000000
__Htext27                                      text27       000000
__Htext28                                      text28       000000
__Htext29                                      text29       000000
__Htext3                                       text3        000000
__Htext30                                      text30       000000
__Htext31                                      text31       000000
__Htext32                                      text32       000000
__Htext33                                      text33       000000
__Htext34                                      text34       000000
__Htext35                                      text35       000000
__Htext36                                      text36       000000
__Htext37                                      text37       000000
__Htext38                                      text38       000000
__Htext39                                      text39       000000
__Htext4                                       text4        000000
__Htext40                                      text40       000000
__Htext41                                      text41       000000
__Htext42                                      text42       000000
__Htext43                                      text43       000000
__Htext44                                      text44       000000
__Htext45                                      text45       000000
__Htext47                                      text47       000000
__Htext48                                      text48       000000
__Htext49                                      text49       000000
__Htext5                                       text5        000000
__Htext50                                      text50       000000
__Htext51                                      text51       000000
__Htext52                                      text52       000000
__Htext53                                      text53       000000
__Htext54                                      text54       000000
__Htext55                                      text55       000000
__Htext56                                      text56       000000
__Htext58                                      text58       000000
__Htext59                                      text59       000000
__Htext6                                       text6        000000
__Htext60                                      text60       000000
__Htext61                                      text61       000000
__Htext62                                      text62       000000
__Htext63                                      text63       000000
__Htext64                                      text64       000000
__Htext65                                      text65       000000
__Htext66                                      text66       000000
__Htext67                                      text67       000000
__Htext68                                      text68       000000
__Htext69                                      text69       000000
__Htext7                                       text7        000000
__Htext70                                      text70       000000
__Htext71                                      text71       000000
__Htext72                                      text72       000000
__Htext73                                      text73       000000
__Htext74                                      text74       000000
__Htext75                                      text75       000000
__Htext76                                      text76       000000
__Htext77                                      text77       000000
__Htext78                                      text78       000000
__Htext79                                      text79       000000
__Htext8                                       text8        000000
__Htext80                                      text80       000000
__Htext81                                      text81       000000
__Htext82                                      text82       000000
__Htext83                                      text83       000000
__Htext84                                      text84       000000
__Htext9                                       text9        000000
__LRAM                                         (abs)        000001
__Labs1                                        abs1         000000
__Lbank0                                       bank0        000000
__Lbank1                                       bank1        000000
__Lbank10                                      bank10       000000
__Lbank11                                      bank11       000000
__Lbank12                                      bank12       000000
__Lbank13                                      bank13       000000
__Lbank2                                       bank2        000000
__Lbank3                                       bank3        000000
__Lbank4                                       bank4        000000
__Lbank5                                       bank5        000000
__Lbank6                                       bank6        000000
__Lbank7                                       bank7        000000
__Lbank8                                       bank8        000000
__Lbank9                                       bank9        000000
__Lbigbss                                      bigbss       000000
__Lbigdata                                     bigdata      000000
__Lbigram                                      bigram       000000
__LbitbssBANK0                                 bitbssBANK0  000000
__Lbss                                         bss          000000
__LbssBANK0                                    bssBANK0     000000
__LbssBANK1                                    bssBANK1     000000
__Lcinit                                       cinit        000000
__Lclrtext                                     clrtext      000000
__Lcomram                                      comram       000000
__Lconfig                                      config       300000
__Lconst                                       const        000000
__LcstackBANK0                                 cstackBANK0  000000
__LcstackBANK1                                 cstackBANK1  000000
__LcstackBANK2                                 cstackBANK2  000000
__LcstackCOMRAM                                cstackCOMRAM 000000
__Ldata                                        data         000000
__Leeprom_data                                 eeprom_data  000000
__Lfarbss                                      farbss       000000
__Lfardata                                     fardata      000000
__Libigdata                                    ibigdata     000000
__Lidata                                       idata        000000
__Lidloc                                       idloc        200000
__Lifardata                                    ifardata     000000
__Linit                                        init         0000FE
__Lintcode                                     intcode      000008
__Lintcode_body                                intcode_body 000000
__Lintcodelo                                   intcodelo    000018
__Lintentry                                    intentry     000000
__Lintret                                      intret       000000
__Lintsave_regs                                intsave_regs 000000
__Lirdata                                      irdata       000000
__Lmediumconst                                 mediumconst  00FBB6
__LnvFARRAM                                    nvFARRAM     000000
__Lnvbit                                       nvbit        000000
__Lnvrram                                      nvrram       000000
__Lparam                                       rparam       000000
__Lpowerup                                     powerup      0000FE
__Lram                                         ram          000000
__Lramtop                                      ramtop       000E00
__Lrbit                                        rbit         000000
__Lrbss                                        rbss         000000
__Lrdata                                       rdata        000000
__Lreset_vec                                   reset_vec    000000
__Lrparam                                      rparam       000000
__Lsfr                                         sfr          000000
__Lsmallconst                                  smallconst   000000
__Lspace_0                                     (abs)        000000
__Lspace_1                                     (abs)        000000
__Lspace_2                                     (abs)        000000
__Lstack                                       stack        000000
__Lstruct                                      struct       000000
__Ltemp                                        temp         00005F
__Ltext                                        text         000000
__Ltext0                                       text0        000000
__Ltext1                                       text1        000000
__Ltext10                                      text10       000000
__Ltext11                                      text11       000000
__Ltext12                                      text12       000000
__Ltext13                                      text13       000000
__Ltext14                                      text14       000000
__Ltext15                                      text15       000000
__Ltext16                                      text16       000000
__Ltext17                                      text17       000000
__Ltext18                                      text18       000000
__Ltext19                                      text19       000000
__Ltext2                                       text2        000000
__Ltext20                                      text20       000000
__Ltext21                                      text21       000000
__Ltext22                                      text22       000000
__Ltext23                                      text23       000000
__Ltext24                                      text24       000000
__Ltext25                                      text25       000000
__Ltext26                                      text26       000000
__Ltext27                                      text27       000000
__Ltext28                                      text28       000000
__Ltext29                                      text29       000000
__Ltext3                                       text3        000000
__Ltext30                                      text30       000000
__Ltext31                                      text31       000000
__Ltext32                                      text32       000000
__Ltext33                                      text33       000000
__Ltext34                                      text34       000000
__Ltext35                                      text35       000000
__Ltext36                                      text36       000000
__Ltext37                                      text37       000000
__Ltext38                                      text38       000000
__Ltext39                                      text39       000000
__Ltext4                                       text4        000000
__Ltext40                                      text40       000000
__Ltext41                                      text41       000000
__Ltext42                                      text42       000000
__Ltext43                                      text43       000000
__Ltext44                                      text44       000000
__Ltext45                                      text45       000000
__Ltext47                                      text47       000000
__Ltext48                                      text48       000000
__Ltext49                                      text49       000000
__Ltext5                                       text5        000000
__Ltext50                                      text50       000000
__Ltext51                                      text51       000000
__Ltext52                                      text52       000000
__Ltext53                                      text53       000000
__Ltext54                                      text54       000000
__Ltext55                                      text55       000000
__Ltext56                                      text56       000000
__Ltext58                                      text58       000000
__Ltext59                                      text59       000000
__Ltext6                                       text6        000000
__Ltext60                                      text60       000000
__Ltext61                                      text61       000000
__Ltext62                                      text62       000000
__Ltext63                                      text63       000000
__Ltext64                                      text64       000000
__Ltext65                                      text65       000000
__Ltext66                                      text66       000000
__Ltext67                                      text67       000000
__Ltext68                                      text68       000000
__Ltext69                                      text69       000000
__Ltext7                                       text7        000000
__Ltext70                                      text70       000000
__Ltext71                                      text71       000000
__Ltext72                                      text72       000000
__Ltext73                                      text73       000000
__Ltext74                                      text74       000000
__Ltext75                                      text75       000000
__Ltext76                                      text76       000000
__Ltext77                                      text77       000000
__Ltext78                                      text78       000000
__Ltext79                                      text79       000000
__Ltext8                                       text8        000000
__Ltext80                                      text80       000000
__Ltext81                                      text81       000000
__Ltext82                                      text82       000000
__Ltext83                                      text83       000000
__Ltext84                                      text84       000000
__Ltext9                                       text9        000000
__S0                                           (abs)        30000C
__S1                                           (abs)        000216
__S2                                           (abs)        000000
___awdiv                                       text20       013268
___awdiv@counter                               cstackBANK0  000093
___awdiv@dividend                              cstackBANK0  00008F
___awdiv@divisor                               cstackBANK0  000091
___awdiv@quotient                              cstackBANK0  000095
___awdiv@sign                                  cstackBANK0  000094
___awmod                                       text19       013478
___awmod@counter                               cstackBANK0  00008D
___awmod@dividend                              cstackBANK0  000089
___awmod@divisor                               cstackBANK0  00008B
___awmod@sign                                  cstackBANK0  00008E
___ftadd                                       text28       012008
___ftadd@exp1                                  cstackBANK1  0001CC
___ftadd@exp2                                  cstackBANK1  0001CB
___ftadd@f1                                    cstackBANK1  0001C1
___ftadd@f2                                    cstackBANK1  0001C4
___ftadd@sign                                  cstackBANK1  0001CA
___ftge                                        text31       0130B8
___ftge@ff1                                    cstackBANK0  000089
___ftge@ff2                                    cstackBANK0  00008C
___ftmul                                       text18       012A70
___ftmul@cntr                                  cstackBANK0  0000AA
___ftmul@exp                                   cstackBANK0  0000A6
___ftmul@f1                                    cstackBANK0  00009D
___ftmul@f2                                    cstackBANK0  0000A0
___ftmul@f3_as_product                         cstackBANK0  0000A7
___ftmul@sign                                  cstackBANK0  0000AB
___ftneg                                       text30       013C3A
___ftneg@f1                                    cstackBANK0  000089
___ftpack                                      text29       012E0E
___ftpack@arg                                  cstackBANK0  000089
___ftpack@exp                                  cstackBANK0  00008C
___ftpack@sign                                 cstackBANK0  00008D
___ftsub                                       text27       013A40
___ftsub@f1                                    cstackBANK1  0001CD
___ftsub@f2                                    cstackBANK1  0001D0
___fttol                                       text26       01295A
___fttol@exp1                                  cstackBANK1  0001CB
___fttol@f1                                    cstackBANK0  0000B3
___fttol@lval                                  cstackBANK1  0001C7
___fttol@sign1                                 cstackBANK1  0001C6
___inthi_sp                                    stack        000000
___intlo_sp                                    stack        000000
___lldiv                                       text25       0132EE
___lldiv@counter                               cstackBANK0  000095
___lldiv@dividend                              cstackBANK0  000089
___lldiv@divisor                               cstackBANK0  00008D
___lldiv@quotient                              cstackBANK0  000091
___llmod                                       text24       013632
___llmod@counter                               cstackBANK0  000091
___llmod@dividend                              cstackBANK0  000089
___llmod@divisor                               cstackBANK0  00008D
___lltoft                                      text23       0137CA
___lltoft@c                                    cstackBANK0  000091
___lltoft@exp                                  cstackBANK0  000099
___lwtoft                                      text81       013CD0
___lwtoft@c                                    cstackCOMRAM 000009
___param_bank                                  (abs)        000000
___rparam_used                                 (abs)        000001
___sp                                          stack        000000
___wmul                                        text17       013B9C
___wmul@multiplicand                           cstackBANK0  000099
___wmul@multiplier                             cstackBANK0  000097
___wmul@product                                cstackBANK0  00009B
__accesstop                                    (abs)        000060
__activetblptr                                 (abs)        000003
__div_to_l_                                    text22       012708
__div_to_l_@cntr                               cstackBANK0  000093
__div_to_l_@exp1                               cstackBANK0  000094
__div_to_l_@f1                                 cstackBANK0  000089
__div_to_l_@f2                                 cstackBANK0  00008C
__div_to_l_@quot                               cstackBANK0  00008F
__end_of_ADCC_DefaultInterruptHandler          text78       013E66
__end_of_ADCC_GetConversionResult              text83       013DA6
__end_of_ADCC_ISR                              text77       013C14
__end_of_ADCC_Initialize                       text44       0137CA
__end_of_ADCC_IsConversionDone                 text51       013E56
__end_of_ADCC_SetADIInterruptHandler           text45       013E3C
__end_of_ADCC_StartConversion                  text50       013E4A
__end_of_ADCCallback                           text79       013268
__end_of_EUSART2_Initialize                    text41       013700
__end_of_EUSART2_Read                          text10       013A40
__end_of_EUSART2_Receive_ISR                   text58       013016
__end_of_EUSART2_SetRxInterruptHandler         text43       013E2E
__end_of_EUSART2_SetTxInterruptHandler         text42       013E20
__end_of_EUSART2_Transmit_ISR                  text56       013B36
__end_of_EUSART2_Write                         text15       0139B6
__end_of_INTERRUPT_Initialize                  text40       013DE8
__end_of_INTERRUPT_InterruptManagerHigh        intcode_body 012E0E
__end_of_INTERRUPT_InterruptManagerLow         intcodelo    0000FE
__end_of_OSCILLATOR_Initialize                 text39       013D92
__end_of_PIN_MANAGER_Initialize                text38       0130B8
__end_of_PMD_Initialize                        text37       013D76
__end_of_SYSTEM_Initialize                     text32       013D16
__end_of_TMR6_DefaultInterruptHandler          text54       013E64
__end_of_TMR6_ISR                              text53       013BEC
__end_of_TMR6_Initialize                       text35       013B9C
__end_of_TMR6_SetInterruptHandler              text36       013E12
__end_of_TMR7_DefaultInterruptHandler          text48       013E62
__end_of_TMR7_ISR                              text47       013B6A
__end_of_TMR7_Initialize                       text33       013922
__end_of_TMR7_SetInterruptHandler              text34       013E04
__end_of_TMR7_WriteTimer                       text52       013C86
__end_of___awdiv                               text20       0132EE
__end_of___awmod                               text19       0134EA
__end_of___ftadd                               text28       0121B6
__end_of___ftge                                text31       01314A
__end_of___ftmul                               text18       012B66
__end_of___ftneg                               text30       013C60
__end_of___ftpack                              text29       012EBE
__end_of___ftsub                               text27       013A82
__end_of___fttol                               text26       012A70
__end_of___lldiv                               text25       013372
__end_of___llmod                               text24       01369A
__end_of___lltoft                              text23       013828
__end_of___lwtoft                              text81       013CF4
__end_of___wmul                                text17       013BC4
__end_of__div_to_l_                            text22       012832
__end_of__initialization                       cinit        013C30
__end_of__npowers_                             mediumconst  00FC2D
__end_of__powers_                              mediumconst  00FC06
__end_of__tdiv_to_l_                           text21       0125D6
__end_of_acquisitionTimerCallback              text49       013D38
__end_of_dpowers                               mediumconst  00FBDF
__end_of_fround                                text16       011B50
__end_of_heartbeatTimerCallback                text55       013D5A
__end_of_main                                  text0        01355A
__end_of_printf                                text12       01066A
__end_of_putch                                 text14       013DF6
__end_of_ringBufferLUT                         text4        012008
__end_of_scale                                 text13       011104
__end_of_strcat                                text8        01396E
__end_of_strcmp                                text9        0138D4
__end_of_strlen                                text3        013B00
__end_of_strncpy                               text7        013632
__end_of_terminal_clearTerminal                text11       013DD8
__end_of_terminal_ringBufferPull               text2        0124A2
__end_of_terminal_setCursorHome                text1        013DC8
__end_of_terminal_textAttributes               text6        0118BC
__end_of_terminal_textAttributesReset          text5        013DB8
__end_ofi2_EUSART2_Write                       text62       0139FC
__end_ofi2___awdiv                             text66       0133F6
__end_ofi2___awmod                             text65       0135CA
__end_ofi2___ftadd                             text74       012362
__end_ofi2___ftge                              text76       0131DA
__end_ofi2___ftmul                             text80       012D4E
__end_ofi2___ftneg                             text75       013CD0
__end_ofi2___ftpack                            text82       012F6C
__end_ofi2___ftsub                             text73       013AC2
__end_ofi2___fttol                             text72       012C5A
__end_ofi2___lldiv                             text71       013478
__end_ofi2___llmod                             text70       013766
__end_ofi2___lltoft                            text69       013884
__end_ofi2___wmul                              text64       013CAC
__end_ofi2__div_to_l_                          text68       01295A
__end_ofi2__tdiv_to_l_                         text67       012708
__end_ofi2_fround                              text63       011DC6
__end_ofi2_printf                              text59       010C84
__end_ofi2_putch                               text61       013E60
__end_ofi2_scale                               text60       011554
__initialization                               cinit        013C14
__mediumconst                                  mediumconst  00FBB6
__npowers_                                     mediumconst  00FC06
__pbitbssBANK0                                 bitbssBANK0  0006B0
__pbssBANK0                                    bssBANK0     0000B7
__pbssBANK1                                    bssBANK1     000100
__pcinit                                       cinit        013C14
__pcstackBANK0                                 cstackBANK0  000060
__pcstackBANK1                                 cstackBANK1  0001C1
__pcstackBANK2                                 cstackBANK2  000200
__pcstackCOMRAM                                cstackCOMRAM 000001
__pintcode                                     intcode      000008
__pintcode_body                                intcode_body 012D4E
__pintcodelo                                   intcodelo    000018
__pmediumconst                                 mediumconst  00FBB6
__powers_                                      mediumconst  00FBDF
__ptext0                                       text0        0134EA
__ptext1                                       text1        013DB8
__ptext10                                      text10       0139FC
__ptext11                                      text11       013DC8
__ptext12                                      text12       010000
__ptext13                                      text13       010C84
__ptext14                                      text14       013DE8
__ptext15                                      text15       01396E
__ptext16                                      text16       0118BC
__ptext17                                      text17       013B9C
__ptext18                                      text18       012A70
__ptext19                                      text19       013478
__ptext2                                       text2        012362
__ptext20                                      text20       013268
__ptext21                                      text21       0124A2
__ptext22                                      text22       012708
__ptext23                                      text23       0137CA
__ptext24                                      text24       013632
__ptext25                                      text25       0132EE
__ptext26                                      text26       01295A
__ptext27                                      text27       013A40
__ptext28                                      text28       012008
__ptext29                                      text29       012E0E
__ptext3                                       text3        013AC2
__ptext30                                      text30       013C3A
__ptext31                                      text31       0130B8
__ptext32                                      text32       013CF4
__ptext33                                      text33       0138D4
__ptext34                                      text34       013DF6
__ptext35                                      text35       013B6A
__ptext36                                      text36       013E04
__ptext37                                      text37       013D5A
__ptext38                                      text38       013016
__ptext39                                      text39       013D76
__ptext4                                       text4        011DC6
__ptext40                                      text40       013DD8
__ptext41                                      text41       01369A
__ptext42                                      text42       013E12
__ptext43                                      text43       013E20
__ptext44                                      text44       013766
__ptext45                                      text45       013E2E
__ptext47                                      text47       013B36
__ptext48                                      text48       013E60
__ptext49                                      text49       013D16
__ptext5                                       text5        013DA6
__ptext50                                      text50       013E3C
__ptext51                                      text51       013E4A
__ptext52                                      text52       013C60
__ptext53                                      text53       013BC4
__ptext54                                      text54       013E62
__ptext55                                      text55       013D38
__ptext56                                      text56       013B00
__ptext58                                      text58       012F6C
__ptext59                                      text59       01066A
__ptext6                                       text6        011554
__ptext60                                      text60       011104
__ptext61                                      text61       013E56
__ptext62                                      text62       0139B6
__ptext63                                      text63       011B50
__ptext64                                      text64       013C86
__ptext65                                      text65       01355A
__ptext66                                      text66       013372
__ptext67                                      text67       0125D6
__ptext68                                      text68       012832
__ptext69                                      text69       013828
__ptext7                                       text7        0135CA
__ptext70                                      text70       013700
__ptext71                                      text71       0133F6
__ptext72                                      text72       012B66
__ptext73                                      text73       013A82
__ptext74                                      text74       0121B6
__ptext75                                      text75       013CAC
__ptext76                                      text76       01314A
__ptext77                                      text77       013BEC
__ptext78                                      text78       013E64
__ptext79                                      text79       0131DA
__ptext8                                       text8        013922
__ptext80                                      text80       012C5A
__ptext81                                      text81       013CD0
__ptext82                                      text82       012EBE
__ptext83                                      text83       013D92
__ptext84                                      text84       000000
__ptext9                                       text9        013884
__ramtop                                       ramtop       000E00
__size_of_ADCC_DefaultInterruptHandler         (abs)        000000
__size_of_ADCC_GetConversionResult             (abs)        000000
__size_of_ADCC_ISR                             (abs)        000000
__size_of_ADCC_Initialize                      (abs)        000000
__size_of_ADCC_IsConversionDone                (abs)        000000
__size_of_ADCC_SetADIInterruptHandler          (abs)        000000
__size_of_ADCC_StartConversion                 (abs)        000000
__size_of_ADCCallback                          (abs)        000000
__size_of_EUSART2_Initialize                   (abs)        000000
[...]
		i2_printf
 This function uses a non-reentrant model


 *************** function i2___ftge *****************
 Defined at:
		line 4 in file "C:\Program Files (x86)\Microchip\xc8\v1.45\sources\common\ftge.c"
 Parameters:    Size  Location     Type
  ff1             3    0[COMRAM] float 
  ff2             3    3[COMRAM] float 
 Auto vars:     Size  Location     Type
		None
 Return value:  Size  Location     Type
		None               void
 Registers used:
		wreg, status,2, status,0
 Tracked objects:
		On entry : 
		On exit  : 
		Unchanged: 
 Data sizes:     COMRAM   BANK0   BANK1   BANK2   BANK3   BANK4   BANK5   BANK6   BANK7   BANK8   BANK9  BANK10  BANK11  BANK12  BANK13
      Params:         6       0       0       0       0       0       0       0       0       0       0       0       0       0       0
      Locals:         0       0       0       0       0       0       0       0       0       0       0       0       0       0       0
      Temps:          3       0       0       0       0       0       0       0       0       0       0       0       0       0       0
      Totals:         9       0       0       0       0       0       0       0       0       0       0       0       0       0       0
Total ram usage:        9 bytes
 Hardware stack levels used:    1
 This function calls:
		Nothing
 This function is called by:
		i2_printf
 This function uses a non-reentrant model


 *************** function _ADCC_ISR *****************
 Defined at:
		line 297 in file "mcc_generated_files/adcc.c"
 Parameters:    Size  Location     Type
		None
 Auto vars:     Size  Location     Type
		None
 Return value:  Size  Location     Type
                  1    wreg      void 
 Registers used:
		wreg, status,2, status,0, pclath, tosl, cstack
 Tracked objects:
		On entry : 
		On exit  : 
		Unchanged: 
 Data sizes:     COMRAM   BANK0   BANK1   BANK2   BANK3   BANK4   BANK5   BANK6   BANK7   BANK8   BANK9  BANK10  BANK11  BANK12  BANK13
      Params:         0       0       0       0       0       0       0       0       0       0       0       0       0       0       0
      Locals:         0       0       0       0       0       0       0       0       0       0       0       0       0       0       0
      Temps:          0       0       0       0       0       0       0       0       0       0       0       0       0       0       0
      Totals:         0       0       0       0       0       0       0       0       0       0       0       0       0       0       0
Total ram usage:        0 bytes
 Hardware stack levels used:    1
 Hardware stack levels required when called:    3
 This function calls:
		Absolute function
		_ADCC_DefaultInterruptHandler
		_ADCCallback
 This function is called by:
		_INTERRUPT_InterruptManagerHigh
 This function uses a non-reentrant model


 *************** function _ADCC_DefaultInterruptHandler *****************
 Defined at:
		line 310 in file "mcc_generated_files/adcc.c"
 Parameters:    Size  Location     Type
		None
 Auto vars:     Size  Location     Type
		None
 Return value:  Size  Location     Type
                  1    wreg      void 
 Registers used:
		None
 Tracked objects:
		On entry : 
		On exit  : 
		Unchanged: 
 Data sizes:     COMRAM   BANK0   BANK1   BANK2   BANK3   BANK4   BANK5   BANK6   BANK7   BANK8   BANK9  BANK10  BANK11  BANK12  BANK13
      Params:         0       0       0       0       0       0       0       0       0       0       0       0       0       0       0
      Locals:         0       0       0       0       0       0       0       0       0       0       0       0       0       0       0
      Temps:          0       0       0       0       0       0       0       0       0       0       0       0       0       0       0
      Totals:         0       0       0       0       0       0       0       0       0       0       0       0       0       0       0
Total ram usage:        0 bytes
 Hardware stack levels used:    1
 This function calls:
		Nothing
 This function is called by:
		_ADCC_Initialize
		_ADCC_ISR
 This function uses a non-reentrant model


 *************** function _ADCCallback *****************
 Defined at:
		line 75 in file "main.c"
 Parameters:    Size  Location     Type
		None
 Auto vars:     Size  Location     Type
  currentADCCh    1   35[COMRAM] enum E17316
 Return value:  Size  Location     Type
                  1    wreg      void 
 Registers used:
		wreg, status,2, status,0, cstack
 Tracked objects:
		On entry : 
		On exit  : 
		Unchanged: 
 Data sizes:     COMRAM   BANK0   BANK1   BANK2   BANK3   BANK4   BANK5   BANK6   BANK7   BANK8   BANK9  BANK10  BANK11  BANK12  BANK13
      Params:         0       0       0       0       0       0       0       0       0       0       0       0       0       0       0
      Locals:         1       0       0       0       0       0       0       0       0       0       0       0       0       0       0
      Temps:          0       0       0       0       0       0       0       0       0       0       0       0       0       0       0
      Totals:         1       0       0       0       0       0       0       0       0       0       0       0       0       0       0
Total ram usage:        1 bytes
 Hardware stack levels used:    1
 Hardware stack levels required when called:    2
 This function calls:
		_ADCC_GetConversionResult
		___lwtoft
		i2___ftmul
 This function is called by:
		_main
		_ADCC_ISR
 This function uses a non-reentrant model


 *************** function i2___ftmul *****************
 Defined at:
		line 62 in file "C:\Program Files (x86)\Microchip\xc8\v1.45\sources\common\ftmul.c"
 Parameters:    Size  Location     Type
  f1              3   20[COMRAM] float 
  f2              3   23[COMRAM] float 
 Auto vars:     Size  Location     Type
  __ftmul         3   30[COMRAM] unsigned um
  __ftmul         1   34[COMRAM] unsigned char 
  __ftmul         1   33[COMRAM] unsigned char 
  __ftmul         1   29[COMRAM] unsigned char 
 Return value:  Size  Location     Type
                  3   20[COMRAM] float 
 Registers used:
		wreg, status,2, status,0, cstack
 Tracked objects:
		On entry : 
		On exit  : 
		Unchanged: 
 Data sizes:     COMRAM   BANK0   BANK1   BANK2   BANK3   BANK4   BANK5   BANK6   BANK7   BANK8   BANK9  BANK10  BANK11  BANK12  BANK13
      Params:         6       0       0       0       0       0       0       0       0       0       0       0       0       0       0
      Locals:         6       0       0       0       0       0       0       0       0       0       0       0       0       0       0
      Temps:          3       0       0       0       0       0       0       0       0       0       0       0       0       0       0
      Totals:        15       0       0       0       0       0       0       0       0       0       0       0       0       0       0
Total ram usage:       15 bytes
 Hardware stack levels used:    1
 Hardware stack levels required when called:    1
 This function calls:
		i2___ftpack
 This function is called by:
		_ADCCallback
		i2_fround
		i2_scale
		i2_printf
 This function uses a non-reentrant model


 *************** function ___lwtoft *****************
 Defined at:
		line 28 in file "C:\Program Files (x86)\Microchip\xc8\v1.45\sources\common\lwtoft.c"
 Parameters:    Size  Location     Type
  c               2    8[COMRAM] unsigned int 
 Auto vars:     Size  Location     Type
		None
 Return value:  Size  Location     Type
                  3    8[COMRAM] float 
 Registers used:
		wreg, status,2, status,0, cstack
 Tracked objects:
		On entry : 
		On exit  : 
		Unchanged: 
 Data sizes:     COMRAM   BANK0   BANK1   BANK2   BANK3   BANK4   BANK5   BANK6   BANK7   BANK8   BANK9  BANK10  BANK11  BANK12  BANK13
      Params:         3       0       0       0       0       0       0       0       0       0       0       0       0       0       0
      Locals:         0       0       0       0       0       0       0       0       0       0       0       0       0       0       0
      Temps:          0       0       0       0       0       0       0       0       0       0       0       0       0       0       0
      Totals:         3       0       0       0       0       0       0       0       0       0       0       0       0       0       0
Total ram usage:        3 bytes
 Hardware stack levels used:    1
 Hardware stack levels required when called:    1
 This function calls:
		i2___ftpack
 This function is called by:
		_ADCCallback
 This function uses a non-reentrant model


 *************** function i2___ftpack *****************
 Defined at:
		line 62 in file "C:\Program Files (x86)\Microchip\xc8\v1.45\sources\common\float.c"
 Parameters:    Size  Location     Type
  arg             3    0[COMRAM] unsigned um
  exp             1    3[COMRAM] unsigned char 
  sign            1    4[COMRAM] unsigned char 
 Auto vars:     Size  Location     Type
		None
 Return value:  Size  Location     Type
                  3    0[COMRAM] float 
 Registers used:
		wreg, status,2, status,0
 Tracked objects:
		On entry : 
		On exit  : 
		Unchanged: 
 Data sizes:     COMRAM   BANK0   BANK1   BANK2   BANK3   BANK4   BANK5   BANK6   BANK7   BANK8   BANK9  BANK10  BANK11  BANK12  BANK13
      Params:         5       0       0       0       0       0       0       0       0       0       0       0       0       0       0
      Locals:         0       0       0       0       0       0       0       0       0       0       0       0       0       0       0
      Temps:          3       0       0       0       0       0       0       0       0       0       0       0       0       0       0
      Totals:         8       0       0       0       0       0       0       0       0       0       0       0       0       0       0
Total ram usage:        8 bytes
 Hardware stack levels used:    1
 This function calls:
		Nothing
 This function is called by:
		___lwtoft
		i2___ftadd
		i2___ftmul
		i2___lltoft
 This function uses a non-reentrant model


 *************** function _ADCC_GetConversionResult *****************
 Defined at:
		line 130 in file "mcc_generated_files/adcc.c"
 Parameters:    Size  Location     Type
		None
 Auto vars:     Size  Location     Type
		None
 Return value:  Size  Location     Type
                  2    0[COMRAM] unsigned int 
 Registers used:
		wreg, status,2, status,0
 Tracked objects:
		On entry : 
		On exit  : 
		Unchanged: 
 Data sizes:     COMRAM   BANK0   BANK1   BANK2   BANK3   BANK4   BANK5   BANK6   BANK7   BANK8   BANK9  BANK10  BANK11  BANK12  BANK13
      Params:         2       0       0       0       0       0       0       0       0       0       0       0       0       0       0
      Locals:         0       0       0       0       0       0       0       0       0       0       0       0       0       0       0
      Temps:          2       0       0       0       0       0       0       0       0       0       0       0       0       0       0
      Totals:         4       0       0       0       0       0       0       0       0       0       0       0       0       0       0
Total ram usage:        4 bytes
 Hardware stack levels used:    1
 This function calls:
		Nothing
 This function is called by:
		_ADCCallback
 This function uses a non-reentrant model



MODULE INFORMATION

Module		Function		Class		Link	Load	Size
C:\Program Files (x86)\Microchip\xc8\v1.45\sources\common\ftneg.c
		___ftneg       		CODE           	13C3A	0000	39

C:\Program Files (x86)\Microchip\xc8\v1.45\sources\common\ftneg.c estimated size: 39

C:\Program Files (x86)\Microchip\xc8\v1.45\sources\common\ftsub.c
		___ftsub       		CODE           	13A40	0000	67

C:\Program Files (x86)\Microchip\xc8\v1.45\sources\common\ftsub.c estimated size: 67

C:\Program Files (x86)\Microchip\xc8\v1.45\sources\common\float.c
		___ftpack      		CODE           	12E0E	0000	177

C:\Program Files (x86)\Microchip\xc8\v1.45\sources\common\float.c estimated size: 177

mcc_generated_files/tmr6.c
		_TMR6_ISR      		CODE           	13BC4	0000	41
		_TMR6_Initialize		CODE           	13B6A	0000	51
		_TMR6_SetInterruptHandler		CODE           	13E04	0000	15
		_TMR6_DefaultInterruptHandler		CODE           	13E62	0000	3

mcc_generated_files/tmr6.c estimated size: 110

mcc_generated_files/eusart2.c
		_putch         		CODE           	13DE8	0000	15
		_EUSART2_Read  		CODE           	139FC	0000	69
		_EUSART2_Write 		CODE           	1396E	0000	73
		_EUSART2_Receive_ISR		CODE           	12F6C	0000	171
		_EUSART2_Transmit_ISR		CODE           	13B00	0000	55
		_EUSART2_SetRxInterruptHandler		CODE           	13E20	0000	15
		_EUSART2_SetTxInterruptHandler		CODE           	13E12	0000	15
		_EUSART2_Initialize		CODE           	1369A	0000	103

mcc_generated_files/eusart2.c estimated size: 516

C:\Program Files (x86)\Microchip\xc8\v1.45\sources\common\doprnt.c
		_scale         		CODE           	10C84	0000	1153
		_printf        		CODE           	10000	0000	1643
		_fround        		CODE           	118BC	0000	661

C:\Program Files (x86)\Microchip\xc8\v1.45\sources\common\doprnt.c estimated size: 3457

C:\Program Files (x86)\Microchip\xc8\v1.45\sources\common\lltoft.c
		___lltoft      		CODE           	137CA	0000	95

C:\Program Files (x86)\Microchip\xc8\v1.45\sources\common\lltoft.c estimated size: 95

mcc_generated_files/interrupt_manager.c
		_INTERRUPT_Initialize		CODE           	13DD8	0000	17
		_INTERRUPT_InterruptManagerLow		CODE           	0018	0000	231
		_INTERRUPT_InterruptManagerHigh		CODE           	0008	0000	199

mcc_generated_files/interrupt_manager.c estimated size: 447

C:\Program Files (x86)\Microchip\xc8\v1.45\sources\common\Umul16.c
		___wmul        		CODE           	13B9C	0000	41

C:\Program Files (x86)\Microchip\xc8\v1.45\sources\common\Umul16.c estimated size: 41

C:\Program Files (x86)\Microchip\xc8\v1.45\sources\common\ftge.c
		___ftge        		CODE           	130B8	0000	147

C:\Program Files (x86)\Microchip\xc8\v1.45\sources\common\ftge.c estimated size: 147

mcc_generated_files/pin_manager.c
		_PIN_MANAGER_Initialize		CODE           	13016	0000	163

mcc_generated_files/pin_manager.c estimated size: 163

C:\Program Files (x86)\Microchip\xc8\v1.45\sources\common\ftdivl.c
		__tdiv_to_l_   		CODE           	124A2	0000	309

C:\Program Files (x86)\Microchip\xc8\v1.45\sources\common\ftdivl.c estimated size: 309

C:\Program Files (x86)\Microchip\xc8\v1.45\sources\common\ftmul.c
		___ftmul       		CODE           	12A70	0000	247

C:\Program Files (x86)\Microchip\xc8\v1.45\sources\common\ftmul.c estimated size: 247

C:\Program Files (x86)\Microchip\xc8\v1.45\sources\common\awmod.c
		___awmod       		CODE           	13478	0000	115

C:\Program Files (x86)\Microchip\xc8\v1.45\sources\common\awmod.c estimated size: 115

C:\Program Files (x86)\Microchip\xc8\v1.45\sources\common\llmod.c
		___llmod       		CODE           	13632	0000	105

C:\Program Files (x86)\Microchip\xc8\v1.45\sources\common\llmod.c estimated size: 105

C:\Program Files (x86)\Microchip\xc8\v1.45\sources\common\fldivl.c
		__div_to_l_    		CODE           	12708	0000	299

C:\Program Files (x86)\Microchip\xc8\v1.45\sources\common\fldivl.c estimated size: 299

mcc_generated_files/tmr7.c
		_TMR7_DefaultInterruptHandler		CODE           	13E60	0000	3
		_TMR7_WriteTimer		CODE           	13C60	0000	39
		_TMR7_ISR      		CODE           	13B36	0000	53
		_TMR7_Initialize		CODE           	138D4	0000	79
		_TMR7_SetInterruptHandler		CODE           	13DF6	0000	15

mcc_generated_files/tmr7.c estimated size: 189

shared
		i2_printf      		CODE           	1066A	0000	1563
		i2___ftneg     		CODE           	13CAC	0000	37
		i2_putch       		CODE           	13E56	0000	11
		i2___ftadd     		CODE           	121B6	0000	429
		__powers_      		MEDIUMCONST    	FBDF	0000	40
		i2___fttol     		CODE           	12B66	0000	245
		_dpowers       		MEDIUMCONST    	FBB7	0000	41
		i2___ftge      		CODE           	1314A	0000	145
		i2___awdiv     		CODE           	13372	0000	133
		i2__tdiv_to_l_ 		CODE           	125D6	0000	307
		i2___ftmul     		CODE           	12C5A	0000	245
		i2___wmul      		CODE           	13C86	0000	39
		i2__div_to_l_  		CODE           	12832	0000	297
		__npowers_     		MEDIUMCONST    	FC06	0000	40
		i2___ftpack    		CODE           	12EBE	0000	175
		i2_scale       		CODE           	11104	0000	1105
		i2___lldiv     		CODE           	133F6	0000	131
		__initialization		CODE           	13C14	0000	29
		i2___lltoft    		CODE           	13828	0000	93
		i2___ftsub     		CODE           	13A82	0000	65
		i2___awmod     		CODE           	1355A	0000	113
		i2_EUSART2_Write		CODE           	139B6	0000	71
		i2___llmod     		CODE           	13700	0000	103
		i2_fround      		CODE           	11B50	0000	631

shared estimated size: 6088

mcc_generated_files/mcc.c
		_PMD_Initialize		CODE           	13D5A	0000	29
		_OSCILLATOR_Initialize		CODE           	13D76	0000	29
		_SYSTEM_Initialize		CODE           	13CF4	0000	35

mcc_generated_files/mcc.c estimated size: 93

ring_buffer_interface.c
		_terminal_ringBufferPull		CODE           	12362	0000	321
		_terminal_textAttributes		CODE           	11554	0000	873
		_terminal_textAttributesReset		CODE           	13DA6	0000	19
		_terminal_setCursorHome		CODE           	13DB8	0000	17
		_terminal_clearTerminal		CODE           	13DC8	0000	17

ring_buffer_interface.c estimated size: 1247

C:\Program Files (x86)\Microchip\xc8\v1.45\sources\common\fttol.c
		___fttol       		CODE           	1295A	0000	279

C:\Program Files (x86)\Microchip\xc8\v1.45\sources\common\fttol.c estimated size: 279

C:\Program Files (x86)\Microchip\xc8\v1.45\sources\common\awdiv.c
		___awdiv       		CODE           	13268	0000	135

C:\Program Files (x86)\Microchip\xc8\v1.45\sources\common\awdiv.c estimated size: 135

C:\Program Files (x86)\Microchip\xc8\v1.45\sources\common\strcat.c
		_strcat        		CODE           	13922	0000	77

C:\Program Files (x86)\Microchip\xc8\v1.45\sources\common\strcat.c estimated size: 77

C:\Program Files (x86)\Microchip\xc8\v1.45\sources\common\ftadd.c
		___ftadd       		CODE           	12008	0000	431

C:\Program Files (x86)\Microchip\xc8\v1.45\sources\common\ftadd.c estimated size: 431

C:\Program Files (x86)\Microchip\xc8\v1.45\sources\common\lldiv.c
		___lldiv       		CODE           	132EE	0000	133

C:\Program Files (x86)\Microchip\xc8\v1.45\sources\common\lldiv.c estimated size: 133

ring_buffer_LUT.c
		_ringBufferLUT 		CODE           	11DC6	0000	579

ring_buffer_LUT.c estimated size: 579

mcc_generated_files/adcc.c
		_ADCC_DefaultInterruptHandler		CODE           	13E64	0000	3
		_ADCC_GetConversionResult		CODE           	13D92	0000	21
		_ADCC_SetADIInterruptHandler		CODE           	13E2E	0000	15
		_ADCC_ISR      		CODE           	13BEC	0000	41
		_ADCC_StartConversion		CODE           	13E3C	0000	15
		_ADCC_Initialize		CODE           	13766	0000	101
		_ADCC_IsConversionDone		CODE           	13E4A	0000	13

mcc_generated_files/adcc.c estimated size: 209

main.c
		_ADCCallback   		CODE           	131DA	0000	143
		_acquisitionTimerCallback		CODE           	13D16	0000	35
		_main          		CODE           	134EA	0000	113
		_heartbeatTimerCallback		CODE           	13D38	0000	35

main.c estimated size: 326

C:\Program Files (x86)\Microchip\xc8\v1.45\sources\common\strlen.c
		_strlen        		CODE           	13AC2	0000	63

C:\Program Files (x86)\Microchip\xc8\v1.45\sources\common\strlen.c estimated size: 63

C:\Program Files (x86)\Microchip\xc8\v1.45\sources\common\lwtoft.c
		___lwtoft      		CODE           	13CD0	0000	37

C:\Program Files (x86)\Microchip\xc8\v1.45\sources\common\lwtoft.c estimated size: 37

C:\Program Files (x86)\Microchip\xc8\v1.45\sources\common\strcmp.c
		_strcmp        		CODE           	13884	0000	81

C:\Program Files (x86)\Microchip\xc8\v1.45\sources\common\strcmp.c estimated size: 81

C:\Program Files (x86)\Microchip\xc8\v1.45\sources\common\strncpy.c
		_strncpy       		CODE           	135CA	0000	105

C:\Program Files (x86)\Microchip\xc8\v1.45\sources\common\strncpy.c estimated size: 105

