Microchip MPLAB XC8 Compiler V1.45 ()

Linker command line:

-W-3 --edf=C:\Program Files (x86)\Microchip\xc8\v1.45\dat\en_msgs.txt -cs \
  -h+dist/default/production\AC_Power_Meter.X.production.sym \
  --cmf=dist/default/production\AC_Power_Meter.X.production.cmf -z \
  -Q18LF67K40 -oC:\Users\DREWMA~1\AppData\Local\Temp\s97g.2 \
  -Mdist/default/production/AC_Power_Meter.X.production.map -E1 -ver=XC8 \
  --acfsm=1493 -ASTACK=06CEh-0de9h -pstack=STACK -ACODE=00h-01FFFFh \
  -ACONST=00h-01FFFFh -ASMALLCONST=0E00h-0EFFhx498 \
  -AMEDIUMCONST=0E00h-0FFFFh,010E00h-01FFFFh -ACOMRAM=01h-05Fh \
  -AABS1=00h-0DE9h -ABIGRAM=01h-0DE9h \
  -ARAM=060h-0FFh,0100h-01FFhx12,0D00h-0DE9h -ABANK0=060h-0FFh \
  -ABANK1=0100h-01FFh -ABANK2=0200h-02FFh -ABANK3=0300h-03FFh \
  -ABANK4=0400h-04FFh -ABANK5=0500h-05FFh -ABANK6=0600h-06FFh \
  -ABANK7=0700h-07FFh -ABANK8=0800h-08FFh -ABANK9=0900h-09FFh \
  -ABANK10=0A00h-0AFFh -ABANK11=0B00h-0BFFh -ABANK12=0C00h-0CFFh \
  -ABANK13=0D00h-0DE9h \
  -ASFR=0DEFh-0DFFh,0E00h-0EFFh,0F00h-0F5Fh,0F60h-0FFFh \
  -preset_vec=00h,intcode=08h,intcodelo=018h,powerup,init -pramtop=0E00h \
  -psmallconst=SMALLCONST -pmediumconst=MEDIUMCONST -pconst=CONST \
  -AFARRAM=00h-00h -ACONFIG=0300000h-030000Bh -pconfig=CONFIG \
  -AIDLOC=0200000h-020000Fh -pidloc=IDLOC -AEEDATA=0310000h-03103FFh \
  -peeprom_data=EEDATA \
  -prdata=COMRAM,nvrram=COMRAM,nvbit=COMRAM,rbss=COMRAM,rbit=COMRAM \
  -pfarbss=FARRAM,fardata=FARRAM,nvFARRAM=FARRAM \
  -pintsave_regs=BIGRAM,bigbss=BIGRAM,bigdata=BIGRAM -pbss=RAM \
  -pidata=CODE,irdata=CODE,ibigdata=CODE,ifardata=CODE -prparam=COMRAM \
  C:\Users\DREWMA~1\AppData\Local\Temp\s97g.obj \
  dist/default/production\AC_Power_Meter.X.production.obj 

Object code version is 3.11

Machine type is 18LF67K40

Call graph: (short form)




                Name                               Link     Load   Length Selector   Space Scale
C:\Users\DREWMA~1\AppData\Local\Temp\s97g.obj
                init                                10A      10A        4        C       0
                reset_vec                             0        0        4        0       0
                idloc                            200000   200000       10   200000       0
                config                           300000   300000        C   300000       0
dist/default/production\AC_Power_Meter.X.production.obj
                intcodelo                            18       18       F2        C       0
                intcode                               8        8        6        4       0
                temp                                 5F       5F        1        1       1
                mediumconst                        CA42     CA42     35BE     6521       0
                text265                            4476     4476       14        C       0
                text264                            46A6     46A6        4        C       0
                text263                            4462     4462       14        C       0
                text262                            45DE     45DE        C        C       0
                text261                            46A2     46A2        4        C       0
                text260                            3FA0     3FA0       2A        C       0
                text259                           1C320    1C320      33E     8000       0
                text258                             934      934      122        C       0
                text257                            1606     1606       DC        C       0
                text256                           1FBAE    1FBAE      150     8000       0
                text255                            28AC     28AC       7A        C       0
                text254                             B72      B72      114        C       0
                text253                           1E5DE    1E5DE      2B6     8000       0
                text252                            3F72     3F72       2E        C       0
                text251                            3676     3676       48        C       0
                text250                           1B954    1B954      350     8000       0
                text249                             F8E      F8E      100        C       0
                text248                           1CF8E    1CF8E      300     8000       0
                text247                            273C     273C       7C        C       0
                text246                            3C3A     3C3A       3C        C       0
                text245                           1F6CE    1F6CE      238     8000       0
                text244                           1D81E    1D81E      2C8     8000       0
                text243                           1CC7E    1CC7E      310     8000       0
                text242                            2B5A     2B5A       70        C       0
                text241                           1F014    1F014      24A     8000       0
                text240                           17F62    17F62      B2E     8000       0
                text239                            46B6     46B6        2        C       0
                text238                            4042     4042       28        C       0
                text237                           1FF7E    1FF7E       82     8000       0
                text236                            2EA2     2EA2       66        C       0
                text235                            4174     4174       26        C       0
                text234                             5C8      5C8      128        C       0
                text233                             242      242      132        C       0
                text232                            25BC     25BC       84        C       0
                text231                            2AEA     2AEA       70        C       0
                text230                           1E894    1E894      2AE     8000       0
                text229                            432A     432A       1E        C       0
                text228                            374A     374A       46        C       0
                text227                            463A     463A        A        C       0
                text226                           1AAC8    1AAC8      480     8000       0
                text225                           16042    16042     1F20     8000       0
                text224                            3BFE     3BFE       3C        C       0
                text223                            1CDE     1CDE       B0        C       0
                text222                            3C76     3C76       3A        C       0
                text221                            33E8     33E8       4C        C       0
                text220                            395E     395E       40        C       0
                text219                            4680     4680        6        C       0
                text218                            430C     430C       1E        C       0
                text217                            389C     389C       42        C       0
                text216                           1EB42    1EB42      26C     8000       0
                text215                            469E     469E        4        C       0
                text214                            4380     4380       1C        C       0
                text213                            4434     4434       18        C       0
                text212                            46B4     46B4        2        C       0
                text211                            4206     4206       24        C       0
                text210                            4630     4630        A        C       0
                text209                            441C     441C       18        C       0
                text208                            334E     334E       4E        C       0
                text207                            2538     2538       84        C       0
                text206                            46B2     46B2        2        C       0
                text205                            41E2     41E2       24        C       0
                text204                            414E     414E       26        C       0
                text203                            469A     469A        4        C       0
                text202                            45D2     45D2        C        C       0
                text201                            46B0     46B0        2        C       0
                text200                            3DBC     3DBC       34        C       0
                intcode_body                        C86      C86      108        C       0
                text198                            3D1E     3D1E       36        C       0
                text197                            4626     4626        A        C       0
                text196                            1F8C     1F8C       A2        C       0
                text195                            3704     3704       46        C       0
                text194                            32B0     32B0       50        C       0
                text193                            1E3C     1E3C       AE        C       0
                text192                            194C     194C       C6        C       0
                text191                            391E     391E       40        C       0
                text190                            3072     3072       58        C       0
                text189                            2DD4     2DD4       68        C       0
                text188                            3BC2     3BC2       3C        C       0
                text187                            2832     2832       7A        C       0
                text186                            461C     461C        A        C       0
                text185                            4696     4696        4        C       0
                text184                            467A     467A        6        C       0
                text183                            4692     4692        4        C       0
                text182                            4674     4674        6        C       0
                text181                            4612     4612        A        C       0
                text180                            45C4     45C4        E        C       0
                text179                            1C2E     1C2E       B0        C       0
                text178                            1362     1362       E8        C       0
                text177                            4128     4128       26        C       0
                text176                           1E328    1E328      2B6     8000       0
                text175                             812      812      122        C       0
                text174                           1BFE2    1BFE2      33E     8000       0
                text173                           1B602    1B602      352     8000       0
                text172                             E8E      E8E      100        C       0
                text171                            3F42     3F42       30        C       0
                text170                            3A58     3A58       3E        C       0
                text169                           1F496    1F496      238     8000       0
                text168                           1D556    1D556      2C8     8000       0
                text167                           1C96E    1C96E      310     8000       0
                text166                            2A7A     2A7A       70        C       0
                text165                            3F12     3F12       30        C       0
                text164                            43EA     43EA       1A        C       0
                text163                            385A     385A       42        C       0
                text162                            42B0     42B0       20        C       0
                text161                            3B86     3B86       3C        C       0
                text160                            4102     4102       26        C       0
                text159                            1528     1528       DE        C       0
                text158                           1FA5A    1FA5A      154     8000       0
                text157                            26BE     26BE       7E        C       0
                text156                            20CE     20CE       A0        C       0
                text155                            1AC8     1AC8       B6        C       0
                text154                            362E     362E       48        C       0
                text153                            24B4     24B4       84        C       0
                text152                            2D6C     2D6C       68        C       0
                text151                            401A     401A       28        C       0
                text150                             49E      49E      12A        C       0
                text149                             10E      10E      134        C       0
                text148                            23AA     23AA       86        C       0
                text147                            2998     2998       72        C       0
                text146                           1DDAC    1DDAC      2C6     8000       0
                text145                            426E     426E       22        C       0
                text144                            35E6     35E6       48        C       0
                text143                            45B6     45B6        E        C       0
                text142                           1A624    1A624      4A4     8000       0
                text141                           14106    14106     1F3C     8000       0
                text140                            3434     3434       4A        C       0
                text139                            359E     359E       48        C       0
                text138                            3B4A     3B4A       3C        C       0
                text137                            44FE     44FE       10        C       0
                text136                            44EE     44EE       10        C       0
                text135                           18A90    18A90      906     8000       0
                text134                            46AE     46AE        2        C       0
                text133                            41BE     41BE       24        C       0
                text132                            40DC     40DC       26        C       0
                text131                            37D4     37D4       44        C       0
                text130                            46AC     46AC        2        C       0
                text129                            3FF2     3FF2       28        C       0
                text128                            40B6     40B6       26        C       0
                text127                            466E     466E        6        C       0
                text126                            4654     4654        8        C       0
                text125                            45A8     45A8        E        C       0
                text124                            449C     449C       12        C       0
                text123                            46AA     46AA        2        C       0
                text122                            3D88     3D88       34        C       0
                text120                            4608     4608        A        C       0
                text119                            1EEA     1EEA       A2        C       0
                text118                            36BE     36BE       46        C       0
                text117                            3260     3260       50        C       0
                text116                            2D04     2D04       68        C       0
                text115                            216E     216E       9A        C       0
                text114                            459A     459A        E        C       0
                text113                            2BCA     2BCA       6A        C       0
                text112                            458C     458C        E        C       0
                text111                            457E     457E        E        C       0
                text110                            2E3C     2E3C       66        C       0
                text109                            4570     4570        E        C       0
                text108                            42EE     42EE       1E        C       0
                text107                            464C     464C        8        C       0
                text106                            44DE     44DE       10        C       0
                text105                            3CE8     3CE8       36        C       0
                text104                            42D0     42D0       1E        C       0
                text103                            4364     4364       1C        C       0
                text102                            17BA     17BA       CC        C       0
                text101                            4348     4348       1C        C       0
                text100                            4562     4562        E        C       0
                text99                             3EE2     3EE2       30        C       0
                text98                             4554     4554        E        C       0
                text97                             3EB2     3EB2       30        C       0
                text96                             4546     4546        E        C       0
                text95                             3210     3210       50        C       0
                text94                             4538     4538        E        C       0
                text93                             3DF0     3DF0       32        C       0
                text92                             452A     452A        E        C       0
                text91                             30CA     30CA       54        C       0
                text90                             3A1A     3A1A       3E        C       0
                text89                             2F68     2F68       5A        C       0
                text88                             43D0     43D0       1A        C       0
                text87                             311E     311E       52        C       0
                text86                            1FCFE    1FCFE      14C     8000       0
                text85                              6F0      6F0      122        C       0
                text84                             39DC     39DC       3E        C       0
                text83                             31C0     31C0       50        C       0
                text82                            1EDAE    1EDAE      266     8000       0
                text81                             3D54     3D54       34        C       0
                text80                             444C     444C       16        C       0
                text79                             3E82     3E82       30        C       0
                text78                             43B6     43B6       1A        C       0
                text77                             3818     3818       42        C       0
                text76                             4290     4290       20        C       0
                text75                             2F08     2F08       60        C       0
                text74                             3B0E     3B0E       3C        C       0
                text73                             4090     4090       26        C       0
                text72                             3790     3790       44        C       0
                text71                            1E072    1E072      2B6     8000       0
                text70                             3E52     3E52       30        C       0
                text69                            1BCA4    1BCA4      33E     8000       0
                text68                             3556     3556       48        C       0
                text67                             144A     144A       DE        C       0
                text66                             2430     2430       84        C       0
                text65                             2C9C     2C9C       68        C       0
                text64                             3FCA     3FCA       28        C       0
                text63                            1F906    1F906      154     8000       0
                text62                              374      374      12A        C       0
                text61                            1FE4A    1FE4A      134     8000       0
                text60                             2324     2324       86        C       0
                text59                             2926     2926       72        C       0
                text58                            1B2B0    1B2B0      352     8000       0
                text57                            1DAE6    1DAE6      2C6     8000       0
                text56                             424C     424C       22        C       0
                text55                             350E     350E       48        C       0
                text54                             439C     439C       1A        C       0
                text53                            1A180    1A180      4A4     8000       0
                text52                            121CA    121CA     1F3C     8000       0
                text51                             3AD2     3AD2       3C        C       0
                text50                             44CE     44CE       10        C       0
                text49                             339C     339C       4C        C       0
                text48                             2C34     2C34       68        C       0
                text47                            1AF48    1AF48      368     8000       0
                text46                             448A     448A       12        C       0
                text45                            19C92    19C92      4EE     8000       0
                text44                             3300     3300       4E        C       0
                text43                             1D8E     1D8E       AE        C       0
                text42                             1886     1886       C6        C       0
                text41                             38DE     38DE       40        C       0
                text40                             301A     301A       58        C       0
                text39                             3A96     3A96       3C        C       0
                text38                             27B8     27B8       7A        C       0
                text37                             45FE     45FE        A        C       0
                text36                             468E     468E        4        C       0
                text35                             4668     4668        6        C       0
                text34                             468A     468A        4        C       0
                text33                             4662     4662        6        C       0
                text32                             45F4     45F4        A        C       0
                text31                             451C     451C        E        C       0
                text30                             1B7E     1B7E       B0        C       0
                text29                             127A     127A       E8        C       0
                text28                             406A     406A       26        C       0
                text27                              D8E      D8E      100        C       0
                text26                             399E     399E       3E        C       0
                text25                            1F25E    1F25E      238     8000       0
                text24                            1D28E    1D28E      2C8     8000       0
                text23                            1C65E    1C65E      310     8000       0
                text22                             2A0A     2A0A       70        C       0
                text21                             3E22     3E22       30        C       0
                text20                             2640     2640       7E        C       0
                text19                             202E     202E       A0        C       0
                text18                             1A12     1A12       B6        C       0
                text17                             34C6     34C6       48        C       0
                text16                             347E     347E       48        C       0
                text15                             44BE     44BE       10        C       0
                text14                             44AE     44AE       10        C       0
                text13                            19396    19396      8FC     8000       0
                text12                             4686     4686        4        C       0
                text11                             16E2     16E2       D8        C       0
                text10                             422A     422A       22        C       0
                text9                              450E     450E        E        C       0
                text8                              3170     3170       50        C       0
                text7                              3CB0     3CB0       38        C       0
                text6                              2FC2     2FC2       58        C       0
                text5                              2208     2208       90        C       0
                text4                              2298     2298       8C        C       0
                text3                             10000    10000     21CA     8000       0
                text2                               A56      A56      11C        C       0
                text1                              4404     4404       18        C       0
                text0                              108E     108E       FA        C       0
                cstackCOMRAM                          1        1       5E        1       1
                cstackBANK0                          60       60       93       60       1
                cstackBANK1                         100      100       D8      100       1
                cstackBANK2                         200      200       76      200       1
                cstackBANK3                         300      300       E5      300       1
                cstackBANK4                         4AA      4AA       4A      400       1
                cstackBANK6                         680      680       4E      600       1
                bssBANK6                            600      600       80      600       1
                dataBANK5                           5A2      5A2       24      500       1
                bssBANK5                            500      500       A2      500       1
                dataBANK4                           4F4      4F4        A      400       1
                bssBANK4                            400      400       AA      400       1
                bssBANK3                            3E5      3E5        9      300       1
                dataBANK2                           2D1      2D1        8      200       1
                bssBANK2                            276      276       5B      200       1
                dataBANK1                           1ED      1ED        1      100       1
                bssBANK1                            1D8      1D8       15      100       1
                dataBANK0                            F3       F3        6       60       1
                bssBANK0                             F9       F9        4       60       1
                bitbssBANK0                         7E8       FD        3       60       1     8
                cinit                              1188     1188       F2        C       0
                nvBANK3                             3EE      3EE        1      300       1
                idataBANK5                         419A     419A       24        C       0
                idataBANK4                         45EA     45EA        A        C       0
                idataBANK2                         4644     4644        8        C       0
                idataBANK1                         46B8     46B8        1        C       0
                idataBANK0                         465C     465C        6        C       0

TOTAL           Name                               Link     Load   Length     Space
        CLASS   STACK          

        CLASS   CODE           
                intcodelo                            18       18       F2         0
                intcode                               8        8        6         0
                init                                10A      10A        4         0
                reset_vec                             0        0        4         0
                text265                            4476     4476       14         0
                text264                            46A6     46A6        4         0
                text263                            4462     4462       14         0
                text262                            45DE     45DE        C         0
                text261                            46A2     46A2        4         0
                text260                            3FA0     3FA0       2A         0
                text259                           1C320    1C320      33E         0
                text258                             934      934      122         0
                text257                            1606     1606       DC         0
                text256                           1FBAE    1FBAE      150         0
                text255                            28AC     28AC       7A         0
                text254                             B72      B72      114         0
                text253                           1E5DE    1E5DE      2B6         0
                text252                            3F72     3F72       2E         0
                text251                            3676     3676       48         0
                text250                           1B954    1B954      350         0
                text249                             F8E      F8E      100         0
                text248                           1CF8E    1CF8E      300         0
                text247                            273C     273C       7C         0
                text246                            3C3A     3C3A       3C         0
                text245                           1F6CE    1F6CE      238         0
                text244                           1D81E    1D81E      2C8         0
                text243                           1CC7E    1CC7E      310         0
                text242                            2B5A     2B5A       70         0
                text241                           1F014    1F014      24A         0
                text240                           17F62    17F62      B2E         0
                text239                            46B6     46B6        2         0
                text238                            4042     4042       28         0
                text237                           1FF7E    1FF7E       82         0
                text236                            2EA2     2EA2       66         0
                text235                            4174     4174       26         0
                text234                             5C8      5C8      128         0
                text233                             242      242      132         0
                text232                            25BC     25BC       84         0
                text231                            2AEA     2AEA       70         0
                text230                           1E894    1E894      2AE         0
                text229                            432A     432A       1E         0
                text228                            374A     374A       46         0
                text227                            463A     463A        A         0
                text226                           1AAC8    1AAC8      480         0
                text225                           16042    16042     1F20         0
                text224                            3BFE     3BFE       3C         0
                text223                            1CDE     1CDE       B0         0
                text222                            3C76     3C76       3A         0
                text221                            33E8     33E8       4C         0
                text220                            395E     395E       40         0
                text219                            4680     4680        6         0
                text218                            430C     430C       1E         0
                text217                            389C     389C       42         0
                text216                           1EB42    1EB42      26C         0
                text215                            469E     469E        4         0
                text214                            4380     4380       1C         0
                text213                            4434     4434       18         0
                text212                            46B4     46B4        2         0
                text211                            4206     4206       24         0
                text210                            4630     4630        A         0
                text209                            441C     441C       18         0
                text208                            334E     334E       4E         0
                text207                            2538     2538       84         0
                text206                            46B2     46B2        2         0
                text205                            41E2     41E2       24         0
                text204                            414E     414E       26         0
                text203                            469A     469A        4         0
                text202                            45D2     45D2        C         0
                text201                            46B0     46B0        2         0
                text200                            3DBC     3DBC       34         0
                intcode_body                        C86      C86      108         0
                text198                            3D1E     3D1E       36         0
                text197                            4626     4626        A         0
                text196                            1F8C     1F8C       A2         0
                text195                            3704     3704       46         0
                text194                            32B0     32B0       50         0
                text193                            1E3C     1E3C       AE         0
                text192                            194C     194C       C6         0
                text191                            391E     391E       40         0
                text190                            3072     3072       58         0
                text189                            2DD4     2DD4       68         0
                text188                            3BC2     3BC2       3C         0
                text187                            2832     2832       7A         0
                text186                            461C     461C        A         0
                text185                            4696     4696        4         0
                text184                            467A     467A        6         0
                text183                            4692     4692        4         0
                text182                            4674     4674        6         0
                text181                            4612     4612        A         0
                text180                            45C4     45C4        E         0
                text179                            1C2E     1C2E       B0         0
                text178                            1362     1362       E8         0
                text177                            4128     4128       26         0
                text176                           1E328    1E328      2B6         0
                text175                             812      812      122         0
                text174                           1BFE2    1BFE2      33E         0
                text173                           1B602    1B602      352         0
                text172                             E8E      E8E      100         0
                text171                            3F42     3F42       30         0
                text170                            3A58     3A58       3E         0
                text169                           1F496    1F496      238         0
                text168                           1D556    1D556      2C8         0
                text167                           1C96E    1C96E      310         0
                text166                            2A7A     2A7A       70         0
                text165                            3F12     3F12       30         0
                text164                            43EA     43EA       1A         0
                text163                            385A     385A       42         0
                text162                            42B0     42B0       20         0
                text161                            3B86     3B86       3C         0
                text160                            4102     4102       26         0
                text159                            1528     1528       DE         0
                text158                           1FA5A    1FA5A      154         0
                text157                            26BE     26BE       7E         0
                text156                            20CE     20CE       A0         0
                text155                            1AC8     1AC8       B6         0
                text154                            362E     362E       48         0
                text153                            24B4     24B4       84         0
                text152                            2D6C     2D6C       68         0
                text151                            401A     401A       28         0
                text150                             49E      49E      12A         0
                text149                             10E      10E      134         0
                text148                            23AA     23AA       86         0
                text147                            2998     2998       72         0
                text146                           1DDAC    1DDAC      2C6         0
                text145                            426E     426E       22         0
                text144                            35E6     35E6       48         0
                text143                            45B6     45B6        E         0
                text142                           1A624    1A624      4A4         0
                text141                           14106    14106     1F3C         0
                text140                            3434     3434       4A         0
                text139                            359E     359E       48         0
                text138                            3B4A     3B4A       3C         0
                text137                            44FE     44FE       10         0
                text136                            44EE     44EE       10         0
                text135                           18A90    18A90      906         0
                text134                            46AE     46AE        2         0
                text133                            41BE     41BE       24         0
                text132                            40DC     40DC       26         0
                text131                            37D4     37D4       44         0
                text130                            46AC     46AC        2         0
                text129                            3FF2     3FF2       28         0
                text128                            40B6     40B6       26         0
                text127                            466E     466E        6         0
                text126                            4654     4654        8         0
                text125                            45A8     45A8        E         0
                text124                            449C     449C       12         0
                text123                            46AA     46AA        2         0
                text122                            3D88     3D88       34         0
                text120                            4608     4608        A         0
                text119                            1EEA     1EEA       A2         0
                text118                            36BE     36BE       46         0
                text117                            3260     3260       50         0
                text116                            2D04     2D04       68         0
                text115                            216E     216E       9A         0
                text114                            459A     459A        E         0
                text113                            2BCA     2BCA       6A         0
                text112                            458C     458C        E         0
                text111                            457E     457E        E         0
                text110                            2E3C     2E3C       66         0
                text109                            4570     4570        E         0
                text108                            42EE     42EE       1E         0
                text107                            464C     464C        8         0
                text106                            44DE     44DE       10         0
                text105                            3CE8     3CE8       36         0
                text104                            42D0     42D0       1E         0
                text103                            4364     4364       1C         0
                text102                            17BA     17BA       CC         0
                text101                            4348     4348       1C         0
                text100                            4562     4562        E         0
                text99                             3EE2     3EE2       30         0
                text98                             4554     4554        E         0
                text97                             3EB2     3EB2       30         0
                text96                             4546     4546        E         0
                text95                             3210     3210       50         0
                text94                             4538     4538        E         0
                text93                             3DF0     3DF0       32         0
                text92                             452A     452A        E         0
                text91                             30CA     30CA       54         0
                text90                             3A1A     3A1A       3E         0
                text89                             2F68     2F68       5A         0
                text88                             43D0     43D0       1A         0
                text87                             311E     311E       52         0
                text86                            1FCFE    1FCFE      14C         0
                text85                              6F0      6F0      122         0
                text84                             39DC     39DC       3E         0
                text83                             31C0     31C0       50         0
                text82                            1EDAE    1EDAE      266         0
                text81                             3D54     3D54       34         0
                text80                             444C     444C       16         0
                text79                             3E82     3E82       30         0
                text78                             43B6     43B6       1A         0
                text77                             3818     3818       42         0
                text76                             4290     4290       20         0
                text75                             2F08     2F08       60         0
                text74                             3B0E     3B0E       3C         0
                text73                             4090     4090       26         0
                text72                             3790     3790       44         0
                text71                            1E072    1E072      2B6         0
                text70                             3E52     3E52       30         0
                text69                            1BCA4    1BCA4      33E         0
                text68                             3556     3556       48         0
                text67                             144A     144A       DE         0
                text66                             2430     2430       84         0
                text65                             2C9C     2C9C       68         0
                text64                             3FCA     3FCA       28         0
                text63                            1F906    1F906      154         0
                text62                              374      374      12A         0
                text61                            1FE4A    1FE4A      134         0
                text60                             2324     2324       86         0
                text59                             2926     2926       72         0
                text58                            1B2B0    1B2B0      352         0
                text57                            1DAE6    1DAE6      2C6         0
                text56                             424C     424C       22         0
                text55                             350E     350E       48         0
                text54                             439C     439C       1A         0
                text53                            1A180    1A180      4A4         0
                text52                            121CA    121CA     1F3C         0
                text51                             3AD2     3AD2       3C         0
                text50                             44CE     44CE       10         0
                text49                             339C     339C       4C         0
                text48                             2C34     2C34       68         0
                text47                            1AF48    1AF48      368         0
                text46                             448A     448A       12         0
                text45                            19C92    19C92      4EE         0
                text44                             3300     3300       4E         0
                text43                             1D8E     1D8E       AE         0
                text42                             1886     1886       C6         0
                text41                             38DE     38DE       40         0
                text40                             301A     301A       58         0
                text39                             3A96     3A96       3C         0
                text38                             27B8     27B8       7A         0
                text37                             45FE     45FE        A         0
                text36                             468E     468E        4         0
                text35                             4668     4668        6         0
                text34                             468A     468A        4         0
                text33                             4662     4662        6         0
                text32                             45F4     45F4        A         0
                text31                             451C     451C        E         0
                text30                             1B7E     1B7E       B0         0
                text29                             127A     127A       E8         0
                text28                             406A     406A       26         0
                text27                              D8E      D8E      100         0
                text26                             399E     399E       3E         0
                text25                            1F25E    1F25E      238         0
                text24                            1D28E    1D28E      2C8         0
                text23                            1C65E    1C65E      310         0
                text22                             2A0A     2A0A       70         0
                text21                             3E22     3E22       30         0
                text20                             2640     2640       7E         0
                text19                             202E     202E       A0         0
                text18                             1A12     1A12       B6         0
                text17                             34C6     34C6       48         0
                text16                             347E     347E       48         0
                text15                             44BE     44BE       10         0
                text14                             44AE     44AE       10         0
                text13                            19396    19396      8FC         0
                text12                             4686     4686        4         0
                text11                             16E2     16E2       D8         0
                text10                             422A     422A       22         0
                text9                              450E     450E        E         0
                text8                              3170     3170       50         0
                text7                              3CB0     3CB0       38         0
                text6                              2FC2     2FC2       58         0
                text5                              2208     2208       90         0
                text4                              2298     2298       8C         0
                text3                             10000    10000     21CA         0
                text2                               A56      A56      11C         0
                text1                              4404     4404       18         0
                text0                              108E     108E       FA         0
                cinit                              1188     1188       F2         0
                idataBANK5                         419A     419A       24         0
                idataBANK4                         45EA     45EA        A         0
                idataBANK2                         4644     4644        8         0
                idataBANK1                         46B8     46B8        1         0
                idataBANK0                         465C     465C        6         0

        CLASS   CONST          

        CLASS   SMALLCONST     

        CLASS   MEDIUMCONST    
                mediumconst                        CA42     CA42     35BE         0

        CLASS   COMRAM         
                temp                                 5F       5F        1         1
                cstackCOMRAM                          1        1       5E         1

        CLASS   ABS1           

        CLASS   BIGRAM         

        CLASS   RAM            

        CLASS   BANK0          
                cstackBANK0                          60       60       93         1
                dataBANK0                            F3       F3        6         1
                bssBANK0                             F9       F9        4         1
                bitbssBANK0                         7E8       FD        3         1

        CLASS   BANK1          
                cstackBANK1                         100      100       D8         1
                dataBANK1                           1ED      1ED        1         1
                bssBANK1                            1D8      1D8       15         1

        CLASS   BANK2          
                cstackBANK2                         200      200       76         1
                dataBANK2                           2D1      2D1        8         1
                bssBANK2                            276      276       5B         1

        CLASS   BANK3          
                cstackBANK3                         300      300       E5         1
                bssBANK3                            3E5      3E5        9         1
                nvBANK3                             3EE      3EE        1         1

        CLASS   BANK4          
                cstackBANK4                         4AA      4AA       4A         1
                dataBANK4                           4F4      4F4        A         1
                bssBANK4                            400      400       AA         1

        CLASS   BANK5          
                dataBANK5                           5A2      5A2       24         1
                bssBANK5                            500      500       A2         1

        CLASS   BANK6          
                cstackBANK6                         680      680       4E         1
                bssBANK6                            600      600       80         1

        CLASS   BANK7          

        CLASS   BANK8          

        CLASS   BANK9          

        CLASS   BANK10         

        CLASS   BANK11         

        CLASS   BANK12         

        CLASS   BANK13         

        CLASS   SFR            

        CLASS   FARRAM         

        CLASS   CONFIG         
                config                           300000   300000        C         0

        CLASS   IDLOC          
                idloc                            200000   200000       10         0

        CLASS   EEDATA         



SEGMENTS        Name                           Load    Length   Top    Selector   Space  Class

                reset_vec                      000000  000004  000004         0       0  CODE    
                cstackCOMRAM                   000001  00005F  000060         1       1  COMRAM  
                intcode                        000008  000006  00000E         4       0  CODE    
                intcodelo                      000018  0046A1  0046B9         C       0  CODE    
                cstackBANK0                    000060  00009E  0000FE        60       1  BANK0   
                cstackBANK1                    000100  0000EE  0001EE       100       1  BANK1   
                cstackBANK2                    000200  0000D9  0002D9       200       1  BANK2   
                cstackBANK3                    000300  0000EF  0003EF       300       1  BANK3   
                bssBANK4                       000400  0000FE  0004FE       400       1  BANK4   
                bssBANK5                       000500  0000C6  0005C6       500       1  BANK5   
                bssBANK6                       000600  0000CE  0006CE       600       1  BANK6   
                mediumconst                    00CA42  0035BE  010000      6521       0  MEDIUMCO
                text3                          010000  010000  020000      8000       0  CODE    
                idloc                          200000  000010  200010    200000       0  IDLOC   
                config                         300000  00000C  30000C    300000       0  CONFIG  


UNUSED ADDRESS RANGES

        Name                Unused          Largest block    Delta
        BANK0            0000FE-0000FF                2
        BANK1            0001EE-0001FF               12
        BANK10           000A00-000AFF              100
        BANK11           000B00-000BFF              100
        BANK12           000C00-000CFF              100
        BANK13           000D00-000DE9               EA
        BANK2            0002D9-0002FF               27
        BANK3            0003EF-0003FF               11
        BANK4            0004FE-0004FF                2
        BANK5            0005C6-0005FF               3A
        BANK6            0006CE-0006FF               32
        BANK7            000700-0007FF              100
        BANK8            000800-0008FF              100
        BANK9            000900-0009FF              100
        BIGRAM           0000FE-0000FF                2
                         0001EE-0001FF               12
                         0002D9-0002FF               27
                         0003EF-0003FF               11
                         0004FE-0004FF                2
                         0005C6-0005FF               3A
                         0006CE-000DE9              71C
        CODE             000004-000007                4
                         00000E-000017                A
                         0046B9-00CA41             8389
        CONST            000004-000007                4
                         00000E-000017                A
                         0046B9-00CA41             8389
        EEDATA           310000-3103FF              400
        MEDIUMCONST      0046B9-00CA41             8389
        RAM              0000FE-0000FF                2
                         0001EE-0001FF               12
                         0002D9-0002FF               27
                         0003EF-0003FF               11
                         0004FE-0004FF                2
                         0005C6-0005FF               3A
                         0006CE-000DE9              100
        SFR              000DEF-000FFF              100
        SMALLCONST       0046B9-00CA41              100
        STACK            0006CE-000DE9              71C

                                  Symbol Table

?_ADCC_GetConversionResult                     cstackCOMRAM 000001
?_ADCC_GetFilterValue                          cstackCOMRAM 000001
?_FLASH_ReadWord                               cstackBANK3  000304
?___awdiv                                      cstackBANK3  000306
?___awmod                                      cstackBANK3  000300
?___fladd                                      cstackBANK3  000334
?___fldiv                                      cstackBANK3  000348
?___flmul                                      cstackBANK3  000361
?___flneg                                      cstackBANK3  000330
?___flsub                                      cstackBANK3  000348
?___fltol                                      cstackBANK3  00030E
?___ftdiv                                      cstackBANK3  00030B
?___ftpack                                     cstackBANK3  000300
?___lldiv                                      cstackBANK3  000300
?___llmod                                      cstackBANK3  00030D
?___lwtoft                                     cstackBANK3  000308
?___wmul                                       cstackBANK3  000300
?___xxtofl                                     cstackBANK3  000318
?__div_to_l_                                   cstackBANK3  000300
?__doprnt                                      cstackBANK3  000387
?__tdiv_to_l_                                  cstackBANK3  000300
?_abs                                          cstackBANK0  00007D
?_acos                                         cstackBANK3  0003B7
?_asin                                         cstackBANK3  00039F
?_atan                                         cstackBANK3  00038A
?_atoi                                         cstackBANK3  000306
?_currentMeasuredToPeak                        cstackBANK0  0000AC
?_eval_poly                                    cstackBANK3  00037A
?_fabs                                         cstackBANK3  000334
?_floor                                        cstackBANK0  000089
?_fround                                       cstackBANK3  00037A
?_getCauseOfResetString                        cstackBANK3  000300
?_getCauseOfResetStringSmall                   cstackBANK3  000300
?_getDeviceID                                  cstackBANK3  00030B
?_getDeviceIDString                            cstackBANK3  00030D
?_getUserID                                    cstackBANK3  00030B
?_peakToRMS                                    cstackBANK0  0000C2
?_printf                                       cstackBANK3  0003B1
?_readDoubleFromEEPROM                         cstackBANK3  000302
?_round                                        cstackBANK3  0003BF
?_scale                                        cstackBANK3  00037A
?_sin                                          cstackBANK0  00009B
?_sprintf                                      cstackBANK3  0003B1
?_sqrt                                         cstackBANK3  00037A
?_strchr                                       cstackBANK3  000300
?_strcmp                                       cstackBANK3  000300
?_strlen                                       cstackBANK3  000300
?_strncmp                                      cstackBANK3  000306
?_strstr                                       cstackBANK3  00030F
?_trunc                                        cstackBANK3  000326
?i1_FLASH_ReadWord                             cstackBANK1  000116
?i1___awdiv                                    cstackBANK1  000118
?i1___awmod                                    cstackBANK1  000112
?i1___fladd                                    cstackBANK1  000181
?i1___fldiv                                    cstackBANK1  000120
?i1___flmul                                    cstackBANK1  000139
?i1___flneg                                    cstackBANK1  00017D
?i1___flsub                                    cstackBANK1  000195
?i1___fltol                                    cstackBANK1  00015B
?i1___ftdiv                                    cstackBANK1  00011D
?i1___ftpack                                   cstackBANK1  000112
?i1___lldiv                                    cstackBANK1  000112
?i1___llmod                                    cstackBANK1  00011F
?i1___lwtoft                                   cstackBANK1  00011A
?i1___wmul                                     cstackBANK1  000112
?i1___xxtofl                                   cstackBANK1  000165
?i1__div_to_l_                                 cstackBANK1  000112
?i1__doprnt                                    cstackBANK1  0001A1
?i1__tdiv_to_l_                                cstackBANK1  000112
?i1_acos                                       cstackBANK1  0001D2
?i1_asin                                       cstackBANK1  0001BA
?i1_atan                                       cstackBANK1  0001A5
?i1_eval_poly                                  cstackBANK1  000195
?i1_fabs                                       cstackBANK1  000181
?i1_fround                                     cstackBANK1  000152
?i1_getCauseOfResetStringSmall                 cstackBANK1  000112
?i1_getDeviceID                                cstackBANK1  00011D
?i1_printf                                     cstackBANK1  0001CB
?i1_round                                      cstackBANK2  000204
?i1_scale                                      cstackBANK1  000152
?i1_sprintf                                    cstackBANK1  0001CB
?i1_sqrt                                       cstackBANK1  000195
?i1_trunc                                      cstackBANK1  000173
?i2___awdiv                                    cstackCOMRAM 000007
?i2___awmod                                    cstackCOMRAM 000001
?i2___fladd                                    cstackBANK0  00006D
?i2___fldiv                                    cstackCOMRAM 000049
?i2___flmul                                    cstackCOMRAM 00000F
?i2___flneg                                    cstackCOMRAM 000055
?i2___flsub                                    cstackBANK0  000093
?i2___fltol                                    cstackCOMRAM 000031
?i2___lldiv                                    cstackCOMRAM 000001
?i2___llmod                                    cstackCOMRAM 00000E
?i2___wmul                                     cstackCOMRAM 000001
?i2___xxtofl                                   cstackCOMRAM 00003B
?i2__div_to_l_                                 cstackCOMRAM 000001
?i2__doprnt                                    cstackBANK0  00009B
?i2__tdiv_to_l_                                cstackCOMRAM 000001
?i2_acos                                       cstackBANK0  0000BA
?i2_asin                                       cstackBANK0  0000A2
?i2_atan                                       cstackBANK0  00008D
?i2_eval_poly                                  cstackBANK0  00007D
?i2_fabs                                       cstackCOMRAM 000059
?i2_fround                                     cstackCOMRAM 000028
?i2_printf                                     cstackBANK0  0000C5
?i2_readDoubleFromEEPROM                       cstackCOMRAM 000003
?i2_scale                                      cstackCOMRAM 000028
?i2_sqrt                                       cstackBANK0  00007D
ADCC_SetADTIInterruptHandler@InterruptHandler  cstackBANK3  000300
ADCC_StartConversion@channel                   cstackBANK1  000112
ADC_PostProcessingCallback@current_adc_channel cstackBANK0  0000EA
DATAEE_ReadByte@bAdd                           cstackBANK3  000300
DATAEE_WriteByte@GIEBitValue                   cstackBANK3  000303
DATAEE_WriteByte@bAdd                          cstackBANK3  000300
DATAEE_WriteByte@bData                         cstackBANK3  000302
EUSART2_Read@readValue                         cstackBANK3  000300
EUSART2_SetRxInterruptHandler@interruptHandler cstackBANK3  000300
EUSART2_SetTxInterruptHandler@interruptHandler cstackBANK3  000300
EUSART2_Write@txData                           cstackBANK3  000300
FLASH_ReadByte@flashAddr                       cstackBANK3  000300
FLASH_ReadWord@flashAddr                       cstackBANK3  000304
I2C1_ISR@i2c_10bit_address_restart             bssBANK1     0001EA
I2C1_ISR@i2c_address                           bssBANK0     0000FB
I2C1_ISR@i2c_bytes_left                        bssBANK1     0001EB
I2C1_ISR@pi2c_buf_ptr                          bssBANK1     0001DC
I2C1_MasterRead@trBlock                        bssBANK4     0004A0
I2C1_MasterTRBInsert@count                     cstackBANK3  000305
I2C1_MasterTRBInsert@pflag                     cstackBANK3  000302
I2C1_MasterTRBInsert@ptrb_list                 cstackBANK3  000300
I2C1_MasterWrite@address                       cstackBANK3  00030C
I2C1_MasterWrite@length                        cstackBANK3  00030B
I2C1_MasterWrite@pdata                         cstackBANK3  000309
I2C1_MasterWrite@pflag                         cstackBANK3  00030E
I2C1_MasterWrite@trBlock                       bssBANK4     0004A5
I2C1_MasterWriteTRBBuild@address               cstackBANK3  000305
I2C1_MasterWriteTRBBuild@length                cstackBANK3  000304
I2C1_MasterWriteTRBBuild@pdata                 cstackBANK3  000302
I2C1_MasterWriteTRBBuild@ptrb                  cstackBANK3  000300
I2C1_Stop@completion_code                      cstackCOMRAM 000003
INT0_SetInterruptHandler@InterruptHandler      cstackBANK3  000300
OLED_Clear@col                                 cstackBANK3  000323
OLED_Clear@row                                 cstackBANK3  000321
OLED_Command@data_array                        cstackBANK3  000312
OLED_Command@length                            cstackBANK3  000311
OLED_Command@temp                              cstackBANK3  000310
OLED_PutChar@ch                                cstackBANK3  000320
OLED_PutChar@data_array                        cstackBANK3  000314
OLED_PutChar@input_base                        cstackBANK3  00031D
OLED_PutChar@length                            cstackBANK3  00031F
OLED_WriteString@s                             cstackBANK3  000321
OLED_YX@Column                                 cstackBANK3  000314
OLED_YX@Row                                    cstackBANK3  000316
OLED_updateCallback@TRIAC_degrees              cstackBANK6  000684
OLED_updateCallback@angle_string               cstackBANK6  0006BD
OLED_updateCallback@dev_id_str                 cstackBANK6  00068A
OLED_updateCallback@percentage                 cstackBANK6  000687
OLED_updateCallback@percentage_string          cstackBANK6  0006AC
OLED_updateCallback@rev_id_str                 cstackBANK6  00069B
TMR2_Counter8BitSet@timerVal                   cstackBANK3  000300
TMR2_Period8BitSet@periodVal                   cstackBANK3  000300
TMR2_SetInterruptHandler@InterruptHandler      cstackBANK3  000300
TMR2_WriteTimer@timerVal                       cstackBANK3  000301
TMR4_ISR@CountCallBack                         bssBANK1     0001E2
TMR4_SetInterruptHandler@InterruptHandler      cstackBANK3  000300
TMR5_SetInterruptHandler@InterruptHandler      cstackBANK3  000300
TMR5_WriteTimer@timerVal                       cstackCOMRAM 000001
TMR6_SetInterruptHandler@InterruptHandler      cstackBANK3  000300
TMR7_SetInterruptHandler@InterruptHandler      cstackBANK3  000300
TMR7_WriteTimer@timerVal                       cstackBANK1  000112
_ADACCH                                        (abs)        000F71
_ADACCL                                        (abs)        000F70
_ADACQ                                         (abs)        000F5C
_ADACT                                         (abs)        000F56
_ADCAP                                         (abs)        000F5D
_ADCC_ADTI_InterruptHandler                    bssBANK2     0002B5
_ADCC_ClearAccumulator                         text127      00466E
_ADCC_DefaultInterruptHandler                  text239      0046B6
_ADCC_DischargeSampleCapacitor                 text126      004654
_ADCC_GetConversionResult                      text265      004476
_ADCC_GetCurrentCountofConversions             text264      0046A6
_ADCC_GetFilterValue                           text263      004462
_ADCC_HasAccumulatorOverflowed                 text262      0045DE
_ADCC_Initialize                               text113      002BCA
_ADCC_SetADTIInterruptHandler                  text114      00459A
_ADCC_StartConversion                          text125      0045A8
_ADCC_StopConversion                           text261      0046A2
_ADCC_ThresholdISR                             text238      004042
_ADCLK                                         (abs)        000F57
_ADCNT                                         (abs)        000F67
_ADCON0                                        (abs)        000F60
_ADCON0bits                                    (abs)        000F60
_ADCON1                                        (abs)        000F59
_ADCON1bits                                    (abs)        000F59
_ADCON2                                        (abs)        000F5A
_ADCON2bits                                    (abs)        000F5A
_ADCON3                                        (abs)        000F5B
_ADCON3bits                                    (abs)        000F5B
_ADC_PostProcessingCallback                    text240      017F62
_ADC_PostProcessingCallback$6547               cstackBANK0  0000EB
_ADC_PostProcessingCallback$6548               cstackBANK0  0000EF
_ADC_PostProcessingCallback$6549               cstackBANK0  0000DA
_ADC_PostProcessingCallback$6550               cstackBANK0  0000DE
_ADC_PostProcessingCallback$6551               cstackBANK0  0000E2
_ADC_PostProcessingCallback$6552               cstackBANK0  0000E6
_ADC_Result_Scaling                            bssBANK2     00029E
_ADERRH                                        (abs)        000F6F
_ADERRL                                        (abs)        000F6E
_ADFLTRH                                       (abs)        000F73
_ADFLTRL                                       (abs)        000F72
_ADLTHH                                        (abs)        000F6B
_ADLTHL                                        (abs)        000F6A
_ADPCH                                         (abs)        000F5F
_ADPRE                                         (abs)        000F5E
_ADPREVH                                       (abs)        000F62
_ADPREVL                                       (abs)        000F61
_ADREF                                         (abs)        000F58
_ADRESH                                        (abs)        000F64
_ADRESL                                        (abs)        000F63
_ADRPT                                         (abs)        000F66
_ADSTAT                                        (abs)        000F65
_ADSTATbits                                    (abs)        000F65
_ADSTPTH                                       (abs)        000F69
_ADSTPTL                                       (abs)        000F68
_ADUTHH                                        (abs)        000F6D
_ADUTHL                                        (abs)        000F6C
_ANSELA                                        (abs)        000E92
_ANSELB                                        (abs)        000E9A
_ANSELD                                        (abs)        000EA7
_ANSELE                                        (abs)        000EAF
_ANSELF                                        (abs)        000EB4
_ANSELG                                        (abs)        000EBC
_AVSS_ADC_Result                               bssBANK3     0003E9
_Avg_Power                                     bssBANK2     00028A
_BAUD2CON                                      (abs)        000EF7
_CountCallBack                                 bssBANK2     0002C0
_DATAEE_ReadByte                               text88       0043D0
_DATAEE_WriteByte                              text84       0039DC
_EUSART2_Initialize                            text110      002E3C
_EUSART2_Read                                  text44       003300
_EUSART2_Receive_ISR                           text223      001CDE
_EUSART2_RxDefaultInterruptHandler             bssBANK4     000424
_EUSART2_SetRxInterruptHandler                 text112      00458C
_EUSART2_SetTxInterruptHandler                 text111      00457E
_EUSART2_Transmit_ISR                          text198      003D1E
_EUSART2_TxDefaultInterruptHandler             bssBANK2     0002BB
_EUSART2_Write                                 text55       00350E
_EXT_INT_Initialize                            text108      0042EE
_FLASH_ReadByte                                text78       0043B6
_FLASH_ReadWord                                text77       003818
_FVRCON                                        (abs)        000EC4
_FVRCONbits                                    (abs)        000EC4
_FVR_ADC_Result                                bssBANK2     0002CC
_FVR_Initialize                                text107      00464C
_HLVDCON0                                      (abs)        000EC2
_HLVDCON0bits                                  (abs)        000EC2
_HLVDCON1                                      (abs)        000EC3
_HLVD_ISR                                      text220      00395E
_HLVD_Initialize                               text106      0044DE
_I2C1_BusCollisionISR                          text219      004680
_I2C1_FunctionComplete                         text218      00430C
_I2C1_ISR                                      text216      01EB42
_I2C1_Initialize                               text105      003CE8
_I2C1_MasterTRBInsert                          text119      001EEA
_I2C1_MasterWrite                              text117      003260
_I2C1_MasterWriteTRBBuild                      text118      0036BE
_I2C1_Stop                                     text217      00389C
_I2C1_WaitForLastPacketToComplete              text120      004608
_INT0PPS                                       (abs)        000DF0
_INT0_CallBack                                 text211      004206
_INT0_DefaultInterruptHandler                  text212      0046B4
_INT0_ISR                                      text210      004630
_INT0_InterruptHandler                         bssBANK2     0002AC
_INT0_SetInterruptHandler                      text109      004570
_INTCONbits                                    (abs)        000FF2
_INTERRUPT_Initialize                          text104      0042D0
_INTERRUPT_InterruptManagerHigh                intcode      000008
_INTERRUPT_InterruptManagerLow                 intcodelo    000018
_IPR0bits                                      (abs)        000E1F
_IPR1bits                                      (abs)        000E20
_IPR2bits                                      (abs)        000E21
_IPR3bits                                      (abs)        000E22
_IPR5bits                                      (abs)        000E24
_Imeas                                         bssBANK4     00041C
_Ipk                                           bssBANK1     0001D8
_Irms                                          bssBANK2     00028E
_Irms_offset                                   dataBANK2    0002D1
_LATA                                          (abs)        000F79
_LATB                                          (abs)        000F7A
_LATC                                          (abs)        000F7B
_LATD                                          (abs)        000F7C
_LATE                                          (abs)        000F7D
[...]
		_TMR2_Initialize		CODE           	3EE2	0000	49
		_TMR2_Stop     		CODE           	468A	0000	5
		_TMR2_Start    		CODE           	468E	0000	5
		_TMR2_SetInterruptHandler		CODE           	4562	0000	15
		_TMR2_Counter8BitSet		CODE           	45F4	0000	11
		_TMR2_Period8BitSet		CODE           	45FE	0000	11
		_TMR2_StopTimer		CODE           	4662	0000	7
		_TMR2_DefaultInterruptHandler		CODE           	46AE	0000	3
		_TMR2_CallBack 		CODE           	41BE	0000	37
		_TMR2_WriteTimer		CODE           	451C	0000	15
		_TMR2_StartTimer		CODE           	4668	0000	7

mcc_generated_files/tmr2.c estimated size: 204

mcc_generated_files/interrupt_manager.c
		_INTERRUPT_Initialize		CODE           	42D0	0000	31
		_INTERRUPT_InterruptManagerLow		CODE           	0018	0000	243
		_INTERRUPT_InterruptManagerHigh		CODE           	0008	0000	271

mcc_generated_files/interrupt_manager.c estimated size: 545

C:\Program Files (x86)\Microchip\xc8\v1.45\sources\common\Umul16.c
		___wmul        		CODE           	3FCA	0000	41

C:\Program Files (x86)\Microchip\xc8\v1.45\sources\common\Umul16.c estimated size: 41

mcc_generated_files/i2c1.c
		_I2C1_BusCollisionISR		CODE           	4680	0000	7
		_I2C1_FunctionComplete		CODE           	430C	0000	31
		_I2C1_MasterWriteTRBBuild		CODE           	36BE	0000	71
		_I2C1_ISR      		CODE           	1EB42	0000	621
		_I2C1_MasterWrite		CODE           	3260	0000	81
		_I2C1_Initialize		CODE           	3CE8	0000	55
		_I2C1_Stop     		CODE           	389C	0000	67
		_I2C1_WaitForLastPacketToComplete		CODE           	4608	0000	11
		_I2C1_MasterTRBInsert		CODE           	1EEA	0000	163

mcc_generated_files/i2c1.c estimated size: 1107

double_to_EEPROM.c
		_readDoubleFromEEPROM		CODE           	311E	0000	83
		_writeDoubleToEEPROM		CODE           	31C0	0000	81

double_to_EEPROM.c estimated size: 164

C:\Program Files (x86)\Microchip\xc8\v1.45\sources\common\frexp.c
		_frexp         		CODE           	2640	0000	127

C:\Program Files (x86)\Microchip\xc8\v1.45\sources\common\frexp.c estimated size: 127

mcc_generated_files/pin_manager.c
		_PIN_MANAGER_Initialize		CODE           	17BA	0000	205

mcc_generated_files/pin_manager.c estimated size: 205

C:\Program Files (x86)\Microchip\xc8\v1.45\sources\common\fabs.c
		_fabs          		CODE           	399E	0000	63

C:\Program Files (x86)\Microchip\xc8\v1.45\sources\common\fabs.c estimated size: 63

C:\Program Files (x86)\Microchip\xc8\v1.45\sources\common\isdigit.c
		_isdigit       		CODE           	424C	0000	35

C:\Program Files (x86)\Microchip\xc8\v1.45\sources\common\isdigit.c estimated size: 35

C:\Program Files (x86)\Microchip\xc8\v1.45\sources\common\sprcadd.c
		___flsub       		CODE           	3556	0000	73
		___fladd       		CODE           	1BCA4	0000	831

C:\Program Files (x86)\Microchip\xc8\v1.45\sources\common\sprcadd.c estimated size: 904

C:\Program Files (x86)\Microchip\xc8\v1.45\sources\common\floor.c
		_floor         		CODE           	0B72	0000	277

C:\Program Files (x86)\Microchip\xc8\v1.45\sources\common\floor.c estimated size: 277

C:\Program Files (x86)\Microchip\xc8\v1.45\sources\common\ftdivl.c
		__tdiv_to_l_   		CODE           	1FE4A	0000	309

C:\Program Files (x86)\Microchip\xc8\v1.45\sources\common\ftdivl.c estimated size: 309

C:\Program Files (x86)\Microchip\xc8\v1.45\sources\common\awmod.c
		___awmod       		CODE           	2926	0000	115

C:\Program Files (x86)\Microchip\xc8\v1.45\sources\common\awmod.c estimated size: 115

C:\Program Files (x86)\Microchip\xc8\v1.45\sources\common\strstr.c
		_strstr        		CODE           	2298	0000	141

C:\Program Files (x86)\Microchip\xc8\v1.45\sources\common\strstr.c estimated size: 141

C:\Program Files (x86)\Microchip\xc8\v1.45\sources\common\ftdiv.c
		___ftdiv       		CODE           	127A	0000	233

C:\Program Files (x86)\Microchip\xc8\v1.45\sources\common\ftdiv.c estimated size: 233

device_IDs.c
		_getDeviceID   		CODE           	4290	0000	33
		_getUserID     		CODE           	3790	0000	69
		_getMinorRevisionID		CODE           	4090	0000	39
		_getDeviceIDString		CODE           	2F08	0000	97
		_getMajorRevisionID		CODE           	3B0E	0000	61

device_IDs.c estimated size: 299

C:\Program Files (x86)\Microchip\xc8\v1.45\sources\common\acos.c
		_acos          		CODE           	2A0A	0000	113

C:\Program Files (x86)\Microchip\xc8\v1.45\sources\common\acos.c estimated size: 113

C:\Program Files (x86)\Microchip\xc8\v1.45\sources\common\llmod.c
		___llmod       		CODE           	2C9C	0000	105

C:\Program Files (x86)\Microchip\xc8\v1.45\sources\common\llmod.c estimated size: 105

C:\Program Files (x86)\Microchip\xc8\v1.45\sources\common\fldivl.c
		__div_to_l_    		CODE           	0374	0000	299

C:\Program Files (x86)\Microchip\xc8\v1.45\sources\common\fldivl.c estimated size: 299

C:\Program Files (x86)\Microchip\xc8\v1.45\sources\common\sprintf.c
		_sprintf       		CODE           	34C6	0000	73

C:\Program Files (x86)\Microchip\xc8\v1.45\sources\common\sprintf.c estimated size: 73

C:\Program Files (x86)\Microchip\xc8\v1.45\sources\common\fltol.c
		___fltol       		CODE           	144A	0000	223

C:\Program Files (x86)\Microchip\xc8\v1.45\sources\common\fltol.c estimated size: 223

mcc_generated_files/ext_int.c
		_INT0_SetInterruptHandler		CODE           	4570	0000	15
		_EXT_INT_Initialize		CODE           	42EE	0000	31
		_INT0_DefaultInterruptHandler		CODE           	46B4	0000	3
		_INT0_CallBack 		CODE           	4206	0000	37
		_INT0_ISR      		CODE           	4630	0000	11

mcc_generated_files/ext_int.c estimated size: 97

C:\Program Files (x86)\Microchip\xc8\v1.45\sources\common\atoi.c
		_atoi          		CODE           	16E2	0000	217

C:\Program Files (x86)\Microchip\xc8\v1.45\sources\common\atoi.c estimated size: 217

mcc_generated_files/tmr7.c
		_TMR7_DefaultInterruptHandler		CODE           	46AA	0000	3
		_TMR7_WriteTimer		CODE           	40B6	0000	39
		_TMR7_ISR      		CODE           	3D88	0000	53
		_TMR7_Initialize		CODE           	30CA	0000	85
		_TMR7_SetInterruptHandler		CODE           	452A	0000	15

mcc_generated_files/tmr7.c estimated size: 195

mcc_generated_files/hlvd.c
		_HLVD_ISR      		CODE           	395E	0000	65
		_HLVD_Initialize		CODE           	44DE	0000	17

mcc_generated_files/hlvd.c estimated size: 82

C:\Program Files (x86)\Microchip\xc8\v1.45\sources\common\printf.c
		_printf        		CODE           	3AD2	0000	61

C:\Program Files (x86)\Microchip\xc8\v1.45\sources\common\printf.c estimated size: 61

mcc_generated_files/tmr5.c
		_TMR5_ISR      		CODE           	3DBC	0000	53
		_TMR5_Initialize		CODE           	3210	0000	81
		_TMR5_SetInterruptHandler		CODE           	4546	0000	15
		_TMR5_StopTimer		CODE           	4686	0000	5
		_TMR5_DefaultInterruptHandler		CODE           	46B0	0000	3
		_TMR5_WriteTimer		CODE           	4380	0000	29
		_TMR5_StartTimer		CODE           	469E	0000	5

mcc_generated_files/tmr5.c estimated size: 191

shared
		i2_writeDoubleToEEPROM		CODE           	33E8	0000	77
		i1_printf      		CODE           	3B4A	0000	61
		i2_DATAEE_WriteByte		CODE           	3C76	0000	59
		i1_acos        		CODE           	2A7A	0000	113
		i2_printf      		CODE           	3BFE	0000	61
		i2_acos        		CODE           	2B5A	0000	113
		_OledFont      		MEDIUMCONST    	CB01	0000	769
		i2_readDoubleFromEEPROM		CODE           	334E	0000	79
		i1_putch       		CODE           	45B6	0000	15
		i2_putch       		CODE           	463A	0000	11
		i1_getMinorRevisionID		CODE           	4102	0000	39
		i1___ftdiv     		CODE           	1362	0000	233
		__powers_      		MEDIUMCONST    	CA43	0000	53
		i1_TMR2_Counter8BitSet		CODE           	4612	0000	11
		i1_OLED_YX     		CODE           	3BC2	0000	61
		i1_I2C1_WaitForLastPacketToComplete		CODE           	4626	0000	11
		_dpowers       		MEDIUMCONST    	CAAB	0000	41
		i1___lwtoft    		CODE           	4128	0000	39
		i1_isdigit     		CODE           	426E	0000	35
		i2_isdigit     		CODE           	432A	0000	31
		i1_getCauseOfResetStringSmall		CODE           	3F12	0000	49
		i1_OLED_Clear  		CODE           	391E	0000	65
		i1___flneg     		CODE           	3F42	0000	49
		i1_strcpy      		CODE           	359E	0000	73
		i2___flneg     		CODE           	3F72	0000	47
		i1_atan        		CODE           	1F496	0000	569
		i1___awdiv     		CODE           	23AA	0000	135
		i2_atan        		CODE           	1F6CE	0000	569
		atan@coeff_a   		MEDIUMCONST    	CE01	0000	25
		atan@coeff_b   		MEDIUMCONST    	CE2D	0000	21
		i2___awdiv     		CODE           	25BC	0000	133
		i1___fladd     		CODE           	1BFE2	0000	831
		i1__tdiv_to_l_ 		CODE           	010E	0000	309
		i2___fladd     		CODE           	1C320	0000	831
		i2__tdiv_to_l_ 		CODE           	0242	0000	307
		i1___wmul      		CODE           	401A	0000	41
		i1_eval_poly   		CODE           	0E8E	0000	257
		i2___wmul      		CODE           	4174	0000	39
		i1_I2C1_MasterWrite		CODE           	32B0	0000	81
		i2_eval_poly   		CODE           	0F8E	0000	257
		i1__doprnt     		CODE           	14106	0000	7997
		i2__doprnt     		CODE           	16042	0000	7969
		i1___fldiv     		CODE           	1E328	0000	695
		i1__div_to_l_  		CODE           	049E	0000	299
		i1___fltol     		CODE           	1528	0000	223
		i2___fldiv     		CODE           	1E5DE	0000	695
		i2__div_to_l_  		CODE           	05C8	0000	297
		i1___ftpack    		CODE           	1C2E	0000	177
		__npowers_     		MEDIUMCONST    	CA77	0000	53
		i2___fltol     		CODE           	1606	0000	221
		i1_scale       		CODE           	1A624	0000	1189
		i1___lldiv     		CODE           	24B4	0000	133
		i2_scale       		CODE           	1AAC8	0000	1153
		i2___lldiv     		CODE           	1FF7E	0000	131
		__initialization		CODE           	1188	0000	233
		i1___flge      		CODE           	0812	0000	291
		i2___flge      		CODE           	0934	0000	291
		i1_OLED_Command		CODE           	2DD4	0000	105
		i1_OLED_UpdateFromRAMBuffer		CODE           	2832	0000	123
		i1_OLED_PutChar		CODE           	194C	0000	199
		i1_trunc       		CODE           	20CE	0000	161
		i1___awmod     		CODE           	2998	0000	115
		i2___awmod     		CODE           	2AEA	0000	113
		i1_EUSART2_Write		CODE           	35E6	0000	73
		i1_frexp       		CODE           	26BE	0000	127
		i2_EUSART2_Write		CODE           	374A	0000	71
		i2_frexp       		CODE           	28AC	0000	123
		_max_Temp_ADC_Result_address		MEDIUMCONST    	CAF5	0000	3
		i1_FLASH_ReadWord		CODE           	385A	0000	67
		_max_Irms_address		MEDIUMCONST    	CAFD	0000	3
		i1_TMR2_Stop   		CODE           	4692	0000	5
		_max_POS12_ADC_Result_address		MEDIUMCONST    	CAF7	0000	3
		i1_FLASH_ReadByte		CODE           	43EA	0000	27
		i1___flmul     		CODE           	1B602	0000	851
		i1_terminal_setCursorHome		CODE           	44EE	0000	17
		i1_I2C1_MasterWriteTRBBuild		CODE           	3704	0000	71
		i2___flmul     		CODE           	1B954	0000	849
		i1_asin        		CODE           	1C96E	0000	785
		i1_TMR2_Start  		CODE           	4696	0000	5
		i2_asin        		CODE           	1CC7E	0000	785
		i1_OLED_updateCallback		CODE           	18A90	0000	2311
		i1___llmod     		CODE           	2D6C	0000	105
		_hexpowers     		MEDIUMCONST    	CAD3	0000	33
		i1_memmove     		CODE           	1E3C	0000	175
		i1_sprintf     		CODE           	3434	0000	75
		i2___llmod     		CODE           	2EA2	0000	103
		i1_getMajorRevisionID		CODE           	3B86	0000	61
		i1___xxtofl    		CODE           	1FA5A	0000	341
		i2___xxtofl    		CODE           	1FBAE	0000	337
		_Total_Energy_address		MEDIUMCONST    	CAFF	0000	3
		i1_getDeviceID 		CODE           	42B0	0000	33
		i2_DATAEE_ReadByte		CODE           	441C	0000	25
		i1_TMR2_StopTimer		CODE           	4674	0000	7
		i1___flsub     		CODE           	362E	0000	73
		i2___flsub     		CODE           	3676	0000	73
		i1_OLED_WriteString		CODE           	3072	0000	89
		i2_TMR5_StopTimer		CODE           	469A	0000	5
		i1_fabs        		CODE           	3A58	0000	63
		i1_terminal_clearTerminal		CODE           	44FE	0000	17
		i2_fabs        		CODE           	3C3A	0000	61
		i1_sqrt        		CODE           	1D556	0000	713
		i2_sqrt        		CODE           	1D81E	0000	713
		_max_Power_address		MEDIUMCONST    	CAFB	0000	3
		i1_TMR2_Period8BitSet		CODE           	461C	0000	11
		i1_fround      		CODE           	1DDAC	0000	711
		i1_round       		CODE           	1AC8	0000	183
		i2_fround      		CODE           	1E894	0000	687
		i1_TMR2_WriteTimer		CODE           	45C4	0000	15
		i1_TMR2_StartTimer		CODE           	467A	0000	7
		sin@coeff_a    		MEDIUMCONST    	CE19	0000	21
		sin@coeff_b    		MEDIUMCONST    	CE41	0000	17
		_max_POS3P3_ADC_Result_address		MEDIUMCONST    	CAF9	0000	3
		i1_I2C1_MasterTRBInsert		CODE           	1F8C	0000	163
		_max_FVR_ADC_Result_address		MEDIUMCONST    	CAF3	0000	3

shared estimated size: 40568

mcc_generated_files/mcc.c
		_PMD_Initialize		CODE           	4348	0000	29
		_OSCILLATOR_Initialize		CODE           	4364	0000	29
		_SYSTEM_Initialize		CODE           	3A1A	0000	63

mcc_generated_files/mcc.c estimated size: 121

ring_buffer_interface.c
		_terminal_ringBufferPull		CODE           	0A56	0000	285
		_terminal_textAttributes		CODE           	1AF48	0000	873
		_terminal_textAttributesReset		CODE           	448A	0000	19
		_terminal_setCursorHome		CODE           	44AE	0000	17
		_terminal_printNewline		CODE           	44CE	0000	17
		_terminal_clearTerminal		CODE           	44BE	0000	17

ring_buffer_interface.c estimated size: 1228

C:\Program Files (x86)\Microchip\xc8\v1.45\sources\common\atan.c
		_atan          		CODE           	1F25E	0000	569

C:\Program Files (x86)\Microchip\xc8\v1.45\sources\common\atan.c estimated size: 569

cause_of_reset.c
		_getCauseOfResetStringSmall		CODE           	3E22	0000	49
		_getCauseOfResetString		CODE           	3E82	0000	49
		_getCauseOfReset		CODE           	2F68	0000	91

cause_of_reset.c estimated size: 189

C:\Program Files (x86)\Microchip\xc8\v1.45\sources\common\awdiv.c
		___awdiv       		CODE           	2324	0000	135

C:\Program Files (x86)\Microchip\xc8\v1.45\sources\common\awdiv.c estimated size: 135

C:\Program Files (x86)\Microchip\xc8\v1.45\sources\common\strcat.c
		_strcat        		CODE           	339C	0000	77

C:\Program Files (x86)\Microchip\xc8\v1.45\sources\common\strcat.c estimated size: 77

oled.c
		_OLED_Clear    		CODE           	38DE	0000	65
		_OLED_Command  		CODE           	2D04	0000	105
		_OLED_WriteString		CODE           	301A	0000	89
		_OLED_UpdateFromRAMBuffer		CODE           	27B8	0000	123
		_OLED_Init     		CODE           	216E	0000	155
		_OLED_PutChar  		CODE           	1886	0000	199
		_OLED_YX       		CODE           	3A96	0000	61

oled.c estimated size: 797

C:\Program Files (x86)\Microchip\xc8\v1.45\sources\common\evalpoly.c
		_eval_poly     		CODE           	0D8E	0000	257

C:\Program Files (x86)\Microchip\xc8\v1.45\sources\common\evalpoly.c estimated size: 257

mcc_generated_files/memory.c
		_FLASH_ReadWord		CODE           	3818	0000	67
		_FLASH_ReadByte		CODE           	43B6	0000	27
		_DATAEE_WriteByte		CODE           	39DC	0000	63
		_DATAEE_ReadByte		CODE           	43D0	0000	27

mcc_generated_files/memory.c estimated size: 184

C:\Program Files (x86)\Microchip\xc8\v1.45\sources\common\sin.c
		_sin           		CODE           	1CF8E	0000	769

C:\Program Files (x86)\Microchip\xc8\v1.45\sources\common\sin.c estimated size: 769

C:\Program Files (x86)\Microchip\xc8\v1.45\sources\common\abs.c
		_abs           		CODE           	3FA0	0000	43

C:\Program Files (x86)\Microchip\xc8\v1.45\sources\common\abs.c estimated size: 43

C:\Program Files (x86)\Microchip\xc8\v1.45\sources\common\lldiv.c
		___lldiv       		CODE           	2430	0000	133

C:\Program Files (x86)\Microchip\xc8\v1.45\sources\common\lldiv.c estimated size: 133

ring_buffer_LUT.c
		_ringBufferLUT 		CODE           	10000	0000	8651
		_terminal_printResetMessage		CODE           	19C92	0000	1263

ring_buffer_LUT.c estimated size: 9914

C:\Program Files (x86)\Microchip\xc8\v1.45\sources\common\xxtofl.c
		___xxtofl      		CODE           	1F906	0000	341

C:\Program Files (x86)\Microchip\xc8\v1.45\sources\common\xxtofl.c estimated size: 341

C:\Program Files (x86)\Microchip\xc8\v1.45\sources\common\trunc.c
		_trunc         		CODE           	202E	0000	161

C:\Program Files (x86)\Microchip\xc8\v1.45\sources\common\trunc.c estimated size: 161

mcc_generated_files/adcc.c
		_ADCC_StopConversion		CODE           	46A2	0000	5
		_ADCC_DefaultInterruptHandler		CODE           	46B6	0000	3
		_ADCC_ClearAccumulator		CODE           	466E	0000	7
		_ADCC_GetFilterValue		CODE           	4462	0000	21
		_ADCC_GetCurrentCountofConversions		CODE           	46A6	0000	5
		_ADCC_SetADTIInterruptHandler		CODE           	459A	0000	15
		_ADCC_GetConversionResult		CODE           	4476	0000	21
		_ADCC_ThresholdISR		CODE           	4042	0000	41
		_ADCC_StartConversion		CODE           	45A8	0000	15
		_ADCC_Initialize		CODE           	2BCA	0000	107
		_ADCC_HasAccumulatorOverflowed		CODE           	45DE	0000	13
		_ADCC_DischargeSampleCapacitor		CODE           	4654	0000	9

mcc_generated_files/adcc.c estimated size: 262

C:\Program Files (x86)\Microchip\xc8\v1.45\sources\common\flneg.c
		___flneg       		CODE           	3E52	0000	49

C:\Program Files (x86)\Microchip\xc8\v1.45\sources\common\flneg.c estimated size: 49

main.c
		_dimmingOffTimeCallback		CODE           	4434	0000	25
		_saveSRAMMaxToEEPROM		CODE           	1EDAE	0000	615
		_acquisitionTimerCallback		CODE           	449C	0000	19
		_ADC_PostProcessingCallback		CODE           	17F62	0000	2863
		_main          		CODE           	108E	0000	251
		_heartbeatTimerCallback		CODE           	37D4	0000	69
		_currentMeasuredToPeak		CODE           	273C	0000	125
		_recoverSRAMMaxFromEEPROM		CODE           	1FCFE	0000	333
		_dimmingOnTimeCallback		CODE           	45D2	0000	13
		_writeEnergyToEEPROMCallback		CODE           	2538	0000	133
		_OLED_updateCallback		CODE           	19396	0000	2301
		_peakToRMS     		CODE           	1F014	0000	587

main.c estimated size: 7334

C:\Program Files (x86)\Microchip\xc8\v1.45\sources\common\strlen.c
		_strlen        		CODE           	2FC2	0000	89

C:\Program Files (x86)\Microchip\xc8\v1.45\sources\common\strlen.c estimated size: 89

C:\Program Files (x86)\Microchip\xc8\v1.45\sources\common\lwtoft.c
		___lwtoft      		CODE           	406A	0000	39

C:\Program Files (x86)\Microchip\xc8\v1.45\sources\common\lwtoft.c estimated size: 39

C:\Program Files (x86)\Microchip\xc8\v1.45\sources\common\strcmp.c
		_strcmp        		CODE           	3170	0000	81

C:\Program Files (x86)\Microchip\xc8\v1.45\sources\common\strcmp.c estimated size: 81

C:\Program Files (x86)\Microchip\xc8\v1.45\sources\common\strchr.c
		_strchr        		CODE           	3CB0	0000	57

C:\Program Files (x86)\Microchip\xc8\v1.45\sources\common\strchr.c estimated size: 57

C:\Program Files (x86)\Microchip\xc8\v1.45\sources\common\strcpy.c
		_strcpy        		CODE           	347E	0000	73

C:\Program Files (x86)\Microchip\xc8\v1.45\sources\common\strcpy.c estimated size: 73

C:\Program Files (x86)\Microchip\xc8\v1.45\sources\common\strncmp.c
		_strncmp       		CODE           	2208	0000	145

C:\Program Files (x86)\Microchip\xc8\v1.45\sources\common\strncmp.c estimated size: 145

C:\Program Files (x86)\Microchip\xc8\v1.45\sources\common\sprcmul.c
		___flmul       		CODE           	1B2B0	0000	851

C:\Program Files (x86)\Microchip\xc8\v1.45\sources\common\sprcmul.c estimated size: 851

C:\Program Files (x86)\Microchip\xc8\v1.45\sources\common\strncpy.c
		_strncpy       		CODE           	2C34	0000	105

C:\Program Files (x86)\Microchip\xc8\v1.45\sources\common\strncpy.c estimated size: 105

