Microchip MPLAB XC8 Compiler V1.45 ()

Linker command line:

-W-3 --edf=C:\Program Files (x86)\Microchip\xc8\v1.45\dat\en_msgs.txt -cs \
  -h+dist/default/production\AC_Power_Meter.X.production.sym \
  --cmf=dist/default/production\AC_Power_Meter.X.production.cmf -z \
  -Q18LF67K40 -oC:\Users\DREWMA~1\AppData\Local\Temp\sdck.2 \
  -Mdist/default/production/AC_Power_Meter.X.production.map -E1 -ver=XC8 \
  -ASTACK=0380h-0de9h -pstack=STACK -ACODE=00h-01FFFFh -ACONST=00h-01FFFFh \
  -ASMALLCONST=0E00h-0EFFhx498 -AMEDIUMCONST=0E00h-0FFFFh,010E00h-01FFFFh \
  -ACOMRAM=01h-05Fh -AABS1=00h-0DE9h -ABIGRAM=01h-0DE9h \
  -ARAM=060h-0FFh,0100h-01FFhx12,0D00h-0DE9h -ABANK0=060h-0FFh \
  -ABANK1=0100h-01FFh -ABANK2=0200h-02FFh -ABANK3=0300h-03FFh \
  -ABANK4=0400h-04FFh -ABANK5=0500h-05FFh -ABANK6=0600h-06FFh \
  -ABANK7=0700h-07FFh -ABANK8=0800h-08FFh -ABANK9=0900h-09FFh \
  -ABANK10=0A00h-0AFFh -ABANK11=0B00h-0BFFh -ABANK12=0C00h-0CFFh \
  -ABANK13=0D00h-0DE9h \
  -ASFR=0DEFh-0DFFh,0E00h-0EFFh,0F00h-0F5Fh,0F60h-0FFFh \
  -preset_vec=00h,intcode=08h,intcodelo=018h,powerup,init -pramtop=0E00h \
  -psmallconst=SMALLCONST -pmediumconst=MEDIUMCONST -pconst=CONST \
  -AFARRAM=00h-00h -ACONFIG=0300000h-030000Bh -pconfig=CONFIG \
  -AIDLOC=0200000h-020000Fh -pidloc=IDLOC -AEEDATA=0310000h-03103FFh \
  -peeprom_data=EEDATA \
  -prdata=COMRAM,nvrram=COMRAM,nvbit=COMRAM,rbss=COMRAM,rbit=COMRAM \
  -pfarbss=FARRAM,fardata=FARRAM,nvFARRAM=FARRAM \
  -pintsave_regs=BIGRAM,bigbss=BIGRAM,bigdata=BIGRAM -pbss=RAM \
  -pidata=CODE,irdata=CODE,ibigdata=CODE,ifardata=CODE -prparam=COMRAM \
  C:\Users\DREWMA~1\AppData\Local\Temp\sdck.obj \
  dist/default/production\AC_Power_Meter.X.production.obj 

Object code version is 3.11

Machine type is 18LF67K40

Call graph: (short form)




                Name                               Link     Load   Length Selector   Space Scale
C:\Users\DREWMA~1\AppData\Local\Temp\sdck.obj
                init                                 FE       FE        4        C       0
                reset_vec                             0        0        4        0       0
                idloc                            200000   200000       10   200000       0
                config                           300000   300000        C   300000       0
dist/default/production\AC_Power_Meter.X.production.obj
                intcodelo                            18       18       E6        C       0
                intcode                               8        8        6        4       0
                temp                                 5F       5F        1        1       1
                mediumconst                        EC5E     EC5E     13A2     762F       0
                text128                           16FA4    16FA4       14     8000       0
                text127                           15924    15924       AE     8000       0
                text126                           16E9A    16E9A       24     8000       0
                text125                           1440A    1440A      1AC     8000       0
                text124                           15002    15002       F4     8000       0
                text123                           16E50    16E50       26     8000       0
                text122                           15486    15486       DA     8000       0
                text121                           1617C    1617C       78     8000       0
                text120                           16104    16104       78     8000       0
                text119                           15C40    15C40       90     8000       0
                text118                           14F0E    14F0E       F4     8000       0
                text117                           153A8    153A8       DE     8000       0
                text116                           151DE    151DE       E6     8000       0
                text115                           16E76    16E76       24     8000       0
                text114                           16AA0    16AA0       42     8000       0
                text113                           13C76    13C76      25E     8000       0
                text112                           16550    16550       60     8000       0
                text111                           16D0C    16D0C       30     8000       0
                text110                           1409A    1409A      1C2     8000       0
                text109                           145B6    145B6      196     8000       0
                text108                           13A0A    13A0A      26C     8000       0
                text107                           16720    16720       56     8000       0
                text106                           13ED4    13ED4      1C6     8000       0
                text105                           170B4    170B4        6     8000       0
                text104                           12250    12250      678     8000       0
                text103                           170C0    170C0        2     8000       0
                text102                           16DB6    16DB6       28     8000       0
                text101                           16002    16002       82     8000       0
                text100                           16486    16486       66     8000       0
                text99                            1666C    1666C       5C     8000       0
                text98                            14ADC    14ADC      128     8000       0
                text97                            14880    14880      132     8000       0
                text96                            15F7E    15F7E       84     8000       0
                text95                            162DC    162DC       70     8000       0
                text94                            13794    13794      276     8000       0
                text93                            16F00    16F00       1E     8000       0
                text92                            168FE    168FE       4A     8000       0
                text91                            17096    17096        A     8000       0
                text90                            12D48    12D48      450     8000       0
                text89                            1179C    1179C      AB4     8000       0
                text88                            15876    15876       AE     8000       0
                text87                            170BE    170BE        2     8000       0
                text86                            16F56    16F56       1C     8000       0
                text85                            16C74    16C74       34     8000       0
                intcode_body                      15638    15638       CC     8000       0
                text83                            16C0A    16C0A       36     8000       0
                text82                            16AE2    16AE2       3E     8000       0
                text81                            170BC    170BC        2     8000       0
                text80                            16D8E    16D8E       28     8000       0
                text79                            16E2A    16E2A       26     8000       0
                text78                            1708A    1708A        C     8000       0
                text77                            1707C    1707C        E     8000       0
                text76                            170AE    170AE        6     8000       0
                text75                            15704    15704       C2     8000       0
                text74                            170BA    170BA        2     8000       0
                text73                            16C40    16C40       34     8000       0
                text71                            1706E    1706E        E     8000       0
                text70                            164EC    164EC       64     8000       0
                text69                            17060    17060        E     8000       0
                text68                            17052    17052        E     8000       0
                text67                            1634C    1634C       6A     8000       0
                text66                            170A0    170A0        8     8000       0
                text65                            16FCA    16FCA       12     8000       0
                text64                            16F3A    16F3A       1C     8000       0
                text63                            15A7C    15A7C       A2     8000       0
                text62                            16F1E    16F1E       1C     8000       0
                text61                            17044    17044        E     8000       0
                text60                            168B4    168B4       4A     8000       0
                text59                            17036    17036        E     8000       0
                text58                            16CDA    16CDA       32     8000       0
                text57                            17028    17028        E     8000       0
                text56                            1681A    1681A       4E     8000       0
                text55                            16D3C    16D3C       2A     8000       0
                text54                            15B1E    15B1E       92     8000       0
                text53                            16E04    16E04       26     8000       0
                text52                            157C6    157C6       B0     8000       0
                text51                            1425C    1425C      1AE     8000       0
                text50                            16A5E    16A5E       42     8000       0
                text49                            14D20    14D20       F8     8000       0
                text48                            15EFA    15EFA       84     8000       0
                text47                            1641E    1641E       68     8000       0
                text46                            1660E    1660E       5E     8000       0
                text45                            149B2    149B2      12A     8000       0
                text44                            1474C    1474C      134     8000       0
                text43                            15E74    15E74       86     8000       0
                text42                            1626A    1626A       72     8000       0
                text41                            14E18    14E18       F6     8000       0
                text40                            16D66    16D66       28     8000       0
                text39                            13500    13500      294     8000       0
                text38                            16EBE    16EBE       22     8000       0
                text37                            16868    16868       4C     8000       0
                text36                            1701A    1701A        E     8000       0
                text35                            128C8    128C8      480     8000       0
                text34                            10CE2    10CE2      ABA     8000       0
                text33                            16FFC    16FFC       10     8000       0
                text32                            16990    16990       48     8000       0
                text31                            170A8    170A8        6     8000       0
                text30                            16B98    16B98       3A     8000       0
                text29                            150F6    150F6       E8     8000       0
                text28                            15560    15560       D8     8000       0
                text27                            152C4    152C4       E4     8000       0
                text26                            16CA8    16CA8       32     8000       0
                text25                            16F72    16F72       1A     8000       0
                text24                            16A1C    16A1C       42     8000       0
                text23                            16EE0    16EE0       20     8000       0
                text22                            16948    16948       48     8000       0
                text21                            15DEA    15DEA       8A     8000       0
                text20                            16B5C    16B5C       3C     8000       0
                text19                            16DDE    16DDE       26     8000       0
                text18                            165B0    165B0       5E     8000       0
                text17                            16776    16776       54     8000       0
                text16                            169D8    169D8       44     8000       0
                text15                            159D2    159D2       AA     8000       0
                text14                            15CD0    15CD0       8E     8000       0
                text13                            16B20    16B20       3C     8000       0
                text12                            167CA    167CA       50     8000       0
                text11                            16BD2    16BD2       38     8000       0
                text10                            166C8    166C8       58     8000       0
                text9                             15BB0    15BB0       90     8000       0
                text8                             15D5E    15D5E       8C     8000       0
                text7                             16FEC    16FEC       10     8000       0
                text6                             163B6    163B6       68     8000       0
                text5                             13198    13198      368     8000       0
                text4                             16FB8    16FB8       12     8000       0
                text3                             10000    10000      CE2     8000       0
                text2                             14C04    14C04      11C     8000       0
                text1                             16FDC    16FDC       10     8000       0
                text0                             161F4    161F4       76     8000       0
                cstackCOMRAM                          1        1       5D        1       1
                cstackBANK0                          60       60       68       60       1
                cstackBANK1                         100      100       B3      100       1
                cstackBANK2                         282      282       22      200       1
                bssBANK3                            300      300       80      300       1
                dataBANK2                           2A4      2A4       18      200       1
                bssBANK2                            200      200       82      200       1
                bssBANK1                            1B3      1B3       24      100       1
                dataBANK0                            F1       F1        E       60       1
                bssBANK0                             C8       C8       29       60       1
                bitbssBANK0                         7F8       FF        1       60       1     8
                bitbssCOMRAM                        2F0       5E        2        1       1     8
                cinit                             16084    16084       80     8000       0
                idataBANK2                        16F8C    16F8C       18     8000       0
                idataBANK0                        1700C    1700C        E     8000       0

TOTAL           Name                               Link     Load   Length     Space
        CLASS   STACK          

        CLASS   CODE           
                intcodelo                            18       18       E6         0
                intcode                               8        8        6         0
                init                                 FE       FE        4         0
                reset_vec                             0        0        4         0
                text128                           16FA4    16FA4       14         0
                text127                           15924    15924       AE         0
                text126                           16E9A    16E9A       24         0
                text125                           1440A    1440A      1AC         0
                text124                           15002    15002       F4         0
                text123                           16E50    16E50       26         0
                text122                           15486    15486       DA         0
                text121                           1617C    1617C       78         0
                text120                           16104    16104       78         0
                text119                           15C40    15C40       90         0
                text118                           14F0E    14F0E       F4         0
                text117                           153A8    153A8       DE         0
                text116                           151DE    151DE       E6         0
                text115                           16E76    16E76       24         0
                text114                           16AA0    16AA0       42         0
                text113                           13C76    13C76      25E         0
                text112                           16550    16550       60         0
                text111                           16D0C    16D0C       30         0
                text110                           1409A    1409A      1C2         0
                text109                           145B6    145B6      196         0
                text108                           13A0A    13A0A      26C         0
                text107                           16720    16720       56         0
                text106                           13ED4    13ED4      1C6         0
                text105                           170B4    170B4        6         0
                text104                           12250    12250      678         0
                text103                           170C0    170C0        2         0
                text102                           16DB6    16DB6       28         0
                text101                           16002    16002       82         0
                text100                           16486    16486       66         0
                text99                            1666C    1666C       5C         0
                text98                            14ADC    14ADC      128         0
                text97                            14880    14880      132         0
                text96                            15F7E    15F7E       84         0
                text95                            162DC    162DC       70         0
                text94                            13794    13794      276         0
                text93                            16F00    16F00       1E         0
                text92                            168FE    168FE       4A         0
                text91                            17096    17096        A         0
                text90                            12D48    12D48      450         0
                text89                            1179C    1179C      AB4         0
                text88                            15876    15876       AE         0
                text87                            170BE    170BE        2         0
                text86                            16F56    16F56       1C         0
                text85                            16C74    16C74       34         0
                intcode_body                      15638    15638       CC         0
                text83                            16C0A    16C0A       36         0
                text82                            16AE2    16AE2       3E         0
                text81                            170BC    170BC        2         0
                text80                            16D8E    16D8E       28         0
                text79                            16E2A    16E2A       26         0
                text78                            1708A    1708A        C         0
                text77                            1707C    1707C        E         0
                text76                            170AE    170AE        6         0
                text75                            15704    15704       C2         0
                text74                            170BA    170BA        2         0
                text73                            16C40    16C40       34         0
                text71                            1706E    1706E        E         0
                text70                            164EC    164EC       64         0
                text69                            17060    17060        E         0
                text68                            17052    17052        E         0
                text67                            1634C    1634C       6A         0
                text66                            170A0    170A0        8         0
                text65                            16FCA    16FCA       12         0
                text64                            16F3A    16F3A       1C         0
                text63                            15A7C    15A7C       A2         0
                text62                            16F1E    16F1E       1C         0
                text61                            17044    17044        E         0
                text60                            168B4    168B4       4A         0
                text59                            17036    17036        E         0
                text58                            16CDA    16CDA       32         0
                text57                            17028    17028        E         0
                text56                            1681A    1681A       4E         0
                text55                            16D3C    16D3C       2A         0
                text54                            15B1E    15B1E       92         0
                text53                            16E04    16E04       26         0
                text52                            157C6    157C6       B0         0
                text51                            1425C    1425C      1AE         0
                text50                            16A5E    16A5E       42         0
                text49                            14D20    14D20       F8         0
                text48                            15EFA    15EFA       84         0
                text47                            1641E    1641E       68         0
                text46                            1660E    1660E       5E         0
                text45                            149B2    149B2      12A         0
                text44                            1474C    1474C      134         0
                text43                            15E74    15E74       86         0
                text42                            1626A    1626A       72         0
                text41                            14E18    14E18       F6         0
                text40                            16D66    16D66       28         0
                text39                            13500    13500      294         0
                text38                            16EBE    16EBE       22         0
                text37                            16868    16868       4C         0
                text36                            1701A    1701A        E         0
                text35                            128C8    128C8      480         0
                text34                            10CE2    10CE2      ABA         0
                text33                            16FFC    16FFC       10         0
                text32                            16990    16990       48         0
                text31                            170A8    170A8        6         0
                text30                            16B98    16B98       3A         0
                text29                            150F6    150F6       E8         0
                text28                            15560    15560       D8         0
                text27                            152C4    152C4       E4         0
                text26                            16CA8    16CA8       32         0
                text25                            16F72    16F72       1A         0
                text24                            16A1C    16A1C       42         0
                text23                            16EE0    16EE0       20         0
                text22                            16948    16948       48         0
                text21                            15DEA    15DEA       8A         0
                text20                            16B5C    16B5C       3C         0
                text19                            16DDE    16DDE       26         0
                text18                            165B0    165B0       5E         0
                text17                            16776    16776       54         0
                text16                            169D8    169D8       44         0
                text15                            159D2    159D2       AA         0
                text14                            15CD0    15CD0       8E         0
                text13                            16B20    16B20       3C         0
                text12                            167CA    167CA       50         0
                text11                            16BD2    16BD2       38         0
                text10                            166C8    166C8       58         0
                text9                             15BB0    15BB0       90         0
                text8                             15D5E    15D5E       8C         0
                text7                             16FEC    16FEC       10         0
                text6                             163B6    163B6       68         0
                text5                             13198    13198      368         0
                text4                             16FB8    16FB8       12         0
                text3                             10000    10000      CE2         0
                text2                             14C04    14C04      11C         0
                text1                             16FDC    16FDC       10         0
                text0                             161F4    161F4       76         0
                cinit                             16084    16084       80         0
                idataBANK2                        16F8C    16F8C       18         0
                idataBANK0                        1700C    1700C        E         0

        CLASS   CONST          

        CLASS   SMALLCONST     

        CLASS   MEDIUMCONST    
                mediumconst                        EC5E     EC5E     13A2         0

        CLASS   COMRAM         
                temp                                 5F       5F        1         1
                cstackCOMRAM                          1        1       5D         1
                bitbssCOMRAM                        2F0       5E        2         1

        CLASS   ABS1           

        CLASS   BIGRAM         

        CLASS   RAM            

        CLASS   BANK0          
                cstackBANK0                          60       60       68         1
                dataBANK0                            F1       F1        E         1
                bssBANK0                             C8       C8       29         1
                bitbssBANK0                         7F8       FF        1         1

        CLASS   BANK1          
                cstackBANK1                         100      100       B3         1
                bssBANK1                            1B3      1B3       24         1

        CLASS   BANK2          
                cstackBANK2                         282      282       22         1
                dataBANK2                           2A4      2A4       18         1
                bssBANK2                            200      200       82         1

        CLASS   BANK3          
                bssBANK3                            300      300       80         1

        CLASS   BANK4          

        CLASS   BANK5          

        CLASS   BANK6          

        CLASS   BANK7          

        CLASS   BANK8          

        CLASS   BANK9          

        CLASS   BANK10         

        CLASS   BANK11         

        CLASS   BANK12         

        CLASS   BANK13         

        CLASS   SFR            

        CLASS   FARRAM         

        CLASS   CONFIG         
                config                           300000   300000        C         0

        CLASS   IDLOC          
                idloc                            200000   200000       10         0

        CLASS   EEDATA         



SEGMENTS        Name                           Load    Length   Top    Selector   Space  Class

                reset_vec                      000000  000004  000004         0       0  CODE    
                cstackCOMRAM                   000001  00005F  000060         1       1  COMRAM  
                intcode                        000008  000006  00000E         4       0  CODE    
                intcodelo                      000018  0000EA  000102         C       0  CODE    
                cstackBANK0                    000060  0000A0  000100        60       1  BANK0   
                cstackBANK1                    000100  0000D7  0001D7       100       1  BANK1   
                bssBANK2                       000200  0000BC  0002BC       200       1  BANK2   
                bssBANK3                       000300  000080  000380       300       1  BANK3   
                mediumconst                    00EC5E  0013A2  010000      762F       0  MEDIUMCO
                text3                          010000  0070C2  0170C2      8000       0  CODE    
                idloc                          200000  000010  200010    200000       0  IDLOC   
                config                         300000  00000C  30000C    300000       0  CONFIG  


UNUSED ADDRESS RANGES

        Name                Unused          Largest block    Delta
        BANK1            0001D7-0001FF               29
        BANK10           000A00-000AFF              100
        BANK11           000B00-000BFF              100
        BANK12           000C00-000CFF              100
        BANK13           000D00-000DE9               EA
        BANK2            0002BC-0002FF               44
        BANK3            000380-0003FF               80
        BANK4            000400-0004FF              100
        BANK5            000500-0005FF              100
        BANK6            000600-0006FF              100
        BANK7            000700-0007FF              100
        BANK8            000800-0008FF              100
        BANK9            000900-0009FF              100
        BIGRAM           0001D7-0001FF               29
                         0002BC-0002FF               44
                         000380-000DE9              A6A
        CODE             000004-000007                4
                         00000E-000017                A
                         000102-00EC5D             EB5C
                         0170C2-01FFFF             8F3E
        CONST            000004-000007                4
                         00000E-000017                A
                         000102-00EC5D             EB5C
                         0170C2-01FFFF             8F3E
        EEDATA           310000-3103FF              400
        MEDIUMCONST      000E00-00EC5D             DE5E
                         0170C2-01FFFF             8F3E
        RAM              0001D7-0001FF               29
                         0002BC-0002FF               44
                         000380-000DE9              100
        SFR              000DEF-000FFF              100
        SMALLCONST       000E00-00EC5D              100
                         0170C2-01FFFF              100
        STACK            000380-000DE9              A6A

                                  Symbol Table

?_ADCC_GetConversionResult                     cstackCOMRAM 000001
?_FLASH_ReadWord                               cstackBANK1  00011B
?___altoft                                     cstackCOMRAM 00004C
?___awdiv                                      cstackBANK1  00011D
?___awmod                                      cstackBANK1  000117
?___awtoft                                     cstackBANK1  00011F
?___ftadd                                      cstackBANK1  00012B
?___ftdiv                                      cstackBANK1  000137
?___ftmul                                      cstackBANK1  000146
?___ftneg                                      cstackBANK1  000123
?___ftpack                                     cstackBANK1  000117
?___ftsub                                      cstackBANK1  000137
?___fttol                                      cstackBANK1  000155
?___lldiv                                      cstackBANK1  000117
?___llmod                                      cstackBANK1  000124
?___lltoft                                     cstackBANK1  00011F
?___lwdiv                                      cstackBANK1  000117
?___lwmod                                      cstackBANK1  000117
?___lwtoft                                     cstackCOMRAM 000009
?___wmul                                       cstackBANK1  000125
?__div_to_l_                                   cstackBANK1  000117
?__tdiv_to_l_                                  cstackBANK1  000117
?_acos                                         cstackBANK0  00008E
?_asin                                         cstackBANK0  000079
?_atan                                         cstackCOMRAM 000058
?_atoi                                         cstackBANK1  00012B
?_currentMeasuredToPeak                        cstackBANK0  000073
?_eval_poly                                    cstackCOMRAM 00004C
?_fabs                                         cstackCOMRAM 000027
?_floor                                        cstackCOMRAM 000056
?_fround                                       cstackBANK1  000155
?_getCauseOfResetString                        cstackBANK1  000117
?_getDeviceID                                  cstackBANK1  000122
?_getDeviceIDString                            cstackBANK1  00011D
?_getRevisionIDString                          cstackBANK1  000127
?_getUserID                                    cstackBANK1  000122
?_peakToRMS                                    cstackBANK0  000094
?_printf                                       cstackBANK1  000164
?_scale                                        cstackBANK1  000155
?_sin                                          cstackBANK0  000066
?_sqrt                                         cstackBANK0  000066
?_strchr                                       cstackBANK1  000117
?_strcmp                                       cstackBANK1  000117
?_strlen                                       cstackBANK1  000117
?_strncmp                                      cstackBANK1  00011D
?_strstr                                       cstackBANK1  000126
?i2___awdiv                                    cstackCOMRAM 000007
?i2___awmod                                    cstackCOMRAM 000001
?i2___ftadd                                    cstackCOMRAM 000040
?i2___ftdiv                                    cstackCOMRAM 000015
?i2___ftmul                                    cstackCOMRAM 000027
?i2___ftneg                                    cstackCOMRAM 000024
?i2___ftpack                                   cstackCOMRAM 000001
?i2___ftsub                                    cstackBANK0  000060
?i2___fttol                                    cstackCOMRAM 00003D
?i2___lldiv                                    cstackCOMRAM 000001
?i2___llmod                                    cstackCOMRAM 00000E
?i2___lltoft                                   cstackCOMRAM 000009
?i2___wmul                                     cstackCOMRAM 00000F
?i2__div_to_l_                                 cstackCOMRAM 000001
?i2__tdiv_to_l_                                cstackCOMRAM 000001
?i2_fround                                     cstackCOMRAM 000036
?i2_printf                                     cstackBANK0  000066
?i2_scale                                      cstackCOMRAM 000036
ADCC_SetADIInterruptHandler@InterruptHandler   cstackBANK1  000117
ADCC_StartConversion@channel                   cstackBANK1  000100
ADCPostProcessingCallback@currentADCChannel    cstackBANK0  0000AF
EUSART2_Read@readValue                         cstackBANK1  000117
EUSART2_SetRxInterruptHandler@interruptHandler cstackBANK1  000117
EUSART2_SetTxInterruptHandler@interruptHandler cstackBANK1  000117
EUSART2_Write@txData                           cstackBANK1  000117
FLASH_ReadByte@flashAddr                       cstackBANK1  000117
FLASH_ReadWord@flashAddr                       cstackBANK1  00011B
TMR5_SetInterruptHandler@InterruptHandler      cstackBANK1  000117
TMR5_WriteTimer@timerVal                       cstackCOMRAM 000001
TMR6_SetInterruptHandler@InterruptHandler      cstackBANK1  000117
TMR7_SetInterruptHandler@InterruptHandler      cstackBANK1  000117
TMR7_WriteTimer@timerVal                       cstackBANK1  000100
_ADACCH                                        (abs)        000F71
_ADACCL                                        (abs)        000F70
_ADACQ                                         (abs)        000F5C
_ADACT                                         (abs)        000F56
_ADCAP                                         (abs)        000F5D
_ADCC_ADI_InterruptHandler                     bssBANK0     0000E6
_ADCC_DefaultInterruptHandler                  text103      0170C0
_ADCC_GetConversionResult                      text128      016FA4
_ADCC_ISR                                      text102      016DB6
_ADCC_Initialize                               text70       0164EC
_ADCC_IsConversionDone                         text78       01708A
_ADCC_SetADIInterruptHandler                   text71       01706E
_ADCC_StartConversion                          text77       01707C
_ADCLK                                         (abs)        000F57
_ADCNT                                         (abs)        000F67
_ADCON0                                        (abs)        000F60
_ADCON0bits                                    (abs)        000F60
_ADCON1                                        (abs)        000F59
_ADCON1bits                                    (abs)        000F59
_ADCON2                                        (abs)        000F5A
_ADCON2bits                                    (abs)        000F5A
_ADCON3                                        (abs)        000F5B
_ADCON3bits                                    (abs)        000F5B
_ADCPostProcessingCallback                     text104      012250
_ADCPostProcessingCallback$3882                cstackBANK0  0000B3
_ADCPostProcessingCallback$3883                cstackBANK0  0000B0
_ADCPostProcessingCallback$3884                cstackBANK0  0000A6
_ADCPostProcessingCallback$3885                cstackBANK0  0000A9
_ADCPostProcessingCallback$3886                cstackBANK0  0000AC
_ADC_Result_Scaling                            bssBANK0     0000E0
_ADERRH                                        (abs)        000F6F
_ADERRL                                        (abs)        000F6E
_ADFLTRH                                       (abs)        000F73
_ADFLTRL                                       (abs)        000F72
_ADLTHH                                        (abs)        000F6B
_ADLTHL                                        (abs)        000F6A
_ADPCH                                         (abs)        000F5F
_ADPRE                                         (abs)        000F5E
_ADPREVH                                       (abs)        000F62
_ADPREVL                                       (abs)        000F61
_ADREF                                         (abs)        000F58
_ADRESH                                        (abs)        000F64
_ADRESL                                        (abs)        000F63
_ADRPT                                         (abs)        000F66
_ADSTAT                                        (abs)        000F65
_ADSTATbits                                    (abs)        000F65
_ADSTPTH                                       (abs)        000F69
_ADSTPTL                                       (abs)        000F68
_ADUTHH                                        (abs)        000F6D
_ADUTHL                                        (abs)        000F6C
_ANSELA                                        (abs)        000E92
_ANSELB                                        (abs)        000E9A
_ANSELD                                        (abs)        000EA7
_ANSELE                                        (abs)        000EAF
_ANSELF                                        (abs)        000EB4
_ANSELG                                        (abs)        000EBC
_AVSS_ADC_Result                               bssBANK0     0000E3
_Avg_Power                                     bssBANK1     0001BB
_BAUD2CON                                      (abs)        000EF7
_EUSART2_Initialize                            text67       01634C
_EUSART2_Read                                  text32       016990
_EUSART2_Receive_ISR                           text88       015876
_EUSART2_RxDefaultInterruptHandler             bssBANK1     0001C7
_EUSART2_SetRxInterruptHandler                 text69       017060
_EUSART2_SetTxInterruptHandler                 text68       017052
_EUSART2_Transmit_ISR                          text83       016C0A
_EUSART2_TxDefaultInterruptHandler             bssBANK1     0001CA
_EUSART2_Write                                 text37       016868
_FLASH_ReadByte                                text25       016F72
_FLASH_ReadWord                                text24       016A1C
_FVRCON                                        (abs)        000EC4
_FVRCONbits                                    (abs)        000EC4
_FVR_ADC_Result                                bssBANK0     0000EE
_FVR_Initialize                                text66       0170A0
_INTCONbits                                    (abs)        000FF2
_INTERRUPT_Initialize                          text65       016FCA
_INTERRUPT_InterruptManagerHigh                intcode      000008
_INTERRUPT_InterruptManagerLow                 intcodelo    000018
_IPR1bits                                      (abs)        000E20
_IPR3bits                                      (abs)        000E22
_IPR5bits                                      (abs)        000E24
_Imeas                                         bssBANK0     0000CE
_Ipk                                           bssBANK0     0000D1
_Irms                                          bssBANK0     0000CB
_Irms_offset                                   dataBANK0    0000F1
_LATA                                          (abs)        000F79
_LATB                                          (abs)        000F7A
_LATC                                          (abs)        000F7B
_LATD                                          (abs)        000F7C
_LATE                                          (abs)        000F7D
_LATF                                          (abs)        000F7E
_LATFbits                                      (abs)        000F7E
_LATG                                          (abs)        000F7F
_LATGbits                                      (abs)        000F7F
_LATH                                          (abs)        000F80
_NVMADRH                                       (abs)        000F75
_NVMADRL                                       (abs)        000F74
_NVMCON1bits                                   (abs)        000F77
_NVMCON2                                       (abs)        000F78
_NVMDAT                                        (abs)        000F76
_ODCONA                                        (abs)        000E90
_ODCONB                                        (abs)        000E98
_ODCONC                                        (abs)        000EA0
_ODCOND                                        (abs)        000EA5
_ODCONE                                        (abs)        000EAD
_ODCONF                                        (abs)        000EB2
_ODCONG                                        (abs)        000EBA
_ODCONH                                        (abs)        000EBF
_OSCCON1                                       (abs)        000E43
_OSCCON3                                       (abs)        000E45
_OSCEN                                         (abs)        000E47
_OSCFRQ                                        (abs)        000E49
_OSCILLATOR_Initialize                         text64       016F3A
_OSCTUNE                                       (abs)        000E48
_PCON0bits                                     (abs)        000FD7
_PIE1bits                                      (abs)        000E2A
_PIE3bits                                      (abs)        000E2C
_PIE5bits                                      (abs)        000E2E
_PIN_MANAGER_Initialize                        text63       015A7C
_PIR1bits                                      (abs)        000E34
_PIR3bits                                      (abs)        000E36
_PIR5bits                                      (abs)        000E38
_PIR8bits                                      (abs)        000E3B
_PLLR                                          (abs)        007230
_PMD0                                          (abs)        000E4C
_PMD1                                          (abs)        000E4D
_PMD2                                          (abs)        000E4E
_PMD3                                          (abs)        000E4F
_PMD4                                          (abs)        000E50
_PMD5                                          (abs)        000E51
_PMD_Initialize                                text62       016F1E
_POS12_ADC_Result                              bssBANK0     0000DA
_POS3P3_ADC_Result                             bssBANK0     0000DD
_PR6                                           (abs)        000FB0
_RC2REG                                        (abs)        000EF1
_RC2STA                                        (abs)        000EF5
_RC2STAbits                                    (abs)        000EF5
_RG7PPS                                        (abs)        000E89
_RX2PPS                                        (abs)        000E11
_SLRCONA                                       (abs)        000E8F
_SLRCONB                                       (abs)        000E97
_SLRCONC                                       (abs)        000E9F
_SLRCOND                                       (abs)        000EA4
_SLRCONE                                       (abs)        000EAC
_SLRCONF                                       (abs)        000EB1
_SLRCONG                                       (abs)        000EB9
_SLRCONH                                       (abs)        000EBE
_SP2BRGH                                       (abs)        000EF4
_SP2BRGL                                       (abs)        000EF3
_STATUSbits                                    (abs)        000FD8
_SYSTEM_Initialize                             text55       016D3C
_T5CLK                                         (abs)        000FC6
_T5CON                                         (abs)        000FC3
_T5CONbits                                     (abs)        000FC3
_T5GATE                                        (abs)        000FC5
_T5GCON                                        (abs)        000FC4
_T5GCONbits                                    (abs)        000FC4
_T6CLKCON                                      (abs)        000FB3
_T6CON                                         (abs)        000FB1
_T6CONbits                                     (abs)        000FB1
_T6HLT                                         (abs)        000FB2
_T6HLTbits                                     (abs)        000FB2
_T6PR                                          (abs)        000FB0
_T6RST                                         (abs)        000FB4
_T6RSTbits                                     (abs)        000FB4
_T6TMR                                         (abs)        000FAF
_T7CLK                                         (abs)        000F33
_T7CON                                         (abs)        000F30
_T7CONbits                                     (abs)        000F30
_T7GATE                                        (abs)        000F32
_T7GCON                                        (abs)        000F31
_T7GCONbits                                    (abs)        000F31
_TABLAT                                        (abs)        000FF5
_TBLPTRH                                       (abs)        000FF7
_TBLPTRL                                       (abs)        000FF6
_TBLPTRU                                       (abs)        000FF8
_TMR5H                                         (abs)        000FC2
_TMR5L                                         (abs)        000FC1
_TMR5_DefaultInterruptHandler                  text87       0170BE
_TMR5_ISR                                      text85       016C74
_TMR5_Initialize                               text60       0168B4
_TMR5_InterruptHandler                         bssBANK1     0001BE
_TMR5_SetInterruptHandler                      text61       017044
_TMR5_WriteTimer                               text86       016F56
_TMR6                                          (abs)        000FAF
_TMR6_DefaultInterruptHandler                  text81       0170BC
_TMR6_ISR                                      text80       016D8E
_TMR6_Initialize                               text58       016CDA
_TMR6_InterruptHandler                         bssBANK1     0001C4
_TMR6_SetInterruptHandler                      text59       017036
_TMR7H                                         (abs)        000F2F
_TMR7L                                         (abs)        000F2E
_TMR7_DefaultInterruptHandler                  text74       0170BA
_TMR7_ISR                                      text73       016C40
_TMR7_Initialize                               text56       01681A
_TMR7_InterruptHandler                         bssBANK1     0001C1
_TMR7_SetInterruptHandler                      text57       017028
_TMR7_StartTimer                               text31       0170A8
_TMR7_StopTimer                                text76       0170AE
_TMR7_WriteTimer                               text79       016E2A
_TRIAC_Firing_Angle                            dataBANK0    0000FC
_TRISA                                         (abs)        000F81
_TRISB                                         (abs)        000F82
_TRISC                                         (abs)        000F83
_TRISD                                         (abs)        000F84
_TRISE                                         (abs)        000F85
_TRISF                                         (abs)        000F86
_TRISG                                         (abs)        000F87
_TRISH                                         (abs)        000F88
_TX2REG                                        (abs)        000EF2
_TX2STA                                        (abs)        000EF6
_TX2STAbits                                    (abs)        000EF6
_Temp_ADC_Offset                               dataBANK0    0000F7
_Temp_ADC_Result                               bssBANK0     0000D7
_Vpk                                           bssBANK0     0000D4
_Vpk_const                                     dataBANK0    0000F4
_Vrms                                          bssBANK0     0000C8
_WPUA                                          (abs)        000E91
_WPUB                                          (abs)        000E99
_WPUC                                          (abs)        000EA1
_WPUD                                          (abs)        000EA6
_WPUE                                          (abs)        000EAE
_WPUF                                          (abs)        000EB3
_WPUG                                          (abs)        000EBB
_WPUH                                          (abs)        000EC0
__CFG_BOREN$SBORDIS                            (abs)        000000
__CFG_BORV$VBOR_190                            (abs)        000000
__CFG_CLKOUTEN$OFF                             (abs)        000000
__CFG_CP$OFF                                   (abs)        000000
__CFG_CPD$OFF                                  (abs)        000000
__CFG_CSWEN$ON                                 (abs)        000000
__CFG_DEBUG$OFF                                (abs)        000000
__CFG_EBTR0$OFF                                (abs)        000000
__CFG_EBTR1$OFF                                (abs)        000000
__CFG_EBTR2$OFF                                (abs)        000000
__CFG_EBTR3$OFF                                (abs)        000000
__CFG_EBTR4$OFF                                (abs)        000000
__CFG_EBTR5$OFF                                (abs)        000000
__CFG_EBTR6$OFF                                (abs)        000000
__CFG_EBTR7$OFF                                (abs)        000000
__CFG_EBTRB$OFF                                (abs)        000000
__CFG_FCMEN$ON                                 (abs)        000000
__CFG_FEXTOSC$ECH                              (abs)        000000
__CFG_LPBOREN$OFF                              (abs)        000000
__CFG_LVP$OFF                                  (abs)        000000
__CFG_MCLRE$EXTMCLR                            (abs)        000000
__CFG_PPS1WAY$ON                               (abs)        000000
__CFG_PWRTE$ON                                 (abs)        000000
__CFG_RSTOSC$EXTOSC_4PLL                       (abs)        000000
__CFG_SCANE$OFF                                (abs)        000000
__CFG_STVREN$ON                                (abs)        000000
__CFG_WDTCCS$LFINTOSC                          (abs)        000000
__CFG_WDTCPS$WDTCPS_11                         (abs)        000000
__CFG_WDTCWS$WDTCWS_7                          (abs)        000000
__CFG_WDTE$NSLEEP                              (abs)        000000
__CFG_WRT0$OFF                                 (abs)        000000
__CFG_WRT1$OFF                                 (abs)        000000
__CFG_WRT2$OFF                                 (abs)        000000
__CFG_WRT3$OFF                                 (abs)        000000
__CFG_WRT4$OFF                                 (abs)        000000
__CFG_WRT5$OFF                                 (abs)        000000
__CFG_WRT6$OFF                                 (abs)        000000
__CFG_WRT7$OFF                                 (abs)        000000
__CFG_WRTB$OFF                                 (abs)        000000
__CFG_WRTC$OFF                                 (abs)        000000
__CFG_WRTD$OFF                                 (abs)        000000
__CFG_XINST$OFF                                (abs)        000000
__CFG_ZCD$OFF                                  (abs)        000000
__HRAM                                         (abs)        000000
__Habs1                                        abs1         000000
__Hbank0                                       bank0        000000
__Hbank1                                       bank1        000000
__Hbank10                                      bank10       000000
__Hbank11                                      bank11       000000
__Hbank12                                      bank12       000000
__Hbank13                                      bank13       000000
__Hbank2                                       bank2        000000
__Hbank3                                       bank3        000000
__Hbank4                                       bank4        000000
__Hbank5                                       bank5        000000
__Hbank6                                       bank6        000000
__Hbank7                                       bank7        000000
__Hbank8                                       bank8        000000
__Hbank9                                       bank9        000000
__Hbigbss                                      bigbss       000000
__Hbigdata                                     bigdata      000000
__Hbigram                                      bigram       000000
__HbitbssBANK0                                 bitbssBANK0  000000
__HbitbssCOMRAM                                bitbssCOMRAM 000000
__Hbss                                         bss          000000
__HbssBANK0                                    bssBANK0     000000
__HbssBANK1                                    bssBANK1     000000
__HbssBANK2                                    bssBANK2     000000
__HbssBANK3                                    bssBANK3     000000
__Hcinit                                       cinit        000000
__Hclrtext                                     clrtext      000000
__Hcomram                                      comram       000000
__Hconfig                                      config       30000C
__Hconst                                       const        000000
__HcstackBANK0                                 cstackBANK0  000000
__HcstackBANK1                                 cstackBANK1  000000
__HcstackBANK2                                 cstackBANK2  000000
__HcstackCOMRAM                                cstackCOMRAM 000000
__Hdata                                        data         000000
__HdataBANK0                                   dataBANK0    000000
__HdataBANK2                                   dataBANK2    000000
__Heeprom_data                                 eeprom_data  000000
__Hfarbss                                      farbss       000000
__Hfardata                                     fardata      000000
__Hibigdata                                    ibigdata     000000
__Hidata                                       idata        000000
__HidataBANK0                                  idataBANK0   000000
__HidataBANK2                                  idataBANK2   000000
__Hidloc                                       idloc        200010
__Hifardata                                    ifardata     000000
__Hinit                                        init         000102
__Hintcode                                     intcode      00000E
__Hintcode_body                                intcode_body 000000
__Hintcodelo                                   intcodelo    0000FE
__Hintentry                                    intentry     000000
__Hintret                                      intret       000000
__Hintsave_regs                                intsave_regs 000000
__Hirdata                                      irdata       000000
__Hmediumconst                                 mediumconst  010000
__HnvFARRAM                                    nvFARRAM     000000
__Hnvbit                                       nvbit        000000
__Hnvrram                                      nvrram       000000
__Hparam                                       rparam       000000
__Hpowerup                                     powerup      0000FE
__Hram                                         ram          000000
__Hramtop                                      ramtop       000E00
__Hrbit                                        rbit         000000
__Hrbss                                        rbss         000000
__Hrdata                                       rdata        000000
__Hreset_vec                                   reset_vec    000004
__Hrparam                                      rparam       000000
__Hsfr                                         sfr          000000
__Hsmallconst                                  smallconst   000000
__Hspace_0                                     (abs)        30000C
__Hspace_1                                     (abs)        0007F9
__Hspace_2                                     (abs)        000000
__Hstack                                       stack        000000
__Hstruct                                      struct       000000
__Htemp                                        temp         000060
__Htext                                        text         000000
__Htext0                                       text0        000000
__Htext1                                       text1        000000
__Htext10                                      text10       000000
__Htext100                                     text100      000000
__Htext101                                     text101      000000
__Htext102                                     text102      000000
__Htext103                                     text103      000000
__Htext104                                     text104      000000
__Htext105                                     text105      000000
__Htext106                                     text106      000000
__Htext107                                     text107      000000
__Htext108                                     text108      000000
__Htext109                                     text109      000000
__Htext11                                      text11       000000
__Htext110                                     text110      000000
__Htext111                                     text111      000000
__Htext112                                     text112      000000
__Htext113                                     text113      000000
__Htext114                                     text114      000000
__Htext115                                     text115      000000
__Htext116                                     text116      000000
__Htext117                                     text117      000000
__Htext118                                     text118      000000
__Htext119                                     text119      000000
__Htext12                                      text12       000000
__Htext120                                     text120      000000
__Htext121                                     text121      000000
__Htext122                                     text122      000000
__Htext123                                     text123      000000
__Htext124                                     text124      000000
__Htext125                                     text125      000000
__Htext126                                     text126      000000
__Htext127                                     text127      000000
__Htext128                                     text128      000000
__Htext129                                     text129      000000
__Htext13                                      text13       000000
__Htext14                                      text14       000000
__Htext15                                      text15       000000
__Htext16                                      text16       000000
__Htext17                                      text17       000000
__Htext18                                      text18       000000
__Htext19                                      text19       000000
__Htext2                                       text2        000000
__Htext20                                      text20       000000
__Htext21                                      text21       000000
__Htext22                                      text22       000000
__Htext23                                      text23       000000
__Htext24                                      text24       000000
__Htext25                                      text25       000000
__Htext26                                      text26       000000
__Htext27                                      text27       000000
__Htext28                                      text28       000000
__Htext29                                      text29       000000
__Htext3                                       text3        000000
__Htext30                                      text30       000000
__Htext31                                      text31       000000
__Htext32                                      text32       000000
__Htext33                                      text33       000000
__Htext34                                      text34       000000
__Htext35                                      text35       000000
__Htext36                                      text36       000000
__Htext37                                      text37       000000
__Htext38                                      text38       000000
__Htext39                                      text39       000000
__Htext4                                       text4        000000
__Htext40                                      text40       000000
__Htext41                                      text41       000000
__Htext42                                      text42       000000
__Htext43                                      text43       000000
__Htext44                                      text44       000000
__Htext45                                      text45       000000
__Htext46                                      text46       000000
__Htext47                                      text47       000000
__Htext48                                      text48       000000
__Htext49                                      text49       000000
__Htext5                                       text5        000000
__Htext50                                      text50       000000
__Htext51                                      text51       000000
__Htext52                                      text52       000000
__Htext53                                      text53       000000
__Htext54                                      text54       000000
__Htext55                                      text55       000000
__Htext56                                      text56       000000
__Htext57                                      text57       000000
__Htext58                                      text58       000000
__Htext59                                      text59       000000
__Htext6                                       text6        000000
__Htext60                                      text60       000000
__Htext61                                      text61       000000
__Htext62                                      text62       000000
__Htext63                                      text63       000000
__Htext64                                      text64       000000
__Htext65                                      text65       000000
__Htext66                                      text66       000000
__Htext67                                      text67       000000
__Htext68                                      text68       000000
__Htext69                                      text69       000000
__Htext7                                       text7        000000
__Htext70                                      text70       000000
__Htext71                                      text71       000000
__Htext73                                      text73       000000
__Htext74                                      text74       000000
__Htext75                                      text75       000000
__Htext76                                      text76       000000
__Htext77                                      text77       000000
__Htext78                                      text78       000000
__Htext79                                      text79       000000
__Htext8                                       text8        000000
__Htext80                                      text80       000000
__Htext81                                      text81       000000
__Htext82                                      text82       000000
__Htext83                                      text83       000000
__Htext85                                      text85       000000
__Htext86                                      text86       000000
__Htext87                                      text87       000000
__Htext88                                      text88       000000
__Htext89                                      text89       000000
__Htext9                                       text9        000000
__Htext90                                      text90       000000
__Htext91                                      text91       000000
__Htext92                                      text92       000000
__Htext93                                      text93       000000
__Htext94                                      text94       000000
__Htext95                                      text95       000000
__Htext96                                      text96       000000
__Htext97                                      text97       000000
__Htext98                                      text98       000000
__Htext99                                      text99       000000
__LRAM                                         (abs)        000001
__Labs1                                        abs1         000000
__Lbank0                                       bank0        000000
__Lbank1                                       bank1        000000
__Lbank10                                      bank10       000000
__Lbank11                                      bank11       000000
__Lbank12                                      bank12       000000
__Lbank13                                      bank13       000000
__Lbank2                                       bank2        000000
__Lbank3                                       bank3        000000
__Lbank4                                       bank4        000000
__Lbank5                                       bank5        000000
__Lbank6                                       bank6        000000
__Lbank7                                       bank7        000000
__Lbank8                                       bank8        000000
__Lbank9                                       bank9        000000
__Lbigbss                                      bigbss       000000
__Lbigdata                                     bigdata      000000
__Lbigram                                      bigram       000000
__LbitbssBANK0                                 bitbssBANK0  000000
__LbitbssCOMRAM                                bitbssCOMRAM 000000
__Lbss                                         bss          000000
__LbssBANK0                                    bssBANK0     000000
__LbssBANK1                                    bssBANK1     000000
__LbssBANK2                                    bssBANK2     000000
__LbssBANK3                                    bssBANK3     000000
__Lcinit                                       cinit        000000
__Lclrtext                                     clrtext      000000
__Lcomram                                      comram       000000
__Lconfig                                      config       300000
__Lconst                                       const        000000
__LcstackBANK0                                 cstackBANK0  000000
__LcstackBANK1                                 cstackBANK1  000000
__LcstackBANK2                                 cstackBANK2  000000
__LcstackCOMRAM                                cstackCOMRAM 000000
__Ldata                                        data         000000
__LdataBANK0                                   dataBANK0    000000
__LdataBANK2                                   dataBANK2    000000
__Leeprom_data                                 eeprom_data  000000
__Lfarbss                                      farbss       000000
__Lfardata                                     fardata      000000
__Libigdata                                    ibigdata     000000
__Lidata                                       idata        000000
__LidataBANK0                                  idataBANK0   000000
__LidataBANK2                                  idataBANK2   000000
__Lidloc                                       idloc        200000
__Lifardata                                    ifardata     000000
__Linit                                        init         0000FE
__Lintcode                                     intcode      000008
__Lintcode_body                                intcode_body 000000
__Lintcodelo                                   intcodelo    000018
__Lintentry                                    intentry     000000
__Lintret                                      intret       000000
__Lintsave_regs                                intsave_regs 000000
__Lirdata                                      irdata       000000
__Lmediumconst                                 mediumconst  00EC5E
__LnvFARRAM                                    nvFARRAM     000000
__Lnvbit                                       nvbit        000000
__Lnvrram                                      nvrram       000000
__Lparam                                       rparam       000000
__Lpowerup                                     powerup      0000FE
__Lram                                         ram          000000
__Lramtop                                      ramtop       000E00
__Lrbit                                        rbit         000000
__Lrbss                                        rbss         000000
__Lrdata                                       rdata        000000
__Lreset_vec                                   reset_vec    000000
__Lrparam                                      rparam       000000
__Lsfr                                         sfr          000000
__Lsmallconst                                  smallconst   000000
__Lspace_0                                     (abs)        000000
__Lspace_1                                     (abs)        000000
__Lspace_2                                     (abs)        000000
__Lstack                                       stack        000000
__Lstruct                                      struct       000000
__Ltemp                                        temp         00005F
__Ltext                                        text         000000
__Ltext0                                       text0        000000
__Ltext1                                       text1        000000
__Ltext10                                      text10       000000
__Ltext100                                     text100      000000
__Ltext101                                     text101      000000
__Ltext102                                     text102      000000
__Ltext103                                     text103      000000
__Ltext104                                     text104      000000
__Ltext105                                     text105      000000
__Ltext106                                     text106      000000
__Ltext107                                     text107      000000
__Ltext108                                     text108      000000
__Ltext109                                     text109      000000
__Ltext11                                      text11       000000
__Ltext110                                     text110      000000
__Ltext111                                     text111      000000
__Ltext112                                     text112      000000
__Ltext113                                     text113      000000
__Ltext114                                     text114      000000
__Ltext115                                     text115      000000
__Ltext116                                     text116      000000
__Ltext117                                     text117      000000
__Ltext118                                     text118      000000
__Ltext119                                     text119      000000
__Ltext12                                      text12       000000
__Ltext120                                     text120      000000
__Ltext121                                     text121      000000
__Ltext122                                     text122      000000
__Ltext123                                     text123      000000
__Ltext124                                     text124      000000
__Ltext125                                     text125      000000
__Ltext126                                     text126      000000
__Ltext127                                     text127      000000
__Ltext128                                     text128      000000
__Ltext129                                     text129      000000
__Ltext13                                      text13       000000
__Ltext14                                      text14       000000
__Ltext15                                      text15       000000
__Ltext16                                      text16       000000
__Ltext17                                      text17       000000
__Ltext18                                      text18       000000
__Ltext19                                      text19       000000
__Ltext2                                       text2        000000
__Ltext20                                      text20       000000
__Ltext21                                      text21       000000
__Ltext22                                      text22       000000
__Ltext23                                      text23       000000
__Ltext24                                      text24       000000
__Ltext25                                      text25       000000
__Ltext26                                      text26       000000
__Ltext27                                      text27       000000
__Ltext28                                      text28       000000
__Ltext29                                      text29       000000
__Ltext3                                       text3        000000
__Ltext30                                      text30       000000
__Ltext31                                      text31       000000
__Ltext32                                      text32       000000
__Ltext33                                      text33       000000
__Ltext34                                      text34       000000
__Ltext35                                      text35       000000
__Ltext36                                      text36       000000
__Ltext37                                      text37       000000
__Ltext38                                      text38       000000
__Ltext39                                      text39       000000
__Ltext4                                       text4        000000
__Ltext40                                      text40       000000
__Ltext41                                      text41       000000
__Ltext42                                      text42       000000
__Ltext43                                      text43       000000
__Ltext44                                      text44       000000
__Ltext45                                      text45       000000
__Ltext46                                      text46       000000
__Ltext47                                      text47       000000
__Ltext48                                      text48       000000
__Ltext49                                      text49       000000
__Ltext5                                       text5        000000
__Ltext50                                      text50       000000
[...]
      Params:         6       0       0       0       0       0       0       0       0       0       0       0       0       0       0
      Locals:         3       0       0       0       0       0       0       0       0       0       0       0       0       0       0
      Temps:          3       0       0       0       0       0       0       0       0       0       0       0       0       0       0
      Totals:        12       0       0       0       0       0       0       0       0       0       0       0       0       0       0
Total ram usage:       12 bytes
 Hardware stack levels used:    1
 Hardware stack levels required when called:    1
 This function calls:
		i2___ftpack
 This function is called by:
		_peakToRMS
		_ADCPostProcessingCallback
		_acos
		_asin
		_atan
		_eval_poly
		_sin
		_floor
		i2_printf
		i2___ftsub
 This function uses a non-reentrant model


 *************** function ___lwtoft *****************
 Defined at:
		line 28 in file "C:\Program Files (x86)\Microchip\xc8\v1.45\sources\common\lwtoft.c"
 Parameters:    Size  Location     Type
  c               2    8[COMRAM] unsigned int 
 Auto vars:     Size  Location     Type
		None
 Return value:  Size  Location     Type
                  3    8[COMRAM] float 
 Registers used:
		wreg, status,2, status,0, cstack
 Tracked objects:
		On entry : 
		On exit  : 
		Unchanged: 
 Data sizes:     COMRAM   BANK0   BANK1   BANK2   BANK3   BANK4   BANK5   BANK6   BANK7   BANK8   BANK9  BANK10  BANK11  BANK12  BANK13
      Params:         3       0       0       0       0       0       0       0       0       0       0       0       0       0       0
      Locals:         0       0       0       0       0       0       0       0       0       0       0       0       0       0       0
      Temps:          0       0       0       0       0       0       0       0       0       0       0       0       0       0       0
      Totals:         3       0       0       0       0       0       0       0       0       0       0       0       0       0       0
Total ram usage:        3 bytes
 Hardware stack levels used:    1
 Hardware stack levels required when called:    1
 This function calls:
		i2___ftpack
 This function is called by:
		_ADCPostProcessingCallback
 This function uses a non-reentrant model


 *************** function i2___ftpack *****************
 Defined at:
		line 62 in file "C:\Program Files (x86)\Microchip\xc8\v1.45\sources\common\float.c"
 Parameters:    Size  Location     Type
  arg             3    0[COMRAM] unsigned um
  exp             1    3[COMRAM] unsigned char 
  sign            1    4[COMRAM] unsigned char 
 Auto vars:     Size  Location     Type
		None
 Return value:  Size  Location     Type
                  3    0[COMRAM] float 
 Registers used:
		wreg, status,2, status,0
 Tracked objects:
		On entry : 
		On exit  : 
		Unchanged: 
 Data sizes:     COMRAM   BANK0   BANK1   BANK2   BANK3   BANK4   BANK5   BANK6   BANK7   BANK8   BANK9  BANK10  BANK11  BANK12  BANK13
      Params:         5       0       0       0       0       0       0       0       0       0       0       0       0       0       0
      Locals:         0       0       0       0       0       0       0       0       0       0       0       0       0       0       0
      Temps:          3       0       0       0       0       0       0       0       0       0       0       0       0       0       0
      Totals:         8       0       0       0       0       0       0       0       0       0       0       0       0       0       0
Total ram usage:        8 bytes
 Hardware stack levels used:    1
 This function calls:
		Nothing
 This function is called by:
		___altoft
		___lwtoft
		i2___ftadd
		i2___ftdiv
		i2___ftmul
		i2___lltoft
 This function uses a non-reentrant model


 *************** function _ADCC_GetConversionResult *****************
 Defined at:
		line 130 in file "mcc_generated_files/adcc.c"
 Parameters:    Size  Location     Type
		None
 Auto vars:     Size  Location     Type
		None
 Return value:  Size  Location     Type
                  2    0[COMRAM] unsigned int 
 Registers used:
		wreg, status,2, status,0
 Tracked objects:
		On entry : 
		On exit  : 
		Unchanged: 
 Data sizes:     COMRAM   BANK0   BANK1   BANK2   BANK3   BANK4   BANK5   BANK6   BANK7   BANK8   BANK9  BANK10  BANK11  BANK12  BANK13
      Params:         2       0       0       0       0       0       0       0       0       0       0       0       0       0       0
      Locals:         0       0       0       0       0       0       0       0       0       0       0       0       0       0       0
      Temps:          2       0       0       0       0       0       0       0       0       0       0       0       0       0       0
      Totals:         4       0       0       0       0       0       0       0       0       0       0       0       0       0       0
Total ram usage:        4 bytes
 Hardware stack levels used:    1
 This function calls:
		Nothing
 This function is called by:
		_ADCPostProcessingCallback
 This function uses a non-reentrant model



MODULE INFORMATION

Module		Function		Class		Link	Load	Size
C:\Program Files (x86)\Microchip\xc8\v1.45\sources\common\asin.c
		_asin          		CODE           	13A0A	0000	621

C:\Program Files (x86)\Microchip\xc8\v1.45\sources\common\asin.c estimated size: 621

C:\Program Files (x86)\Microchip\xc8\v1.45\sources\common\ftneg.c
		___ftneg       		CODE           	16E04	0000	39

C:\Program Files (x86)\Microchip\xc8\v1.45\sources\common\ftneg.c estimated size: 39

C:\Program Files (x86)\Microchip\xc8\v1.45\sources\common\sprcsqrt.c
		_sqrt          		CODE           	145B6	0000	407

C:\Program Files (x86)\Microchip\xc8\v1.45\sources\common\sprcsqrt.c estimated size: 407

C:\Program Files (x86)\Microchip\xc8\v1.45\sources\common\ftsub.c
		___ftsub       		CODE           	16A5E	0000	67

C:\Program Files (x86)\Microchip\xc8\v1.45\sources\common\ftsub.c estimated size: 67

C:\Program Files (x86)\Microchip\xc8\v1.45\sources\common\float.c
		___ftpack      		CODE           	157C6	0000	177

C:\Program Files (x86)\Microchip\xc8\v1.45\sources\common\float.c estimated size: 177

mcc_generated_files/tmr6.c
		_TMR6_ISR      		CODE           	16D8E	0000	41
		_TMR6_Initialize		CODE           	16CDA	0000	51
		_TMR6_SetInterruptHandler		CODE           	17036	0000	15
		_TMR6_DefaultInterruptHandler		CODE           	170BC	0000	3

mcc_generated_files/tmr6.c estimated size: 110

mcc_generated_files/eusart2.c
		_putch         		CODE           	1701A	0000	15
		_EUSART2_Read  		CODE           	16990	0000	73
		_EUSART2_Write 		CODE           	16868	0000	77
		_EUSART2_Receive_ISR		CODE           	15876	0000	175
		_EUSART2_Transmit_ISR		CODE           	16C0A	0000	55
		_EUSART2_SetRxInterruptHandler		CODE           	17060	0000	15
		_EUSART2_SetTxInterruptHandler		CODE           	17052	0000	15
		_EUSART2_Initialize		CODE           	1634C	0000	107

mcc_generated_files/eusart2.c estimated size: 532

C:\Program Files (x86)\Microchip\xc8\v1.45\sources\common\doprnt.c
		_scale         		CODE           	128C8	0000	1153
		_printf        		CODE           	10CE2	0000	2747
		_fround        		CODE           	13500	0000	661

C:\Program Files (x86)\Microchip\xc8\v1.45\sources\common\doprnt.c estimated size: 4561

mcc_generated_files/fvr.c
		_FVR_Initialize		CODE           	170A0	0000	9

mcc_generated_files/fvr.c estimated size: 9

C:\Program Files (x86)\Microchip\xc8\v1.45\sources\common\lltoft.c
		___lltoft      		CODE           	1660E	0000	95

C:\Program Files (x86)\Microchip\xc8\v1.45\sources\common\lltoft.c estimated size: 95

mcc_generated_files/interrupt_manager.c
		_INTERRUPT_Initialize		CODE           	16FCA	0000	19
		_INTERRUPT_InterruptManagerLow		CODE           	0018	0000	231
		_INTERRUPT_InterruptManagerHigh		CODE           	0008	0000	211

mcc_generated_files/interrupt_manager.c estimated size: 461

C:\Program Files (x86)\Microchip\xc8\v1.45\sources\common\Umul16.c
		___wmul        		CODE           	16D66	0000	41

C:\Program Files (x86)\Microchip\xc8\v1.45\sources\common\Umul16.c estimated size: 41

C:\Program Files (x86)\Microchip\xc8\v1.45\sources\common\frexp.c
		_frexp         		CODE           	16104	0000	121

C:\Program Files (x86)\Microchip\xc8\v1.45\sources\common\frexp.c estimated size: 121

C:\Program Files (x86)\Microchip\xc8\v1.45\sources\common\ftge.c
		___ftge        		CODE           	15B1E	0000	147

C:\Program Files (x86)\Microchip\xc8\v1.45\sources\common\ftge.c estimated size: 147

mcc_generated_files/pin_manager.c
		_PIN_MANAGER_Initialize		CODE           	15A7C	0000	163

mcc_generated_files/pin_manager.c estimated size: 163

C:\Program Files (x86)\Microchip\xc8\v1.45\sources\common\fabs.c
		_fabs          		CODE           	16D0C	0000	49

C:\Program Files (x86)\Microchip\xc8\v1.45\sources\common\fabs.c estimated size: 49

C:\Program Files (x86)\Microchip\xc8\v1.45\sources\common\isdigit.c
		_isdigit       		CODE           	16EBE	0000	35

C:\Program Files (x86)\Microchip\xc8\v1.45\sources\common\isdigit.c estimated size: 35

C:\Program Files (x86)\Microchip\xc8\v1.45\sources\common\floor.c
		_floor         		CODE           	153A8	0000	223

C:\Program Files (x86)\Microchip\xc8\v1.45\sources\common\floor.c estimated size: 223

C:\Program Files (x86)\Microchip\xc8\v1.45\sources\common\ftdivl.c
		__tdiv_to_l_   		CODE           	1474C	0000	309

C:\Program Files (x86)\Microchip\xc8\v1.45\sources\common\ftdivl.c estimated size: 309

C:\Program Files (x86)\Microchip\xc8\v1.45\sources\common\lwmod.c
		___lwmod       		CODE           	169D8	0000	69

C:\Program Files (x86)\Microchip\xc8\v1.45\sources\common\lwmod.c estimated size: 69

C:\Program Files (x86)\Microchip\xc8\v1.45\sources\common\ftmul.c
		___ftmul       		CODE           	14E18	0000	247

C:\Program Files (x86)\Microchip\xc8\v1.45\sources\common\ftmul.c estimated size: 247

C:\Program Files (x86)\Microchip\xc8\v1.45\sources\common\awmod.c
		___awmod       		CODE           	1626A	0000	115

C:\Program Files (x86)\Microchip\xc8\v1.45\sources\common\awmod.c estimated size: 115

C:\Program Files (x86)\Microchip\xc8\v1.45\sources\common\strstr.c
		_strstr        		CODE           	15D5E	0000	141

C:\Program Files (x86)\Microchip\xc8\v1.45\sources\common\strstr.c estimated size: 141

device_IDs.c
		_getDeviceID   		CODE           	16EE0	0000	33
		_getUserID     		CODE           	16B20	0000	61
		_getMinorRevisionID		CODE           	16DDE	0000	39
		_getDeviceIDString		CODE           	15DEA	0000	139
		_getRevisionIDString		CODE           	15CD0	0000	143
		_getMajorRevisionID		CODE           	16B5C	0000	61

device_IDs.c estimated size: 476

C:\Program Files (x86)\Microchip\xc8\v1.45\sources\common\ftdiv.c
		___ftdiv       		CODE           	150F6	0000	233

C:\Program Files (x86)\Microchip\xc8\v1.45\sources\common\ftdiv.c estimated size: 233

C:\Program Files (x86)\Microchip\xc8\v1.45\sources\common\acos.c
		_acos          		CODE           	16720	0000	87

C:\Program Files (x86)\Microchip\xc8\v1.45\sources\common\acos.c estimated size: 87

C:\Program Files (x86)\Microchip\xc8\v1.45\sources\common\llmod.c
		___llmod       		CODE           	1641E	0000	105

C:\Program Files (x86)\Microchip\xc8\v1.45\sources\common\llmod.c estimated size: 105

C:\Program Files (x86)\Microchip\xc8\v1.45\sources\common\fldivl.c
		__div_to_l_    		CODE           	149B2	0000	299

C:\Program Files (x86)\Microchip\xc8\v1.45\sources\common\fldivl.c estimated size: 299

C:\Program Files (x86)\Microchip\xc8\v1.45\sources\common\atoi.c
		_atoi          		CODE           	15560	0000	217

C:\Program Files (x86)\Microchip\xc8\v1.45\sources\common\atoi.c estimated size: 217

mcc_generated_files/tmr7.c
		_TMR7_DefaultInterruptHandler		CODE           	170BA	0000	3
		_TMR7_WriteTimer		CODE           	16E2A	0000	39
		_TMR7_StartTimer		CODE           	170A8	0000	7
		_TMR7_ISR      		CODE           	16C40	0000	53
		_TMR7_Initialize		CODE           	1681A	0000	79
		_TMR7_SetInterruptHandler		CODE           	17028	0000	15
		_TMR7_StopTimer		CODE           	170AE	0000	7

mcc_generated_files/tmr7.c estimated size: 203

mcc_generated_files/tmr5.c
		_TMR5_ISR      		CODE           	16C74	0000	53
		_TMR5_Initialize		CODE           	168B4	0000	75
		_TMR5_SetInterruptHandler		CODE           	17044	0000	15
		_TMR5_DefaultInterruptHandler		CODE           	170BE	0000	3
		_TMR5_WriteTimer		CODE           	16F56	0000	29

mcc_generated_files/tmr5.c estimated size: 175

shared
		i2_printf      		CODE           	1179C	0000	2741
		i2___ftneg     		CODE           	16E76	0000	37
		i2_putch       		CODE           	17096	0000	11
		i2___ftadd     		CODE           	1440A	0000	429
		i2___ftdiv     		CODE           	151DE	0000	231
		__powers_      		MEDIUMCONST    	EC87	0000	40
		i2___fttol     		CODE           	14F0E	0000	245
		_dpowers       		MEDIUMCONST    	EC5F	0000	41
		i2___ftge      		CODE           	15C40	0000	145
		i2_isdigit     		CODE           	16F00	0000	31
		atan@coeff_a   		MEDIUMCONST    	ECF5	0000	19
		atan@coeff_b   		MEDIUMCONST    	ED16	0000	16
		i2___awdiv     		CODE           	15F7E	0000	133
		i2__tdiv_to_l_ 		CODE           	14880	0000	307
		i2___ftmul     		CODE           	15002	0000	245
		i2___wmul      		CODE           	16E50	0000	39
		i2__div_to_l_  		CODE           	14ADC	0000	297
		__npowers_     		MEDIUMCONST    	ECAE	0000	40
		i2___ftpack    		CODE           	15924	0000	175
		i2_TMR7_StopTimer		CODE           	170B4	0000	7
		i2_scale       		CODE           	12D48	0000	1105
		i2___lldiv     		CODE           	16002	0000	131
		__initialization		CODE           	16084	0000	119
		i2___lltoft    		CODE           	1666C	0000	93
		i2___ftsub     		CODE           	16AA0	0000	67
		i2___awmod     		CODE           	162DC	0000	113
		i2_EUSART2_Write		CODE           	168FE	0000	75
		_hexpowers     		MEDIUMCONST    	ECD5	0000	33
		i2___llmod     		CODE           	16486	0000	103
		i2_fround      		CODE           	13794	0000	631
		sin@coeff_a    		MEDIUMCONST    	ED07	0000	16
		sin@coeff_b    		MEDIUMCONST    	ED25	0000	13

shared estimated size: 7728

mcc_generated_files/mcc.c
		_PMD_Initialize		CODE           	16F1E	0000	29
		_OSCILLATOR_Initialize		CODE           	16F3A	0000	29
		_SYSTEM_Initialize		CODE           	16D3C	0000	43

mcc_generated_files/mcc.c estimated size: 101

ring_buffer_interface.c
		_terminal_ringBufferPull		CODE           	14C04	0000	285
		_terminal_textAttributes		CODE           	13198	0000	873
		_terminal_textAttributesReset		CODE           	16FB8	0000	19
		_terminal_setCursorHome		CODE           	16FDC	0000	17
		_terminal_printNewline		CODE           	16FEC	0000	17
		_terminal_clearTerminal		CODE           	16FFC	0000	17

ring_buffer_interface.c estimated size: 1228

C:\Program Files (x86)\Microchip\xc8\v1.45\sources\common\fttol.c
		___fttol       		CODE           	14D20	0000	249

C:\Program Files (x86)\Microchip\xc8\v1.45\sources\common\fttol.c estimated size: 249

C:\Program Files (x86)\Microchip\xc8\v1.45\sources\common\atan.c
		_atan          		CODE           	1409A	0000	451

C:\Program Files (x86)\Microchip\xc8\v1.45\sources\common\atan.c estimated size: 451

C:\Program Files (x86)\Microchip\xc8\v1.45\sources\common\awtoft.c
		___awtoft      		CODE           	16B98	0000	59

C:\Program Files (x86)\Microchip\xc8\v1.45\sources\common\awtoft.c estimated size: 59

cause_of_reset.c
		_getCauseOfResetString		CODE           	16CA8	0000	51
		_getCauseOfReset		CODE           	152C4	0000	229

cause_of_reset.c estimated size: 280

C:\Program Files (x86)\Microchip\xc8\v1.45\sources\common\lwdiv.c
		___lwdiv       		CODE           	16776	0000	85

C:\Program Files (x86)\Microchip\xc8\v1.45\sources\common\lwdiv.c estimated size: 85

C:\Program Files (x86)\Microchip\xc8\v1.45\sources\common\awdiv.c
		___awdiv       		CODE           	15E74	0000	135

C:\Program Files (x86)\Microchip\xc8\v1.45\sources\common\awdiv.c estimated size: 135

C:\Program Files (x86)\Microchip\xc8\v1.45\sources\common\strcat.c
		_strcat        		CODE           	165B0	0000	95

C:\Program Files (x86)\Microchip\xc8\v1.45\sources\common\strcat.c estimated size: 95

C:\Program Files (x86)\Microchip\xc8\v1.45\sources\common\evalpoly.c
		_eval_poly     		CODE           	15486	0000	219

C:\Program Files (x86)\Microchip\xc8\v1.45\sources\common\evalpoly.c estimated size: 219

mcc_generated_files/memory.c
		_FLASH_ReadWord		CODE           	16A1C	0000	67
		_FLASH_ReadByte		CODE           	16F72	0000	27

mcc_generated_files/memory.c estimated size: 94

C:\Program Files (x86)\Microchip\xc8\v1.45\sources\common\ftadd.c
		___ftadd       		CODE           	1425C	0000	431

C:\Program Files (x86)\Microchip\xc8\v1.45\sources\common\ftadd.c estimated size: 431

C:\Program Files (x86)\Microchip\xc8\v1.45\sources\common\sin.c
		_sin           		CODE           	13C76	0000	607

C:\Program Files (x86)\Microchip\xc8\v1.45\sources\common\sin.c estimated size: 607

C:\Program Files (x86)\Microchip\xc8\v1.45\sources\common\lldiv.c
		___lldiv       		CODE           	15EFA	0000	133

C:\Program Files (x86)\Microchip\xc8\v1.45\sources\common\lldiv.c estimated size: 133

ring_buffer_LUT.c
		_ringBufferLUT 		CODE           	10000	0000	3299

ring_buffer_LUT.c estimated size: 3299

mcc_generated_files/adcc.c
		_ADCC_DefaultInterruptHandler		CODE           	170C0	0000	3
		_ADCC_GetConversionResult		CODE           	16FA4	0000	21
		_ADCC_SetADIInterruptHandler		CODE           	1706E	0000	15
		_ADCC_ISR      		CODE           	16DB6	0000	41
		_ADCC_StartConversion		CODE           	1707C	0000	15
		_ADCC_Initialize		CODE           	164EC	0000	101
		_ADCC_IsConversionDone		CODE           	1708A	0000	13

mcc_generated_files/adcc.c estimated size: 209

main.c
		_acquisitionTimerCallback		CODE           	15704	0000	195
		_main          		CODE           	161F4	0000	119
		_heartbeatTimerCallback		CODE           	16AE2	0000	63
		_currentMeasuredToPeak		CODE           	16550	0000	97
		_ADCPostProcessingCallback		CODE           	12250	0000	1657
		_peakToRMS     		CODE           	13ED4	0000	455

main.c estimated size: 2586

C:\Program Files (x86)\Microchip\xc8\v1.45\sources\common\strlen.c
		_strlen        		CODE           	166C8	0000	89

C:\Program Files (x86)\Microchip\xc8\v1.45\sources\common\strlen.c estimated size: 89

C:\Program Files (x86)\Microchip\xc8\v1.45\sources\common\lwtoft.c
		___lwtoft      		CODE           	16E9A	0000	37

C:\Program Files (x86)\Microchip\xc8\v1.45\sources\common\lwtoft.c estimated size: 37

C:\Program Files (x86)\Microchip\xc8\v1.45\sources\common\itoa.c
		_utoa          		CODE           	159D2	0000	171

C:\Program Files (x86)\Microchip\xc8\v1.45\sources\common\itoa.c estimated size: 171

C:\Program Files (x86)\Microchip\xc8\v1.45\sources\common\strcmp.c
		_strcmp        		CODE           	167CA	0000	81

C:\Program Files (x86)\Microchip\xc8\v1.45\sources\common\strcmp.c estimated size: 81

C:\Program Files (x86)\Microchip\xc8\v1.45\sources\common\strchr.c
		_strchr        		CODE           	16BD2	0000	57

C:\Program Files (x86)\Microchip\xc8\v1.45\sources\common\strchr.c estimated size: 57

C:\Program Files (x86)\Microchip\xc8\v1.45\sources\common\strcpy.c
		_strcpy        		CODE           	16948	0000	73

C:\Program Files (x86)\Microchip\xc8\v1.45\sources\common\strcpy.c estimated size: 73

C:\Program Files (x86)\Microchip\xc8\v1.45\sources\common\strncmp.c
		_strncmp       		CODE           	15BB0	0000	145

C:\Program Files (x86)\Microchip\xc8\v1.45\sources\common\strncmp.c estimated size: 145

C:\Program Files (x86)\Microchip\xc8\v1.45\sources\common\altoft.c
		___altoft      		CODE           	1617C	0000	121

C:\Program Files (x86)\Microchip\xc8\v1.45\sources\common\altoft.c estimated size: 121

C:\Program Files (x86)\Microchip\xc8\v1.45\sources\common\strncpy.c
		_strncpy       		CODE           	163B6	0000	105

C:\Program Files (x86)\Microchip\xc8\v1.45\sources\common\strncpy.c estimated size: 105

