Microchip MPLAB XC8 Compiler V1.45 ()

Linker command line:

-W-3 --edf=C:\Program Files (x86)\Microchip\xc8\v1.45\dat\en_msgs.txt -cs \
  -h+dist/default/production\AC_Power_Meter.X.production.sym \
  --cmf=dist/default/production\AC_Power_Meter.X.production.cmf -z \
  -Q18LF67K40 -oC:\Users\DREWMA~1\AppData\Local\Temp\s3uk.2 \
  -Mdist/default/production/AC_Power_Meter.X.production.map -E1 -ver=XC8 \
  --acfsm=1493 -ASTACK=0680h-0de9h -pstack=STACK -ACODE=00h-01FFFFh \
  -ACONST=00h-01FFFFh -ASMALLCONST=0E00h-0EFFhx498 \
  -AMEDIUMCONST=0E00h-0FFFFh,010E00h-01FFFFh -ACOMRAM=01h-05Fh \
  -AABS1=00h-0DE9h -ABIGRAM=01h-0DE9h \
  -ARAM=060h-0FFh,0100h-01FFhx12,0D00h-0DE9h -ABANK0=060h-0FFh \
  -ABANK1=0100h-01FFh -ABANK2=0200h-02FFh -ABANK3=0300h-03FFh \
  -ABANK4=0400h-04FFh -ABANK5=0500h-05FFh -ABANK6=0600h-06FFh \
  -ABANK7=0700h-07FFh -ABANK8=0800h-08FFh -ABANK9=0900h-09FFh \
  -ABANK10=0A00h-0AFFh -ABANK11=0B00h-0BFFh -ABANK12=0C00h-0CFFh \
  -ABANK13=0D00h-0DE9h \
  -ASFR=0DEFh-0DFFh,0E00h-0EFFh,0F00h-0F5Fh,0F60h-0FFFh \
  -preset_vec=00h,intcode=08h,intcodelo=018h,powerup,init -pramtop=0E00h \
  -psmallconst=SMALLCONST -pmediumconst=MEDIUMCONST -pconst=CONST \
  -AFARRAM=00h-00h -ACONFIG=0300000h-030000Bh -pconfig=CONFIG \
  -AIDLOC=0200000h-020000Fh -pidloc=IDLOC -AEEDATA=0310000h-03103FFh \
  -peeprom_data=EEDATA \
  -prdata=COMRAM,nvrram=COMRAM,nvbit=COMRAM,rbss=COMRAM,rbit=COMRAM \
  -pfarbss=FARRAM,fardata=FARRAM,nvFARRAM=FARRAM \
  -pintsave_regs=BIGRAM,bigbss=BIGRAM,bigdata=BIGRAM -pbss=RAM \
  -pidata=CODE,irdata=CODE,ibigdata=CODE,ifardata=CODE -prparam=COMRAM \
  C:\Users\DREWMA~1\AppData\Local\Temp\s3uk.obj \
  dist/default/production\AC_Power_Meter.X.production.obj 

Object code version is 3.11

Machine type is 18LF67K40

Call graph: (short form)




                Name                               Link     Load   Length Selector   Space Scale
C:\Users\DREWMA~1\AppData\Local\Temp\s3uk.obj
                init                                10A      10A        4        C       0
                reset_vec                             0        0        4        0       0
                idloc                            200000   200000       10   200000       0
                config                           300000   300000        C   300000       0
dist/default/production\AC_Power_Meter.X.production.obj
                intcodelo                            18       18       F2        C       0
                intcode                               8        8        6        4       0
                temp                                 5F       5F        1        1       1
                mediumconst                        CBD6     CBD6     342A     65EB       0
                text259                            35E8     35E8       14        C       0
                text258                            37F0     37F0        4        C       0
                text257                            35D4     35D4       14        C       0
                text256                            374E     374E        C        C       0
                text255                            37EC     37EC        4        C       0
                text254                            311E     311E       2A        C       0
                text253                           1B404    1B404      33E     8000       0
                text252                           1FA44    1FA44      122     8000       0
                text251                             78C      78C       DC        C       0
                text250                           1EE4E    1EE4E      150     8000       0
                text249                            1AB4     1AB4       7A        C       0
                text248                           1FC82    1FC82      114     8000       0
                text247                           1D6C2    1D6C2      2B6     8000       0
                text246                            30F0     30F0       2E        C       0
                text245                            2876     2876       48        C       0
                text244                           1AA38    1AA38      350     8000       0
                text243                             20E      20E      100        C       0
                text242                           1C072    1C072      300     8000       0
                text241                            1944     1944       7C        C       0
                text240                            2DB8     2DB8       3C        C       0
                text239                           1E7B2    1E7B2      238     8000       0
                text238                           1C902    1C902      2C8     8000       0
                text237                           1BD62    1BD62      310     8000       0
                text236                            1D62     1D62       70        C       0
                text235                           1E0F8    1E0F8      24A     8000       0
                text234                           175BA    175BA      B2E     8000       0
                text233                            37FE     37FE        2        C       0
                text232                            31C0     31C0       28        C       0
                text231                            17C6     17C6       82        C       0
                text230                            20AA     20AA       66        C       0
                text229                            32F2     32F2       26        C       0
                text228                           1F6D8    1F6D8      128     8000       0
                text227                           1F352    1F352      132     8000       0
                text226                            1742     1742       84        C       0
                text225                            1CF2     1CF2       70        C       0
                text224                           1D978    1D978      2AE     8000       0
                text223                            3484     3484       1E        C       0
                text222                            2678     2678       4C        C       0
                text221                            378C     378C        A        C       0
                text220                           19BAC    19BAC      480     8000       0
                text219                           13E6E    13E6E     1F20     8000       0
                text218                            2D7C     2D7C       3C        C       0
                text217                             E64      E64       B0        C       0
                text216                            2DF4     2DF4       3A        C       0
                text215                            262C     262C       4C        C       0
                text214                            2B18     2B18       40        C       0
                text213                            37CA     37CA        6        C       0
                text212                            3466     3466       1E        C       0
                text211                            2A56     2A56       42        C       0
                text210                           1DC26    1DC26      26C     8000       0
                text209                            37E8     37E8        4        C       0
                text208                            34DA     34DA       1C        C       0
                text207                            35A6     35A6       18        C       0
                text206                            37FC     37FC        2        C       0
                text205                            3360     3360       24        C       0
                text204                            3782     3782        A        C       0
                text203                            358E     358E       18        C       0
                text202                            2592     2592       4E        C       0
                text201                            16BE     16BE       84        C       0
                text200                            37FA     37FA        2        C       0
                text199                            333C     333C       24        C       0
                text198                            32CC     32CC       26        C       0
                text197                            37E4     37E4        4        C       0
                text196                            3742     3742        C        C       0
                text195                            37F8     37F8        2        C       0
                text194                            2F3A     2F3A       34        C       0
                intcode_body                      1FD96    1FD96      108     8000       0
                text192                            2E9C     2E9C       36        C       0
                text191                            3778     3778        A        C       0
                text190                            1112     1112       A2        C       0
                text189                            2904     2904       46        C       0
                text188                            2458     2458       50        C       0
                text187                             FC2      FC2       AE        C       0
                text186                             AD2      AD2       C6        C       0
                text185                            2AD8     2AD8       40        C       0
                text184                            221A     221A       58        C       0
                text183                            1FDC     1FDC       68        C       0
                text182                            2D40     2D40       3C        C       0
                text181                            1A3A     1A3A       7A        C       0
                text180                            37E0     37E0        4        C       0
                text179                            37C4     37C4        6        C       0
                text178                            37DC     37DC        4        C       0
                text177                            37BE     37BE        6        C       0
                text176                            376E     376E        A        C       0
                text175                            3728     3728        E        C       0
                text174                             DB4      DB4       B0        C       0
                text173                             4E8      4E8       E8        C       0
                text172                            32A6     32A6       26        C       0
                text171                           1D40C    1D40C      2B6     8000       0
                text170                           1F922    1F922      122     8000       0
                text169                           1B0C6    1B0C6      33E     8000       0
                text168                           1A6E6    1A6E6      352     8000       0
                text167                             10E      10E      100        C       0
                text166                            30C0     30C0       30        C       0
                text165                            2C12     2C12       3E        C       0
                text164                           1E57A    1E57A      238     8000       0
                text163                           1C63A    1C63A      2C8     8000       0
                text162                           1BA52    1BA52      310     8000       0
                text161                            1C82     1C82       70        C       0
                text160                            3090     3090       30        C       0
                text159                            3544     3544       1A        C       0
                text158                            2A14     2A14       42        C       0
                text157                            340A     340A       20        C       0
                text156                            2D04     2D04       3C        C       0
                text155                            3280     3280       26        C       0
                text154                             6AE      6AE       DE        C       0
                text153                           1ECFA    1ECFA      154     8000       0
                text152                            18C6     18C6       7E        C       0
                text151                            1254     1254       A0        C       0
                text150                             C4E      C4E       B6        C       0
                text149                            282E     282E       48        C       0
                text148                            163A     163A       84        C       0
                text147                            1F74     1F74       68        C       0
                text146                            3198     3198       28        C       0
                text145                           1F5AE    1F5AE      12A     8000       0
                text144                           1F21E    1F21E      134     8000       0
                text143                            1530     1530       86        C       0
                text142                            1BA0     1BA0       72        C       0
                text141                           1CE90    1CE90      2C6     8000       0
                text140                            33C8     33C8       22        C       0
                text139                            2544     2544       4E        C       0
                text138                            371A     371A        E        C       0
                text137                           19708    19708      4A4     8000       0
                text136                           11F3C    11F3C     1F32     8000       0
                text135                            26C4     26C4       4A        C       0
                text134                            27E6     27E6       48        C       0
                text133                           180E8    180E8      8C4     8000       0
                text132                            37F6     37F6        2        C       0
                text131                            3318     3318       24        C       0
                text130                            325A     325A       26        C       0
                text129                            298E     298E       44        C       0
                text128                            37F4     37F4        2        C       0
                text127                            3170     3170       28        C       0
                text126                            3234     3234       26        C       0
                text125                            37B8     37B8        6        C       0
                text124                            379E     379E        8        C       0
                text123                            370C     370C        E        C       0
                text122                            3620     3620       12        C       0
                text121                           1FFFE    1FFFE        2     8000       0
                text120                            2F06     2F06       34        C       0
                text118                            3764     3764        A        C       0
                text117                            1070     1070       A2        C       0
                text116                            28BE     28BE       46        C       0
                text115                            2408     2408       50        C       0
                text114                            1F0C     1F0C       68        C       0
                text113                            12F4     12F4       9A        C       0
                text112                            36FE     36FE        E        C       0
                text111                            1DD2     1DD2       6A        C       0
                text110                            36F0     36F0        E        C       0
                text109                            36E2     36E2        E        C       0
                text108                            2044     2044       66        C       0
                text107                            36D4     36D4        E        C       0
                text106                            3448     3448       1E        C       0
                text105                            3796     3796        8        C       0
                text104                            3662     3662       10        C       0
                text103                            2E66     2E66       36        C       0
                text102                            342A     342A       1E        C       0
                text101                            34BE     34BE       1C        C       0
                text100                             940      940       CC        C       0
                text99                             34A2     34A2       1C        C       0
                text98                             36C6     36C6        E        C       0
                text97                             3060     3060       30        C       0
                text96                             36B8     36B8        E        C       0
                text95                             3030     3030       30        C       0
                text94                             36AA     36AA        E        C       0
                text93                             23B8     23B8       50        C       0
                text92                             369C     369C        E        C       0
                text91                             2F6E     2F6E       32        C       0
                text90                             368E     368E        E        C       0
                text89                             2272     2272       54        C       0
                text88                             2BD4     2BD4       3E        C       0
                text87                             2110     2110       5A        C       0
                text86                             352A     352A       1A        C       0
                text85                             22C6     22C6       52        C       0
                text84                            1EF9E    1EF9E      14C     8000       0
                text83                            1F800    1F800      122     8000       0
                text82                             2B96     2B96       3E        C       0
                text81                             2368     2368       50        C       0
                text80                            1DE92    1DE92      266     8000       0
                text79                            1D156    1D156      2B6     8000       0
                text78                             3000     3000       30        C       0
                text77                            1AD88    1AD88      33E     8000       0
                text76                             279E     279E       48        C       0
                text75                              5D0      5D0       DE        C       0
                text74                             15B6     15B6       84        C       0
                text73                             1EA4     1EA4       68        C       0
                text72                             3148     3148       28        C       0
                text71                            1EBA6    1EBA6      154     8000       0
                text70                            1F484    1F484      12A     8000       0
                text69                            1F0EA    1F0EA      134     8000       0
                text68                             14AA     14AA       86        C       0
                text67                             1B2E     1B2E       72        C       0
                text66                            1A394    1A394      352     8000       0
                text65                            1CBCA    1CBCA      2C6     8000       0
                text64                             33A6     33A6       22        C       0
                text63                             24F6     24F6       4E        C       0
                text62                             3510     3510       1A        C       0
                text61                            19264    19264      4A4     8000       0
                text60                            10000    10000     1F3C     8000       0
                text59                             2CC8     2CC8       3C        C       0
                text58                             3652     3652       10        C       0
                text57                             24A8     24A8       4E        C       0
                text56                              F14      F14       AE        C       0
                text55                              A0C      A0C       C6        C       0
                text54                             2A98     2A98       40        C       0
                text53                             21C2     21C2       58        C       0
                text52                             2C8C     2C8C       3C        C       0
                text51                             19C0     19C0       7A        C       0
                text50                             37D8     37D8        4        C       0
                text49                             37B2     37B2        6        C       0
                text48                             37D4     37D4        4        C       0
                text47                             37AC     37AC        6        C       0
                text46                             375A     375A        A        C       0
                text45                             3680     3680        E        C       0
                text44                              D04      D04       B0        C       0
                text43                              400      400       E8        C       0
                text42                             320E     320E       26        C       0
                text41                            1FE9E    1FE9E      100     8000       0
                text40                             2B58     2B58       3E        C       0
                text39                            1E342    1E342      238     8000       0
                text38                            1C372    1C372      2C8     8000       0
                text37                            1B742    1B742      310     8000       0
                text36                             1C12     1C12       70        C       0
                text35                             2FD0     2FD0       30        C       0
                text34                             34F6     34F6       1A        C       0
                text33                             29D2     29D2       42        C       0
                text32                             33EA     33EA       20        C       0
                text31                             2C50     2C50       3C        C       0
                text30                             31E8     31E8       26        C       0
                text29                             1848     1848       7E        C       0
                text28                             11B4     11B4       A0        C       0
                text27                              B98      B98       B6        C       0
                text26                             2756     2756       48        C       0
                text25                             270E     270E       48        C       0
                text24                            189AC    189AC      8B8     8000       0
                text23                             37D0     37D0        4        C       0
                text22                              868      868       D8        C       0
                text21                             3384     3384       22        C       0
                text20                             3672     3672        E        C       0
                text19                             2ED2     2ED2       34        C       0
                text18                             35BE     35BE       16        C       0
                text17                             2FA0     2FA0       30        C       0
                text16                            1FF9E    1FF9E       60     8000       0
                text15                             294A     294A       44        C       0
                text14                             2318     2318       50        C       0
                text13                             2E2E     2E2E       38        C       0
                text12                             216A     216A       58        C       0
                text11                             138E     138E       90        C       0
                text10                             141E     141E       8C        C       0
                text9                              3642     3642       10        C       0
                text8                              25E0     25E0       4C        C       0
                text7                              1E3C     1E3C       68        C       0
                text6                             1A02C    1A02C      368     8000       0
                text5                              360E     360E       12        C       0
                text4                             15D8E    15D8E     182C     8000       0
                text3                             1FB66    1FB66      11C     8000       0
                text2                              3632     3632       10        C       0
                text1                              3576     3576       18        C       0
                text0                             1E9EA    1E9EA      1BC     8000       0
                cstackCOMRAM                          1        1       5E        1       1
                cstackBANK0                          60       60       93       60       1
                cstackBANK1                         100      100       D6      100       1
                cstackBANK2                         200      200       76      200       1
                cstackBANK3                         300      300       E3      300       1
                cstackBANK4                         4BE      4BE       25      400       1
                cstackBANK5                         591      591       4E      500       1
                bssBANK6                            600      600       80      600       1
                dataBANK5                           5DF      5DF       12      500       1
                bssBANK5                            500      500       91      500       1
                dataBANK4                           4E3      4E3       18      400       1
                bssBANK4                            400      400       BE      400       1
                bssBANK3                            3E3      3E3        C      300       1
                dataBANK2                           2CD      2CD        C      200       1
                bssBANK2                            276      276       57      200       1
                dataBANK1                           1EB      1EB        1      100       1
                bssBANK1                            1D6      1D6       15      100       1
                dataBANK0                            F3       F3        6       60       1
                bssBANK0                             F9       F9        4       60       1
                bitbssBANK0                         7E8       FD        2       60       1     8
                cinit                               30E      30E       F2        C       0
                nvBANK3                             3EF      3EF        1      300       1
                idataBANK5                         35FC     35FC       12        C       0
                idataBANK4                         355E     355E       18        C       0
                idataBANK2                         3736     3736        C        C       0
                idataBANK1                         3800     3800        1        C       0
                idataBANK0                         37A6     37A6        6        C       0

TOTAL           Name                               Link     Load   Length     Space
        CLASS   STACK          

        CLASS   CODE           
                intcodelo                            18       18       F2         0
                intcode                               8        8        6         0
                init                                10A      10A        4         0
                reset_vec                             0        0        4         0
                text259                            35E8     35E8       14         0
                text258                            37F0     37F0        4         0
                text257                            35D4     35D4       14         0
                text256                            374E     374E        C         0
                text255                            37EC     37EC        4         0
                text254                            311E     311E       2A         0
                text253                           1B404    1B404      33E         0
                text252                           1FA44    1FA44      122         0
                text251                             78C      78C       DC         0
                text250                           1EE4E    1EE4E      150         0
                text249                            1AB4     1AB4       7A         0
                text248                           1FC82    1FC82      114         0
                text247                           1D6C2    1D6C2      2B6         0
                text246                            30F0     30F0       2E         0
                text245                            2876     2876       48         0
                text244                           1AA38    1AA38      350         0
                text243                             20E      20E      100         0
                text242                           1C072    1C072      300         0
                text241                            1944     1944       7C         0
                text240                            2DB8     2DB8       3C         0
                text239                           1E7B2    1E7B2      238         0
                text238                           1C902    1C902      2C8         0
                text237                           1BD62    1BD62      310         0
                text236                            1D62     1D62       70         0
                text235                           1E0F8    1E0F8      24A         0
                text234                           175BA    175BA      B2E         0
                text233                            37FE     37FE        2         0
                text232                            31C0     31C0       28         0
                text231                            17C6     17C6       82         0
                text230                            20AA     20AA       66         0
                text229                            32F2     32F2       26         0
                text228                           1F6D8    1F6D8      128         0
                text227                           1F352    1F352      132         0
                text226                            1742     1742       84         0
                text225                            1CF2     1CF2       70         0
                text224                           1D978    1D978      2AE         0
                text223                            3484     3484       1E         0
                text222                            2678     2678       4C         0
                text221                            378C     378C        A         0
                text220                           19BAC    19BAC      480         0
                text219                           13E6E    13E6E     1F20         0
                text218                            2D7C     2D7C       3C         0
                text217                             E64      E64       B0         0
                text216                            2DF4     2DF4       3A         0
                text215                            262C     262C       4C         0
                text214                            2B18     2B18       40         0
                text213                            37CA     37CA        6         0
                text212                            3466     3466       1E         0
                text211                            2A56     2A56       42         0
                text210                           1DC26    1DC26      26C         0
                text209                            37E8     37E8        4         0
                text208                            34DA     34DA       1C         0
                text207                            35A6     35A6       18         0
                text206                            37FC     37FC        2         0
                text205                            3360     3360       24         0
                text204                            3782     3782        A         0
                text203                            358E     358E       18         0
                text202                            2592     2592       4E         0
                text201                            16BE     16BE       84         0
                text200                            37FA     37FA        2         0
                text199                            333C     333C       24         0
                text198                            32CC     32CC       26         0
                text197                            37E4     37E4        4         0
                text196                            3742     3742        C         0
                text195                            37F8     37F8        2         0
                text194                            2F3A     2F3A       34         0
                intcode_body                      1FD96    1FD96      108         0
                text192                            2E9C     2E9C       36         0
                text191                            3778     3778        A         0
                text190                            1112     1112       A2         0
                text189                            2904     2904       46         0
                text188                            2458     2458       50         0
                text187                             FC2      FC2       AE         0
                text186                             AD2      AD2       C6         0
                text185                            2AD8     2AD8       40         0
                text184                            221A     221A       58         0
                text183                            1FDC     1FDC       68         0
                text182                            2D40     2D40       3C         0
                text181                            1A3A     1A3A       7A         0
                text180                            37E0     37E0        4         0
                text179                            37C4     37C4        6         0
                text178                            37DC     37DC        4         0
                text177                            37BE     37BE        6         0
                text176                            376E     376E        A         0
                text175                            3728     3728        E         0
                text174                             DB4      DB4       B0         0
                text173                             4E8      4E8       E8         0
                text172                            32A6     32A6       26         0
                text171                           1D40C    1D40C      2B6         0
                text170                           1F922    1F922      122         0
                text169                           1B0C6    1B0C6      33E         0
                text168                           1A6E6    1A6E6      352         0
                text167                             10E      10E      100         0
                text166                            30C0     30C0       30         0
                text165                            2C12     2C12       3E         0
                text164                           1E57A    1E57A      238         0
                text163                           1C63A    1C63A      2C8         0
                text162                           1BA52    1BA52      310         0
                text161                            1C82     1C82       70         0
                text160                            3090     3090       30         0
                text159                            3544     3544       1A         0
                text158                            2A14     2A14       42         0
                text157                            340A     340A       20         0
                text156                            2D04     2D04       3C         0
                text155                            3280     3280       26         0
                text154                             6AE      6AE       DE         0
                text153                           1ECFA    1ECFA      154         0
                text152                            18C6     18C6       7E         0
                text151                            1254     1254       A0         0
                text150                             C4E      C4E       B6         0
                text149                            282E     282E       48         0
                text148                            163A     163A       84         0
                text147                            1F74     1F74       68         0
                text146                            3198     3198       28         0
                text145                           1F5AE    1F5AE      12A         0
                text144                           1F21E    1F21E      134         0
                text143                            1530     1530       86         0
                text142                            1BA0     1BA0       72         0
                text141                           1CE90    1CE90      2C6         0
                text140                            33C8     33C8       22         0
                text139                            2544     2544       4E         0
                text138                            371A     371A        E         0
                text137                           19708    19708      4A4         0
                text136                           11F3C    11F3C     1F32         0
                text135                            26C4     26C4       4A         0
                text134                            27E6     27E6       48         0
                text133                           180E8    180E8      8C4         0
                text132                            37F6     37F6        2         0
                text131                            3318     3318       24         0
                text130                            325A     325A       26         0
                text129                            298E     298E       44         0
                text128                            37F4     37F4        2         0
                text127                            3170     3170       28         0
                text126                            3234     3234       26         0
                text125                            37B8     37B8        6         0
                text124                            379E     379E        8         0
                text123                            370C     370C        E         0
                text122                            3620     3620       12         0
                text121                           1FFFE    1FFFE        2         0
                text120                            2F06     2F06       34         0
                text118                            3764     3764        A         0
                text117                            1070     1070       A2         0
                text116                            28BE     28BE       46         0
                text115                            2408     2408       50         0
                text114                            1F0C     1F0C       68         0
                text113                            12F4     12F4       9A         0
                text112                            36FE     36FE        E         0
                text111                            1DD2     1DD2       6A         0
                text110                            36F0     36F0        E         0
                text109                            36E2     36E2        E         0
                text108                            2044     2044       66         0
                text107                            36D4     36D4        E         0
                text106                            3448     3448       1E         0
                text105                            3796     3796        8         0
                text104                            3662     3662       10         0
                text103                            2E66     2E66       36         0
                text102                            342A     342A       1E         0
                text101                            34BE     34BE       1C         0
                text100                             940      940       CC         0
                text99                             34A2     34A2       1C         0
                text98                             36C6     36C6        E         0
                text97                             3060     3060       30         0
                text96                             36B8     36B8        E         0
                text95                             3030     3030       30         0
                text94                             36AA     36AA        E         0
                text93                             23B8     23B8       50         0
                text92                             369C     369C        E         0
                text91                             2F6E     2F6E       32         0
                text90                             368E     368E        E         0
                text89                             2272     2272       54         0
                text88                             2BD4     2BD4       3E         0
                text87                             2110     2110       5A         0
                text86                             352A     352A       1A         0
                text85                             22C6     22C6       52         0
                text84                            1EF9E    1EF9E      14C         0
                text83                            1F800    1F800      122         0
                text82                             2B96     2B96       3E         0
                text81                             2368     2368       50         0
                text80                            1DE92    1DE92      266         0
                text79                            1D156    1D156      2B6         0
                text78                             3000     3000       30         0
                text77                            1AD88    1AD88      33E         0
                text76                             279E     279E       48         0
                text75                              5D0      5D0       DE         0
                text74                             15B6     15B6       84         0
                text73                             1EA4     1EA4       68         0
                text72                             3148     3148       28         0
                text71                            1EBA6    1EBA6      154         0
                text70                            1F484    1F484      12A         0
                text69                            1F0EA    1F0EA      134         0
                text68                             14AA     14AA       86         0
                text67                             1B2E     1B2E       72         0
                text66                            1A394    1A394      352         0
                text65                            1CBCA    1CBCA      2C6         0
                text64                             33A6     33A6       22         0
                text63                             24F6     24F6       4E         0
                text62                             3510     3510       1A         0
                text61                            19264    19264      4A4         0
                text60                            10000    10000     1F3C         0
                text59                             2CC8     2CC8       3C         0
                text58                             3652     3652       10         0
                text57                             24A8     24A8       4E         0
                text56                              F14      F14       AE         0
                text55                              A0C      A0C       C6         0
                text54                             2A98     2A98       40         0
                text53                             21C2     21C2       58         0
                text52                             2C8C     2C8C       3C         0
                text51                             19C0     19C0       7A         0
                text50                             37D8     37D8        4         0
                text49                             37B2     37B2        6         0
                text48                             37D4     37D4        4         0
                text47                             37AC     37AC        6         0
                text46                             375A     375A        A         0
                text45                             3680     3680        E         0
                text44                              D04      D04       B0         0
                text43                              400      400       E8         0
                text42                             320E     320E       26         0
                text41                            1FE9E    1FE9E      100         0
                text40                             2B58     2B58       3E         0
                text39                            1E342    1E342      238         0
                text38                            1C372    1C372      2C8         0
                text37                            1B742    1B742      310         0
                text36                             1C12     1C12       70         0
                text35                             2FD0     2FD0       30         0
                text34                             34F6     34F6       1A         0
                text33                             29D2     29D2       42         0
                text32                             33EA     33EA       20         0
                text31                             2C50     2C50       3C         0
                text30                             31E8     31E8       26         0
                text29                             1848     1848       7E         0
                text28                             11B4     11B4       A0         0
                text27                              B98      B98       B6         0
                text26                             2756     2756       48         0
                text25                             270E     270E       48         0
                text24                            189AC    189AC      8B8         0
                text23                             37D0     37D0        4         0
                text22                              868      868       D8         0
                text21                             3384     3384       22         0
                text20                             3672     3672        E         0
                text19                             2ED2     2ED2       34         0
                text18                             35BE     35BE       16         0
                text17                             2FA0     2FA0       30         0
                text16                            1FF9E    1FF9E       60         0
                text15                             294A     294A       44         0
                text14                             2318     2318       50         0
                text13                             2E2E     2E2E       38         0
                text12                             216A     216A       58         0
                text11                             138E     138E       90         0
                text10                             141E     141E       8C         0
                text9                              3642     3642       10         0
                text8                              25E0     25E0       4C         0
                text7                              1E3C     1E3C       68         0
                text6                             1A02C    1A02C      368         0
                text5                              360E     360E       12         0
                text4                             15D8E    15D8E     182C         0
                text3                             1FB66    1FB66      11C         0
                text2                              3632     3632       10         0
                text1                              3576     3576       18         0
                text0                             1E9EA    1E9EA      1BC         0
                cinit                               30E      30E       F2         0
                idataBANK5                         35FC     35FC       12         0
                idataBANK4                         355E     355E       18         0
                idataBANK2                         3736     3736        C         0
                idataBANK1                         3800     3800        1         0
                idataBANK0                         37A6     37A6        6         0

        CLASS   CONST          

        CLASS   SMALLCONST     

        CLASS   MEDIUMCONST    
                mediumconst                        CBD6     CBD6     342A         0

        CLASS   COMRAM         
                temp                                 5F       5F        1         1
                cstackCOMRAM                          1        1       5E         1

        CLASS   ABS1           

        CLASS   BIGRAM         

        CLASS   RAM            

        CLASS   BANK0          
                cstackBANK0                          60       60       93         1
                dataBANK0                            F3       F3        6         1
                bssBANK0                             F9       F9        4         1
                bitbssBANK0                         7E8       FD        2         1

        CLASS   BANK1          
                cstackBANK1                         100      100       D6         1
                dataBANK1                           1EB      1EB        1         1
                bssBANK1                            1D6      1D6       15         1

        CLASS   BANK2          
                cstackBANK2                         200      200       76         1
                dataBANK2                           2CD      2CD        C         1
                bssBANK2                            276      276       57         1

        CLASS   BANK3          
                cstackBANK3                         300      300       E3         1
                bssBANK3                            3E3      3E3        C         1
                nvBANK3                             3EF      3EF        1         1

        CLASS   BANK4          
                cstackBANK4                         4BE      4BE       25         1
                dataBANK4                           4E3      4E3       18         1
                bssBANK4                            400      400       BE         1

        CLASS   BANK5          
                cstackBANK5                         591      591       4E         1
                dataBANK5                           5DF      5DF       12         1
                bssBANK5                            500      500       91         1

        CLASS   BANK6          
                bssBANK6                            600      600       80         1

        CLASS   BANK7          

        CLASS   BANK8          

        CLASS   BANK9          

        CLASS   BANK10         

        CLASS   BANK11         

        CLASS   BANK12         

        CLASS   BANK13         

        CLASS   SFR            

        CLASS   FARRAM         

        CLASS   CONFIG         
                config                           300000   300000        C         0

        CLASS   IDLOC          
                idloc                            200000   200000       10         0

        CLASS   EEDATA         



SEGMENTS        Name                           Load    Length   Top    Selector   Space  Class

                reset_vec                      000000  000004  000004         0       0  CODE    
                cstackCOMRAM                   000001  00005F  000060         1       1  COMRAM  
                intcode                        000008  000006  00000E         4       0  CODE    
                intcodelo                      000018  0037E9  003801         C       0  CODE    
                cstackBANK0                    000060  00009E  0000FE        60       1  BANK0   
                cstackBANK1                    000100  0000EC  0001EC       100       1  BANK1   
                cstackBANK2                    000200  0000D9  0002D9       200       1  BANK2   
                cstackBANK3                    000300  0000F0  0003F0       300       1  BANK3   
                bssBANK4                       000400  0000FB  0004FB       400       1  BANK4   
                bssBANK5                       000500  0000F1  0005F1       500       1  BANK5   
                bssBANK6                       000600  000080  000680       600       1  BANK6   
                mediumconst                    00CBD6  00342A  010000      65EB       0  MEDIUMCO
                text60                         010000  010000  020000      8000       0  CODE    
                idloc                          200000  000010  200010    200000       0  IDLOC   
                config                         300000  00000C  30000C    300000       0  CONFIG  


UNUSED ADDRESS RANGES

        Name                Unused          Largest block    Delta
        BANK0            0000FE-0000FF                2
        BANK1            0001EC-0001FF               14
        BANK10           000A00-000AFF              100
        BANK11           000B00-000BFF              100
        BANK12           000C00-000CFF              100
        BANK13           000D00-000DE9               EA
        BANK2            0002D9-0002FF               27
        BANK3            0003F0-0003FF               10
        BANK4            0004FB-0004FF                5
        BANK5            0005F1-0005FF                F
        BANK6            000680-0006FF               80
        BANK7            000700-0007FF              100
        BANK8            000800-0008FF              100
        BANK9            000900-0009FF              100
        BIGRAM           0000FE-0000FF                2
                         0001EC-0001FF               14
                         0002D9-0002FF               27
                         0003F0-0003FF               10
                         0004FB-0004FF                5
                         0005F1-0005FF                F
                         000680-000DE9              76A
        CODE             000004-000007                4
                         00000E-000017                A
                         003801-00CBD5             93D5
        CONST            000004-000007                4
                         00000E-000017                A
                         003801-00CBD5             93D5
        EEDATA           310000-3103FF              400
        MEDIUMCONST      003801-00CBD5             93D5
        RAM              0000FE-0000FF                2
                         0001EC-0001FF               14
                         0002D9-0002FF               27
                         0003F0-0003FF               10
                         0004FB-0004FF                5
                         0005F1-0005FF                F
                         000680-000DE9              100
        SFR              000DEF-000FFF              100
        SMALLCONST       003801-00CBD5              100
        STACK            000680-000DE9              76A

                                  Symbol Table

?_ADCC_GetConversionResult                     cstackCOMRAM 000001
?_ADCC_GetFilterValue                          cstackCOMRAM 000001
?_FLASH_ReadWord                               cstackBANK3  000304
?___awdiv                                      cstackBANK3  000306
?___awmod                                      cstackBANK3  000300
?___fladd                                      cstackBANK3  000334
?___fldiv                                      cstackBANK3  000348
?___flmul                                      cstackBANK3  000361
?___flneg                                      cstackBANK3  000330
?___flsub                                      cstackBANK3  000348
?___fltol                                      cstackBANK3  00030E
?___ftdiv                                      cstackBANK3  00030B
?___ftpack                                     cstackBANK3  000300
?___lldiv                                      cstackBANK3  000300
?___llmod                                      cstackBANK3  00030D
?___lwtoft                                     cstackBANK3  000308
?___wmul                                       cstackBANK3  000300
?___xxtofl                                     cstackBANK3  000318
?__div_to_l_                                   cstackBANK3  000300
?__doprnt                                      cstackBANK3  000387
?__tdiv_to_l_                                  cstackBANK3  000300
?_abs                                          cstackBANK0  00007D
?_acos                                         cstackBANK3  0003B7
?_asin                                         cstackBANK3  00039F
?_atan                                         cstackBANK3  00038A
?_atoi                                         cstackBANK3  000306
?_currentMeasuredToPeak                        cstackBANK0  0000AC
?_eval_poly                                    cstackBANK3  00037A
?_fabs                                         cstackBANK3  000334
?_floor                                        cstackBANK0  000089
?_fround                                       cstackBANK3  00037A
?_getCauseOfResetString                        cstackBANK3  000300
?_getCauseOfResetStringSmall                   cstackBANK3  000300
?_getDeviceID                                  cstackBANK3  00030B
?_getDeviceIDString                            cstackBANK3  00030D
?_getUserID                                    cstackBANK3  00030B
?_peakToRMS                                    cstackBANK0  0000C2
?_printf                                       cstackBANK3  0003B1
?_readDoubleFromEEPROM                         cstackBANK3  000302
?_round                                        cstackBANK3  0003BF
?_scale                                        cstackBANK3  00037A
?_sin                                          cstackBANK0  00009B
?_sprintf                                      cstackBANK3  0003B1
?_sqrt                                         cstackBANK3  00037A
?_strchr                                       cstackBANK3  000300
?_strcmp                                       cstackBANK3  000300
?_strlen                                       cstackBANK3  000300
?_strncmp                                      cstackBANK3  000306
?_strstr                                       cstackBANK3  00030F
?_trunc                                        cstackBANK3  000326
?i1_FLASH_ReadWord                             cstackBANK1  000116
?i1___awdiv                                    cstackBANK1  000118
?i1___awmod                                    cstackBANK1  000112
?i1___fladd                                    cstackBANK1  000181
?i1___fldiv                                    cstackBANK1  000120
?i1___flmul                                    cstackBANK1  000139
?i1___flneg                                    cstackBANK1  00017D
?i1___flsub                                    cstackBANK1  000195
?i1___fltol                                    cstackBANK1  00015B
?i1___ftdiv                                    cstackBANK1  00011D
?i1___ftpack                                   cstackBANK1  000112
?i1___lldiv                                    cstackBANK1  000112
?i1___llmod                                    cstackBANK1  00011F
?i1___lwtoft                                   cstackBANK1  00011A
?i1___wmul                                     cstackBANK1  000112
?i1___xxtofl                                   cstackBANK1  000165
?i1__div_to_l_                                 cstackBANK1  000112
?i1__tdiv_to_l_                                cstackBANK1  000112
?i1_acos                                       cstackBANK1  0001D2
?i1_asin                                       cstackBANK1  0001BA
?i1_atan                                       cstackBANK1  0001A5
?i1_eval_poly                                  cstackBANK1  000195
?i1_fabs                                       cstackBANK1  000181
?i1_fround                                     cstackBANK1  000152
?i1_getCauseOfResetStringSmall                 cstackBANK1  000112
?i1_getDeviceID                                cstackBANK1  00011D
?i1_round                                      cstackBANK2  000204
?i1_scale                                      cstackBANK1  000152
?i1_sprintf                                    cstackBANK1  0001CB
?i1_sqrt                                       cstackBANK1  000195
?i1_trunc                                      cstackBANK1  000173
?i2___awdiv                                    cstackCOMRAM 000007
?i2___awmod                                    cstackCOMRAM 000001
?i2___fladd                                    cstackBANK0  00006D
?i2___fldiv                                    cstackCOMRAM 000049
?i2___flmul                                    cstackCOMRAM 00000F
?i2___flneg                                    cstackCOMRAM 000055
?i2___flsub                                    cstackBANK0  000093
?i2___fltol                                    cstackCOMRAM 000031
?i2___lldiv                                    cstackCOMRAM 000001
?i2___llmod                                    cstackCOMRAM 00000E
?i2___wmul                                     cstackCOMRAM 000001
?i2___xxtofl                                   cstackCOMRAM 00003B
?i2__div_to_l_                                 cstackCOMRAM 000001
?i2__doprnt                                    cstackBANK0  00009B
?i2__tdiv_to_l_                                cstackCOMRAM 000001
?i2_acos                                       cstackBANK0  0000BA
?i2_asin                                       cstackBANK0  0000A2
?i2_atan                                       cstackBANK0  00008D
?i2_eval_poly                                  cstackBANK0  00007D
?i2_fabs                                       cstackCOMRAM 000059
?i2_fround                                     cstackCOMRAM 000028
?i2_printf                                     cstackBANK0  0000C5
?i2_readDoubleFromEEPROM                       cstackCOMRAM 000003
?i2_scale                                      cstackCOMRAM 000028
?i2_sqrt                                       cstackBANK0  00007D
ADCC_SetADTIInterruptHandler@InterruptHandler  cstackBANK3  000300
ADCC_StartConversion@channel                   cstackBANK1  000112
ADC_PostProcessingCallback@current_adc_channel cstackBANK0  0000EA
DATAEE_ReadByte@bAdd                           cstackBANK3  000300
DATAEE_WriteByte@GIEBitValue                   cstackBANK3  000303
DATAEE_WriteByte@bAdd                          cstackBANK3  000300
DATAEE_WriteByte@bData                         cstackBANK3  000302
EUSART2_Read@readValue                         cstackBANK3  000300
EUSART2_SetRxInterruptHandler@interruptHandler cstackBANK3  000300
EUSART2_SetTxInterruptHandler@interruptHandler cstackBANK3  000300
EUSART2_Write@txData                           cstackBANK3  000300
FLASH_ReadByte@flashAddr                       cstackBANK3  000300
FLASH_ReadWord@flashAddr                       cstackBANK3  000304
I2C1_ISR@i2c_10bit_address_restart             bssBANK1     0001E8
I2C1_ISR@i2c_address                           bssBANK0     0000FB
I2C1_ISR@i2c_bytes_left                        bssBANK1     0001E9
I2C1_ISR@pi2c_buf_ptr                          bssBANK1     0001DA
I2C1_MasterRead@trBlock                        bssBANK4     0004B4
I2C1_MasterTRBInsert@count                     cstackBANK3  000305
I2C1_MasterTRBInsert@pflag                     cstackBANK3  000302
I2C1_MasterTRBInsert@ptrb_list                 cstackBANK3  000300
I2C1_MasterWrite@address                       cstackBANK3  00030C
I2C1_MasterWrite@length                        cstackBANK3  00030B
I2C1_MasterWrite@pdata                         cstackBANK3  000309
I2C1_MasterWrite@pflag                         cstackBANK3  00030E
I2C1_MasterWrite@trBlock                       bssBANK4     0004B9
I2C1_MasterWriteTRBBuild@address               cstackBANK3  000305
I2C1_MasterWriteTRBBuild@length                cstackBANK3  000304
I2C1_MasterWriteTRBBuild@pdata                 cstackBANK3  000302
I2C1_MasterWriteTRBBuild@ptrb                  cstackBANK3  000300
I2C1_Stop@completion_code                      cstackCOMRAM 000003
INT0_SetInterruptHandler@InterruptHandler      cstackBANK3  000300
OLED_Clear@col                                 cstackBANK3  000323
OLED_Clear@row                                 cstackBANK3  000321
OLED_Command@data_array                        cstackBANK3  000312
OLED_Command@length                            cstackBANK3  000311
OLED_Command@temp                              cstackBANK3  000310
OLED_PutChar@ch                                cstackBANK3  000320
OLED_PutChar@data_array                        cstackBANK3  000314
OLED_PutChar@input_base                        cstackBANK3  00031D
OLED_PutChar@length                            cstackBANK3  00031F
OLED_WriteString@s                             cstackBANK3  000321
OLED_YX@Column                                 cstackBANK3  000314
OLED_YX@Row                                    cstackBANK3  000316
OLED_updateCallback@TRIAC_degrees              cstackBANK5  000595
OLED_updateCallback@angle_string               cstackBANK5  0005CE
OLED_updateCallback@dev_id_str                 cstackBANK5  00059B
OLED_updateCallback@percentage                 cstackBANK5  000598
OLED_updateCallback@percentage_string          cstackBANK5  0005BD
OLED_updateCallback@rev_id_str                 cstackBANK5  0005AC
TMR2_Counter8BitSet@timerVal                   cstackBANK3  000300
TMR2_SetInterruptHandler@InterruptHandler      cstackBANK3  000300
TMR2_WriteTimer@timerVal                       cstackBANK3  000301
TMR4_ISR@CountCallBack                         bssBANK1     0001E0
TMR4_SetInterruptHandler@InterruptHandler      cstackBANK3  000300
TMR5_SetInterruptHandler@InterruptHandler      cstackBANK3  000300
TMR5_WriteTimer@timerVal                       cstackCOMRAM 000001
TMR6_SetInterruptHandler@InterruptHandler      cstackBANK3  000300
TMR7_SetInterruptHandler@InterruptHandler      cstackBANK3  000300
TMR7_WriteTimer@timerVal                       cstackBANK1  000112
_ADACCH                                        (abs)        000F71
_ADACCL                                        (abs)        000F70
_ADACQ                                         (abs)        000F5C
_ADACT                                         (abs)        000F56
_ADCAP                                         (abs)        000F5D
_ADCC_ADTI_InterruptHandler                    bssBANK2     0002B1
_ADCC_ClearAccumulator                         text125      0037B8
_ADCC_DefaultInterruptHandler                  text233      0037FE
_ADCC_DischargeSampleCapacitor                 text124      00379E
_ADCC_GetConversionResult                      text259      0035E8
_ADCC_GetCurrentCountofConversions             text258      0037F0
_ADCC_GetFilterValue                           text257      0035D4
_ADCC_HasAccumulatorOverflowed                 text256      00374E
_ADCC_Initialize                               text111      001DD2
_ADCC_SetADTIInterruptHandler                  text112      0036FE
_ADCC_StartConversion                          text123      00370C
_ADCC_StopConversion                           text255      0037EC
_ADCC_ThresholdISR                             text232      0031C0
_ADCLK                                         (abs)        000F57
_ADCNT                                         (abs)        000F67
_ADCON0                                        (abs)        000F60
_ADCON0bits                                    (abs)        000F60
_ADCON1                                        (abs)        000F59
_ADCON1bits                                    (abs)        000F59
_ADCON2                                        (abs)        000F5A
_ADCON2bits                                    (abs)        000F5A
_ADCON3                                        (abs)        000F5B
_ADCON3bits                                    (abs)        000F5B
_ADC_PostProcessingCallback                    text234      0175BA
_ADC_PostProcessingCallback$6448               cstackBANK0  0000EB
_ADC_PostProcessingCallback$6449               cstackBANK0  0000EF
_ADC_PostProcessingCallback$6450               cstackBANK0  0000DA
_ADC_PostProcessingCallback$6451               cstackBANK0  0000DE
_ADC_PostProcessingCallback$6452               cstackBANK0  0000E2
_ADC_PostProcessingCallback$6453               cstackBANK0  0000E6
_ADC_Result_Scaling                            bssBANK2     00029A
_ADERRH                                        (abs)        000F6F
_ADERRL                                        (abs)        000F6E
_ADFLTRH                                       (abs)        000F73
_ADFLTRL                                       (abs)        000F72
_ADLTHH                                        (abs)        000F6B
_ADLTHL                                        (abs)        000F6A
_ADPCH                                         (abs)        000F5F
_ADPRE                                         (abs)        000F5E
_ADPREVH                                       (abs)        000F62
_ADPREVL                                       (abs)        000F61
_ADREF                                         (abs)        000F58
_ADRESH                                        (abs)        000F64
_ADRESL                                        (abs)        000F63
_ADRPT                                         (abs)        000F66
_ADSTAT                                        (abs)        000F65
_ADSTATbits                                    (abs)        000F65
_ADSTPTH                                       (abs)        000F69
_ADSTPTL                                       (abs)        000F68
_ADUTHH                                        (abs)        000F6D
_ADUTHL                                        (abs)        000F6C
_ANSELA                                        (abs)        000E92
_ANSELB                                        (abs)        000E9A
_ANSELD                                        (abs)        000EA7
_ANSELE                                        (abs)        000EAF
_ANSELF                                        (abs)        000EB4
_ANSELG                                        (abs)        000EBC
_AVSS_ADC_Result                               bssBANK3     0003EB
_Avg_Power                                     bssBANK2     000286
_BAUD2CON                                      (abs)        000EF7
_CountCallBack                                 bssBANK2     0002BB
_DATAEE_ReadByte                               text86       00352A
_DATAEE_WriteByte                              text82       002B96
_EUSART2_Initialize                            text108      002044
_EUSART2_Read                                  text57       0024A8
_EUSART2_Receive_ISR                           text217      000E64
_EUSART2_RxDefaultInterruptHandler             bssBANK4     000424
_EUSART2_SetRxInterruptHandler                 text110      0036F0
_EUSART2_SetTxInterruptHandler                 text109      0036E2
_EUSART2_Transmit_ISR                          text192      002E9C
_EUSART2_TxDefaultInterruptHandler             bssBANK4     000427
_EUSART2_Write                                 text63       0024F6
_EXT_INT_Initialize                            text106      003448
_FLASH_ReadByte                                text34       0034F6
_FLASH_ReadWord                                text33       0029D2
_FVRCON                                        (abs)        000EC4
_FVRCONbits                                    (abs)        000EC4
_FVR_ADC_Result                                bssBANK2     0002C8
_FVR_Initialize                                text105      003796
_HLVDCON0                                      (abs)        000EC2
_HLVDCON0bits                                  (abs)        000EC2
_HLVDCON1                                      (abs)        000EC3
_HLVD_ISR                                      text214      002B18
_HLVD_Initialize                               text104      003662
_I2C1_BusCollisionISR                          text213      0037CA
_I2C1_FunctionComplete                         text212      003466
_I2C1_ISR                                      text210      01DC26
_I2C1_Initialize                               text103      002E66
_I2C1_MasterTRBInsert                          text117      001070
_I2C1_MasterWrite                              text115      002408
_I2C1_MasterWriteTRBBuild                      text116      0028BE
_I2C1_Stop                                     text211      002A56
_I2C1_WaitForLastPacketToComplete              text118      003764
_INT0PPS                                       (abs)        000DF0
_INT0_CallBack                                 text205      003360
_INT0_DefaultInterruptHandler                  text206      0037FC
_INT0_ISR                                      text204      003782
_INT0_InterruptHandler                         bssBANK2     0002A8
_INT0_SetInterruptHandler                      text107      0036D4
_INTCONbits                                    (abs)        000FF2
_INTERRUPT_Initialize                          text102      00342A
_INTERRUPT_InterruptManagerHigh                intcode      000008
_INTERRUPT_InterruptManagerLow                 intcodelo    000018
_IPR0bits                                      (abs)        000E1F
_IPR1bits                                      (abs)        000E20
_IPR2bits                                      (abs)        000E21
_IPR3bits                                      (abs)        000E22
_IPR5bits                                      (abs)        000E24
_Imeas                                         bssBANK3     0003E7
_Ipk                                           bssBANK1     0001D6
_Irms                                          bssBANK2     00028A
_Irms_offset                                   dataBANK2    0002CD
_LATA                                          (abs)        000F79
_LATB                                          (abs)        000F7A
_LATC                                          (abs)        000F7B
_LATD                                          (abs)        000F7C
_LATE                                          (abs)        000F7D
_LATF                                          (abs)        000F7E
_LATFbits                                      (abs)        000F7E
_LATG                                          (abs)        000F7F
_LATGbits                                      (abs)        000F7F
_LATH                                          (abs)        000F80
_NVMADRH                                       (abs)        000F75
_NVMADRL                                       (abs)        000F74
_NVMCON1bits                                   (abs)        000F77
_NVMCON2                                       (abs)        000F78
_NVMDAT                                        (abs)        000F76
_ODCONA                                        (abs)        000E90
_ODCONB                                        (abs)        000E98
_ODCONC                                        (abs)        000EA0
_ODCOND                                        (abs)        000EA5
_ODCONE                                        (abs)        000EAD
_ODCONF                                        (abs)        000EB2
_ODCONG                                        (abs)        000EBA
_ODCONH                                        (abs)        000EBF
_OLED_Clear                                    text54       002A98
[...]

mcc_generated_files/tmr4.c estimated size: 143

C:\Program Files (x86)\Microchip\xc8\v1.45\sources\common\round.c
		_round         		CODE           	0B98	0000	183

C:\Program Files (x86)\Microchip\xc8\v1.45\sources\common\round.c estimated size: 183

mcc_generated_files/tmr2.c
		_TMR2_ISR      		CODE           	325A	0000	39
		_TMR2_Initialize		CODE           	3060	0000	49
		_TMR2_Stop     		CODE           	37D4	0000	5
		_TMR2_Start    		CODE           	37D8	0000	5
		_TMR2_SetInterruptHandler		CODE           	36C6	0000	15
		_TMR2_Counter8BitSet		CODE           	375A	0000	11
		_TMR2_StopTimer		CODE           	37AC	0000	7
		_TMR2_DefaultInterruptHandler		CODE           	37F6	0000	3
		_TMR2_CallBack 		CODE           	3318	0000	37
		_TMR2_WriteTimer		CODE           	3680	0000	15
		_TMR2_StartTimer		CODE           	37B2	0000	7

mcc_generated_files/tmr2.c estimated size: 193

mcc_generated_files/interrupt_manager.c
		_INTERRUPT_Initialize		CODE           	342A	0000	31
		_INTERRUPT_InterruptManagerLow		CODE           	0018	0000	243
		_INTERRUPT_InterruptManagerHigh		CODE           	0008	0000	271

mcc_generated_files/interrupt_manager.c estimated size: 545

C:\Program Files (x86)\Microchip\xc8\v1.45\sources\common\Umul16.c
		___wmul        		CODE           	3148	0000	41

C:\Program Files (x86)\Microchip\xc8\v1.45\sources\common\Umul16.c estimated size: 41

mcc_generated_files/i2c1.c
		_I2C1_BusCollisionISR		CODE           	37CA	0000	7
		_I2C1_FunctionComplete		CODE           	3466	0000	31
		_I2C1_MasterWriteTRBBuild		CODE           	28BE	0000	71
		_I2C1_ISR      		CODE           	1DC26	0000	621
		_I2C1_MasterWrite		CODE           	2408	0000	81
		_I2C1_Initialize		CODE           	2E66	0000	55
		_I2C1_Stop     		CODE           	2A56	0000	67
		_I2C1_WaitForLastPacketToComplete		CODE           	3764	0000	11
		_I2C1_MasterTRBInsert		CODE           	1070	0000	163

mcc_generated_files/i2c1.c estimated size: 1107

double_to_EEPROM.c
		_readDoubleFromEEPROM		CODE           	22C6	0000	83
		_writeDoubleToEEPROM		CODE           	2368	0000	81

double_to_EEPROM.c estimated size: 164

C:\Program Files (x86)\Microchip\xc8\v1.45\sources\common\frexp.c
		_frexp         		CODE           	1848	0000	127

C:\Program Files (x86)\Microchip\xc8\v1.45\sources\common\frexp.c estimated size: 127

mcc_generated_files/pin_manager.c
		_PIN_MANAGER_Initialize		CODE           	0940	0000	205

mcc_generated_files/pin_manager.c estimated size: 205

C:\Program Files (x86)\Microchip\xc8\v1.45\sources\common\fabs.c
		_fabs          		CODE           	2B58	0000	63

C:\Program Files (x86)\Microchip\xc8\v1.45\sources\common\fabs.c estimated size: 63

C:\Program Files (x86)\Microchip\xc8\v1.45\sources\common\isdigit.c
		_isdigit       		CODE           	33A6	0000	35

C:\Program Files (x86)\Microchip\xc8\v1.45\sources\common\isdigit.c estimated size: 35

C:\Program Files (x86)\Microchip\xc8\v1.45\sources\common\sprcadd.c
		___flsub       		CODE           	279E	0000	73
		___fladd       		CODE           	1AD88	0000	831

C:\Program Files (x86)\Microchip\xc8\v1.45\sources\common\sprcadd.c estimated size: 904

C:\Program Files (x86)\Microchip\xc8\v1.45\sources\common\floor.c
		_floor         		CODE           	1FC82	0000	277

C:\Program Files (x86)\Microchip\xc8\v1.45\sources\common\floor.c estimated size: 277

C:\Program Files (x86)\Microchip\xc8\v1.45\sources\common\ftdivl.c
		__tdiv_to_l_   		CODE           	1F0EA	0000	309

C:\Program Files (x86)\Microchip\xc8\v1.45\sources\common\ftdivl.c estimated size: 309

C:\Program Files (x86)\Microchip\xc8\v1.45\sources\common\awmod.c
		___awmod       		CODE           	1B2E	0000	115

C:\Program Files (x86)\Microchip\xc8\v1.45\sources\common\awmod.c estimated size: 115

C:\Program Files (x86)\Microchip\xc8\v1.45\sources\common\strstr.c
		_strstr        		CODE           	141E	0000	141

C:\Program Files (x86)\Microchip\xc8\v1.45\sources\common\strstr.c estimated size: 141

device_IDs.c
		_getDeviceID   		CODE           	33EA	0000	33
		_getUserID     		CODE           	294A	0000	69
		_getMinorRevisionID		CODE           	31E8	0000	39
		_getDeviceIDString		CODE           	1FF9E	0000	97
		_getMajorRevisionID		CODE           	2C50	0000	61

device_IDs.c estimated size: 299

C:\Program Files (x86)\Microchip\xc8\v1.45\sources\common\ftdiv.c
		___ftdiv       		CODE           	0400	0000	233

C:\Program Files (x86)\Microchip\xc8\v1.45\sources\common\ftdiv.c estimated size: 233

C:\Program Files (x86)\Microchip\xc8\v1.45\sources\common\acos.c
		_acos          		CODE           	1C12	0000	113

C:\Program Files (x86)\Microchip\xc8\v1.45\sources\common\acos.c estimated size: 113

C:\Program Files (x86)\Microchip\xc8\v1.45\sources\common\llmod.c
		___llmod       		CODE           	1EA4	0000	105

C:\Program Files (x86)\Microchip\xc8\v1.45\sources\common\llmod.c estimated size: 105

C:\Program Files (x86)\Microchip\xc8\v1.45\sources\common\fldivl.c
		__div_to_l_    		CODE           	1F484	0000	299

C:\Program Files (x86)\Microchip\xc8\v1.45\sources\common\fldivl.c estimated size: 299

C:\Program Files (x86)\Microchip\xc8\v1.45\sources\common\sprintf.c
		_sprintf       		CODE           	2756	0000	73

C:\Program Files (x86)\Microchip\xc8\v1.45\sources\common\sprintf.c estimated size: 73

C:\Program Files (x86)\Microchip\xc8\v1.45\sources\common\fltol.c
		___fltol       		CODE           	05D0	0000	223

C:\Program Files (x86)\Microchip\xc8\v1.45\sources\common\fltol.c estimated size: 223

mcc_generated_files/ext_int.c
		_INT0_SetInterruptHandler		CODE           	36D4	0000	15
		_EXT_INT_Initialize		CODE           	3448	0000	31
		_INT0_DefaultInterruptHandler		CODE           	37FC	0000	3
		_INT0_CallBack 		CODE           	3360	0000	37
		_INT0_ISR      		CODE           	3782	0000	11

mcc_generated_files/ext_int.c estimated size: 97

C:\Program Files (x86)\Microchip\xc8\v1.45\sources\common\atoi.c
		_atoi          		CODE           	0868	0000	217

C:\Program Files (x86)\Microchip\xc8\v1.45\sources\common\atoi.c estimated size: 217

mcc_generated_files/tmr7.c
		_TMR7_DefaultInterruptHandler		CODE           	1FFFE	0000	3
		_TMR7_WriteTimer		CODE           	3234	0000	39
		_TMR7_ISR      		CODE           	2F06	0000	53
		_TMR7_Initialize		CODE           	2272	0000	85
		_TMR7_SetInterruptHandler		CODE           	368E	0000	15

mcc_generated_files/tmr7.c estimated size: 195

mcc_generated_files/hlvd.c
		_HLVD_ISR      		CODE           	2B18	0000	65
		_HLVD_Initialize		CODE           	3662	0000	17

mcc_generated_files/hlvd.c estimated size: 82

C:\Program Files (x86)\Microchip\xc8\v1.45\sources\common\printf.c
		_printf        		CODE           	2CC8	0000	61

C:\Program Files (x86)\Microchip\xc8\v1.45\sources\common\printf.c estimated size: 61

mcc_generated_files/tmr5.c
		_TMR5_ISR      		CODE           	2F3A	0000	53
		_TMR5_Initialize		CODE           	23B8	0000	81
		_TMR5_SetInterruptHandler		CODE           	36AA	0000	15
		_TMR5_StopTimer		CODE           	37D0	0000	5
		_TMR5_DefaultInterruptHandler		CODE           	37F8	0000	3
		_TMR5_WriteTimer		CODE           	34DA	0000	29
		_TMR5_StartTimer		CODE           	37E8	0000	5

mcc_generated_files/tmr5.c estimated size: 191

shared
		i2_writeDoubleToEEPROM		CODE           	262C	0000	77
		i2_DATAEE_WriteByte		CODE           	2DF4	0000	59
		i1_acos        		CODE           	1C82	0000	113
		i2_printf      		CODE           	2D7C	0000	61
		i2_acos        		CODE           	1D62	0000	113
		_OledFont      		MEDIUMCONST    	CC95	0000	769
		i2_readDoubleFromEEPROM		CODE           	2592	0000	79
		i1_putch       		CODE           	371A	0000	15
		i2_putch       		CODE           	378C	0000	11
		i1_getMinorRevisionID		CODE           	3280	0000	39
		i1___ftdiv     		CODE           	04E8	0000	233
		__powers_      		MEDIUMCONST    	CBD7	0000	53
		i1_TMR2_Counter8BitSet		CODE           	376E	0000	11
		i1_OLED_YX     		CODE           	2D40	0000	61
		i1_I2C1_WaitForLastPacketToComplete		CODE           	3778	0000	11
		_dpowers       		MEDIUMCONST    	CC3F	0000	41
		i1___lwtoft    		CODE           	32A6	0000	39
		i1_isdigit     		CODE           	33C8	0000	35
		i2_isdigit     		CODE           	3484	0000	31
		i1_getCauseOfResetStringSmall		CODE           	3090	0000	49
		i1_OLED_Clear  		CODE           	2AD8	0000	65
		i1___flneg     		CODE           	30C0	0000	49
		i1_strcpy      		CODE           	27E6	0000	73
		i2___flneg     		CODE           	30F0	0000	47
		i1_atan        		CODE           	1E57A	0000	569
		i1___awdiv     		CODE           	1530	0000	135
		i2_atan        		CODE           	1E7B2	0000	569
		atan@coeff_a   		MEDIUMCONST    	CF95	0000	25
		atan@coeff_b   		MEDIUMCONST    	CFC1	0000	21
		i2___awdiv     		CODE           	1742	0000	133
		i1___fladd     		CODE           	1B0C6	0000	831
		i1__tdiv_to_l_ 		CODE           	1F21E	0000	309
		i2___fladd     		CODE           	1B404	0000	831
		i2__tdiv_to_l_ 		CODE           	1F352	0000	307
		i1___wmul      		CODE           	3198	0000	41
		i1_eval_poly   		CODE           	010E	0000	257
		i2___wmul      		CODE           	32F2	0000	39
		i1_I2C1_MasterWrite		CODE           	2458	0000	81
		i2_eval_poly   		CODE           	020E	0000	257
		i1__doprnt     		CODE           	11F3C	0000	7987
		i2__doprnt     		CODE           	13E6E	0000	7969
		i1___fldiv     		CODE           	1D40C	0000	695
		i1__div_to_l_  		CODE           	1F5AE	0000	299
		i1___fltol     		CODE           	06AE	0000	223
		i2___fldiv     		CODE           	1D6C2	0000	695
		i2__div_to_l_  		CODE           	1F6D8	0000	297
		i1___ftpack    		CODE           	0DB4	0000	177
		__npowers_     		MEDIUMCONST    	CC0B	0000	53
		i2___fltol     		CODE           	078C	0000	221
		i1_scale       		CODE           	19708	0000	1189
		i1___lldiv     		CODE           	163A	0000	133
		i2_scale       		CODE           	19BAC	0000	1153
		i2___lldiv     		CODE           	17C6	0000	131
		__initialization		CODE           	030E	0000	233
		i1___flge      		CODE           	1F922	0000	291
		i2___flge      		CODE           	1FA44	0000	291
		i1_OLED_Command		CODE           	1FDC	0000	105
		i1_OLED_UpdateFromRAMBuffer		CODE           	1A3A	0000	123
		i1_OLED_PutChar		CODE           	0AD2	0000	199
		i1_trunc       		CODE           	1254	0000	161
		i1___awmod     		CODE           	1BA0	0000	115
		i2___awmod     		CODE           	1CF2	0000	113
		i1_EUSART2_Write		CODE           	2544	0000	79
		i1_frexp       		CODE           	18C6	0000	127
		i2_EUSART2_Write		CODE           	2678	0000	77
		i2_frexp       		CODE           	1AB4	0000	123
		_max_Temp_ADC_Result_address		MEDIUMCONST    	CC89	0000	3
		i1_FLASH_ReadWord		CODE           	2A14	0000	67
		_max_Irms_address		MEDIUMCONST    	CC91	0000	3
		i1_TMR2_Stop   		CODE           	37DC	0000	5
		_max_POS12_ADC_Result_address		MEDIUMCONST    	CC8B	0000	3
		i1_FLASH_ReadByte		CODE           	3544	0000	27
		i1___flmul     		CODE           	1A6E6	0000	851
		i1_I2C1_MasterWriteTRBBuild		CODE           	2904	0000	71
		i2___flmul     		CODE           	1AA38	0000	849
		i1_asin        		CODE           	1BA52	0000	785
		i1_TMR2_Start  		CODE           	37E0	0000	5
		i2_asin        		CODE           	1BD62	0000	785
		i1_OLED_updateCallback		CODE           	180E8	0000	2245
		i1___llmod     		CODE           	1F74	0000	105
		_hexpowers     		MEDIUMCONST    	CC67	0000	33
		i1_memmove     		CODE           	0FC2	0000	175
		i1_sprintf     		CODE           	26C4	0000	75
		i2___llmod     		CODE           	20AA	0000	103
		i1_getMajorRevisionID		CODE           	2D04	0000	61
		i1___xxtofl    		CODE           	1ECFA	0000	341
		i2___xxtofl    		CODE           	1EE4E	0000	337
		_Total_Energy_address		MEDIUMCONST    	CC93	0000	3
		i1_getDeviceID 		CODE           	340A	0000	33
		i2_DATAEE_ReadByte		CODE           	358E	0000	25
		i1_TMR2_StopTimer		CODE           	37BE	0000	7
		i1___flsub     		CODE           	282E	0000	73
		i2___flsub     		CODE           	2876	0000	73
		i1_OLED_WriteString		CODE           	221A	0000	89
		i2_TMR5_StopTimer		CODE           	37E4	0000	5
		i1_fabs        		CODE           	2C12	0000	63
		i2_fabs        		CODE           	2DB8	0000	61
		i1_sqrt        		CODE           	1C63A	0000	713
		i2_sqrt        		CODE           	1C902	0000	713
		_max_Power_address		MEDIUMCONST    	CC8F	0000	3
		i1_fround      		CODE           	1CE90	0000	711
		i1_round       		CODE           	0C4E	0000	183
		i2_fround      		CODE           	1D978	0000	687
		i1_TMR2_WriteTimer		CODE           	3728	0000	15
		i1_TMR2_StartTimer		CODE           	37C4	0000	7
		sin@coeff_a    		MEDIUMCONST    	CFAD	0000	21
		sin@coeff_b    		MEDIUMCONST    	CFD5	0000	17
		_max_POS3P3_ADC_Result_address		MEDIUMCONST    	CC8D	0000	3
		i1_I2C1_MasterTRBInsert		CODE           	1112	0000	163
		_max_FVR_ADC_Result_address		MEDIUMCONST    	CC87	0000	3

shared estimated size: 40398

mcc_generated_files/mcc.c
		_PMD_Initialize		CODE           	34A2	0000	29
		_OSCILLATOR_Initialize		CODE           	34BE	0000	29
		_SYSTEM_Initialize		CODE           	2BD4	0000	63

mcc_generated_files/mcc.c estimated size: 121

ring_buffer_interface.c
		_terminal_ringBufferPull		CODE           	1FB66	0000	285
		_terminal_textAttributes		CODE           	1A02C	0000	873
		_terminal_textAttributesReset		CODE           	360E	0000	19
		_terminal_setCursorHome		CODE           	3632	0000	17
		_terminal_printNewline		CODE           	3642	0000	17
		_terminal_clearTerminal		CODE           	3652	0000	17

ring_buffer_interface.c estimated size: 1228

C:\Program Files (x86)\Microchip\xc8\v1.45\sources\common\atan.c
		_atan          		CODE           	1E342	0000	569

C:\Program Files (x86)\Microchip\xc8\v1.45\sources\common\atan.c estimated size: 569

cause_of_reset.c
		_getCauseOfResetStringSmall		CODE           	2FD0	0000	49
		_getCauseOfResetString		CODE           	2FA0	0000	49
		_getCauseOfReset		CODE           	2110	0000	91

cause_of_reset.c estimated size: 189

C:\Program Files (x86)\Microchip\xc8\v1.45\sources\common\awdiv.c
		___awdiv       		CODE           	14AA	0000	135

C:\Program Files (x86)\Microchip\xc8\v1.45\sources\common\awdiv.c estimated size: 135

C:\Program Files (x86)\Microchip\xc8\v1.45\sources\common\strcat.c
		_strcat        		CODE           	25E0	0000	77

C:\Program Files (x86)\Microchip\xc8\v1.45\sources\common\strcat.c estimated size: 77

oled.c
		_OLED_Clear    		CODE           	2A98	0000	65
		_OLED_Command  		CODE           	1F0C	0000	105
		_OLED_WriteString		CODE           	21C2	0000	89
		_OLED_UpdateFromRAMBuffer		CODE           	19C0	0000	123
		_OLED_Init     		CODE           	12F4	0000	155
		_OLED_PutChar  		CODE           	0A0C	0000	199
		_OLED_YX       		CODE           	2C8C	0000	61

oled.c estimated size: 797

C:\Program Files (x86)\Microchip\xc8\v1.45\sources\common\evalpoly.c
		_eval_poly     		CODE           	1FE9E	0000	257

C:\Program Files (x86)\Microchip\xc8\v1.45\sources\common\evalpoly.c estimated size: 257

mcc_generated_files/memory.c
		_FLASH_ReadWord		CODE           	29D2	0000	67
		_FLASH_ReadByte		CODE           	34F6	0000	27
		_DATAEE_WriteByte		CODE           	2B96	0000	63
		_DATAEE_ReadByte		CODE           	352A	0000	27

mcc_generated_files/memory.c estimated size: 184

C:\Program Files (x86)\Microchip\xc8\v1.45\sources\common\sin.c
		_sin           		CODE           	1C072	0000	769

C:\Program Files (x86)\Microchip\xc8\v1.45\sources\common\sin.c estimated size: 769

C:\Program Files (x86)\Microchip\xc8\v1.45\sources\common\abs.c
		_abs           		CODE           	311E	0000	43

C:\Program Files (x86)\Microchip\xc8\v1.45\sources\common\abs.c estimated size: 43

C:\Program Files (x86)\Microchip\xc8\v1.45\sources\common\lldiv.c
		___lldiv       		CODE           	15B6	0000	133

C:\Program Files (x86)\Microchip\xc8\v1.45\sources\common\lldiv.c estimated size: 133

ring_buffer_LUT.c
		_ringBufferLUT 		CODE           	15D8E	0000	6189

ring_buffer_LUT.c estimated size: 6189

C:\Program Files (x86)\Microchip\xc8\v1.45\sources\common\xxtofl.c
		___xxtofl      		CODE           	1EBA6	0000	341

C:\Program Files (x86)\Microchip\xc8\v1.45\sources\common\xxtofl.c estimated size: 341

C:\Program Files (x86)\Microchip\xc8\v1.45\sources\common\trunc.c
		_trunc         		CODE           	11B4	0000	161

C:\Program Files (x86)\Microchip\xc8\v1.45\sources\common\trunc.c estimated size: 161

mcc_generated_files/adcc.c
		_ADCC_StopConversion		CODE           	37EC	0000	5
		_ADCC_DefaultInterruptHandler		CODE           	37FE	0000	3
		_ADCC_ClearAccumulator		CODE           	37B8	0000	7
		_ADCC_GetFilterValue		CODE           	35D4	0000	21
		_ADCC_GetCurrentCountofConversions		CODE           	37F0	0000	5
		_ADCC_SetADTIInterruptHandler		CODE           	36FE	0000	15
		_ADCC_GetConversionResult		CODE           	35E8	0000	21
		_ADCC_ThresholdISR		CODE           	31C0	0000	41
		_ADCC_StartConversion		CODE           	370C	0000	15
		_ADCC_Initialize		CODE           	1DD2	0000	107
		_ADCC_HasAccumulatorOverflowed		CODE           	374E	0000	13
		_ADCC_DischargeSampleCapacitor		CODE           	379E	0000	9

mcc_generated_files/adcc.c estimated size: 262

C:\Program Files (x86)\Microchip\xc8\v1.45\sources\common\flneg.c
		___flneg       		CODE           	3000	0000	49

C:\Program Files (x86)\Microchip\xc8\v1.45\sources\common\flneg.c estimated size: 49

main.c
		_dimmingOffTimeCallback		CODE           	35A6	0000	25
		_saveSRAMMaxToEEPROM		CODE           	1DE92	0000	615
		_acquisitionTimerCallback		CODE           	3620	0000	19
		_ADC_PostProcessingCallback		CODE           	175BA	0000	2863
		_main          		CODE           	1E9EA	0000	445
		_heartbeatTimerCallback		CODE           	298E	0000	69
		_currentMeasuredToPeak		CODE           	1944	0000	125
		_recoverSRAMMaxFromEEPROM		CODE           	1EF9E	0000	333
		_dimmingOnTimeCallback		CODE           	3742	0000	13
		_writeEnergyToEEPROMCallback		CODE           	16BE	0000	133
		_OLED_updateCallback		CODE           	189AC	0000	2233
		_peakToRMS     		CODE           	1E0F8	0000	587

main.c estimated size: 7460

C:\Program Files (x86)\Microchip\xc8\v1.45\sources\common\strlen.c
		_strlen        		CODE           	216A	0000	89

C:\Program Files (x86)\Microchip\xc8\v1.45\sources\common\strlen.c estimated size: 89

C:\Program Files (x86)\Microchip\xc8\v1.45\sources\common\lwtoft.c
		___lwtoft      		CODE           	320E	0000	39

C:\Program Files (x86)\Microchip\xc8\v1.45\sources\common\lwtoft.c estimated size: 39

C:\Program Files (x86)\Microchip\xc8\v1.45\sources\common\strcmp.c
		_strcmp        		CODE           	2318	0000	81

C:\Program Files (x86)\Microchip\xc8\v1.45\sources\common\strcmp.c estimated size: 81

C:\Program Files (x86)\Microchip\xc8\v1.45\sources\common\strchr.c
		_strchr        		CODE           	2E2E	0000	57

C:\Program Files (x86)\Microchip\xc8\v1.45\sources\common\strchr.c estimated size: 57

C:\Program Files (x86)\Microchip\xc8\v1.45\sources\common\strcpy.c
		_strcpy        		CODE           	270E	0000	73

C:\Program Files (x86)\Microchip\xc8\v1.45\sources\common\strcpy.c estimated size: 73

C:\Program Files (x86)\Microchip\xc8\v1.45\sources\common\strncmp.c
		_strncmp       		CODE           	138E	0000	145

C:\Program Files (x86)\Microchip\xc8\v1.45\sources\common\strncmp.c estimated size: 145

C:\Program Files (x86)\Microchip\xc8\v1.45\sources\common\sprcmul.c
		___flmul       		CODE           	1A394	0000	851

C:\Program Files (x86)\Microchip\xc8\v1.45\sources\common\sprcmul.c estimated size: 851

C:\Program Files (x86)\Microchip\xc8\v1.45\sources\common\strncpy.c
		_strncpy       		CODE           	1E3C	0000	105

C:\Program Files (x86)\Microchip\xc8\v1.45\sources\common\strncpy.c estimated size: 105

