Microchip MPLAB XC8 Compiler V1.45 ()

Linker command line:

-W-3 --edf=C:\Program Files (x86)\Microchip\xc8\v1.45\dat\en_msgs.txt -cs \
  -h+dist/default/production\AC_Power_Meter.X.production.sym \
  --cmf=dist/default/production\AC_Power_Meter.X.production.cmf -z \
  -Q18LF67K40 -oC:\Users\DREWMA~1\AppData\Local\Temp\sddg.2 \
  -Mdist/default/production/AC_Power_Meter.X.production.map -E1 -ver=XC8 \
  --acfsm=1493 -ASTACK=0680h-0de9h -pstack=STACK -ACODE=00h-01FFFFh \
  -ACONST=00h-01FFFFh -ASMALLCONST=0E00h-0EFFhx498 \
  -AMEDIUMCONST=0E00h-0FFFFh,010E00h-01FFFFh -ACOMRAM=01h-05Fh \
  -AABS1=00h-0DE9h -ABIGRAM=01h-0DE9h \
  -ARAM=060h-0FFh,0100h-01FFhx12,0D00h-0DE9h -ABANK0=060h-0FFh \
  -ABANK1=0100h-01FFh -ABANK2=0200h-02FFh -ABANK3=0300h-03FFh \
  -ABANK4=0400h-04FFh -ABANK5=0500h-05FFh -ABANK6=0600h-06FFh \
  -ABANK7=0700h-07FFh -ABANK8=0800h-08FFh -ABANK9=0900h-09FFh \
  -ABANK10=0A00h-0AFFh -ABANK11=0B00h-0BFFh -ABANK12=0C00h-0CFFh \
  -ABANK13=0D00h-0DE9h \
  -ASFR=0DEFh-0DFFh,0E00h-0EFFh,0F00h-0F5Fh,0F60h-0FFFh \
  -preset_vec=00h,intcode=08h,intcodelo=018h,powerup,init -pramtop=0E00h \
  -psmallconst=SMALLCONST -pmediumconst=MEDIUMCONST -pconst=CONST \
  -AFARRAM=00h-00h -ACONFIG=0300000h-030000Bh -pconfig=CONFIG \
  -AIDLOC=0200000h-020000Fh -pidloc=IDLOC -AEEDATA=0310000h-03103FFh \
  -peeprom_data=EEDATA \
  -prdata=COMRAM,nvrram=COMRAM,nvbit=COMRAM,rbss=COMRAM,rbit=COMRAM \
  -pfarbss=FARRAM,fardata=FARRAM,nvFARRAM=FARRAM \
  -pintsave_regs=BIGRAM,bigbss=BIGRAM,bigdata=BIGRAM -pbss=RAM \
  -pidata=CODE,irdata=CODE,ibigdata=CODE,ifardata=CODE -prparam=COMRAM \
  C:\Users\DREWMA~1\AppData\Local\Temp\sddg.obj \
  dist/default/production\AC_Power_Meter.X.production.obj 

Object code version is 3.11

Machine type is 18LF67K40

Call graph: (short form)




                Name                               Link     Load   Length Selector   Space Scale
C:\Users\DREWMA~1\AppData\Local\Temp\sddg.obj
                init                                10A      10A        4        C       0
                reset_vec                             0        0        4        0       0
                idloc                            200000   200000       10   200000       0
                config                           300000   300000        C   300000       0
dist/default/production\AC_Power_Meter.X.production.obj
                intcodelo                            18       18       F2        C       0
                intcode                               8        8        6        4       0
                temp                                 5F       5F        1        1       1
                mediumconst                        CBBE     CBBE     3442     65DF       0
                text261                            3586     3586       14        C       0
                text260                            37A2     37A2        4        C       0
                text259                            3572     3572       14        C       0
                text258                            36EC     36EC        C        C       0
                text257                            379E     379E        4        C       0
                text256                            30BC     30BC       2A        C       0
                text255                           1B39C    1B39C      33E     8000       0
                text254                           1F9F4    1F9F4      122     8000       0
                text253                             78C      78C       DC        C       0
                text252                           1EDFE    1EDFE      150     8000       0
                text251                            1A04     1A04       7A        C       0
                text250                           1FC32    1FC32      114     8000       0
                text249                           1D65A    1D65A      2B6     8000       0
                text248                            308E     308E       2E        C       0
                text247                            27CE     27CE       48        C       0
                text246                           1A9D0    1A9D0      350     8000       0
                text245                             20E      20E      100        C       0
                text244                           1C00A    1C00A      300     8000       0
                text243                            1894     1894       7C        C       0
                text242                            2D56     2D56       3C        C       0
                text241                           1E74A    1E74A      238     8000       0
                text240                           1C89A    1C89A      2C8     8000       0
                text239                           1BCFA    1BCFA      310     8000       0
                text238                            1CB2     1CB2       70        C       0
                text237                           1E090    1E090      24A     8000       0
                text236                           17542    17542      B2E     8000       0
                text235                            37B0     37B0        2        C       0
                text234                            315E     315E       28        C       0
                text233                            1716     1716       82        C       0
                text232                            1FFA     1FFA       66        C       0
                text231                            3290     3290       26        C       0
                text230                           1F688    1F688      128     8000       0
                text229                           1F302    1F302      132     8000       0
                text228                            1692     1692       84        C       0
                text227                            1C42     1C42       70        C       0
                text226                           1D910    1D910      2AE     8000       0
                text225                            3422     3422       1E        C       0
                text224                            28A2     28A2       46        C       0
                text223                            373E     373E        A        C       0
                text222                           19B44    19B44      480     8000       0
                text221                           13E6E    13E6E     1F20     8000       0
                text220                            2D1A     2D1A       3C        C       0
                text219                             DB4      DB4       B0        C       0
                text218                            2D92     2D92       3A        C       0
                text217                            2540     2540       4C        C       0
                text216                            2AB6     2AB6       40        C       0
                text215                            377C     377C        6        C       0
                text214                            3404     3404       1E        C       0
                text213                            29F4     29F4       42        C       0
                text212                           1DBBE    1DBBE      26C     8000       0
                text211                            379A     379A        4        C       0
                text210                            3478     3478       1C        C       0
                text209                            3544     3544       18        C       0
                text208                            37AE     37AE        2        C       0
                text207                            32FE     32FE       24        C       0
                text206                            3734     3734        A        C       0
                text205                            352C     352C       18        C       0
                text204                            24A6     24A6       4E        C       0
                text203                            160E     160E       84        C       0
                text202                            37AC     37AC        2        C       0
                text201                            32DA     32DA       24        C       0
                text200                            326A     326A       26        C       0
                text199                            3796     3796        4        C       0
                text198                            36E0     36E0        C        C       0
                text197                            37AA     37AA        2        C       0
                text196                            2ED8     2ED8       34        C       0
                intcode_body                      1FD46    1FD46      108     8000       0
                text194                            2E3A     2E3A       36        C       0
                text193                            372A     372A        A        C       0
                text192                            1062     1062       A2        C       0
                text191                            285C     285C       46        C       0
                text190                            2408     2408       50        C       0
                text189                             F12      F12       AE        C       0
                text188                             AD2      AD2       C6        C       0
                text187                            2A76     2A76       40        C       0
                text186                            21CA     21CA       58        C       0
                text185                            1F2C     1F2C       68        C       0
                text184                            2CDE     2CDE       3C        C       0
                text183                            198A     198A       7A        C       0
                text182                            3720     3720        A        C       0
                text181                            3792     3792        4        C       0
                text180                            3776     3776        6        C       0
                text179                            378E     378E        4        C       0
                text178                            3770     3770        6        C       0
                text177                            3716     3716        A        C       0
                text176                            36C6     36C6        E        C       0
                text175                             D04      D04       B0        C       0
                text174                             4E8      4E8       E8        C       0
                text173                            3244     3244       26        C       0
                text172                           1D3A4    1D3A4      2B6     8000       0
                text171                           1F8D2    1F8D2      122     8000       0
                text170                           1B05E    1B05E      33E     8000       0
                text169                           1A67E    1A67E      352     8000       0
                text168                             10E      10E      100        C       0
                text167                            305E     305E       30        C       0
                text166                            2BB0     2BB0       3E        C       0
                text165                           1E512    1E512      238     8000       0
                text164                           1C5D2    1C5D2      2C8     8000       0
                text163                           1B9EA    1B9EA      310     8000       0
                text162                            1BD2     1BD2       70        C       0
                text161                            302E     302E       30        C       0
                text160                            34E2     34E2       1A        C       0
                text159                            29B2     29B2       42        C       0
                text158                            33A8     33A8       20        C       0
                text157                            2CA2     2CA2       3C        C       0
                text156                            321E     321E       26        C       0
                text155                             6AE      6AE       DE        C       0
                text154                           1ECAA    1ECAA      154     8000       0
                text153                            1816     1816       7E        C       0
                text152                            11A4     11A4       A0        C       0
                text151                             C4E      C4E       B6        C       0
                text150                            2786     2786       48        C       0
                text149                            158A     158A       84        C       0
                text148                            1EC4     1EC4       68        C       0
                text147                            3136     3136       28        C       0
                text146                           1F55E    1F55E      12A     8000       0
                text145                           1F1CE    1F1CE      134     8000       0
                text144                            1480     1480       86        C       0
                text143                            1AF0     1AF0       72        C       0
                text142                           1CE28    1CE28      2C6     8000       0
                text141                            3366     3366       22        C       0
                text140                            273E     273E       48        C       0
                text139                            36B8     36B8        E        C       0
                text138                           196A0    196A0      4A4     8000       0
                text137                           11F3C    11F3C     1F32     8000       0
                text136                            258C     258C       4A        C       0
                text135                            26F6     26F6       48        C       0
                text134                           18070    18070      8CC     8000       0
                text133                            37A8     37A8        2        C       0
                text132                            32B6     32B6       24        C       0
                text131                            31F8     31F8       26        C       0
                text130                            292C     292C       44        C       0
                text129                            37A6     37A6        2        C       0
                text128                            310E     310E       28        C       0
                text127                            31D2     31D2       26        C       0
                text126                            376A     376A        6        C       0
                text125                            3750     3750        8        C       0
                text124                            36AA     36AA        E        C       0
                text123                            35BE     35BE       12        C       0
                text122                           1FFFE    1FFFE        2     8000       0
                text121                            2EA4     2EA4       34        C       0
                text119                            370C     370C        A        C       0
                text118                             FC0      FC0       A2        C       0
                text117                            2816     2816       46        C       0
                text116                            23B8     23B8       50        C       0
                text115                            1E5C     1E5C       68        C       0
                text114                            1244     1244       9A        C       0
                text113                            369C     369C        E        C       0
                text112                            1D22     1D22       6A        C       0
                text111                            368E     368E        E        C       0
                text110                            3680     3680        E        C       0
                text109                            1F94     1F94       66        C       0
                text108                            3672     3672        E        C       0
                text107                            33E6     33E6       1E        C       0
                text106                            3748     3748        8        C       0
                text105                            3600     3600       10        C       0
                text104                            2E04     2E04       36        C       0
                text103                            33C8     33C8       1E        C       0
                text102                            345C     345C       1C        C       0
                text101                             940      940       CC        C       0
                text100                            3440     3440       1C        C       0
                text99                             3664     3664        E        C       0
                text98                             2FFE     2FFE       30        C       0
                text97                             3656     3656        E        C       0
                text96                             2FCE     2FCE       30        C       0
                text95                             3648     3648        E        C       0
                text94                             2368     2368       50        C       0
                text93                             363A     363A        E        C       0
                text92                             2F0C     2F0C       32        C       0
                text91                             362C     362C        E        C       0
                text90                             2222     2222       54        C       0
                text89                             2B72     2B72       3E        C       0
                text88                             20C0     20C0       5A        C       0
                text87                             34C8     34C8       1A        C       0
                text86                             2276     2276       52        C       0
                text85                            1EF4E    1EF4E      14C     8000       0
                text84                            1F7B0    1F7B0      122     8000       0
                text83                             2B34     2B34       3E        C       0
                text82                             2318     2318       50        C       0
                text81                            1DE2A    1DE2A      266     8000       0
                text80                            1D0EE    1D0EE      2B6     8000       0
                text79                             2F9E     2F9E       30        C       0
                text78                            1AD20    1AD20      33E     8000       0
                text77                             26AE     26AE       48        C       0
                text76                              5D0      5D0       DE        C       0
                text75                             1506     1506       84        C       0
                text74                             1DF4     1DF4       68        C       0
                text73                             30E6     30E6       28        C       0
                text72                            1EB56    1EB56      154     8000       0
                text71                            1F434    1F434      12A     8000       0
                text70                            1F09A    1F09A      134     8000       0
                text69                             13FA     13FA       86        C       0
                text68                             1A7E     1A7E       72        C       0
                text67                            1A32C    1A32C      352     8000       0
                text66                            1CB62    1CB62      2C6     8000       0
                text65                             3344     3344       22        C       0
                text64                             2666     2666       48        C       0
                text63                             34AE     34AE       1A        C       0
                text62                            191FC    191FC      4A4     8000       0
                text61                            10000    10000     1F3C     8000       0
                text60                             2C66     2C66       3C        C       0
                text59                             35F0     35F0       10        C       0
                text58                             2458     2458       4E        C       0
                text57                              E64      E64       AE        C       0
                text56                              A0C      A0C       C6        C       0
                text55                             2A36     2A36       40        C       0
                text54                             2172     2172       58        C       0
                text53                             2C2A     2C2A       3C        C       0
                text52                             1910     1910       7A        C       0
                text51                             3702     3702        A        C       0
                text50                             378A     378A        4        C       0
                text49                             3764     3764        6        C       0
                text48                             3786     3786        4        C       0
                text47                             375E     375E        6        C       0
                text46                             36F8     36F8        A        C       0
                text45                             361E     361E        E        C       0
                text44                            1FF4E    1FF4E       B0     8000       0
                text43                              400      400       E8        C       0
                text42                             31AC     31AC       26        C       0
                text41                            1FE4E    1FE4E      100     8000       0
                text40                             2AF6     2AF6       3E        C       0
                text39                            1E2DA    1E2DA      238     8000       0
                text38                            1C30A    1C30A      2C8     8000       0
                text37                            1B6DA    1B6DA      310     8000       0
                text36                             1B62     1B62       70        C       0
                text35                             2F6E     2F6E       30        C       0
                text34                             3494     3494       1A        C       0
                text33                             2970     2970       42        C       0
                text32                             3388     3388       20        C       0
                text31                             2BEE     2BEE       3C        C       0
                text30                             3186     3186       26        C       0
                text29                             1798     1798       7E        C       0
                text28                             1104     1104       A0        C       0
                text27                              B98      B98       B6        C       0
                text26                             261E     261E       48        C       0
                text25                             25D6     25D6       48        C       0
                text24                            1893C    1893C      8C0     8000       0
                text23                             3782     3782        4        C       0
                text22                              868      868       D8        C       0
                text21                             3322     3322       22        C       0
                text20                             3610     3610        E        C       0
                text19                             2E70     2E70       34        C       0
                text18                             355C     355C       16        C       0
                text17                             2F3E     2F3E       30        C       0
                text16                             2060     2060       60        C       0
                text15                             28E8     28E8       44        C       0
                text14                             22C8     22C8       50        C       0
                text13                             2DCC     2DCC       38        C       0
                text12                             211A     211A       58        C       0
                text11                             12DE     12DE       90        C       0
                text10                             136E     136E       8C        C       0
                text9                              35E0     35E0       10        C       0
                text8                              24F4     24F4       4C        C       0
                text7                              1D8C     1D8C       68        C       0
                text6                             19FC4    19FC4      368     8000       0
                text5                              35AC     35AC       12        C       0
                text4                             15D8E    15D8E     17B4     8000       0
                text3                             1FB16    1FB16      11C     8000       0
                text2                              35D0     35D0       10        C       0
                text1                              3514     3514       18        C       0
                text0                             1E982    1E982      1D4     8000       0
                cstackCOMRAM                          1        1       5E        1       1
                cstackBANK0                          60       60       93       60       1
                cstackBANK1                         100      100       D6      100       1
                cstackBANK2                         200      200       76      200       1
                cstackBANK3                         300      300       E3      300       1
                cstackBANK4                         4BC      4BC       25      400       1
                cstackBANK5                         591      591       4E      500       1
                bssBANK6                            600      600       80      600       1
                dataBANK5                           5DF      5DF       12      500       1
                bssBANK5                            500      500       91      500       1
                dataBANK4                           4E1      4E1       18      400       1
                bssBANK4                            400      400       BC      400       1
                bssBANK3                            3E3      3E3        C      300       1
                dataBANK2                           2CD      2CD        C      200       1
                bssBANK2                            276      276       57      200       1
                dataBANK1                           1EB      1EB        1      100       1
                bssBANK1                            1D6      1D6       15      100       1
                dataBANK0                            F3       F3        6       60       1
                bssBANK0                             F9       F9        4       60       1
                bitbssBANK0                         7E8       FD        2       60       1     8
                cinit                               30E      30E       F2        C       0
                nvBANK3                             3EF      3EF        1      300       1
                idataBANK5                         359A     359A       12        C       0
                idataBANK4                         34FC     34FC       18        C       0
                idataBANK2                         36D4     36D4        C        C       0
                idataBANK1                         37B2     37B2        1        C       0
                idataBANK0                         3758     3758        6        C       0

TOTAL           Name                               Link     Load   Length     Space
        CLASS   STACK          

        CLASS   CODE           
                intcodelo                            18       18       F2         0
                intcode                               8        8        6         0
                init                                10A      10A        4         0
                reset_vec                             0        0        4         0
                text261                            3586     3586       14         0
                text260                            37A2     37A2        4         0
                text259                            3572     3572       14         0
                text258                            36EC     36EC        C         0
                text257                            379E     379E        4         0
                text256                            30BC     30BC       2A         0
                text255                           1B39C    1B39C      33E         0
                text254                           1F9F4    1F9F4      122         0
                text253                             78C      78C       DC         0
                text252                           1EDFE    1EDFE      150         0
                text251                            1A04     1A04       7A         0
                text250                           1FC32    1FC32      114         0
                text249                           1D65A    1D65A      2B6         0
                text248                            308E     308E       2E         0
                text247                            27CE     27CE       48         0
                text246                           1A9D0    1A9D0      350         0
                text245                             20E      20E      100         0
                text244                           1C00A    1C00A      300         0
                text243                            1894     1894       7C         0
                text242                            2D56     2D56       3C         0
                text241                           1E74A    1E74A      238         0
                text240                           1C89A    1C89A      2C8         0
                text239                           1BCFA    1BCFA      310         0
                text238                            1CB2     1CB2       70         0
                text237                           1E090    1E090      24A         0
                text236                           17542    17542      B2E         0
                text235                            37B0     37B0        2         0
                text234                            315E     315E       28         0
                text233                            1716     1716       82         0
                text232                            1FFA     1FFA       66         0
                text231                            3290     3290       26         0
                text230                           1F688    1F688      128         0
                text229                           1F302    1F302      132         0
                text228                            1692     1692       84         0
                text227                            1C42     1C42       70         0
                text226                           1D910    1D910      2AE         0
                text225                            3422     3422       1E         0
                text224                            28A2     28A2       46         0
                text223                            373E     373E        A         0
                text222                           19B44    19B44      480         0
                text221                           13E6E    13E6E     1F20         0
                text220                            2D1A     2D1A       3C         0
                text219                             DB4      DB4       B0         0
                text218                            2D92     2D92       3A         0
                text217                            2540     2540       4C         0
                text216                            2AB6     2AB6       40         0
                text215                            377C     377C        6         0
                text214                            3404     3404       1E         0
                text213                            29F4     29F4       42         0
                text212                           1DBBE    1DBBE      26C         0
                text211                            379A     379A        4         0
                text210                            3478     3478       1C         0
                text209                            3544     3544       18         0
                text208                            37AE     37AE        2         0
                text207                            32FE     32FE       24         0
                text206                            3734     3734        A         0
                text205                            352C     352C       18         0
                text204                            24A6     24A6       4E         0
                text203                            160E     160E       84         0
                text202                            37AC     37AC        2         0
                text201                            32DA     32DA       24         0
                text200                            326A     326A       26         0
                text199                            3796     3796        4         0
                text198                            36E0     36E0        C         0
                text197                            37AA     37AA        2         0
                text196                            2ED8     2ED8       34         0
                intcode_body                      1FD46    1FD46      108         0
                text194                            2E3A     2E3A       36         0
                text193                            372A     372A        A         0
                text192                            1062     1062       A2         0
                text191                            285C     285C       46         0
                text190                            2408     2408       50         0
                text189                             F12      F12       AE         0
                text188                             AD2      AD2       C6         0
                text187                            2A76     2A76       40         0
                text186                            21CA     21CA       58         0
                text185                            1F2C     1F2C       68         0
                text184                            2CDE     2CDE       3C         0
                text183                            198A     198A       7A         0
                text182                            3720     3720        A         0
                text181                            3792     3792        4         0
                text180                            3776     3776        6         0
                text179                            378E     378E        4         0
                text178                            3770     3770        6         0
                text177                            3716     3716        A         0
                text176                            36C6     36C6        E         0
                text175                             D04      D04       B0         0
                text174                             4E8      4E8       E8         0
                text173                            3244     3244       26         0
                text172                           1D3A4    1D3A4      2B6         0
                text171                           1F8D2    1F8D2      122         0
                text170                           1B05E    1B05E      33E         0
                text169                           1A67E    1A67E      352         0
                text168                             10E      10E      100         0
                text167                            305E     305E       30         0
                text166                            2BB0     2BB0       3E         0
                text165                           1E512    1E512      238         0
                text164                           1C5D2    1C5D2      2C8         0
                text163                           1B9EA    1B9EA      310         0
                text162                            1BD2     1BD2       70         0
                text161                            302E     302E       30         0
                text160                            34E2     34E2       1A         0
                text159                            29B2     29B2       42         0
                text158                            33A8     33A8       20         0
                text157                            2CA2     2CA2       3C         0
                text156                            321E     321E       26         0
                text155                             6AE      6AE       DE         0
                text154                           1ECAA    1ECAA      154         0
                text153                            1816     1816       7E         0
                text152                            11A4     11A4       A0         0
                text151                             C4E      C4E       B6         0
                text150                            2786     2786       48         0
                text149                            158A     158A       84         0
                text148                            1EC4     1EC4       68         0
                text147                            3136     3136       28         0
                text146                           1F55E    1F55E      12A         0
                text145                           1F1CE    1F1CE      134         0
                text144                            1480     1480       86         0
                text143                            1AF0     1AF0       72         0
                text142                           1CE28    1CE28      2C6         0
                text141                            3366     3366       22         0
                text140                            273E     273E       48         0
                text139                            36B8     36B8        E         0
                text138                           196A0    196A0      4A4         0
                text137                           11F3C    11F3C     1F32         0
                text136                            258C     258C       4A         0
                text135                            26F6     26F6       48         0
                text134                           18070    18070      8CC         0
                text133                            37A8     37A8        2         0
                text132                            32B6     32B6       24         0
                text131                            31F8     31F8       26         0
                text130                            292C     292C       44         0
                text129                            37A6     37A6        2         0
                text128                            310E     310E       28         0
                text127                            31D2     31D2       26         0
                text126                            376A     376A        6         0
                text125                            3750     3750        8         0
                text124                            36AA     36AA        E         0
                text123                            35BE     35BE       12         0
                text122                           1FFFE    1FFFE        2         0
                text121                            2EA4     2EA4       34         0
                text119                            370C     370C        A         0
                text118                             FC0      FC0       A2         0
                text117                            2816     2816       46         0
                text116                            23B8     23B8       50         0
                text115                            1E5C     1E5C       68         0
                text114                            1244     1244       9A         0
                text113                            369C     369C        E         0
                text112                            1D22     1D22       6A         0
                text111                            368E     368E        E         0
                text110                            3680     3680        E         0
                text109                            1F94     1F94       66         0
                text108                            3672     3672        E         0
                text107                            33E6     33E6       1E         0
                text106                            3748     3748        8         0
                text105                            3600     3600       10         0
                text104                            2E04     2E04       36         0
                text103                            33C8     33C8       1E         0
                text102                            345C     345C       1C         0
                text101                             940      940       CC         0
                text100                            3440     3440       1C         0
                text99                             3664     3664        E         0
                text98                             2FFE     2FFE       30         0
                text97                             3656     3656        E         0
                text96                             2FCE     2FCE       30         0
                text95                             3648     3648        E         0
                text94                             2368     2368       50         0
                text93                             363A     363A        E         0
                text92                             2F0C     2F0C       32         0
                text91                             362C     362C        E         0
                text90                             2222     2222       54         0
                text89                             2B72     2B72       3E         0
                text88                             20C0     20C0       5A         0
                text87                             34C8     34C8       1A         0
                text86                             2276     2276       52         0
                text85                            1EF4E    1EF4E      14C         0
                text84                            1F7B0    1F7B0      122         0
                text83                             2B34     2B34       3E         0
                text82                             2318     2318       50         0
                text81                            1DE2A    1DE2A      266         0
                text80                            1D0EE    1D0EE      2B6         0
                text79                             2F9E     2F9E       30         0
                text78                            1AD20    1AD20      33E         0
                text77                             26AE     26AE       48         0
                text76                              5D0      5D0       DE         0
                text75                             1506     1506       84         0
                text74                             1DF4     1DF4       68         0
                text73                             30E6     30E6       28         0
                text72                            1EB56    1EB56      154         0
                text71                            1F434    1F434      12A         0
                text70                            1F09A    1F09A      134         0
                text69                             13FA     13FA       86         0
                text68                             1A7E     1A7E       72         0
                text67                            1A32C    1A32C      352         0
                text66                            1CB62    1CB62      2C6         0
                text65                             3344     3344       22         0
                text64                             2666     2666       48         0
                text63                             34AE     34AE       1A         0
                text62                            191FC    191FC      4A4         0
                text61                            10000    10000     1F3C         0
                text60                             2C66     2C66       3C         0
                text59                             35F0     35F0       10         0
                text58                             2458     2458       4E         0
                text57                              E64      E64       AE         0
                text56                              A0C      A0C       C6         0
                text55                             2A36     2A36       40         0
                text54                             2172     2172       58         0
                text53                             2C2A     2C2A       3C         0
                text52                             1910     1910       7A         0
                text51                             3702     3702        A         0
                text50                             378A     378A        4         0
                text49                             3764     3764        6         0
                text48                             3786     3786        4         0
                text47                             375E     375E        6         0
                text46                             36F8     36F8        A         0
                text45                             361E     361E        E         0
                text44                            1FF4E    1FF4E       B0         0
                text43                              400      400       E8         0
                text42                             31AC     31AC       26         0
                text41                            1FE4E    1FE4E      100         0
                text40                             2AF6     2AF6       3E         0
                text39                            1E2DA    1E2DA      238         0
                text38                            1C30A    1C30A      2C8         0
                text37                            1B6DA    1B6DA      310         0
                text36                             1B62     1B62       70         0
                text35                             2F6E     2F6E       30         0
                text34                             3494     3494       1A         0
                text33                             2970     2970       42         0
                text32                             3388     3388       20         0
                text31                             2BEE     2BEE       3C         0
                text30                             3186     3186       26         0
                text29                             1798     1798       7E         0
                text28                             1104     1104       A0         0
                text27                              B98      B98       B6         0
                text26                             261E     261E       48         0
                text25                             25D6     25D6       48         0
                text24                            1893C    1893C      8C0         0
                text23                             3782     3782        4         0
                text22                              868      868       D8         0
                text21                             3322     3322       22         0
                text20                             3610     3610        E         0
                text19                             2E70     2E70       34         0
                text18                             355C     355C       16         0
                text17                             2F3E     2F3E       30         0
                text16                             2060     2060       60         0
                text15                             28E8     28E8       44         0
                text14                             22C8     22C8       50         0
                text13                             2DCC     2DCC       38         0
                text12                             211A     211A       58         0
                text11                             12DE     12DE       90         0
                text10                             136E     136E       8C         0
                text9                              35E0     35E0       10         0
                text8                              24F4     24F4       4C         0
                text7                              1D8C     1D8C       68         0
                text6                             19FC4    19FC4      368         0
                text5                              35AC     35AC       12         0
                text4                             15D8E    15D8E     17B4         0
                text3                             1FB16    1FB16      11C         0
                text2                              35D0     35D0       10         0
                text1                              3514     3514       18         0
                text0                             1E982    1E982      1D4         0
                cinit                               30E      30E       F2         0
                idataBANK5                         359A     359A       12         0
                idataBANK4                         34FC     34FC       18         0
                idataBANK2                         36D4     36D4        C         0
                idataBANK1                         37B2     37B2        1         0
                idataBANK0                         3758     3758        6         0

        CLASS   CONST          

        CLASS   SMALLCONST     

        CLASS   MEDIUMCONST    
                mediumconst                        CBBE     CBBE     3442         0

        CLASS   COMRAM         
                temp                                 5F       5F        1         1
                cstackCOMRAM                          1        1       5E         1

        CLASS   ABS1           

        CLASS   BIGRAM         

        CLASS   RAM            

        CLASS   BANK0          
                cstackBANK0                          60       60       93         1
                dataBANK0                            F3       F3        6         1
                bssBANK0                             F9       F9        4         1
                bitbssBANK0                         7E8       FD        2         1

        CLASS   BANK1          
                cstackBANK1                         100      100       D6         1
                dataBANK1                           1EB      1EB        1         1
                bssBANK1                            1D6      1D6       15         1

        CLASS   BANK2          
                cstackBANK2                         200      200       76         1
                dataBANK2                           2CD      2CD        C         1
                bssBANK2                            276      276       57         1

        CLASS   BANK3          
                cstackBANK3                         300      300       E3         1
                bssBANK3                            3E3      3E3        C         1
                nvBANK3                             3EF      3EF        1         1

        CLASS   BANK4          
                cstackBANK4                         4BC      4BC       25         1
                dataBANK4                           4E1      4E1       18         1
                bssBANK4                            400      400       BC         1

        CLASS   BANK5          
                cstackBANK5                         591      591       4E         1
                dataBANK5                           5DF      5DF       12         1
                bssBANK5                            500      500       91         1

        CLASS   BANK6          
                bssBANK6                            600      600       80         1

        CLASS   BANK7          

        CLASS   BANK8          

        CLASS   BANK9          

        CLASS   BANK10         

        CLASS   BANK11         

        CLASS   BANK12         

        CLASS   BANK13         

        CLASS   SFR            

        CLASS   FARRAM         

        CLASS   CONFIG         
                config                           300000   300000        C         0

        CLASS   IDLOC          
                idloc                            200000   200000       10         0

        CLASS   EEDATA         



SEGMENTS        Name                           Load    Length   Top    Selector   Space  Class

                reset_vec                      000000  000004  000004         0       0  CODE    
                cstackCOMRAM                   000001  00005F  000060         1       1  COMRAM  
                intcode                        000008  000006  00000E         4       0  CODE    
                intcodelo                      000018  00379B  0037B3         C       0  CODE    
                cstackBANK0                    000060  00009E  0000FE        60       1  BANK0   
                cstackBANK1                    000100  0000EC  0001EC       100       1  BANK1   
                cstackBANK2                    000200  0000D9  0002D9       200       1  BANK2   
                cstackBANK3                    000300  0000F0  0003F0       300       1  BANK3   
                bssBANK4                       000400  0000F9  0004F9       400       1  BANK4   
                bssBANK5                       000500  0000F1  0005F1       500       1  BANK5   
                bssBANK6                       000600  000080  000680       600       1  BANK6   
                mediumconst                    00CBBE  003442  010000      65DF       0  MEDIUMCO
                text61                         010000  010000  020000      8000       0  CODE    
                idloc                          200000  000010  200010    200000       0  IDLOC   
                config                         300000  00000C  30000C    300000       0  CONFIG  


UNUSED ADDRESS RANGES

        Name                Unused          Largest block    Delta
        BANK0            0000FE-0000FF                2
        BANK1            0001EC-0001FF               14
        BANK10           000A00-000AFF              100
        BANK11           000B00-000BFF              100
        BANK12           000C00-000CFF              100
        BANK13           000D00-000DE9               EA
        BANK2            0002D9-0002FF               27
        BANK3            0003F0-0003FF               10
        BANK4            0004F9-0004FF                7
        BANK5            0005F1-0005FF                F
        BANK6            000680-0006FF               80
        BANK7            000700-0007FF              100
        BANK8            000800-0008FF              100
        BANK9            000900-0009FF              100
        BIGRAM           0000FE-0000FF                2
                         0001EC-0001FF               14
                         0002D9-0002FF               27
                         0003F0-0003FF               10
                         0004F9-0004FF                7
                         0005F1-0005FF                F
                         000680-000DE9              76A
        CODE             000004-000007                4
                         00000E-000017                A
                         0037B3-00CBBD             940B
        CONST            000004-000007                4
                         00000E-000017                A
                         0037B3-00CBBD             940B
        EEDATA           310000-3103FF              400
        MEDIUMCONST      0037B3-00CBBD             940B
        RAM              0000FE-0000FF                2
                         0001EC-0001FF               14
                         0002D9-0002FF               27
                         0003F0-0003FF               10
                         0004F9-0004FF                7
                         0005F1-0005FF                F
                         000680-000DE9              100
        SFR              000DEF-000FFF              100
        SMALLCONST       0037B3-00CBBD              100
        STACK            000680-000DE9              76A

                                  Symbol Table

?_ADCC_GetConversionResult                     cstackCOMRAM 000001
?_ADCC_GetFilterValue                          cstackCOMRAM 000001
?_FLASH_ReadWord                               cstackBANK3  000304
?___awdiv                                      cstackBANK3  000306
?___awmod                                      cstackBANK3  000300
?___fladd                                      cstackBANK3  000334
?___fldiv                                      cstackBANK3  000348
?___flmul                                      cstackBANK3  000361
?___flneg                                      cstackBANK3  000330
?___flsub                                      cstackBANK3  000348
?___fltol                                      cstackBANK3  00030E
?___ftdiv                                      cstackBANK3  00030B
?___ftpack                                     cstackBANK3  000300
?___lldiv                                      cstackBANK3  000300
?___llmod                                      cstackBANK3  00030D
?___lwtoft                                     cstackBANK3  000308
?___wmul                                       cstackBANK3  000300
?___xxtofl                                     cstackBANK3  000318
?__div_to_l_                                   cstackBANK3  000300
?__doprnt                                      cstackBANK3  000387
?__tdiv_to_l_                                  cstackBANK3  000300
?_abs                                          cstackBANK0  00007D
?_acos                                         cstackBANK3  0003B7
?_asin                                         cstackBANK3  00039F
?_atan                                         cstackBANK3  00038A
?_atoi                                         cstackBANK3  000306
?_currentMeasuredToPeak                        cstackBANK0  0000AC
?_eval_poly                                    cstackBANK3  00037A
?_fabs                                         cstackBANK3  000334
?_floor                                        cstackBANK0  000089
?_fround                                       cstackBANK3  00037A
?_getCauseOfResetString                        cstackBANK3  000300
?_getCauseOfResetStringSmall                   cstackBANK3  000300
?_getDeviceID                                  cstackBANK3  00030B
?_getDeviceIDString                            cstackBANK3  00030D
?_getUserID                                    cstackBANK3  00030B
?_peakToRMS                                    cstackBANK0  0000C2
?_printf                                       cstackBANK3  0003B1
?_readDoubleFromEEPROM                         cstackBANK3  000302
?_round                                        cstackBANK3  0003BF
?_scale                                        cstackBANK3  00037A
?_sin                                          cstackBANK0  00009B
?_sprintf                                      cstackBANK3  0003B1
?_sqrt                                         cstackBANK3  00037A
?_strchr                                       cstackBANK3  000300
?_strcmp                                       cstackBANK3  000300
?_strlen                                       cstackBANK3  000300
?_strncmp                                      cstackBANK3  000306
?_strstr                                       cstackBANK3  00030F
?_trunc                                        cstackBANK3  000326
?i1_FLASH_ReadWord                             cstackBANK1  000116
?i1___awdiv                                    cstackBANK1  000118
?i1___awmod                                    cstackBANK1  000112
?i1___fladd                                    cstackBANK1  000181
?i1___fldiv                                    cstackBANK1  000120
?i1___flmul                                    cstackBANK1  000139
?i1___flneg                                    cstackBANK1  00017D
?i1___flsub                                    cstackBANK1  000195
?i1___fltol                                    cstackBANK1  00015B
?i1___ftdiv                                    cstackBANK1  00011D
?i1___ftpack                                   cstackBANK1  000112
?i1___lldiv                                    cstackBANK1  000112
?i1___llmod                                    cstackBANK1  00011F
?i1___lwtoft                                   cstackBANK1  00011A
?i1___wmul                                     cstackBANK1  000112
?i1___xxtofl                                   cstackBANK1  000165
?i1__div_to_l_                                 cstackBANK1  000112
?i1__tdiv_to_l_                                cstackBANK1  000112
?i1_acos                                       cstackBANK1  0001D2
?i1_asin                                       cstackBANK1  0001BA
?i1_atan                                       cstackBANK1  0001A5
?i1_eval_poly                                  cstackBANK1  000195
?i1_fabs                                       cstackBANK1  000181
?i1_fround                                     cstackBANK1  000152
?i1_getCauseOfResetStringSmall                 cstackBANK1  000112
?i1_getDeviceID                                cstackBANK1  00011D
?i1_round                                      cstackBANK2  000204
?i1_scale                                      cstackBANK1  000152
?i1_sprintf                                    cstackBANK1  0001CB
?i1_sqrt                                       cstackBANK1  000195
?i1_trunc                                      cstackBANK1  000173
?i2___awdiv                                    cstackCOMRAM 000007
?i2___awmod                                    cstackCOMRAM 000001
?i2___fladd                                    cstackBANK0  00006D
?i2___fldiv                                    cstackCOMRAM 000049
?i2___flmul                                    cstackCOMRAM 00000F
?i2___flneg                                    cstackCOMRAM 000055
?i2___flsub                                    cstackBANK0  000093
?i2___fltol                                    cstackCOMRAM 000031
?i2___lldiv                                    cstackCOMRAM 000001
?i2___llmod                                    cstackCOMRAM 00000E
?i2___wmul                                     cstackCOMRAM 000001
?i2___xxtofl                                   cstackCOMRAM 00003B
?i2__div_to_l_                                 cstackCOMRAM 000001
?i2__doprnt                                    cstackBANK0  00009B
?i2__tdiv_to_l_                                cstackCOMRAM 000001
?i2_acos                                       cstackBANK0  0000BA
?i2_asin                                       cstackBANK0  0000A2
?i2_atan                                       cstackBANK0  00008D
?i2_eval_poly                                  cstackBANK0  00007D
?i2_fabs                                       cstackCOMRAM 000059
?i2_fround                                     cstackCOMRAM 000028
?i2_printf                                     cstackBANK0  0000C5
?i2_readDoubleFromEEPROM                       cstackCOMRAM 000003
?i2_scale                                      cstackCOMRAM 000028
?i2_sqrt                                       cstackBANK0  00007D
ADCC_SetADTIInterruptHandler@InterruptHandler  cstackBANK3  000300
ADCC_StartConversion@channel                   cstackBANK1  000112
ADC_PostProcessingCallback@current_adc_channel cstackBANK0  0000EA
DATAEE_ReadByte@bAdd                           cstackBANK3  000300
DATAEE_WriteByte@GIEBitValue                   cstackBANK3  000303
DATAEE_WriteByte@bAdd                          cstackBANK3  000300
DATAEE_WriteByte@bData                         cstackBANK3  000302
EUSART2_Read@readValue                         cstackBANK3  000300
EUSART2_SetRxInterruptHandler@interruptHandler cstackBANK3  000300
EUSART2_SetTxInterruptHandler@interruptHandler cstackBANK3  000300
EUSART2_Write@txData                           cstackBANK3  000300
FLASH_ReadByte@flashAddr                       cstackBANK3  000300
FLASH_ReadWord@flashAddr                       cstackBANK3  000304
I2C1_ISR@i2c_10bit_address_restart             bssBANK1     0001E8
I2C1_ISR@i2c_address                           bssBANK0     0000FB
I2C1_ISR@i2c_bytes_left                        bssBANK1     0001E9
I2C1_ISR@pi2c_buf_ptr                          bssBANK1     0001DA
I2C1_MasterRead@trBlock                        bssBANK4     0004B2
I2C1_MasterTRBInsert@count                     cstackBANK3  000305
I2C1_MasterTRBInsert@pflag                     cstackBANK3  000302
I2C1_MasterTRBInsert@ptrb_list                 cstackBANK3  000300
I2C1_MasterWrite@address                       cstackBANK3  00030C
I2C1_MasterWrite@length                        cstackBANK3  00030B
I2C1_MasterWrite@pdata                         cstackBANK3  000309
I2C1_MasterWrite@pflag                         cstackBANK3  00030E
I2C1_MasterWrite@trBlock                       bssBANK4     0004B7
I2C1_MasterWriteTRBBuild@address               cstackBANK3  000305
I2C1_MasterWriteTRBBuild@length                cstackBANK3  000304
I2C1_MasterWriteTRBBuild@pdata                 cstackBANK3  000302
I2C1_MasterWriteTRBBuild@ptrb                  cstackBANK3  000300
I2C1_Stop@completion_code                      cstackCOMRAM 000003
INT0_SetInterruptHandler@InterruptHandler      cstackBANK3  000300
OLED_Clear@col                                 cstackBANK3  000323
OLED_Clear@row                                 cstackBANK3  000321
OLED_Command@data_array                        cstackBANK3  000312
OLED_Command@length                            cstackBANK3  000311
OLED_Command@temp                              cstackBANK3  000310
OLED_PutChar@ch                                cstackBANK3  000320
OLED_PutChar@data_array                        cstackBANK3  000314
OLED_PutChar@input_base                        cstackBANK3  00031D
OLED_PutChar@length                            cstackBANK3  00031F
OLED_WriteString@s                             cstackBANK3  000321
OLED_YX@Column                                 cstackBANK3  000314
OLED_YX@Row                                    cstackBANK3  000316
OLED_updateCallback@TRIAC_degrees              cstackBANK5  000595
OLED_updateCallback@angle_string               cstackBANK5  0005CE
OLED_updateCallback@dev_id_str                 cstackBANK5  00059B
OLED_updateCallback@percentage                 cstackBANK5  000598
OLED_updateCallback@percentage_string          cstackBANK5  0005BD
OLED_updateCallback@rev_id_str                 cstackBANK5  0005AC
TMR2_Counter8BitSet@timerVal                   cstackBANK3  000300
TMR2_Period8BitSet@periodVal                   cstackBANK3  000300
TMR2_SetInterruptHandler@InterruptHandler      cstackBANK3  000300
TMR2_WriteTimer@timerVal                       cstackBANK3  000301
TMR4_ISR@CountCallBack                         bssBANK1     0001E0
TMR4_SetInterruptHandler@InterruptHandler      cstackBANK3  000300
TMR5_SetInterruptHandler@InterruptHandler      cstackBANK3  000300
TMR5_WriteTimer@timerVal                       cstackCOMRAM 000001
TMR6_SetInterruptHandler@InterruptHandler      cstackBANK3  000300
TMR7_SetInterruptHandler@InterruptHandler      cstackBANK3  000300
TMR7_WriteTimer@timerVal                       cstackBANK1  000112
_ADACCH                                        (abs)        000F71
_ADACCL                                        (abs)        000F70
_ADACQ                                         (abs)        000F5C
_ADACT                                         (abs)        000F56
_ADCAP                                         (abs)        000F5D
_ADCC_ADTI_InterruptHandler                    bssBANK2     0002B1
_ADCC_ClearAccumulator                         text126      00376A
_ADCC_DefaultInterruptHandler                  text235      0037B0
_ADCC_DischargeSampleCapacitor                 text125      003750
_ADCC_GetConversionResult                      text261      003586
_ADCC_GetCurrentCountofConversions             text260      0037A2
_ADCC_GetFilterValue                           text259      003572
_ADCC_HasAccumulatorOverflowed                 text258      0036EC
_ADCC_Initialize                               text112      001D22
_ADCC_SetADTIInterruptHandler                  text113      00369C
_ADCC_StartConversion                          text124      0036AA
_ADCC_StopConversion                           text257      00379E
_ADCC_ThresholdISR                             text234      00315E
_ADCLK                                         (abs)        000F57
_ADCNT                                         (abs)        000F67
_ADCON0                                        (abs)        000F60
_ADCON0bits                                    (abs)        000F60
_ADCON1                                        (abs)        000F59
_ADCON1bits                                    (abs)        000F59
_ADCON2                                        (abs)        000F5A
_ADCON2bits                                    (abs)        000F5A
_ADCON3                                        (abs)        000F5B
_ADCON3bits                                    (abs)        000F5B
_ADC_PostProcessingCallback                    text236      017542
_ADC_PostProcessingCallback$6454               cstackBANK0  0000EB
_ADC_PostProcessingCallback$6455               cstackBANK0  0000EF
_ADC_PostProcessingCallback$6456               cstackBANK0  0000DA
_ADC_PostProcessingCallback$6457               cstackBANK0  0000DE
_ADC_PostProcessingCallback$6458               cstackBANK0  0000E2
_ADC_PostProcessingCallback$6459               cstackBANK0  0000E6
_ADC_Result_Scaling                            bssBANK2     00029A
_ADERRH                                        (abs)        000F6F
_ADERRL                                        (abs)        000F6E
_ADFLTRH                                       (abs)        000F73
_ADFLTRL                                       (abs)        000F72
_ADLTHH                                        (abs)        000F6B
_ADLTHL                                        (abs)        000F6A
_ADPCH                                         (abs)        000F5F
_ADPRE                                         (abs)        000F5E
_ADPREVH                                       (abs)        000F62
_ADPREVL                                       (abs)        000F61
_ADREF                                         (abs)        000F58
_ADRESH                                        (abs)        000F64
_ADRESL                                        (abs)        000F63
_ADRPT                                         (abs)        000F66
_ADSTAT                                        (abs)        000F65
_ADSTATbits                                    (abs)        000F65
_ADSTPTH                                       (abs)        000F69
_ADSTPTL                                       (abs)        000F68
_ADUTHH                                        (abs)        000F6D
_ADUTHL                                        (abs)        000F6C
_ANSELA                                        (abs)        000E92
_ANSELB                                        (abs)        000E9A
_ANSELD                                        (abs)        000EA7
_ANSELE                                        (abs)        000EAF
_ANSELF                                        (abs)        000EB4
_ANSELG                                        (abs)        000EBC
_AVSS_ADC_Result                               bssBANK3     0003EB
_Avg_Power                                     bssBANK2     000286
_BAUD2CON                                      (abs)        000EF7
_CountCallBack                                 bssBANK2     0002BB
_DATAEE_ReadByte                               text87       0034C8
_DATAEE_WriteByte                              text83       002B34
_EUSART2_Initialize                            text109      001F94
_EUSART2_Read                                  text58       002458
_EUSART2_Receive_ISR                           text219      000DB4
_EUSART2_RxDefaultInterruptHandler             bssBANK4     000424
_EUSART2_SetRxInterruptHandler                 text111      00368E
_EUSART2_SetTxInterruptHandler                 text110      003680
_EUSART2_Transmit_ISR                          text194      002E3A
_EUSART2_TxDefaultInterruptHandler             bssBANK4     000427
_EUSART2_Write                                 text64       002666
_EXT_INT_Initialize                            text107      0033E6
_FLASH_ReadByte                                text34       003494
_FLASH_ReadWord                                text33       002970
_FVRCON                                        (abs)        000EC4
_FVRCONbits                                    (abs)        000EC4
_FVR_ADC_Result                                bssBANK2     0002C8
_FVR_Initialize                                text106      003748
_HLVDCON0                                      (abs)        000EC2
_HLVDCON0bits                                  (abs)        000EC2
_HLVDCON1                                      (abs)        000EC3
_HLVD_ISR                                      text216      002AB6
_HLVD_Initialize                               text105      003600
_I2C1_BusCollisionISR                          text215      00377C
_I2C1_FunctionComplete                         text214      003404
_I2C1_ISR                                      text212      01DBBE
_I2C1_Initialize                               text104      002E04
_I2C1_MasterTRBInsert                          text118      000FC0
_I2C1_MasterWrite                              text116      0023B8
_I2C1_MasterWriteTRBBuild                      text117      002816
_I2C1_Stop                                     text213      0029F4
_I2C1_WaitForLastPacketToComplete              text119      00370C
_INT0PPS                                       (abs)        000DF0
_INT0_CallBack                                 text207      0032FE
_INT0_DefaultInterruptHandler                  text208      0037AE
_INT0_ISR                                      text206      003734
_INT0_InterruptHandler                         bssBANK2     0002A8
_INT0_SetInterruptHandler                      text108      003672
_INTCONbits                                    (abs)        000FF2
_INTERRUPT_Initialize                          text103      0033C8
_INTERRUPT_InterruptManagerHigh                intcode      000008
_INTERRUPT_InterruptManagerLow                 intcodelo    000018
_IPR0bits                                      (abs)        000E1F
_IPR1bits                                      (abs)        000E20
_IPR2bits                                      (abs)        000E21
_IPR3bits                                      (abs)        000E22
_IPR5bits                                      (abs)        000E24
_Imeas                                         bssBANK3     0003E7
_Ipk                                           bssBANK1     0001D6
_Irms                                          bssBANK2     00028A
_Irms_offset                                   dataBANK2    0002CD
_LATA                                          (abs)        000F79
_LATB                                          (abs)        000F7A
_LATC                                          (abs)        000F7B
_LATD                                          (abs)        000F7C
_LATE                                          (abs)        000F7D
_LATF                                          (abs)        000F7E
_LATFbits                                      (abs)        000F7E
_LATG                                          (abs)        000F7F
_LATGbits                                      (abs)        000F7F
_LATH                                          (abs)        000F80
_NVMADRH                                       (abs)        000F75
_NVMADRL                                       (abs)        000F74
_NVMCON1bits                                   (abs)        000F77
_NVMCON2                                       (abs)        000F78
_NVMDAT                                        (abs)        000F76
_ODCONA                                        (abs)        000E90
_ODCONB                                        (abs)        000E98
[...]
		_round         		CODE           	0B98	0000	183

C:\Program Files (x86)\Microchip\xc8\v1.45\sources\common\round.c estimated size: 183

mcc_generated_files/tmr2.c
		_TMR2_ISR      		CODE           	31F8	0000	39
		_TMR2_Initialize		CODE           	2FFE	0000	49
		_TMR2_Stop     		CODE           	3786	0000	5
		_TMR2_Start    		CODE           	378A	0000	5
		_TMR2_SetInterruptHandler		CODE           	3664	0000	15
		_TMR2_Counter8BitSet		CODE           	36F8	0000	11
		_TMR2_Period8BitSet		CODE           	3702	0000	11
		_TMR2_StopTimer		CODE           	375E	0000	7
		_TMR2_DefaultInterruptHandler		CODE           	37A8	0000	3
		_TMR2_CallBack 		CODE           	32B6	0000	37
		_TMR2_WriteTimer		CODE           	361E	0000	15
		_TMR2_StartTimer		CODE           	3764	0000	7

mcc_generated_files/tmr2.c estimated size: 204

mcc_generated_files/interrupt_manager.c
		_INTERRUPT_Initialize		CODE           	33C8	0000	31
		_INTERRUPT_InterruptManagerLow		CODE           	0018	0000	243
		_INTERRUPT_InterruptManagerHigh		CODE           	0008	0000	271

mcc_generated_files/interrupt_manager.c estimated size: 545

C:\Program Files (x86)\Microchip\xc8\v1.45\sources\common\Umul16.c
		___wmul        		CODE           	30E6	0000	41

C:\Program Files (x86)\Microchip\xc8\v1.45\sources\common\Umul16.c estimated size: 41

mcc_generated_files/i2c1.c
		_I2C1_BusCollisionISR		CODE           	377C	0000	7
		_I2C1_FunctionComplete		CODE           	3404	0000	31
		_I2C1_MasterWriteTRBBuild		CODE           	2816	0000	71
		_I2C1_ISR      		CODE           	1DBBE	0000	621
		_I2C1_MasterWrite		CODE           	23B8	0000	81
		_I2C1_Initialize		CODE           	2E04	0000	55
		_I2C1_Stop     		CODE           	29F4	0000	67
		_I2C1_WaitForLastPacketToComplete		CODE           	370C	0000	11
		_I2C1_MasterTRBInsert		CODE           	0FC0	0000	163

mcc_generated_files/i2c1.c estimated size: 1107

double_to_EEPROM.c
		_readDoubleFromEEPROM		CODE           	2276	0000	83
		_writeDoubleToEEPROM		CODE           	2318	0000	81

double_to_EEPROM.c estimated size: 164

C:\Program Files (x86)\Microchip\xc8\v1.45\sources\common\frexp.c
		_frexp         		CODE           	1798	0000	127

C:\Program Files (x86)\Microchip\xc8\v1.45\sources\common\frexp.c estimated size: 127

mcc_generated_files/pin_manager.c
		_PIN_MANAGER_Initialize		CODE           	0940	0000	205

mcc_generated_files/pin_manager.c estimated size: 205

C:\Program Files (x86)\Microchip\xc8\v1.45\sources\common\fabs.c
		_fabs          		CODE           	2AF6	0000	63

C:\Program Files (x86)\Microchip\xc8\v1.45\sources\common\fabs.c estimated size: 63

C:\Program Files (x86)\Microchip\xc8\v1.45\sources\common\isdigit.c
		_isdigit       		CODE           	3344	0000	35

C:\Program Files (x86)\Microchip\xc8\v1.45\sources\common\isdigit.c estimated size: 35

C:\Program Files (x86)\Microchip\xc8\v1.45\sources\common\sprcadd.c
		___flsub       		CODE           	26AE	0000	73
		___fladd       		CODE           	1AD20	0000	831

C:\Program Files (x86)\Microchip\xc8\v1.45\sources\common\sprcadd.c estimated size: 904

C:\Program Files (x86)\Microchip\xc8\v1.45\sources\common\floor.c
		_floor         		CODE           	1FC32	0000	277

C:\Program Files (x86)\Microchip\xc8\v1.45\sources\common\floor.c estimated size: 277

C:\Program Files (x86)\Microchip\xc8\v1.45\sources\common\ftdivl.c
		__tdiv_to_l_   		CODE           	1F09A	0000	309

C:\Program Files (x86)\Microchip\xc8\v1.45\sources\common\ftdivl.c estimated size: 309

C:\Program Files (x86)\Microchip\xc8\v1.45\sources\common\awmod.c
		___awmod       		CODE           	1A7E	0000	115

C:\Program Files (x86)\Microchip\xc8\v1.45\sources\common\awmod.c estimated size: 115

C:\Program Files (x86)\Microchip\xc8\v1.45\sources\common\strstr.c
		_strstr        		CODE           	136E	0000	141

C:\Program Files (x86)\Microchip\xc8\v1.45\sources\common\strstr.c estimated size: 141

device_IDs.c
		_getDeviceID   		CODE           	3388	0000	33
		_getUserID     		CODE           	28E8	0000	69
		_getMinorRevisionID		CODE           	3186	0000	39
		_getDeviceIDString		CODE           	2060	0000	97
		_getMajorRevisionID		CODE           	2BEE	0000	61

device_IDs.c estimated size: 299

C:\Program Files (x86)\Microchip\xc8\v1.45\sources\common\ftdiv.c
		___ftdiv       		CODE           	0400	0000	233

C:\Program Files (x86)\Microchip\xc8\v1.45\sources\common\ftdiv.c estimated size: 233

C:\Program Files (x86)\Microchip\xc8\v1.45\sources\common\acos.c
		_acos          		CODE           	1B62	0000	113

C:\Program Files (x86)\Microchip\xc8\v1.45\sources\common\acos.c estimated size: 113

C:\Program Files (x86)\Microchip\xc8\v1.45\sources\common\llmod.c
		___llmod       		CODE           	1DF4	0000	105

C:\Program Files (x86)\Microchip\xc8\v1.45\sources\common\llmod.c estimated size: 105

C:\Program Files (x86)\Microchip\xc8\v1.45\sources\common\fldivl.c
		__div_to_l_    		CODE           	1F434	0000	299

C:\Program Files (x86)\Microchip\xc8\v1.45\sources\common\fldivl.c estimated size: 299

C:\Program Files (x86)\Microchip\xc8\v1.45\sources\common\sprintf.c
		_sprintf       		CODE           	261E	0000	73

C:\Program Files (x86)\Microchip\xc8\v1.45\sources\common\sprintf.c estimated size: 73

C:\Program Files (x86)\Microchip\xc8\v1.45\sources\common\fltol.c
		___fltol       		CODE           	05D0	0000	223

C:\Program Files (x86)\Microchip\xc8\v1.45\sources\common\fltol.c estimated size: 223

mcc_generated_files/ext_int.c
		_INT0_SetInterruptHandler		CODE           	3672	0000	15
		_EXT_INT_Initialize		CODE           	33E6	0000	31
		_INT0_DefaultInterruptHandler		CODE           	37AE	0000	3
		_INT0_CallBack 		CODE           	32FE	0000	37
		_INT0_ISR      		CODE           	3734	0000	11

mcc_generated_files/ext_int.c estimated size: 97

C:\Program Files (x86)\Microchip\xc8\v1.45\sources\common\atoi.c
		_atoi          		CODE           	0868	0000	217

C:\Program Files (x86)\Microchip\xc8\v1.45\sources\common\atoi.c estimated size: 217

mcc_generated_files/tmr7.c
		_TMR7_DefaultInterruptHandler		CODE           	1FFFE	0000	3
		_TMR7_WriteTimer		CODE           	31D2	0000	39
		_TMR7_ISR      		CODE           	2EA4	0000	53
		_TMR7_Initialize		CODE           	2222	0000	85
		_TMR7_SetInterruptHandler		CODE           	362C	0000	15

mcc_generated_files/tmr7.c estimated size: 195

mcc_generated_files/hlvd.c
		_HLVD_ISR      		CODE           	2AB6	0000	65
		_HLVD_Initialize		CODE           	3600	0000	17

mcc_generated_files/hlvd.c estimated size: 82

C:\Program Files (x86)\Microchip\xc8\v1.45\sources\common\printf.c
		_printf        		CODE           	2C66	0000	61

C:\Program Files (x86)\Microchip\xc8\v1.45\sources\common\printf.c estimated size: 61

mcc_generated_files/tmr5.c
		_TMR5_ISR      		CODE           	2ED8	0000	53
		_TMR5_Initialize		CODE           	2368	0000	81
		_TMR5_SetInterruptHandler		CODE           	3648	0000	15
		_TMR5_StopTimer		CODE           	3782	0000	5
		_TMR5_DefaultInterruptHandler		CODE           	37AA	0000	3
		_TMR5_WriteTimer		CODE           	3478	0000	29
		_TMR5_StartTimer		CODE           	379A	0000	5

mcc_generated_files/tmr5.c estimated size: 191

shared
		i2_writeDoubleToEEPROM		CODE           	2540	0000	77
		i2_DATAEE_WriteByte		CODE           	2D92	0000	59
		i1_acos        		CODE           	1BD2	0000	113
		i2_printf      		CODE           	2D1A	0000	61
		i2_acos        		CODE           	1CB2	0000	113
		_OledFont      		MEDIUMCONST    	CC7D	0000	769
		i2_readDoubleFromEEPROM		CODE           	24A6	0000	79
		i1_putch       		CODE           	36B8	0000	15
		i2_putch       		CODE           	373E	0000	11
		i1_getMinorRevisionID		CODE           	321E	0000	39
		i1___ftdiv     		CODE           	04E8	0000	233
		__powers_      		MEDIUMCONST    	CBBF	0000	53
		i1_TMR2_Counter8BitSet		CODE           	3716	0000	11
		i1_OLED_YX     		CODE           	2CDE	0000	61
		i1_I2C1_WaitForLastPacketToComplete		CODE           	372A	0000	11
		_dpowers       		MEDIUMCONST    	CC27	0000	41
		i1___lwtoft    		CODE           	3244	0000	39
		i1_isdigit     		CODE           	3366	0000	35
		i2_isdigit     		CODE           	3422	0000	31
		i1_getCauseOfResetStringSmall		CODE           	302E	0000	49
		i1_OLED_Clear  		CODE           	2A76	0000	65
		i1___flneg     		CODE           	305E	0000	49
		i1_strcpy      		CODE           	26F6	0000	73
		i2___flneg     		CODE           	308E	0000	47
		i1_atan        		CODE           	1E512	0000	569
		i1___awdiv     		CODE           	1480	0000	135
		i2_atan        		CODE           	1E74A	0000	569
		atan@coeff_a   		MEDIUMCONST    	CF7D	0000	25
		atan@coeff_b   		MEDIUMCONST    	CFA9	0000	21
		i2___awdiv     		CODE           	1692	0000	133
		i1___fladd     		CODE           	1B05E	0000	831
		i1__tdiv_to_l_ 		CODE           	1F1CE	0000	309
		i2___fladd     		CODE           	1B39C	0000	831
		i2__tdiv_to_l_ 		CODE           	1F302	0000	307
		i1___wmul      		CODE           	3136	0000	41
		i1_eval_poly   		CODE           	010E	0000	257
		i2___wmul      		CODE           	3290	0000	39
		i1_I2C1_MasterWrite		CODE           	2408	0000	81
		i2_eval_poly   		CODE           	020E	0000	257
		i1__doprnt     		CODE           	11F3C	0000	7987
		i2__doprnt     		CODE           	13E6E	0000	7969
		i1___fldiv     		CODE           	1D3A4	0000	695
		i1__div_to_l_  		CODE           	1F55E	0000	299
		i1___fltol     		CODE           	06AE	0000	223
		i2___fldiv     		CODE           	1D65A	0000	695
		i2__div_to_l_  		CODE           	1F688	0000	297
		i1___ftpack    		CODE           	0D04	0000	177
		__npowers_     		MEDIUMCONST    	CBF3	0000	53
		i2___fltol     		CODE           	078C	0000	221
		i1_scale       		CODE           	196A0	0000	1189
		i1___lldiv     		CODE           	158A	0000	133
		i2_scale       		CODE           	19B44	0000	1153
		i2___lldiv     		CODE           	1716	0000	131
		__initialization		CODE           	030E	0000	233
		i1___flge      		CODE           	1F8D2	0000	291
		i2___flge      		CODE           	1F9F4	0000	291
		i1_OLED_Command		CODE           	1F2C	0000	105
		i1_OLED_UpdateFromRAMBuffer		CODE           	198A	0000	123
		i1_OLED_PutChar		CODE           	0AD2	0000	199
		i1_trunc       		CODE           	11A4	0000	161
		i1___awmod     		CODE           	1AF0	0000	115
		i2___awmod     		CODE           	1C42	0000	113
		i1_EUSART2_Write		CODE           	273E	0000	73
		i1_frexp       		CODE           	1816	0000	127
		i2_EUSART2_Write		CODE           	28A2	0000	71
		i2_frexp       		CODE           	1A04	0000	123
		_max_Temp_ADC_Result_address		MEDIUMCONST    	CC71	0000	3
		i1_FLASH_ReadWord		CODE           	29B2	0000	67
		_max_Irms_address		MEDIUMCONST    	CC79	0000	3
		i1_TMR2_Stop   		CODE           	378E	0000	5
		_max_POS12_ADC_Result_address		MEDIUMCONST    	CC73	0000	3
		i1_FLASH_ReadByte		CODE           	34E2	0000	27
		i1___flmul     		CODE           	1A67E	0000	851
		i1_I2C1_MasterWriteTRBBuild		CODE           	285C	0000	71
		i2___flmul     		CODE           	1A9D0	0000	849
		i1_asin        		CODE           	1B9EA	0000	785
		i1_TMR2_Start  		CODE           	3792	0000	5
		i2_asin        		CODE           	1BCFA	0000	785
		i1_OLED_updateCallback		CODE           	18070	0000	2253
		i1___llmod     		CODE           	1EC4	0000	105
		_hexpowers     		MEDIUMCONST    	CC4F	0000	33
		i1_memmove     		CODE           	0F12	0000	175
		i1_sprintf     		CODE           	258C	0000	75
		i2___llmod     		CODE           	1FFA	0000	103
		i1_getMajorRevisionID		CODE           	2CA2	0000	61
		i1___xxtofl    		CODE           	1ECAA	0000	341
		i2___xxtofl    		CODE           	1EDFE	0000	337
		_Total_Energy_address		MEDIUMCONST    	CC7B	0000	3
		i1_getDeviceID 		CODE           	33A8	0000	33
		i2_DATAEE_ReadByte		CODE           	352C	0000	25
		i1_TMR2_StopTimer		CODE           	3770	0000	7
		i1___flsub     		CODE           	2786	0000	73
		i2___flsub     		CODE           	27CE	0000	73
		i1_OLED_WriteString		CODE           	21CA	0000	89
		i2_TMR5_StopTimer		CODE           	3796	0000	5
		i1_fabs        		CODE           	2BB0	0000	63
		i2_fabs        		CODE           	2D56	0000	61
		i1_sqrt        		CODE           	1C5D2	0000	713
		i2_sqrt        		CODE           	1C89A	0000	713
		_max_Power_address		MEDIUMCONST    	CC77	0000	3
		i1_TMR2_Period8BitSet		CODE           	3720	0000	11
		i1_fround      		CODE           	1CE28	0000	711
		i1_round       		CODE           	0C4E	0000	183
		i2_fround      		CODE           	1D910	0000	687
		i1_TMR2_WriteTimer		CODE           	36C6	0000	15
		i1_TMR2_StartTimer		CODE           	3776	0000	7
		sin@coeff_a    		MEDIUMCONST    	CF95	0000	21
		sin@coeff_b    		MEDIUMCONST    	CFBD	0000	17
		_max_POS3P3_ADC_Result_address		MEDIUMCONST    	CC75	0000	3
		i1_I2C1_MasterTRBInsert		CODE           	1062	0000	163
		_max_FVR_ADC_Result_address		MEDIUMCONST    	CC6F	0000	3

shared estimated size: 40405

mcc_generated_files/mcc.c
		_PMD_Initialize		CODE           	3440	0000	29
		_OSCILLATOR_Initialize		CODE           	345C	0000	29
		_SYSTEM_Initialize		CODE           	2B72	0000	63

mcc_generated_files/mcc.c estimated size: 121

ring_buffer_interface.c
		_terminal_ringBufferPull		CODE           	1FB16	0000	285
		_terminal_textAttributes		CODE           	19FC4	0000	873
		_terminal_textAttributesReset		CODE           	35AC	0000	19
		_terminal_setCursorHome		CODE           	35D0	0000	17
		_terminal_printNewline		CODE           	35E0	0000	17
		_terminal_clearTerminal		CODE           	35F0	0000	17

ring_buffer_interface.c estimated size: 1228

C:\Program Files (x86)\Microchip\xc8\v1.45\sources\common\atan.c
		_atan          		CODE           	1E2DA	0000	569

C:\Program Files (x86)\Microchip\xc8\v1.45\sources\common\atan.c estimated size: 569

cause_of_reset.c
		_getCauseOfResetStringSmall		CODE           	2F6E	0000	49
		_getCauseOfResetString		CODE           	2F3E	0000	49
		_getCauseOfReset		CODE           	20C0	0000	91

cause_of_reset.c estimated size: 189

C:\Program Files (x86)\Microchip\xc8\v1.45\sources\common\awdiv.c
		___awdiv       		CODE           	13FA	0000	135

C:\Program Files (x86)\Microchip\xc8\v1.45\sources\common\awdiv.c estimated size: 135

C:\Program Files (x86)\Microchip\xc8\v1.45\sources\common\strcat.c
		_strcat        		CODE           	24F4	0000	77

C:\Program Files (x86)\Microchip\xc8\v1.45\sources\common\strcat.c estimated size: 77

oled.c
		_OLED_Clear    		CODE           	2A36	0000	65
		_OLED_Command  		CODE           	1E5C	0000	105
		_OLED_WriteString		CODE           	2172	0000	89
		_OLED_UpdateFromRAMBuffer		CODE           	1910	0000	123
		_OLED_Init     		CODE           	1244	0000	155
		_OLED_PutChar  		CODE           	0A0C	0000	199
		_OLED_YX       		CODE           	2C2A	0000	61

oled.c estimated size: 797

C:\Program Files (x86)\Microchip\xc8\v1.45\sources\common\evalpoly.c
		_eval_poly     		CODE           	1FE4E	0000	257

C:\Program Files (x86)\Microchip\xc8\v1.45\sources\common\evalpoly.c estimated size: 257

mcc_generated_files/memory.c
		_FLASH_ReadWord		CODE           	2970	0000	67
		_FLASH_ReadByte		CODE           	3494	0000	27
		_DATAEE_WriteByte		CODE           	2B34	0000	63
		_DATAEE_ReadByte		CODE           	34C8	0000	27

mcc_generated_files/memory.c estimated size: 184

C:\Program Files (x86)\Microchip\xc8\v1.45\sources\common\sin.c
		_sin           		CODE           	1C00A	0000	769

C:\Program Files (x86)\Microchip\xc8\v1.45\sources\common\sin.c estimated size: 769

C:\Program Files (x86)\Microchip\xc8\v1.45\sources\common\abs.c
		_abs           		CODE           	30BC	0000	43

C:\Program Files (x86)\Microchip\xc8\v1.45\sources\common\abs.c estimated size: 43

C:\Program Files (x86)\Microchip\xc8\v1.45\sources\common\lldiv.c
		___lldiv       		CODE           	1506	0000	133

C:\Program Files (x86)\Microchip\xc8\v1.45\sources\common\lldiv.c estimated size: 133

ring_buffer_LUT.c
		_ringBufferLUT 		CODE           	15D8E	0000	6069

ring_buffer_LUT.c estimated size: 6069

C:\Program Files (x86)\Microchip\xc8\v1.45\sources\common\xxtofl.c
		___xxtofl      		CODE           	1EB56	0000	341

C:\Program Files (x86)\Microchip\xc8\v1.45\sources\common\xxtofl.c estimated size: 341

C:\Program Files (x86)\Microchip\xc8\v1.45\sources\common\trunc.c
		_trunc         		CODE           	1104	0000	161

C:\Program Files (x86)\Microchip\xc8\v1.45\sources\common\trunc.c estimated size: 161

mcc_generated_files/adcc.c
		_ADCC_StopConversion		CODE           	379E	0000	5
		_ADCC_DefaultInterruptHandler		CODE           	37B0	0000	3
		_ADCC_ClearAccumulator		CODE           	376A	0000	7
		_ADCC_GetFilterValue		CODE           	3572	0000	21
		_ADCC_GetCurrentCountofConversions		CODE           	37A2	0000	5
		_ADCC_SetADTIInterruptHandler		CODE           	369C	0000	15
		_ADCC_GetConversionResult		CODE           	3586	0000	21
		_ADCC_ThresholdISR		CODE           	315E	0000	41
		_ADCC_StartConversion		CODE           	36AA	0000	15
		_ADCC_Initialize		CODE           	1D22	0000	107
		_ADCC_HasAccumulatorOverflowed		CODE           	36EC	0000	13
		_ADCC_DischargeSampleCapacitor		CODE           	3750	0000	9

mcc_generated_files/adcc.c estimated size: 262

C:\Program Files (x86)\Microchip\xc8\v1.45\sources\common\flneg.c
		___flneg       		CODE           	2F9E	0000	49

C:\Program Files (x86)\Microchip\xc8\v1.45\sources\common\flneg.c estimated size: 49

main.c
		_dimmingOffTimeCallback		CODE           	3544	0000	25
		_saveSRAMMaxToEEPROM		CODE           	1DE2A	0000	615
		_acquisitionTimerCallback		CODE           	35BE	0000	19
		_ADC_PostProcessingCallback		CODE           	17542	0000	2863
		_main          		CODE           	1E982	0000	469
		_heartbeatTimerCallback		CODE           	292C	0000	69
		_currentMeasuredToPeak		CODE           	1894	0000	125
		_recoverSRAMMaxFromEEPROM		CODE           	1EF4E	0000	333
		_dimmingOnTimeCallback		CODE           	36E0	0000	13
		_writeEnergyToEEPROMCallback		CODE           	160E	0000	133
		_OLED_updateCallback		CODE           	1893C	0000	2241
		_peakToRMS     		CODE           	1E090	0000	587

main.c estimated size: 7492

C:\Program Files (x86)\Microchip\xc8\v1.45\sources\common\strlen.c
		_strlen        		CODE           	211A	0000	89

C:\Program Files (x86)\Microchip\xc8\v1.45\sources\common\strlen.c estimated size: 89

C:\Program Files (x86)\Microchip\xc8\v1.45\sources\common\lwtoft.c
		___lwtoft      		CODE           	31AC	0000	39

C:\Program Files (x86)\Microchip\xc8\v1.45\sources\common\lwtoft.c estimated size: 39

C:\Program Files (x86)\Microchip\xc8\v1.45\sources\common\strcmp.c
		_strcmp        		CODE           	22C8	0000	81

C:\Program Files (x86)\Microchip\xc8\v1.45\sources\common\strcmp.c estimated size: 81

C:\Program Files (x86)\Microchip\xc8\v1.45\sources\common\strchr.c
		_strchr        		CODE           	2DCC	0000	57

C:\Program Files (x86)\Microchip\xc8\v1.45\sources\common\strchr.c estimated size: 57

C:\Program Files (x86)\Microchip\xc8\v1.45\sources\common\strcpy.c
		_strcpy        		CODE           	25D6	0000	73

C:\Program Files (x86)\Microchip\xc8\v1.45\sources\common\strcpy.c estimated size: 73

C:\Program Files (x86)\Microchip\xc8\v1.45\sources\common\strncmp.c
		_strncmp       		CODE           	12DE	0000	145

C:\Program Files (x86)\Microchip\xc8\v1.45\sources\common\strncmp.c estimated size: 145

C:\Program Files (x86)\Microchip\xc8\v1.45\sources\common\sprcmul.c
		___flmul       		CODE           	1A32C	0000	851

C:\Program Files (x86)\Microchip\xc8\v1.45\sources\common\sprcmul.c estimated size: 851

C:\Program Files (x86)\Microchip\xc8\v1.45\sources\common\strncpy.c
		_strncpy       		CODE           	1D8C	0000	105

C:\Program Files (x86)\Microchip\xc8\v1.45\sources\common\strncpy.c estimated size: 105

