Microchip MPLAB XC8 Compiler V1.45 ()

Linker command line:

-W-3 --edf=C:\Program Files (x86)\Microchip\xc8\v1.45\dat\en_msgs.txt -cs \
  -h+dist/default/production\AC_Power_Meter.X.production.sym \
  --cmf=dist/default/production\AC_Power_Meter.X.production.cmf -z \
  -Q18LF67K40 -oC:\Users\DREWMA~1\AppData\Local\Temp\s1oo.2 \
  -Mdist/default/production/AC_Power_Meter.X.production.map -E1 -ver=XC8 \
  -ASTACK=0380h-0de9h -pstack=STACK -ACODE=00h-01FFFFh -ACONST=00h-01FFFFh \
  -ASMALLCONST=0E00h-0EFFhx498 -AMEDIUMCONST=0E00h-0FFFFh,010E00h-01FFFFh \
  -ACOMRAM=01h-05Fh -AABS1=00h-0DE9h -ABIGRAM=01h-0DE9h \
  -ARAM=060h-0FFh,0100h-01FFhx12,0D00h-0DE9h -ABANK0=060h-0FFh \
  -ABANK1=0100h-01FFh -ABANK2=0200h-02FFh -ABANK3=0300h-03FFh \
  -ABANK4=0400h-04FFh -ABANK5=0500h-05FFh -ABANK6=0600h-06FFh \
  -ABANK7=0700h-07FFh -ABANK8=0800h-08FFh -ABANK9=0900h-09FFh \
  -ABANK10=0A00h-0AFFh -ABANK11=0B00h-0BFFh -ABANK12=0C00h-0CFFh \
  -ABANK13=0D00h-0DE9h \
  -ASFR=0DEFh-0DFFh,0E00h-0EFFh,0F00h-0F5Fh,0F60h-0FFFh \
  -preset_vec=00h,intcode=08h,intcodelo=018h,powerup,init -pramtop=0E00h \
  -psmallconst=SMALLCONST -pmediumconst=MEDIUMCONST -pconst=CONST \
  -AFARRAM=00h-00h -ACONFIG=0300000h-030000Bh -pconfig=CONFIG \
  -AIDLOC=0200000h-020000Fh -pidloc=IDLOC -AEEDATA=0310000h-03103FFh \
  -peeprom_data=EEDATA \
  -prdata=COMRAM,nvrram=COMRAM,nvbit=COMRAM,rbss=COMRAM,rbit=COMRAM \
  -pfarbss=FARRAM,fardata=FARRAM,nvFARRAM=FARRAM \
  -pintsave_regs=BIGRAM,bigbss=BIGRAM,bigdata=BIGRAM -pbss=RAM \
  -pidata=CODE,irdata=CODE,ibigdata=CODE,ifardata=CODE -prparam=COMRAM \
  C:\Users\DREWMA~1\AppData\Local\Temp\s1oo.obj \
  dist/default/production\AC_Power_Meter.X.production.obj 

Object code version is 3.11

Machine type is 18LF67K40

Call graph: (short form)




                Name                               Link     Load   Length Selector   Space Scale
C:\Users\DREWMA~1\AppData\Local\Temp\s1oo.obj
                init                                10A      10A        4        C       0
                reset_vec                             0        0        4        0       0
                idloc                            200000   200000       10   200000       0
                config                           300000   300000        C   300000       0
dist/default/production\AC_Power_Meter.X.production.obj
                intcodelo                            18       18       F2        C       0
                intcode                               8        8        6        4       0
                temp                                 5F       5F        1        1       1
                mediumconst                        EB8E     EB8E     1472     75C7       0
                text130                           1703A    1703A       14     8000       0
                text129                           159A2    159A2       AE     8000       0
                text128                           16F1C    16F1C       24     8000       0
                text127                           14488    14488      1AC     8000       0
                text126                           15080    15080       F4     8000       0
                text125                           16ED2    16ED2       26     8000       0
                text124                           15504    15504       DA     8000       0
                text123                           161FA    161FA       78     8000       0
                text122                           16182    16182       78     8000       0
                text121                           15CBE    15CBE       90     8000       0
                text120                           14F8C    14F8C       F4     8000       0
                text119                           15426    15426       DE     8000       0
                text118                           1525C    1525C       E6     8000       0
                text117                           16EF8    16EF8       24     8000       0
                text116                           16B1E    16B1E       42     8000       0
                text115                           13CF4    13CF4      25E     8000       0
                text114                           165CE    165CE       60     8000       0
                text113                           16D8A    16D8A       30     8000       0
                text112                           14118    14118      1C2     8000       0
                text111                           14634    14634      196     8000       0
                text110                           13A88    13A88      26C     8000       0
                text109                           1679E    1679E       56     8000       0
                text108                           13F52    13F52      1C6     8000       0
                text107                           17150    17150        6     8000       0
                text106                           122CE    122CE      678     8000       0
                text105                           1715C    1715C        2     8000       0
                text104                           16E38    16E38       28     8000       0
                text103                           16080    16080       82     8000       0
                text102                           16504    16504       66     8000       0
                text101                           166EA    166EA       5C     8000       0
                text100                           14B5A    14B5A      128     8000       0
                text99                            148FE    148FE      132     8000       0
                text98                            15FFC    15FFC       84     8000       0
                text97                            1635A    1635A       70     8000       0
                text96                            13812    13812      276     8000       0
                text95                            16F82    16F82       1E     8000       0
                text94                            1697C    1697C       4A     8000       0
                text93                            1712A    1712A        A     8000       0
                text92                            12DC6    12DC6      450     8000       0
                text91                            1181A    1181A      AB4     8000       0
                text90                            158F4    158F4       AE     8000       0
                text89                            1715A    1715A        2     8000       0
                text88                            16FD8    16FD8       1C     8000       0
                text87                            16CF2    16CF2       34     8000       0
                intcode_body                      156B6    156B6       CC     8000       0
                text85                            16C88    16C88       36     8000       0
                text84                            1713C    1713C        8     8000       0
                text83                            16B60    16B60       3E     8000       0
                text82                            17158    17158        2     8000       0
                text81                            16E10    16E10       28     8000       0
                text80                            16EAC    16EAC       26     8000       0
                text79                            1711E    1711E        C     8000       0
                text78                            17110    17110        E     8000       0
                text77                            1714A    1714A        6     8000       0
                text76                            15782    15782       C2     8000       0
                text75                            17156    17156        2     8000       0
                text74                            16CBE    16CBE       34     8000       0
                text72                            17102    17102        E     8000       0
                text71                            1656A    1656A       64     8000       0
                text70                            170F4    170F4        E     8000       0
                text69                            170E6    170E6        E     8000       0
                text68                            163CA    163CA       6A     8000       0
                text67                            17134    17134        8     8000       0
                text66                            17090    17090       10     8000       0
                text65                            17026    17026       14     8000       0
                text64                            16FBC    16FBC       1C     8000       0
                text63                            15AFA    15AFA       A2     8000       0
                text62                            16FA0    16FA0       1C     8000       0
                text61                            170D8    170D8        E     8000       0
                text60                            16932    16932       4A     8000       0
                text59                            170CA    170CA        E     8000       0
                text58                            16D58    16D58       32     8000       0
                text57                            170BC    170BC        E     8000       0
                text56                            16898    16898       4E     8000       0
                text55                            16DBA    16DBA       2E     8000       0
                text54                            15B9C    15B9C       92     8000       0
                text53                            16E86    16E86       26     8000       0
                text52                            15844    15844       B0     8000       0
                text51                            142DA    142DA      1AE     8000       0
                text50                            16ADC    16ADC       42     8000       0
                text49                            14D9E    14D9E       F8     8000       0
                text48                            15F78    15F78       84     8000       0
                text47                            1649C    1649C       68     8000       0
                text46                            1668C    1668C       5E     8000       0
                text45                            14A30    14A30      12A     8000       0
                text44                            147CA    147CA      134     8000       0
                text43                            15EF2    15EF2       86     8000       0
                text42                            162E8    162E8       72     8000       0
                text41                            14E96    14E96       F6     8000       0
                text40                            16DE8    16DE8       28     8000       0
                text39                            1357E    1357E      294     8000       0
                text38                            16F40    16F40       22     8000       0
                text37                            168E6    168E6       4C     8000       0
                text36                            170AE    170AE        E     8000       0
                text35                            12946    12946      480     8000       0
                text34                            10D60    10D60      ABA     8000       0
                text33                            17080    17080       10     8000       0
                text32                            16A0E    16A0E       48     8000       0
                text31                            17144    17144        6     8000       0
                text30                            16C16    16C16       3A     8000       0
                text29                            15174    15174       E8     8000       0
                text28                            155DE    155DE       D8     8000       0
                text27                            15342    15342       E4     8000       0
                text26                            16D26    16D26       32     8000       0
                text25                            16FF4    16FF4       1A     8000       0
                text24                            16A9A    16A9A       42     8000       0
                text23                            16F62    16F62       20     8000       0
                text22                            169C6    169C6       48     8000       0
                text21                            15E68    15E68       8A     8000       0
                text20                            16BDA    16BDA       3C     8000       0
                text19                            16E60    16E60       26     8000       0
                text18                            1662E    1662E       5E     8000       0
                text17                            167F4    167F4       54     8000       0
                text16                            16A56    16A56       44     8000       0
                text15                            15A50    15A50       AA     8000       0
                text14                            15D4E    15D4E       8E     8000       0
                text13                            16B9E    16B9E       3C     8000       0
                text12                            16848    16848       50     8000       0
                text11                            16C50    16C50       38     8000       0
                text10                            16746    16746       58     8000       0
                text9                             15C2E    15C2E       90     8000       0
                text8                             15DDC    15DDC       8C     8000       0
                text7                             17070    17070       10     8000       0
                text6                             16434    16434       68     8000       0
                text5                             13216    13216      368     8000       0
                text4                             1704E    1704E       12     8000       0
                text3                             10000    10000      D60     8000       0
                text2                             14C82    14C82      11C     8000       0
                text1                             17060    17060       10     8000       0
                text0                             16272    16272       76     8000       0
                cstackCOMRAM                          1        1       5D        1       1
                cstackBANK0                          60       60       68       60       1
                cstackBANK1                         100      100       B3      100       1
                cstackBANK2                         282      282       22      200       1
                bssBANK3                            300      300       80      300       1
                dataBANK2                           2A4      2A4       18      200       1
                bssBANK2                            200      200       82      200       1
                bssBANK1                            1B3      1B3       24      100       1
                dataBANK0                            F1       F1        E       60       1
                bssBANK0                             C8       C8       29       60       1
                bitbssBANK0                         7F8       FF        1       60       1     8
                bitbssCOMRAM                        2F0       5E        3        1       1     8
                cinit                             16102    16102       80     8000       0
                idataBANK2                        1700E    1700E       18     8000       0
                idataBANK0                        170A0    170A0        E     8000       0

TOTAL           Name                               Link     Load   Length     Space
        CLASS   STACK          

        CLASS   CODE           
                intcodelo                            18       18       F2         0
                intcode                               8        8        6         0
                init                                10A      10A        4         0
                reset_vec                             0        0        4         0
                text130                           1703A    1703A       14         0
                text129                           159A2    159A2       AE         0
                text128                           16F1C    16F1C       24         0
                text127                           14488    14488      1AC         0
                text126                           15080    15080       F4         0
                text125                           16ED2    16ED2       26         0
                text124                           15504    15504       DA         0
                text123                           161FA    161FA       78         0
                text122                           16182    16182       78         0
                text121                           15CBE    15CBE       90         0
                text120                           14F8C    14F8C       F4         0
                text119                           15426    15426       DE         0
                text118                           1525C    1525C       E6         0
                text117                           16EF8    16EF8       24         0
                text116                           16B1E    16B1E       42         0
                text115                           13CF4    13CF4      25E         0
                text114                           165CE    165CE       60         0
                text113                           16D8A    16D8A       30         0
                text112                           14118    14118      1C2         0
                text111                           14634    14634      196         0
                text110                           13A88    13A88      26C         0
                text109                           1679E    1679E       56         0
                text108                           13F52    13F52      1C6         0
                text107                           17150    17150        6         0
                text106                           122CE    122CE      678         0
                text105                           1715C    1715C        2         0
                text104                           16E38    16E38       28         0
                text103                           16080    16080       82         0
                text102                           16504    16504       66         0
                text101                           166EA    166EA       5C         0
                text100                           14B5A    14B5A      128         0
                text99                            148FE    148FE      132         0
                text98                            15FFC    15FFC       84         0
                text97                            1635A    1635A       70         0
                text96                            13812    13812      276         0
                text95                            16F82    16F82       1E         0
                text94                            1697C    1697C       4A         0
                text93                            1712A    1712A        A         0
                text92                            12DC6    12DC6      450         0
                text91                            1181A    1181A      AB4         0
                text90                            158F4    158F4       AE         0
                text89                            1715A    1715A        2         0
                text88                            16FD8    16FD8       1C         0
                text87                            16CF2    16CF2       34         0
                intcode_body                      156B6    156B6       CC         0
                text85                            16C88    16C88       36         0
                text84                            1713C    1713C        8         0
                text83                            16B60    16B60       3E         0
                text82                            17158    17158        2         0
                text81                            16E10    16E10       28         0
                text80                            16EAC    16EAC       26         0
                text79                            1711E    1711E        C         0
                text78                            17110    17110        E         0
                text77                            1714A    1714A        6         0
                text76                            15782    15782       C2         0
                text75                            17156    17156        2         0
                text74                            16CBE    16CBE       34         0
                text72                            17102    17102        E         0
                text71                            1656A    1656A       64         0
                text70                            170F4    170F4        E         0
                text69                            170E6    170E6        E         0
                text68                            163CA    163CA       6A         0
                text67                            17134    17134        8         0
                text66                            17090    17090       10         0
                text65                            17026    17026       14         0
                text64                            16FBC    16FBC       1C         0
                text63                            15AFA    15AFA       A2         0
                text62                            16FA0    16FA0       1C         0
                text61                            170D8    170D8        E         0
                text60                            16932    16932       4A         0
                text59                            170CA    170CA        E         0
                text58                            16D58    16D58       32         0
                text57                            170BC    170BC        E         0
                text56                            16898    16898       4E         0
                text55                            16DBA    16DBA       2E         0
                text54                            15B9C    15B9C       92         0
                text53                            16E86    16E86       26         0
                text52                            15844    15844       B0         0
                text51                            142DA    142DA      1AE         0
                text50                            16ADC    16ADC       42         0
                text49                            14D9E    14D9E       F8         0
                text48                            15F78    15F78       84         0
                text47                            1649C    1649C       68         0
                text46                            1668C    1668C       5E         0
                text45                            14A30    14A30      12A         0
                text44                            147CA    147CA      134         0
                text43                            15EF2    15EF2       86         0
                text42                            162E8    162E8       72         0
                text41                            14E96    14E96       F6         0
                text40                            16DE8    16DE8       28         0
                text39                            1357E    1357E      294         0
                text38                            16F40    16F40       22         0
                text37                            168E6    168E6       4C         0
                text36                            170AE    170AE        E         0
                text35                            12946    12946      480         0
                text34                            10D60    10D60      ABA         0
                text33                            17080    17080       10         0
                text32                            16A0E    16A0E       48         0
                text31                            17144    17144        6         0
                text30                            16C16    16C16       3A         0
                text29                            15174    15174       E8         0
                text28                            155DE    155DE       D8         0
                text27                            15342    15342       E4         0
                text26                            16D26    16D26       32         0
                text25                            16FF4    16FF4       1A         0
                text24                            16A9A    16A9A       42         0
                text23                            16F62    16F62       20         0
                text22                            169C6    169C6       48         0
                text21                            15E68    15E68       8A         0
                text20                            16BDA    16BDA       3C         0
                text19                            16E60    16E60       26         0
                text18                            1662E    1662E       5E         0
                text17                            167F4    167F4       54         0
                text16                            16A56    16A56       44         0
                text15                            15A50    15A50       AA         0
                text14                            15D4E    15D4E       8E         0
                text13                            16B9E    16B9E       3C         0
                text12                            16848    16848       50         0
                text11                            16C50    16C50       38         0
                text10                            16746    16746       58         0
                text9                             15C2E    15C2E       90         0
                text8                             15DDC    15DDC       8C         0
                text7                             17070    17070       10         0
                text6                             16434    16434       68         0
                text5                             13216    13216      368         0
                text4                             1704E    1704E       12         0
                text3                             10000    10000      D60         0
                text2                             14C82    14C82      11C         0
                text1                             17060    17060       10         0
                text0                             16272    16272       76         0
                cinit                             16102    16102       80         0
                idataBANK2                        1700E    1700E       18         0
                idataBANK0                        170A0    170A0        E         0

        CLASS   CONST          

        CLASS   SMALLCONST     

        CLASS   MEDIUMCONST    
                mediumconst                        EB8E     EB8E     1472         0

        CLASS   COMRAM         
                temp                                 5F       5F        1         1
                cstackCOMRAM                          1        1       5D         1
                bitbssCOMRAM                        2F0       5E        3         1

        CLASS   ABS1           

        CLASS   BIGRAM         

        CLASS   RAM            

        CLASS   BANK0          
                cstackBANK0                          60       60       68         1
                dataBANK0                            F1       F1        E         1
                bssBANK0                             C8       C8       29         1
                bitbssBANK0                         7F8       FF        1         1

        CLASS   BANK1          
                cstackBANK1                         100      100       B3         1
                bssBANK1                            1B3      1B3       24         1

        CLASS   BANK2          
                cstackBANK2                         282      282       22         1
                dataBANK2                           2A4      2A4       18         1
                bssBANK2                            200      200       82         1

        CLASS   BANK3          
                bssBANK3                            300      300       80         1

        CLASS   BANK4          

        CLASS   BANK5          

        CLASS   BANK6          

        CLASS   BANK7          

        CLASS   BANK8          

        CLASS   BANK9          

        CLASS   BANK10         

        CLASS   BANK11         

        CLASS   BANK12         

        CLASS   BANK13         

        CLASS   SFR            

        CLASS   FARRAM         

        CLASS   CONFIG         
                config                           300000   300000        C         0

        CLASS   IDLOC          
                idloc                            200000   200000       10         0

        CLASS   EEDATA         



SEGMENTS        Name                           Load    Length   Top    Selector   Space  Class

                reset_vec                      000000  000004  000004         0       0  CODE    
                cstackCOMRAM                   000001  00005F  000060         1       1  COMRAM  
                intcode                        000008  000006  00000E         4       0  CODE    
                intcodelo                      000018  0000F6  00010E         C       0  CODE    
                cstackBANK0                    000060  0000A0  000100        60       1  BANK0   
                cstackBANK1                    000100  0000D7  0001D7       100       1  BANK1   
                bssBANK2                       000200  0000BC  0002BC       200       1  BANK2   
                bssBANK3                       000300  000080  000380       300       1  BANK3   
                mediumconst                    00EB8E  001472  010000      75C7       0  MEDIUMCO
                text3                          010000  00715E  01715E      8000       0  CODE    
                idloc                          200000  000010  200010    200000       0  IDLOC   
                config                         300000  00000C  30000C    300000       0  CONFIG  


UNUSED ADDRESS RANGES

        Name                Unused          Largest block    Delta
        BANK1            0001D7-0001FF               29
        BANK10           000A00-000AFF              100
        BANK11           000B00-000BFF              100
        BANK12           000C00-000CFF              100
        BANK13           000D00-000DE9               EA
        BANK2            0002BC-0002FF               44
        BANK3            000380-0003FF               80
        BANK4            000400-0004FF              100
        BANK5            000500-0005FF              100
        BANK6            000600-0006FF              100
        BANK7            000700-0007FF              100
        BANK8            000800-0008FF              100
        BANK9            000900-0009FF              100
        BIGRAM           0001D7-0001FF               29
                         0002BC-0002FF               44
                         000380-000DE9              A6A
        CODE             000004-000007                4
                         00000E-000017                A
                         00010E-00EB8D             EA80
                         01715E-01FFFF             8EA2
        CONST            000004-000007                4
                         00000E-000017                A
                         00010E-00EB8D             EA80
                         01715E-01FFFF             8EA2
        EEDATA           310000-3103FF              400
        MEDIUMCONST      000E00-00EB8D             DD8E
                         01715E-01FFFF             8EA2
        RAM              0001D7-0001FF               29
                         0002BC-0002FF               44
                         000380-000DE9              100
        SFR              000DEF-000FFF              100
        SMALLCONST       000E00-00EB8D              100
                         01715E-01FFFF              100
        STACK            000380-000DE9              A6A

                                  Symbol Table

?_ADCC_GetConversionResult                     cstackCOMRAM 000001
?_FLASH_ReadWord                               cstackBANK1  00011B
?___altoft                                     cstackCOMRAM 00004C
?___awdiv                                      cstackBANK1  00011D
?___awmod                                      cstackBANK1  000117
?___awtoft                                     cstackBANK1  00011F
?___ftadd                                      cstackBANK1  00012B
?___ftdiv                                      cstackBANK1  000137
?___ftmul                                      cstackBANK1  000146
?___ftneg                                      cstackBANK1  000123
?___ftpack                                     cstackBANK1  000117
?___ftsub                                      cstackBANK1  000137
?___fttol                                      cstackBANK1  000155
?___lldiv                                      cstackBANK1  000117
?___llmod                                      cstackBANK1  000124
?___lltoft                                     cstackBANK1  00011F
?___lwdiv                                      cstackBANK1  000117
?___lwmod                                      cstackBANK1  000117
?___lwtoft                                     cstackCOMRAM 000009
?___wmul                                       cstackBANK1  000125
?__div_to_l_                                   cstackBANK1  000117
?__tdiv_to_l_                                  cstackBANK1  000117
?_acos                                         cstackBANK0  00008E
?_asin                                         cstackBANK0  000079
?_atan                                         cstackCOMRAM 000058
?_atoi                                         cstackBANK1  00012B
?_currentMeasuredToPeak                        cstackBANK0  000073
?_eval_poly                                    cstackCOMRAM 00004C
?_fabs                                         cstackCOMRAM 000027
?_floor                                        cstackCOMRAM 000056
?_fround                                       cstackBANK1  000155
?_getCauseOfResetString                        cstackBANK1  000117
?_getDeviceID                                  cstackBANK1  000122
?_getDeviceIDString                            cstackBANK1  00011D
?_getRevisionIDString                          cstackBANK1  000127
?_getUserID                                    cstackBANK1  000122
?_peakToRMS                                    cstackBANK0  000094
?_printf                                       cstackBANK1  000164
?_scale                                        cstackBANK1  000155
?_sin                                          cstackBANK0  000066
?_sqrt                                         cstackBANK0  000066
?_strchr                                       cstackBANK1  000117
?_strcmp                                       cstackBANK1  000117
?_strlen                                       cstackBANK1  000117
?_strncmp                                      cstackBANK1  00011D
?_strstr                                       cstackBANK1  000126
?i2___awdiv                                    cstackCOMRAM 000007
?i2___awmod                                    cstackCOMRAM 000001
?i2___ftadd                                    cstackCOMRAM 000040
?i2___ftdiv                                    cstackCOMRAM 000015
?i2___ftmul                                    cstackCOMRAM 000027
?i2___ftneg                                    cstackCOMRAM 000024
?i2___ftpack                                   cstackCOMRAM 000001
?i2___ftsub                                    cstackBANK0  000060
?i2___fttol                                    cstackCOMRAM 00003D
?i2___lldiv                                    cstackCOMRAM 000001
?i2___llmod                                    cstackCOMRAM 00000E
?i2___lltoft                                   cstackCOMRAM 000009
?i2___wmul                                     cstackCOMRAM 00000F
?i2__div_to_l_                                 cstackCOMRAM 000001
?i2__tdiv_to_l_                                cstackCOMRAM 000001
?i2_fround                                     cstackCOMRAM 000036
?i2_printf                                     cstackBANK0  000066
?i2_scale                                      cstackCOMRAM 000036
ADCC_SetADIInterruptHandler@InterruptHandler   cstackBANK1  000117
ADCC_StartConversion@channel                   cstackBANK1  000100
ADCPostProcessingCallback@currentADCChannel    cstackBANK0  0000AF
EUSART2_Read@readValue                         cstackBANK1  000117
EUSART2_SetRxInterruptHandler@interruptHandler cstackBANK1  000117
EUSART2_SetTxInterruptHandler@interruptHandler cstackBANK1  000117
EUSART2_Write@txData                           cstackBANK1  000117
FLASH_ReadByte@flashAddr                       cstackBANK1  000117
FLASH_ReadWord@flashAddr                       cstackBANK1  00011B
TMR5_SetInterruptHandler@InterruptHandler      cstackBANK1  000117
TMR5_WriteTimer@timerVal                       cstackCOMRAM 000001
TMR6_SetInterruptHandler@InterruptHandler      cstackBANK1  000117
TMR7_SetInterruptHandler@InterruptHandler      cstackBANK1  000117
TMR7_WriteTimer@timerVal                       cstackBANK1  000100
_ADACCH                                        (abs)        000F71
_ADACCL                                        (abs)        000F70
_ADACQ                                         (abs)        000F5C
_ADACT                                         (abs)        000F56
_ADCAP                                         (abs)        000F5D
_ADCC_ADI_InterruptHandler                     bssBANK0     0000E6
_ADCC_DefaultInterruptHandler                  text105      01715C
_ADCC_GetConversionResult                      text130      01703A
_ADCC_ISR                                      text104      016E38
_ADCC_Initialize                               text71       01656A
_ADCC_IsConversionDone                         text79       01711E
_ADCC_SetADIInterruptHandler                   text72       017102
_ADCC_StartConversion                          text78       017110
_ADCLK                                         (abs)        000F57
_ADCNT                                         (abs)        000F67
_ADCON0                                        (abs)        000F60
_ADCON0bits                                    (abs)        000F60
_ADCON1                                        (abs)        000F59
_ADCON1bits                                    (abs)        000F59
_ADCON2                                        (abs)        000F5A
_ADCON2bits                                    (abs)        000F5A
_ADCON3                                        (abs)        000F5B
_ADCON3bits                                    (abs)        000F5B
_ADCPostProcessingCallback                     text106      0122CE
_ADCPostProcessingCallback$4100                cstackBANK0  0000B3
_ADCPostProcessingCallback$4101                cstackBANK0  0000B0
_ADCPostProcessingCallback$4102                cstackBANK0  0000A6
_ADCPostProcessingCallback$4103                cstackBANK0  0000A9
_ADCPostProcessingCallback$4104                cstackBANK0  0000AC
_ADC_Result_Scaling                            bssBANK0     0000E0
_ADERRH                                        (abs)        000F6F
_ADERRL                                        (abs)        000F6E
_ADFLTRH                                       (abs)        000F73
_ADFLTRL                                       (abs)        000F72
_ADLTHH                                        (abs)        000F6B
_ADLTHL                                        (abs)        000F6A
_ADPCH                                         (abs)        000F5F
_ADPRE                                         (abs)        000F5E
_ADPREVH                                       (abs)        000F62
_ADPREVL                                       (abs)        000F61
_ADREF                                         (abs)        000F58
_ADRESH                                        (abs)        000F64
_ADRESL                                        (abs)        000F63
_ADRPT                                         (abs)        000F66
_ADSTAT                                        (abs)        000F65
_ADSTATbits                                    (abs)        000F65
_ADSTPTH                                       (abs)        000F69
_ADSTPTL                                       (abs)        000F68
_ADUTHH                                        (abs)        000F6D
_ADUTHL                                        (abs)        000F6C
_ANSELA                                        (abs)        000E92
_ANSELB                                        (abs)        000E9A
_ANSELD                                        (abs)        000EA7
_ANSELE                                        (abs)        000EAF
_ANSELF                                        (abs)        000EB4
_ANSELG                                        (abs)        000EBC
_AVSS_ADC_Result                               bssBANK0     0000E3
_Avg_Power                                     bssBANK1     0001BB
_BAUD2CON                                      (abs)        000EF7
_EUSART2_Initialize                            text68       0163CA
_EUSART2_Read                                  text32       016A0E
_EUSART2_Receive_ISR                           text90       0158F4
_EUSART2_RxDefaultInterruptHandler             bssBANK1     0001C7
_EUSART2_SetRxInterruptHandler                 text70       0170F4
_EUSART2_SetTxInterruptHandler                 text69       0170E6
_EUSART2_Transmit_ISR                          text85       016C88
_EUSART2_TxDefaultInterruptHandler             bssBANK1     0001CA
_EUSART2_Write                                 text37       0168E6
_FLASH_ReadByte                                text25       016FF4
_FLASH_ReadWord                                text24       016A9A
_FVRCON                                        (abs)        000EC4
_FVRCONbits                                    (abs)        000EC4
_FVR_ADC_Result                                bssBANK0     0000EE
_FVR_Initialize                                text67       017134
_HLVDCON0                                      (abs)        000EC2
_HLVDCON0bits                                  (abs)        000EC2
_HLVDCON1                                      (abs)        000EC3
_HLVD_ISR                                      text84       01713C
_HLVD_Initialize                               text66       017090
_INTCONbits                                    (abs)        000FF2
_INTERRUPT_Initialize                          text65       017026
_INTERRUPT_InterruptManagerHigh                intcode      000008
_INTERRUPT_InterruptManagerLow                 intcodelo    000018
_IPR1bits                                      (abs)        000E20
_IPR2bits                                      (abs)        000E21
_IPR3bits                                      (abs)        000E22
_IPR5bits                                      (abs)        000E24
_Imeas                                         bssBANK0     0000CE
_Ipk                                           bssBANK0     0000D1
_Irms                                          bssBANK0     0000CB
_Irms_offset                                   dataBANK0    0000F1
_LATA                                          (abs)        000F79
_LATB                                          (abs)        000F7A
_LATC                                          (abs)        000F7B
_LATD                                          (abs)        000F7C
_LATE                                          (abs)        000F7D
_LATF                                          (abs)        000F7E
_LATFbits                                      (abs)        000F7E
_LATG                                          (abs)        000F7F
_LATGbits                                      (abs)        000F7F
_LATH                                          (abs)        000F80
_NVMADRH                                       (abs)        000F75
_NVMADRL                                       (abs)        000F74
_NVMCON1bits                                   (abs)        000F77
_NVMCON2                                       (abs)        000F78
_NVMDAT                                        (abs)        000F76
_ODCONA                                        (abs)        000E90
_ODCONB                                        (abs)        000E98
_ODCONC                                        (abs)        000EA0
_ODCOND                                        (abs)        000EA5
_ODCONE                                        (abs)        000EAD
_ODCONF                                        (abs)        000EB2
_ODCONG                                        (abs)        000EBA
_ODCONH                                        (abs)        000EBF
_OSCCON1                                       (abs)        000E43
_OSCCON3                                       (abs)        000E45
_OSCEN                                         (abs)        000E47
_OSCFRQ                                        (abs)        000E49
_OSCILLATOR_Initialize                         text64       016FBC
_OSCTUNE                                       (abs)        000E48
_PCON0bits                                     (abs)        000FD7
_PIE1bits                                      (abs)        000E2A
_PIE2bits                                      (abs)        000E2B
_PIE3bits                                      (abs)        000E2C
_PIE5bits                                      (abs)        000E2E
_PIN_MANAGER_Initialize                        text63       015AFA
_PIR1bits                                      (abs)        000E34
_PIR2bits                                      (abs)        000E35
_PIR3bits                                      (abs)        000E36
_PIR5bits                                      (abs)        000E38
_PIR8bits                                      (abs)        000E3B
_PLLR                                          (abs)        007230
_PMD0                                          (abs)        000E4C
_PMD1                                          (abs)        000E4D
_PMD2                                          (abs)        000E4E
_PMD3                                          (abs)        000E4F
_PMD4                                          (abs)        000E50
_PMD5                                          (abs)        000E51
_PMD_Initialize                                text62       016FA0
_POS12_ADC_Result                              bssBANK0     0000DA
_POS3P3_ADC_Result                             bssBANK0     0000DD
_PR6                                           (abs)        000FB0
_RC2REG                                        (abs)        000EF1
_RC2STA                                        (abs)        000EF5
_RC2STAbits                                    (abs)        000EF5
_RG7PPS                                        (abs)        000E89
_RX2PPS                                        (abs)        000E11
_SLRCONA                                       (abs)        000E8F
_SLRCONB                                       (abs)        000E97
_SLRCONC                                       (abs)        000E9F
_SLRCOND                                       (abs)        000EA4
_SLRCONE                                       (abs)        000EAC
_SLRCONF                                       (abs)        000EB1
_SLRCONG                                       (abs)        000EB9
_SLRCONH                                       (abs)        000EBE
_SP2BRGH                                       (abs)        000EF4
_SP2BRGL                                       (abs)        000EF3
_STATUSbits                                    (abs)        000FD8
_SYSTEM_Initialize                             text55       016DBA
_T5CLK                                         (abs)        000FC6
_T5CON                                         (abs)        000FC3
_T5CONbits                                     (abs)        000FC3
_T5GATE                                        (abs)        000FC5
_T5GCON                                        (abs)        000FC4
_T5GCONbits                                    (abs)        000FC4
_T6CLKCON                                      (abs)        000FB3
_T6CON                                         (abs)        000FB1
_T6CONbits                                     (abs)        000FB1
_T6HLT                                         (abs)        000FB2
_T6HLTbits                                     (abs)        000FB2
_T6PR                                          (abs)        000FB0
_T6RST                                         (abs)        000FB4
_T6RSTbits                                     (abs)        000FB4
_T6TMR                                         (abs)        000FAF
_T7CLK                                         (abs)        000F33
_T7CON                                         (abs)        000F30
_T7CONbits                                     (abs)        000F30
_T7GATE                                        (abs)        000F32
_T7GCON                                        (abs)        000F31
_T7GCONbits                                    (abs)        000F31
_TABLAT                                        (abs)        000FF5
_TBLPTRH                                       (abs)        000FF7
_TBLPTRL                                       (abs)        000FF6
_TBLPTRU                                       (abs)        000FF8
_TMR5H                                         (abs)        000FC2
_TMR5L                                         (abs)        000FC1
_TMR5_DefaultInterruptHandler                  text89       01715A
_TMR5_ISR                                      text87       016CF2
_TMR5_Initialize                               text60       016932
_TMR5_InterruptHandler                         bssBANK1     0001BE
_TMR5_SetInterruptHandler                      text61       0170D8
_TMR5_WriteTimer                               text88       016FD8
_TMR6                                          (abs)        000FAF
_TMR6_DefaultInterruptHandler                  text82       017158
_TMR6_ISR                                      text81       016E10
_TMR6_Initialize                               text58       016D58
_TMR6_InterruptHandler                         bssBANK1     0001C4
_TMR6_SetInterruptHandler                      text59       0170CA
_TMR7H                                         (abs)        000F2F
_TMR7L                                         (abs)        000F2E
_TMR7_DefaultInterruptHandler                  text75       017156
_TMR7_ISR                                      text74       016CBE
_TMR7_Initialize                               text56       016898
_TMR7_InterruptHandler                         bssBANK1     0001C1
_TMR7_SetInterruptHandler                      text57       0170BC
_TMR7_StartTimer                               text31       017144
_TMR7_StopTimer                                text77       01714A
_TMR7_WriteTimer                               text80       016EAC
_TRIAC_Firing_Angle                            dataBANK0    0000FC
_TRISA                                         (abs)        000F81
_TRISB                                         (abs)        000F82
_TRISC                                         (abs)        000F83
_TRISD                                         (abs)        000F84
_TRISE                                         (abs)        000F85
_TRISF                                         (abs)        000F86
_TRISG                                         (abs)        000F87
_TRISH                                         (abs)        000F88
_TX2REG                                        (abs)        000EF2
_TX2STA                                        (abs)        000EF6
_TX2STAbits                                    (abs)        000EF6
_Temp_ADC_Offset                               dataBANK0    0000F7
_Temp_ADC_Result                               bssBANK0     0000D7
_VCC_overvoltage_flag                          bitbssCOMRAM 0002F0
_Vpk                                           bssBANK0     0000D4
_Vpk_const                                     dataBANK0    0000F4
_Vrms                                          bssBANK0     0000C8
_WPUA                                          (abs)        000E91
_WPUB                                          (abs)        000E99
_WPUC                                          (abs)        000EA1
_WPUD                                          (abs)        000EA6
_WPUE                                          (abs)        000EAE
_WPUF                                          (abs)        000EB3
_WPUG                                          (abs)        000EBB
_WPUH                                          (abs)        000EC0
__CFG_BOREN$SBORDIS                            (abs)        000000
__CFG_BORV$VBOR_190                            (abs)        000000
__CFG_CLKOUTEN$OFF                             (abs)        000000
__CFG_CP$OFF                                   (abs)        000000
__CFG_CPD$OFF                                  (abs)        000000
__CFG_CSWEN$ON                                 (abs)        000000
__CFG_DEBUG$OFF                                (abs)        000000
__CFG_EBTR0$OFF                                (abs)        000000
__CFG_EBTR1$OFF                                (abs)        000000
__CFG_EBTR2$OFF                                (abs)        000000
__CFG_EBTR3$OFF                                (abs)        000000
__CFG_EBTR4$OFF                                (abs)        000000
__CFG_EBTR5$OFF                                (abs)        000000
__CFG_EBTR6$OFF                                (abs)        000000
__CFG_EBTR7$OFF                                (abs)        000000
__CFG_EBTRB$OFF                                (abs)        000000
__CFG_FCMEN$ON                                 (abs)        000000
__CFG_FEXTOSC$ECH                              (abs)        000000
__CFG_LPBOREN$OFF                              (abs)        000000
__CFG_LVP$OFF                                  (abs)        000000
__CFG_MCLRE$EXTMCLR                            (abs)        000000
__CFG_PPS1WAY$ON                               (abs)        000000
__CFG_PWRTE$ON                                 (abs)        000000
__CFG_RSTOSC$EXTOSC_4PLL                       (abs)        000000
__CFG_SCANE$OFF                                (abs)        000000
__CFG_STVREN$ON                                (abs)        000000
__CFG_WDTCCS$LFINTOSC                          (abs)        000000
__CFG_WDTCPS$WDTCPS_11                         (abs)        000000
__CFG_WDTCWS$WDTCWS_7                          (abs)        000000
__CFG_WDTE$NSLEEP                              (abs)        000000
__CFG_WRT0$OFF                                 (abs)        000000
__CFG_WRT1$OFF                                 (abs)        000000
__CFG_WRT2$OFF                                 (abs)        000000
__CFG_WRT3$OFF                                 (abs)        000000
__CFG_WRT4$OFF                                 (abs)        000000
__CFG_WRT5$OFF                                 (abs)        000000
__CFG_WRT6$OFF                                 (abs)        000000
__CFG_WRT7$OFF                                 (abs)        000000
__CFG_WRTB$OFF                                 (abs)        000000
__CFG_WRTC$OFF                                 (abs)        000000
__CFG_WRTD$OFF                                 (abs)        000000
__CFG_XINST$OFF                                (abs)        000000
__CFG_ZCD$OFF                                  (abs)        000000
__HRAM                                         (abs)        000000
__Habs1                                        abs1         000000
__Hbank0                                       bank0        000000
__Hbank1                                       bank1        000000
__Hbank10                                      bank10       000000
__Hbank11                                      bank11       000000
__Hbank12                                      bank12       000000
__Hbank13                                      bank13       000000
__Hbank2                                       bank2        000000
__Hbank3                                       bank3        000000
__Hbank4                                       bank4        000000
__Hbank5                                       bank5        000000
__Hbank6                                       bank6        000000
__Hbank7                                       bank7        000000
__Hbank8                                       bank8        000000
__Hbank9                                       bank9        000000
__Hbigbss                                      bigbss       000000
__Hbigdata                                     bigdata      000000
__Hbigram                                      bigram       000000
__HbitbssBANK0                                 bitbssBANK0  000000
__HbitbssCOMRAM                                bitbssCOMRAM 000000
__Hbss                                         bss          000000
__HbssBANK0                                    bssBANK0     000000
__HbssBANK1                                    bssBANK1     000000
__HbssBANK2                                    bssBANK2     000000
__HbssBANK3                                    bssBANK3     000000
__Hcinit                                       cinit        000000
__Hclrtext                                     clrtext      000000
__Hcomram                                      comram       000000
__Hconfig                                      config       30000C
__Hconst                                       const        000000
__HcstackBANK0                                 cstackBANK0  000000
__HcstackBANK1                                 cstackBANK1  000000
__HcstackBANK2                                 cstackBANK2  000000
__HcstackCOMRAM                                cstackCOMRAM 000000
__Hdata                                        data         000000
__HdataBANK0                                   dataBANK0    000000
__HdataBANK2                                   dataBANK2    000000
__Heeprom_data                                 eeprom_data  000000
__Hfarbss                                      farbss       000000
__Hfardata                                     fardata      000000
__Hibigdata                                    ibigdata     000000
__Hidata                                       idata        000000
__HidataBANK0                                  idataBANK0   000000
__HidataBANK2                                  idataBANK2   000000
__Hidloc                                       idloc        200010
__Hifardata                                    ifardata     000000
__Hinit                                        init         00010E
__Hintcode                                     intcode      00000E
__Hintcode_body                                intcode_body 000000
__Hintcodelo                                   intcodelo    00010A
__Hintentry                                    intentry     000000
__Hintret                                      intret       000000
__Hintsave_regs                                intsave_regs 000000
__Hirdata                                      irdata       000000
__Hmediumconst                                 mediumconst  010000
__HnvFARRAM                                    nvFARRAM     000000
__Hnvbit                                       nvbit        000000
__Hnvrram                                      nvrram       000000
__Hparam                                       rparam       000000
__Hpowerup                                     powerup      00010A
__Hram                                         ram          000000
__Hramtop                                      ramtop       000E00
__Hrbit                                        rbit         000000
__Hrbss                                        rbss         000000
__Hrdata                                       rdata        000000
__Hreset_vec                                   reset_vec    000004
__Hrparam                                      rparam       000000
__Hsfr                                         sfr          000000
__Hsmallconst                                  smallconst   000000
__Hspace_0                                     (abs)        30000C
__Hspace_1                                     (abs)        0007F9
__Hspace_2                                     (abs)        000000
__Hstack                                       stack        000000
__Hstruct                                      struct       000000
__Htemp                                        temp         000060
__Htext                                        text         000000
__Htext0                                       text0        000000
__Htext1                                       text1        000000
__Htext10                                      text10       000000
__Htext100                                     text100      000000
__Htext101                                     text101      000000
__Htext102                                     text102      000000
__Htext103                                     text103      000000
__Htext104                                     text104      000000
__Htext105                                     text105      000000
__Htext106                                     text106      000000
__Htext107                                     text107      000000
__Htext108                                     text108      000000
__Htext109                                     text109      000000
__Htext11                                      text11       000000
__Htext110                                     text110      000000
__Htext111                                     text111      000000
__Htext112                                     text112      000000
__Htext113                                     text113      000000
__Htext114                                     text114      000000
__Htext115                                     text115      000000
__Htext116                                     text116      000000
__Htext117                                     text117      000000
__Htext118                                     text118      000000
__Htext119                                     text119      000000
__Htext12                                      text12       000000
__Htext120                                     text120      000000
__Htext121                                     text121      000000
__Htext122                                     text122      000000
__Htext123                                     text123      000000
__Htext124                                     text124      000000
__Htext125                                     text125      000000
__Htext126                                     text126      000000
__Htext127                                     text127      000000
__Htext128                                     text128      000000
__Htext129                                     text129      000000
__Htext13                                      text13       000000
__Htext130                                     text130      000000
__Htext131                                     text131      000000
__Htext14                                      text14       000000
__Htext15                                      text15       000000
__Htext16                                      text16       000000
__Htext17                                      text17       000000
__Htext18                                      text18       000000
__Htext19                                      text19       000000
__Htext2                                       text2        000000
__Htext20                                      text20       000000
__Htext21                                      text21       000000
__Htext22                                      text22       000000
__Htext23                                      text23       000000
__Htext24                                      text24       000000
__Htext25                                      text25       000000
__Htext26                                      text26       000000
__Htext27                                      text27       000000
__Htext28                                      text28       000000
__Htext29                                      text29       000000
__Htext3                                       text3        000000
__Htext30                                      text30       000000
__Htext31                                      text31       000000
__Htext32                                      text32       000000
__Htext33                                      text33       000000
__Htext34                                      text34       000000
__Htext35                                      text35       000000
__Htext36                                      text36       000000
__Htext37                                      text37       000000
__Htext38                                      text38       000000
__Htext39                                      text39       000000
__Htext4                                       text4        000000
__Htext40                                      text40       000000
__Htext41                                      text41       000000
__Htext42                                      text42       000000
__Htext43                                      text43       000000
__Htext44                                      text44       000000
__Htext45                                      text45       000000
__Htext46                                      text46       000000
__Htext47                                      text47       000000
__Htext48                                      text48       000000
__Htext49                                      text49       000000
__Htext5                                       text5        000000
__Htext50                                      text50       000000
__Htext51                                      text51       000000
__Htext52                                      text52       000000
__Htext53                                      text53       000000
__Htext54                                      text54       000000
__Htext55                                      text55       000000
__Htext56                                      text56       000000
__Htext57                                      text57       000000
__Htext58                                      text58       000000
__Htext59                                      text59       000000
__Htext6                                       text6        000000
__Htext60                                      text60       000000
__Htext61                                      text61       000000
__Htext62                                      text62       000000
__Htext63                                      text63       000000
__Htext64                                      text64       000000
__Htext65                                      text65       000000
__Htext66                                      text66       000000
__Htext67                                      text67       000000
__Htext68                                      text68       000000
__Htext69                                      text69       000000
__Htext7                                       text7        000000
__Htext70                                      text70       000000
__Htext71                                      text71       000000
__Htext72                                      text72       000000
__Htext74                                      text74       000000
__Htext75                                      text75       000000
__Htext76                                      text76       000000
__Htext77                                      text77       000000
__Htext78                                      text78       000000
__Htext79                                      text79       000000
__Htext8                                       text8        000000
__Htext80                                      text80       000000
__Htext81                                      text81       000000
__Htext82                                      text82       000000
__Htext83                                      text83       000000
__Htext84                                      text84       000000
__Htext85                                      text85       000000
__Htext87                                      text87       000000
__Htext88                                      text88       000000
__Htext89                                      text89       000000
__Htext9                                       text9        000000
__Htext90                                      text90       000000
__Htext91                                      text91       000000
__Htext92                                      text92       000000
__Htext93                                      text93       000000
__Htext94                                      text94       000000
__Htext95                                      text95       000000
__Htext96                                      text96       000000
__Htext97                                      text97       000000
__Htext98                                      text98       000000
__Htext99                                      text99       000000
__LRAM                                         (abs)        000001
__Labs1                                        abs1         000000
__Lbank0                                       bank0        000000
__Lbank1                                       bank1        000000
__Lbank10                                      bank10       000000
__Lbank11                                      bank11       000000
__Lbank12                                      bank12       000000
__Lbank13                                      bank13       000000
__Lbank2                                       bank2        000000
__Lbank3                                       bank3        000000
__Lbank4                                       bank4        000000
__Lbank5                                       bank5        000000
__Lbank6                                       bank6        000000
__Lbank7                                       bank7        000000
__Lbank8                                       bank8        000000
__Lbank9                                       bank9        000000
__Lbigbss                                      bigbss       000000
__Lbigdata                                     bigdata      000000
__Lbigram                                      bigram       000000
__LbitbssBANK0                                 bitbssBANK0  000000
__LbitbssCOMRAM                                bitbssCOMRAM 000000
__Lbss                                         bss          000000
__LbssBANK0                                    bssBANK0     000000
__LbssBANK1                                    bssBANK1     000000
__LbssBANK2                                    bssBANK2     000000
__LbssBANK3                                    bssBANK3     000000
__Lcinit                                       cinit        000000
__Lclrtext                                     clrtext      000000
__Lcomram                                      comram       000000
__Lconfig                                      config       300000
__Lconst                                       const        000000
__LcstackBANK0                                 cstackBANK0  000000
__LcstackBANK1                                 cstackBANK1  000000
__LcstackBANK2                                 cstackBANK2  000000
__LcstackCOMRAM                                cstackCOMRAM 000000
__Ldata                                        data         000000
__LdataBANK0                                   dataBANK0    000000
__LdataBANK2                                   dataBANK2    000000
__Leeprom_data                                 eeprom_data  000000
__Lfarbss                                      farbss       000000
__Lfardata                                     fardata      000000
__Libigdata                                    ibigdata     000000
__Lidata                                       idata        000000
__LidataBANK0                                  idataBANK0   000000
__LidataBANK2                                  idataBANK2   000000
__Lidloc                                       idloc        200000
__Lifardata                                    ifardata     000000
__Linit                                        init         00010A
__Lintcode                                     intcode      000008
__Lintcode_body                                intcode_body 000000
__Lintcodelo                                   intcodelo    000018
__Lintentry                                    intentry     000000
__Lintret                                      intret       000000
__Lintsave_regs                                intsave_regs 000000
__Lirdata                                      irdata       000000
__Lmediumconst                                 mediumconst  00EB8E
__LnvFARRAM                                    nvFARRAM     000000
__Lnvbit                                       nvbit        000000
__Lnvrram                                      nvrram       000000
__Lparam                                       rparam       000000
__Lpowerup                                     powerup      00010A
__Lram                                         ram          000000
__Lramtop                                      ramtop       000E00
__Lrbit                                        rbit         000000
__Lrbss                                        rbss         000000
__Lrdata                                       rdata        000000
__Lreset_vec                                   reset_vec    000000
__Lrparam                                      rparam       000000
__Lsfr                                         sfr          000000
__Lsmallconst                                  smallconst   000000
__Lspace_0                                     (abs)        000000
__Lspace_1                                     (abs)        000000
__Lspace_2                                     (abs)        000000
__Lstack                                       stack        000000
__Lstruct                                      struct       000000
__Ltemp                                        temp         00005F
__Ltext                                        text         000000
__Ltext0                                       text0        000000
__Ltext1                                       text1        000000
__Ltext10                                      text10       000000
__Ltext100                                     text100      000000
__Ltext101                                     text101      000000
__Ltext102                                     text102      000000
__Ltext103                                     text103      000000
__Ltext104                                     text104      000000
__Ltext105                                     text105      000000
__Ltext106                                     text106      000000
__Ltext107                                     text107      000000
__Ltext108                                     text108      000000
__Ltext109                                     text109      000000
__Ltext11                                      text11       000000
__Ltext110                                     text110      000000
__Ltext111                                     text111      000000
__Ltext112                                     text112      000000
__Ltext113                                     text113      000000
__Ltext114                                     text114      000000
__Ltext115                                     text115      000000
__Ltext116                                     text116      000000
__Ltext117                                     text117      000000
__Ltext118                                     text118      000000
__Ltext119                                     text119      000000
__Ltext12                                      text12       000000
__Ltext120                                     text120      000000
__Ltext121                                     text121      000000
__Ltext122                                     text122      000000
__Ltext123                                     text123      000000
__Ltext124                                     text124      000000
__Ltext125                                     text125      000000
__Ltext126                                     text126      000000
__Ltext127                                     text127      000000
__Ltext128                                     text128      000000
__Ltext129                                     text129      000000
__Ltext13                                      text13       000000
__Ltext130                                     text130      000000
__Ltext131                                     text131      000000
__Ltext14                                      text14       000000
__Ltext15                                      text15       000000
__Ltext16                                      text16       000000
__Ltext17                                      text17       000000
__Ltext18                                      text18       000000
__Ltext19                                      text19       000000
__Ltext2                                       text2        000000
__Ltext20                                      text20       000000
__Ltext21                                      text21       000000
__Ltext22                                      text22       000000
__Ltext23                                      text23       000000
__Ltext24                                      text24       000000
__Ltext25                                      text25       000000
__Ltext26                                      text26       000000
__Ltext27                                      text27       000000
__Ltext28                                      text28       000000
__Ltext29                                      text29       000000
__Ltext3                                       text3        000000
__Ltext30                                      text30       000000
__Ltext31                                      text31       000000
__Ltext32                                      text32       000000
__Ltext33                                      text33       000000
__Ltext34                                      text34       000000
[...]
      Locals:         3       0       0       0       0       0       0       0       0       0       0       0       0       0       0
      Temps:          3       0       0       0       0       0       0       0       0       0       0       0       0       0       0
      Totals:        12       0       0       0       0       0       0       0       0       0       0       0       0       0       0
Total ram usage:       12 bytes
 Hardware stack levels used:    1
 Hardware stack levels required when called:    1
 This function calls:
		i2___ftpack
 This function is called by:
		_peakToRMS
		_ADCPostProcessingCallback
		_acos
		_asin
		_atan
		_eval_poly
		_sin
		_floor
		i2_printf
		i2___ftsub
 This function uses a non-reentrant model


 *************** function ___lwtoft *****************
 Defined at:
		line 28 in file "C:\Program Files (x86)\Microchip\xc8\v1.45\sources\common\lwtoft.c"
 Parameters:    Size  Location     Type
  c               2    8[COMRAM] unsigned int 
 Auto vars:     Size  Location     Type
		None
 Return value:  Size  Location     Type
                  3    8[COMRAM] float 
 Registers used:
		wreg, status,2, status,0, cstack
 Tracked objects:
		On entry : 
		On exit  : 
		Unchanged: 
 Data sizes:     COMRAM   BANK0   BANK1   BANK2   BANK3   BANK4   BANK5   BANK6   BANK7   BANK8   BANK9  BANK10  BANK11  BANK12  BANK13
      Params:         3       0       0       0       0       0       0       0       0       0       0       0       0       0       0
      Locals:         0       0       0       0       0       0       0       0       0       0       0       0       0       0       0
      Temps:          0       0       0       0       0       0       0       0       0       0       0       0       0       0       0
      Totals:         3       0       0       0       0       0       0       0       0       0       0       0       0       0       0
Total ram usage:        3 bytes
 Hardware stack levels used:    1
 Hardware stack levels required when called:    1
 This function calls:
		i2___ftpack
 This function is called by:
		_ADCPostProcessingCallback
 This function uses a non-reentrant model


 *************** function i2___ftpack *****************
 Defined at:
		line 62 in file "C:\Program Files (x86)\Microchip\xc8\v1.45\sources\common\float.c"
 Parameters:    Size  Location     Type
  arg             3    0[COMRAM] unsigned um
  exp             1    3[COMRAM] unsigned char 
  sign            1    4[COMRAM] unsigned char 
 Auto vars:     Size  Location     Type
		None
 Return value:  Size  Location     Type
                  3    0[COMRAM] float 
 Registers used:
		wreg, status,2, status,0
 Tracked objects:
		On entry : 
		On exit  : 
		Unchanged: 
 Data sizes:     COMRAM   BANK0   BANK1   BANK2   BANK3   BANK4   BANK5   BANK6   BANK7   BANK8   BANK9  BANK10  BANK11  BANK12  BANK13
      Params:         5       0       0       0       0       0       0       0       0       0       0       0       0       0       0
      Locals:         0       0       0       0       0       0       0       0       0       0       0       0       0       0       0
      Temps:          3       0       0       0       0       0       0       0       0       0       0       0       0       0       0
      Totals:         8       0       0       0       0       0       0       0       0       0       0       0       0       0       0
Total ram usage:        8 bytes
 Hardware stack levels used:    1
 This function calls:
		Nothing
 This function is called by:
		___altoft
		___lwtoft
		i2___ftadd
		i2___ftdiv
		i2___ftmul
		i2___lltoft
 This function uses a non-reentrant model


 *************** function _ADCC_GetConversionResult *****************
 Defined at:
		line 130 in file "mcc_generated_files/adcc.c"
 Parameters:    Size  Location     Type
		None
 Auto vars:     Size  Location     Type
		None
 Return value:  Size  Location     Type
                  2    0[COMRAM] unsigned int 
 Registers used:
		wreg, status,2, status,0
 Tracked objects:
		On entry : 
		On exit  : 
		Unchanged: 
 Data sizes:     COMRAM   BANK0   BANK1   BANK2   BANK3   BANK4   BANK5   BANK6   BANK7   BANK8   BANK9  BANK10  BANK11  BANK12  BANK13
      Params:         2       0       0       0       0       0       0       0       0       0       0       0       0       0       0
      Locals:         0       0       0       0       0       0       0       0       0       0       0       0       0       0       0
      Temps:          2       0       0       0       0       0       0       0       0       0       0       0       0       0       0
      Totals:         4       0       0       0       0       0       0       0       0       0       0       0       0       0       0
Total ram usage:        4 bytes
 Hardware stack levels used:    1
 This function calls:
		Nothing
 This function is called by:
		_ADCPostProcessingCallback
 This function uses a non-reentrant model



MODULE INFORMATION

Module		Function		Class		Link	Load	Size
C:\Program Files (x86)\Microchip\xc8\v1.45\sources\common\asin.c
		_asin          		CODE           	13A88	0000	621

C:\Program Files (x86)\Microchip\xc8\v1.45\sources\common\asin.c estimated size: 621

C:\Program Files (x86)\Microchip\xc8\v1.45\sources\common\ftneg.c
		___ftneg       		CODE           	16E86	0000	39

C:\Program Files (x86)\Microchip\xc8\v1.45\sources\common\ftneg.c estimated size: 39

C:\Program Files (x86)\Microchip\xc8\v1.45\sources\common\sprcsqrt.c
		_sqrt          		CODE           	14634	0000	407

C:\Program Files (x86)\Microchip\xc8\v1.45\sources\common\sprcsqrt.c estimated size: 407

C:\Program Files (x86)\Microchip\xc8\v1.45\sources\common\ftsub.c
		___ftsub       		CODE           	16ADC	0000	67

C:\Program Files (x86)\Microchip\xc8\v1.45\sources\common\ftsub.c estimated size: 67

C:\Program Files (x86)\Microchip\xc8\v1.45\sources\common\float.c
		___ftpack      		CODE           	15844	0000	177

C:\Program Files (x86)\Microchip\xc8\v1.45\sources\common\float.c estimated size: 177

mcc_generated_files/tmr6.c
		_TMR6_ISR      		CODE           	16E10	0000	41
		_TMR6_Initialize		CODE           	16D58	0000	51
		_TMR6_SetInterruptHandler		CODE           	170CA	0000	15
		_TMR6_DefaultInterruptHandler		CODE           	17158	0000	3

mcc_generated_files/tmr6.c estimated size: 110

mcc_generated_files/eusart2.c
		_putch         		CODE           	170AE	0000	15
		_EUSART2_Read  		CODE           	16A0E	0000	73
		_EUSART2_Write 		CODE           	168E6	0000	77
		_EUSART2_Receive_ISR		CODE           	158F4	0000	175
		_EUSART2_Transmit_ISR		CODE           	16C88	0000	55
		_EUSART2_SetRxInterruptHandler		CODE           	170F4	0000	15
		_EUSART2_SetTxInterruptHandler		CODE           	170E6	0000	15
		_EUSART2_Initialize		CODE           	163CA	0000	107

mcc_generated_files/eusart2.c estimated size: 532

C:\Program Files (x86)\Microchip\xc8\v1.45\sources\common\doprnt.c
		_scale         		CODE           	12946	0000	1153
		_printf        		CODE           	10D60	0000	2747
		_fround        		CODE           	1357E	0000	661

C:\Program Files (x86)\Microchip\xc8\v1.45\sources\common\doprnt.c estimated size: 4561

mcc_generated_files/fvr.c
		_FVR_Initialize		CODE           	17134	0000	9

mcc_generated_files/fvr.c estimated size: 9

C:\Program Files (x86)\Microchip\xc8\v1.45\sources\common\lltoft.c
		___lltoft      		CODE           	1668C	0000	95

C:\Program Files (x86)\Microchip\xc8\v1.45\sources\common\lltoft.c estimated size: 95

mcc_generated_files/interrupt_manager.c
		_INTERRUPT_Initialize		CODE           	17026	0000	21
		_INTERRUPT_InterruptManagerLow		CODE           	0018	0000	243
		_INTERRUPT_InterruptManagerHigh		CODE           	0008	0000	211

mcc_generated_files/interrupt_manager.c estimated size: 475

C:\Program Files (x86)\Microchip\xc8\v1.45\sources\common\Umul16.c
		___wmul        		CODE           	16DE8	0000	41

C:\Program Files (x86)\Microchip\xc8\v1.45\sources\common\Umul16.c estimated size: 41

C:\Program Files (x86)\Microchip\xc8\v1.45\sources\common\frexp.c
		_frexp         		CODE           	16182	0000	121

C:\Program Files (x86)\Microchip\xc8\v1.45\sources\common\frexp.c estimated size: 121

C:\Program Files (x86)\Microchip\xc8\v1.45\sources\common\ftge.c
		___ftge        		CODE           	15B9C	0000	147

C:\Program Files (x86)\Microchip\xc8\v1.45\sources\common\ftge.c estimated size: 147

mcc_generated_files/pin_manager.c
		_PIN_MANAGER_Initialize		CODE           	15AFA	0000	163

mcc_generated_files/pin_manager.c estimated size: 163

C:\Program Files (x86)\Microchip\xc8\v1.45\sources\common\fabs.c
		_fabs          		CODE           	16D8A	0000	49

C:\Program Files (x86)\Microchip\xc8\v1.45\sources\common\fabs.c estimated size: 49

C:\Program Files (x86)\Microchip\xc8\v1.45\sources\common\isdigit.c
		_isdigit       		CODE           	16F40	0000	35

C:\Program Files (x86)\Microchip\xc8\v1.45\sources\common\isdigit.c estimated size: 35

C:\Program Files (x86)\Microchip\xc8\v1.45\sources\common\floor.c
		_floor         		CODE           	15426	0000	223

C:\Program Files (x86)\Microchip\xc8\v1.45\sources\common\floor.c estimated size: 223

C:\Program Files (x86)\Microchip\xc8\v1.45\sources\common\ftdivl.c
		__tdiv_to_l_   		CODE           	147CA	0000	309

C:\Program Files (x86)\Microchip\xc8\v1.45\sources\common\ftdivl.c estimated size: 309

C:\Program Files (x86)\Microchip\xc8\v1.45\sources\common\lwmod.c
		___lwmod       		CODE           	16A56	0000	69

C:\Program Files (x86)\Microchip\xc8\v1.45\sources\common\lwmod.c estimated size: 69

C:\Program Files (x86)\Microchip\xc8\v1.45\sources\common\ftmul.c
		___ftmul       		CODE           	14E96	0000	247

C:\Program Files (x86)\Microchip\xc8\v1.45\sources\common\ftmul.c estimated size: 247

C:\Program Files (x86)\Microchip\xc8\v1.45\sources\common\awmod.c
		___awmod       		CODE           	162E8	0000	115

C:\Program Files (x86)\Microchip\xc8\v1.45\sources\common\awmod.c estimated size: 115

C:\Program Files (x86)\Microchip\xc8\v1.45\sources\common\strstr.c
		_strstr        		CODE           	15DDC	0000	141

C:\Program Files (x86)\Microchip\xc8\v1.45\sources\common\strstr.c estimated size: 141

device_IDs.c
		_getDeviceID   		CODE           	16F62	0000	33
		_getUserID     		CODE           	16B9E	0000	61
		_getMinorRevisionID		CODE           	16E60	0000	39
		_getDeviceIDString		CODE           	15E68	0000	139
		_getRevisionIDString		CODE           	15D4E	0000	143
		_getMajorRevisionID		CODE           	16BDA	0000	61

device_IDs.c estimated size: 476

C:\Program Files (x86)\Microchip\xc8\v1.45\sources\common\ftdiv.c
		___ftdiv       		CODE           	15174	0000	233

C:\Program Files (x86)\Microchip\xc8\v1.45\sources\common\ftdiv.c estimated size: 233

C:\Program Files (x86)\Microchip\xc8\v1.45\sources\common\acos.c
		_acos          		CODE           	1679E	0000	87

C:\Program Files (x86)\Microchip\xc8\v1.45\sources\common\acos.c estimated size: 87

C:\Program Files (x86)\Microchip\xc8\v1.45\sources\common\llmod.c
		___llmod       		CODE           	1649C	0000	105

C:\Program Files (x86)\Microchip\xc8\v1.45\sources\common\llmod.c estimated size: 105

C:\Program Files (x86)\Microchip\xc8\v1.45\sources\common\fldivl.c
		__div_to_l_    		CODE           	14A30	0000	299

C:\Program Files (x86)\Microchip\xc8\v1.45\sources\common\fldivl.c estimated size: 299

C:\Program Files (x86)\Microchip\xc8\v1.45\sources\common\atoi.c
		_atoi          		CODE           	155DE	0000	217

C:\Program Files (x86)\Microchip\xc8\v1.45\sources\common\atoi.c estimated size: 217

mcc_generated_files/tmr7.c
		_TMR7_DefaultInterruptHandler		CODE           	17156	0000	3
		_TMR7_WriteTimer		CODE           	16EAC	0000	39
		_TMR7_StartTimer		CODE           	17144	0000	7
		_TMR7_ISR      		CODE           	16CBE	0000	53
		_TMR7_Initialize		CODE           	16898	0000	79
		_TMR7_SetInterruptHandler		CODE           	170BC	0000	15
		_TMR7_StopTimer		CODE           	1714A	0000	7

mcc_generated_files/tmr7.c estimated size: 203

mcc_generated_files/hlvd.c
		_HLVD_ISR      		CODE           	1713C	0000	9
		_HLVD_Initialize		CODE           	17090	0000	17

mcc_generated_files/hlvd.c estimated size: 26

mcc_generated_files/tmr5.c
		_TMR5_ISR      		CODE           	16CF2	0000	53
		_TMR5_Initialize		CODE           	16932	0000	75
		_TMR5_SetInterruptHandler		CODE           	170D8	0000	15
		_TMR5_DefaultInterruptHandler		CODE           	1715A	0000	3
		_TMR5_WriteTimer		CODE           	16FD8	0000	29

mcc_generated_files/tmr5.c estimated size: 175

shared
		i2_printf      		CODE           	1181A	0000	2741
		i2___ftneg     		CODE           	16EF8	0000	37
		i2_putch       		CODE           	1712A	0000	11
		i2___ftadd     		CODE           	14488	0000	429
		i2___ftdiv     		CODE           	1525C	0000	231
		__powers_      		MEDIUMCONST    	EBB7	0000	40
		i2___fttol     		CODE           	14F8C	0000	245
		_dpowers       		MEDIUMCONST    	EB8F	0000	41
		i2___ftge      		CODE           	15CBE	0000	145
		i2_isdigit     		CODE           	16F82	0000	31
		atan@coeff_a   		MEDIUMCONST    	EC25	0000	19
		atan@coeff_b   		MEDIUMCONST    	EC46	0000	16
		i2___awdiv     		CODE           	15FFC	0000	133
		i2__tdiv_to_l_ 		CODE           	148FE	0000	307
		i2___ftmul     		CODE           	15080	0000	245
		i2___wmul      		CODE           	16ED2	0000	39
		i2__div_to_l_  		CODE           	14B5A	0000	297
		__npowers_     		MEDIUMCONST    	EBDE	0000	40
		i2___ftpack    		CODE           	159A2	0000	175
		i2_TMR7_StopTimer		CODE           	17150	0000	7
		i2_scale       		CODE           	12DC6	0000	1105
		i2___lldiv     		CODE           	16080	0000	131
		__initialization		CODE           	16102	0000	119
		i2___lltoft    		CODE           	166EA	0000	93
		i2___ftsub     		CODE           	16B1E	0000	67
		i2___awmod     		CODE           	1635A	0000	113
		i2_EUSART2_Write		CODE           	1697C	0000	75
		_hexpowers     		MEDIUMCONST    	EC05	0000	33
		i2___llmod     		CODE           	16504	0000	103
		i2_fround      		CODE           	13812	0000	631
		sin@coeff_a    		MEDIUMCONST    	EC37	0000	16
		sin@coeff_b    		MEDIUMCONST    	EC55	0000	13

shared estimated size: 7728

mcc_generated_files/mcc.c
		_PMD_Initialize		CODE           	16FA0	0000	29
		_OSCILLATOR_Initialize		CODE           	16FBC	0000	29
		_SYSTEM_Initialize		CODE           	16DBA	0000	47

mcc_generated_files/mcc.c estimated size: 105

ring_buffer_interface.c
		_terminal_ringBufferPull		CODE           	14C82	0000	285
		_terminal_textAttributes		CODE           	13216	0000	873
		_terminal_textAttributesReset		CODE           	1704E	0000	19
		_terminal_setCursorHome		CODE           	17060	0000	17
		_terminal_printNewline		CODE           	17070	0000	17
		_terminal_clearTerminal		CODE           	17080	0000	17

ring_buffer_interface.c estimated size: 1228

C:\Program Files (x86)\Microchip\xc8\v1.45\sources\common\fttol.c
		___fttol       		CODE           	14D9E	0000	249

C:\Program Files (x86)\Microchip\xc8\v1.45\sources\common\fttol.c estimated size: 249

C:\Program Files (x86)\Microchip\xc8\v1.45\sources\common\atan.c
		_atan          		CODE           	14118	0000	451

C:\Program Files (x86)\Microchip\xc8\v1.45\sources\common\atan.c estimated size: 451

C:\Program Files (x86)\Microchip\xc8\v1.45\sources\common\awtoft.c
		___awtoft      		CODE           	16C16	0000	59

C:\Program Files (x86)\Microchip\xc8\v1.45\sources\common\awtoft.c estimated size: 59

cause_of_reset.c
		_getCauseOfResetString		CODE           	16D26	0000	51
		_getCauseOfReset		CODE           	15342	0000	229

cause_of_reset.c estimated size: 280

C:\Program Files (x86)\Microchip\xc8\v1.45\sources\common\lwdiv.c
		___lwdiv       		CODE           	167F4	0000	85

C:\Program Files (x86)\Microchip\xc8\v1.45\sources\common\lwdiv.c estimated size: 85

C:\Program Files (x86)\Microchip\xc8\v1.45\sources\common\awdiv.c
		___awdiv       		CODE           	15EF2	0000	135

C:\Program Files (x86)\Microchip\xc8\v1.45\sources\common\awdiv.c estimated size: 135

C:\Program Files (x86)\Microchip\xc8\v1.45\sources\common\strcat.c
		_strcat        		CODE           	1662E	0000	95

C:\Program Files (x86)\Microchip\xc8\v1.45\sources\common\strcat.c estimated size: 95

C:\Program Files (x86)\Microchip\xc8\v1.45\sources\common\evalpoly.c
		_eval_poly     		CODE           	15504	0000	219

C:\Program Files (x86)\Microchip\xc8\v1.45\sources\common\evalpoly.c estimated size: 219

mcc_generated_files/memory.c
		_FLASH_ReadWord		CODE           	16A9A	0000	67
		_FLASH_ReadByte		CODE           	16FF4	0000	27

mcc_generated_files/memory.c estimated size: 94

C:\Program Files (x86)\Microchip\xc8\v1.45\sources\common\ftadd.c
		___ftadd       		CODE           	142DA	0000	431

C:\Program Files (x86)\Microchip\xc8\v1.45\sources\common\ftadd.c estimated size: 431

C:\Program Files (x86)\Microchip\xc8\v1.45\sources\common\sin.c
		_sin           		CODE           	13CF4	0000	607

C:\Program Files (x86)\Microchip\xc8\v1.45\sources\common\sin.c estimated size: 607

C:\Program Files (x86)\Microchip\xc8\v1.45\sources\common\lldiv.c
		___lldiv       		CODE           	15F78	0000	133

C:\Program Files (x86)\Microchip\xc8\v1.45\sources\common\lldiv.c estimated size: 133

ring_buffer_LUT.c
		_ringBufferLUT 		CODE           	10000	0000	3425

ring_buffer_LUT.c estimated size: 3425

mcc_generated_files/adcc.c
		_ADCC_DefaultInterruptHandler		CODE           	1715C	0000	3
		_ADCC_GetConversionResult		CODE           	1703A	0000	21
		_ADCC_SetADIInterruptHandler		CODE           	17102	0000	15
		_ADCC_ISR      		CODE           	16E38	0000	41
		_ADCC_StartConversion		CODE           	17110	0000	15
		_ADCC_Initialize		CODE           	1656A	0000	101
		_ADCC_IsConversionDone		CODE           	1711E	0000	13

mcc_generated_files/adcc.c estimated size: 209

main.c
		_acquisitionTimerCallback		CODE           	15782	0000	195
		_main          		CODE           	16272	0000	119
		_heartbeatTimerCallback		CODE           	16B60	0000	63
		_currentMeasuredToPeak		CODE           	165CE	0000	97
		_ADCPostProcessingCallback		CODE           	122CE	0000	1657
		_peakToRMS     		CODE           	13F52	0000	455

main.c estimated size: 2586

C:\Program Files (x86)\Microchip\xc8\v1.45\sources\common\strlen.c
		_strlen        		CODE           	16746	0000	89

C:\Program Files (x86)\Microchip\xc8\v1.45\sources\common\strlen.c estimated size: 89

C:\Program Files (x86)\Microchip\xc8\v1.45\sources\common\lwtoft.c
		___lwtoft      		CODE           	16F1C	0000	37

C:\Program Files (x86)\Microchip\xc8\v1.45\sources\common\lwtoft.c estimated size: 37

C:\Program Files (x86)\Microchip\xc8\v1.45\sources\common\itoa.c
		_utoa          		CODE           	15A50	0000	171

C:\Program Files (x86)\Microchip\xc8\v1.45\sources\common\itoa.c estimated size: 171

C:\Program Files (x86)\Microchip\xc8\v1.45\sources\common\strcmp.c
		_strcmp        		CODE           	16848	0000	81

C:\Program Files (x86)\Microchip\xc8\v1.45\sources\common\strcmp.c estimated size: 81

C:\Program Files (x86)\Microchip\xc8\v1.45\sources\common\strchr.c
		_strchr        		CODE           	16C50	0000	57

C:\Program Files (x86)\Microchip\xc8\v1.45\sources\common\strchr.c estimated size: 57

C:\Program Files (x86)\Microchip\xc8\v1.45\sources\common\strcpy.c
		_strcpy        		CODE           	169C6	0000	73

C:\Program Files (x86)\Microchip\xc8\v1.45\sources\common\strcpy.c estimated size: 73

C:\Program Files (x86)\Microchip\xc8\v1.45\sources\common\strncmp.c
		_strncmp       		CODE           	15C2E	0000	145

C:\Program Files (x86)\Microchip\xc8\v1.45\sources\common\strncmp.c estimated size: 145

C:\Program Files (x86)\Microchip\xc8\v1.45\sources\common\altoft.c
		___altoft      		CODE           	161FA	0000	121

C:\Program Files (x86)\Microchip\xc8\v1.45\sources\common\altoft.c estimated size: 121

C:\Program Files (x86)\Microchip\xc8\v1.45\sources\common\strncpy.c
		_strncpy       		CODE           	16434	0000	105

C:\Program Files (x86)\Microchip\xc8\v1.45\sources\common\strncpy.c estimated size: 105

