Microchip MPLAB XC8 Compiler V1.45 ()

Linker command line:

-W-3 --edf=C:\Program Files (x86)\Microchip\xc8\v1.45\dat\en_msgs.txt -cs \
  -h+dist/default/production\AC_Power_Meter.X.production.sym \
  --cmf=dist/default/production\AC_Power_Meter.X.production.cmf -z \
  -Q18LF67K40 -oC:\Users\DREWMA~1\AppData\Local\Temp\sac0.2 \
  -Mdist/default/production/AC_Power_Meter.X.production.map -E1 -ver=XC8 \
  --acfsm=1493 -ASTACK=0406h-0de9h -pstack=STACK -ACODE=00h-01FFFFh \
  -ACONST=00h-01FFFFh -ASMALLCONST=0E00h-0EFFhx498 \
  -AMEDIUMCONST=0E00h-0FFFFh,010E00h-01FFFFh -ACOMRAM=01h-05Fh \
  -AABS1=00h-0DE9h -ABIGRAM=01h-0DE9h \
  -ARAM=060h-0FFh,0100h-01FFhx12,0D00h-0DE9h -ABANK0=060h-0FFh \
  -ABANK1=0100h-01FFh -ABANK2=0200h-02FFh -ABANK3=0300h-03FFh \
  -ABANK4=0400h-04FFh -ABANK5=0500h-05FFh -ABANK6=0600h-06FFh \
  -ABANK7=0700h-07FFh -ABANK8=0800h-08FFh -ABANK9=0900h-09FFh \
  -ABANK10=0A00h-0AFFh -ABANK11=0B00h-0BFFh -ABANK12=0C00h-0CFFh \
  -ABANK13=0D00h-0DE9h \
  -ASFR=0DEFh-0DFFh,0E00h-0EFFh,0F00h-0F5Fh,0F60h-0FFFh \
  -preset_vec=00h,intcode=08h,intcodelo=018h,powerup,init -pramtop=0E00h \
  -psmallconst=SMALLCONST -pmediumconst=MEDIUMCONST -pconst=CONST \
  -AFARRAM=00h-00h -ACONFIG=0300000h-030000Bh -pconfig=CONFIG \
  -AIDLOC=0200000h-020000Fh -pidloc=IDLOC -AEEDATA=0310000h-03103FFh \
  -peeprom_data=EEDATA \
  -prdata=COMRAM,nvrram=COMRAM,nvbit=COMRAM,rbss=COMRAM,rbit=COMRAM \
  -pfarbss=FARRAM,fardata=FARRAM,nvFARRAM=FARRAM \
  -pintsave_regs=BIGRAM,bigbss=BIGRAM,bigdata=BIGRAM -pbss=RAM \
  -pidata=CODE,irdata=CODE,ibigdata=CODE,ifardata=CODE -prparam=COMRAM \
  C:\Users\DREWMA~1\AppData\Local\Temp\sac0.obj \
  dist/default/production\AC_Power_Meter.X.production.obj 

Object code version is 3.11

Machine type is 18LF67K40

Call graph: (short form)




                Name                               Link     Load   Length Selector   Space Scale
C:\Users\DREWMA~1\AppData\Local\Temp\sac0.obj
                init                                 FE       FE        4        C       0
                reset_vec                             0        0        4        0       0
                idloc                            200000   200000       10   200000       0
                config                           300000   300000        C   300000       0
dist/default/production\AC_Power_Meter.X.production.obj
                intcodelo                            18       18       E6        C       0
                intcode                               8        8        6        4       0
                temp                                 5F       5F        1        1       1
                mediumconst                        CF4C     CF4C     30B4     67A6       0
                text169                           1B07C    1B07C       14     D750       0
                text168                           1B068    1B068       14     D750       0
                text167                           1B17E    1B17E        C     D750       0
                text166                           1B1E0    1B1E0        4     D750       0
                text165                           1AD40    1AD40       2A     8000       0
                text164                           161AE    161AE      33E     8000       0
                text163                           15B20    15B20      350     8000       0
                text162                           1911E    1911E      100     8000       0
                text161                           19DA4    19DA4       7A     8000       0
                text160                           18DE4    18DE4      120     8000       0
                text159                           192FC    192FC       DE     8000       0
                text158                           18322    18322      150     8000       0
                text157                           18F04    18F04      112     8000       0
                text156                           1732E    1732E      2B4     8000       0
                text155                           1AD12    1AD12       2E     8000       0
                text154                           1A724    1A724       48     8000       0
                text153                           167F0    167F0      2FA     8000       0
                text152                           19D28    19D28       7C     8000       0
                text151                           1AA26    1AA26       3C     8000       0
                text150                           17F98    17F98      236     8000       0
                text149                           16AEA    16AEA      2C8     8000       0
                text148                           164EC    164EC      304     8000       0
                text147                           19F00    19F00       6E     8000       0
                text146                           17D4E    17D4E      24A     8000       0
                text145                           1B1CA    1B1CA        6     D750       0
                text144                           14068    14068      ADA     8000       0
                text143                           1B1F0    1B1F0        2     D750       0
                text142                           1ADBA    1ADBA       28     8000       0
                text141                           19CA6    19CA6       82     8000       0
                text140                           1A10E    1A10E       66     8000       0
                text139                           1AE54    1AE54       26     8000       0
                text138                           18A76    18A76      128     8000       0
                text137                           1881A    1881A      132     8000       0
                text136                           19BA0    19BA0       84     8000       0
                text135                           19E90    19E90       70     8000       0
                text134                           175E2    175E2      2AE     8000       0
                text133                           1AF48    1AF48       1E     D750       0
                text132                           1A6DC    1A6DC       48     8000       0
                text131                           1B19E    1B19E        A     D750       0
                text130                           14FE6    14FE6      480     8000       0
                text129                           12B64    12B64     1504     8000       0
                text128                           1A9EA    1A9EA       3C     8000       0
                text127                           196F2    196F2       AC     8000       0
                text126                           1AA9C    1AA9C       3A     8000       0
                text125                           1A5B6    1A5B6       4C     8000       0
                text124                           1AB0E    1AB0E       38     8000       0
                text123                           1B1C4    1B1C4        6     D750       0
                text122                           1B00A    1B00A       1A     D750       0
                text121                           1A8B8    1A8B8       40     8000       0
                text120                           17AF6    17AF6      258     8000       0
                text119                           1B1DC    1B1DC        4     D750       0
                text118                           1AFBA    1AFBA       1C     D750       0
                text117                           1B03C    1B03C       18     D750       0
                text116                           1B1EE    1B1EE        2     D750       0
                text115                           1AEC4    1AEC4       24     D750       0
                text114                           1B194    1B194        A     D750       0
                text113                           1B024    1B024       18     D750       0
                text112                           1A51C    1A51C       4E     8000       0
                text111                           19C24    19C24       82     8000       0
                text110                           1B1EC    1B1EC        2     D750       0
                text109                           1AEA0    1AEA0       24     D750       0
                text108                           1AE2E    1AE2E       26     8000       0
                text107                           1B1D8    1B1D8        4     D750       0
                text106                           1B172    1B172        C     D750       0
                text105                           1B1EA    1B1EA        2     D750       0
                text104                           1AC1C    1AC1C       34     8000       0
                intcode_body                      19016    19016      108     8000       0
                text102                           1ABB2    1ABB2       36     8000       0
                text101                           1A878    1A878       40     8000       0
                text100                           1B1E8    1B1E8        2     D750       0
                text99                            1AD92    1AD92       28     8000       0
                text98                            1AE08    1AE08       26     8000       0
                text97                            1B1BE    1B1BE        6     D750       0
                text96                            1B1B0    1B1B0        8     D750       0
                text95                            1B164    1B164        E     D750       0
                text94                            1B0A2    1B0A2       12     D750       0
                text93                            1B1E6    1B1E6        2     D750       0
                text92                            1ABE8    1ABE8       34     8000       0
                text90                            1B18A    1B18A        A     D750       0
                text89                            1979E    1979E       A2     8000       0
                text88                            1A76C    1A76C       46     8000       0
                text87                            1A4CC    1A4CC       50     8000       0
                text86                            19644    19644       AE     8000       0
                text85                            1957E    1957E       C6     8000       0
                text84                            1A838    1A838       40     8000       0
                text83                            1A0A6    1A0A6       68     8000       0
                text82                            198E0    198E0       9A     8000       0
                text81                            1A28C    1A28C       58     8000       0
                text80                            1A9AE    1A9AE       3C     8000       0
                text79                            1B156    1B156        E     D750       0
                text78                            1A1D4    1A1D4       60     8000       0
                text77                            1B148    1B148        E     D750       0
                text76                            1B13A    1B13A        E     D750       0
                text75                            1A03E    1A03E       68     8000       0
                text74                            1B12C    1B12C        E     D750       0
                text73                            1AF2A    1AF2A       1E     D750       0
                text72                            1B1A8    1B1A8        8     D750       0
                text71                            1B0E4    1B0E4       10     D750       0
                text70                            1AB7C    1AB7C       36     8000       0
                text69                            1AF9E    1AF9E       1C     D750       0
                text68                            1AF82    1AF82       1C     D750       0
                text67                            194B2    194B2       CC     8000       0
                text66                            1AF66    1AF66       1C     D750       0
                text65                            1B11E    1B11E        E     D750       0
                text64                            1ACE2    1ACE2       30     8000       0
                text63                            1B110    1B110        E     D750       0
                text62                            1A47C    1A47C       50     8000       0
                text61                            1B102    1B102        E     D750       0
                text60                            1AC50    1AC50       32     8000       0
                text59                            1B0F4    1B0F4        E     D750       0
                text58                            1A2E4    1A2E4       54     8000       0
                text57                            1AA62    1AA62       3A     8000       0
                text56                            1A38A    1A38A       52     8000       0
                text55                            1AFF0    1AFF0       1A     D750       0
                text54                            1A338    1A338       52     8000       0
                text53                            185B0    185B0      136     8000       0
                text52                            18CC2    18CC2      122     8000       0
                text51                            1A8F8    1A8F8       3E     8000       0
                text50                            1A42C    1A42C       50     8000       0
                text49                            17890    17890      266     8000       0
                text48                            1ACB2    1ACB2       30     8000       0
                text47                            15E70    15E70      33E     8000       0
                text46                            1A694    1A694       48     8000       0
                text45                            1921E    1921E       DE     8000       0
                text44                            19B1C    19B1C       84     8000       0
                text43                            19FD6    19FD6       68     8000       0
                text42                            1AD6A    1AD6A       28     8000       0
                text41                            181CE    181CE      154     8000       0
                text40                            1894C    1894C      12A     8000       0
                text39                            186E6    186E6      134     8000       0
                text38                            19A96    19A96       86     8000       0
                text37                            19E1E    19E1E       72     8000       0
                text36                            157CE    157CE      352     8000       0
                text35                            16DB2    16DB2      2C6     8000       0
                text34                            1AEE8    1AEE8       22     D750       0
                text33                            1A602    1A602       4A     8000       0
                text32                            1B054    1B054       14     D750       0
                text31                            14B42    14B42      4A4     8000       0
                text30                            11656    11656     150E     8000       0
                text29                            1A972    1A972       3C     8000       0
                text28                            1B0D4    1B0D4       10     D750       0
                text27                            1A64C    1A64C       48     8000       0
                text26                            1B1D4    1B1D4        4     D750       0
                text25                            1B1B8    1B1B8        6     D750       0
                text24                            17078    17078      2B6     8000       0
                text23                            193DA    193DA       D8     8000       0
                text22                            1AC82    1AC82       30     8000       0
                text21                            1AFD6    1AFD6       1A     D750       0
                text20                            1A7F6    1A7F6       42     8000       0
                text19                            1AF0A    1AF0A       20     D750       0
                text18                            1A174    1A174       60     8000       0
                text17                            1A936    1A936       3C     8000       0
                text16                            1ADE2    1ADE2       26     8000       0
                text15                            1A7B2    1A7B2       44     8000       0
                text14                            1A3DC    1A3DC       50     8000       0
                text13                            1AB46    1AB46       36     8000       0
                text12                            1AAD6    1AAD6       38     8000       0
                text11                            1A234    1A234       58     8000       0
                text10                            1997A    1997A       90     8000       0
                text9                             19A0A    19A0A       8C     8000       0
                text8                             1B0C4    1B0C4       10     D750       0
                text7                             1A56A    1A56A       4C     8000       0
                text6                             19F6E    19F6E       68     8000       0
                text5                             15466    15466      368     8000       0
                text4                             1B090    1B090       12     D750       0
                text3                             10000    10000     1656     8000       0
                text2                             18B9E    18B9E      124     8000       0
                text1                             1B0B4    1B0B4       10     D750       0
                text0                             18472    18472      13E     8000       0
                cstackCOMRAM                          1        1       5D        1       1
                cstackBANK0                          60       60       90       60       1
                cstackBANK1                         100      100       C6      100       1
                cstackBANK2                         28A      28A       4D      200       1
                cstackBANK4                         400      400        6      400       1
                bssBANK3                            300      300      100      300       1
                dataBANK2                           2D7      2D7       25      200       1
                bssBANK2                            200      200       8A      200       1
                dataBANK1                           1E7      1E7        2      100       1
                bssBANK1                            1C6      1C6       21      100       1
                dataBANK0                            F7       F7        4       60       1
                bssBANK0                             F0       F0        7       60       1
                bitbssBANK0                         7D8       FB        1       60       1     8
                bitbssCOMRAM                        2F0       5E        2        1       1     8
                cinit                             19840    19840       A0     8000       0
                nvBANK2                             2FC      2FC        1      200       1
                idataBANK2                        1AE7A    1AE7A       25     8000       0
                idataBANK1                        1B1E4    1B1E4        2     D750       0
                idataBANK0                        1B1D0    1B1D0        4     D750       0

TOTAL           Name                               Link     Load   Length     Space
        CLASS   STACK          

        CLASS   CODE           
                intcodelo                            18       18       E6         0
                intcode                               8        8        6         0
                init                                 FE       FE        4         0
                reset_vec                             0        0        4         0
                text169                           1B07C    1B07C       14         0
                text168                           1B068    1B068       14         0
                text167                           1B17E    1B17E        C         0
                text166                           1B1E0    1B1E0        4         0
                text165                           1AD40    1AD40       2A         0
                text164                           161AE    161AE      33E         0
                text163                           15B20    15B20      350         0
                text162                           1911E    1911E      100         0
                text161                           19DA4    19DA4       7A         0
                text160                           18DE4    18DE4      120         0
                text159                           192FC    192FC       DE         0
                text158                           18322    18322      150         0
                text157                           18F04    18F04      112         0
                text156                           1732E    1732E      2B4         0
                text155                           1AD12    1AD12       2E         0
                text154                           1A724    1A724       48         0
                text153                           167F0    167F0      2FA         0
                text152                           19D28    19D28       7C         0
                text151                           1AA26    1AA26       3C         0
                text150                           17F98    17F98      236         0
                text149                           16AEA    16AEA      2C8         0
                text148                           164EC    164EC      304         0
                text147                           19F00    19F00       6E         0
                text146                           17D4E    17D4E      24A         0
                text145                           1B1CA    1B1CA        6         0
                text144                           14068    14068      ADA         0
                text143                           1B1F0    1B1F0        2         0
                text142                           1ADBA    1ADBA       28         0
                text141                           19CA6    19CA6       82         0
                text140                           1A10E    1A10E       66         0
                text139                           1AE54    1AE54       26         0
                text138                           18A76    18A76      128         0
                text137                           1881A    1881A      132         0
                text136                           19BA0    19BA0       84         0
                text135                           19E90    19E90       70         0
                text134                           175E2    175E2      2AE         0
                text133                           1AF48    1AF48       1E         0
                text132                           1A6DC    1A6DC       48         0
                text131                           1B19E    1B19E        A         0
                text130                           14FE6    14FE6      480         0
                text129                           12B64    12B64     1504         0
                text128                           1A9EA    1A9EA       3C         0
                text127                           196F2    196F2       AC         0
                text126                           1AA9C    1AA9C       3A         0
                text125                           1A5B6    1A5B6       4C         0
                text124                           1AB0E    1AB0E       38         0
                text123                           1B1C4    1B1C4        6         0
                text122                           1B00A    1B00A       1A         0
                text121                           1A8B8    1A8B8       40         0
                text120                           17AF6    17AF6      258         0
                text119                           1B1DC    1B1DC        4         0
                text118                           1AFBA    1AFBA       1C         0
                text117                           1B03C    1B03C       18         0
                text116                           1B1EE    1B1EE        2         0
                text115                           1AEC4    1AEC4       24         0
                text114                           1B194    1B194        A         0
                text113                           1B024    1B024       18         0
                text112                           1A51C    1A51C       4E         0
                text111                           19C24    19C24       82         0
                text110                           1B1EC    1B1EC        2         0
                text109                           1AEA0    1AEA0       24         0
                text108                           1AE2E    1AE2E       26         0
                text107                           1B1D8    1B1D8        4         0
                text106                           1B172    1B172        C         0
                text105                           1B1EA    1B1EA        2         0
                text104                           1AC1C    1AC1C       34         0
                intcode_body                      19016    19016      108         0
                text102                           1ABB2    1ABB2       36         0
                text101                           1A878    1A878       40         0
                text100                           1B1E8    1B1E8        2         0
                text99                            1AD92    1AD92       28         0
                text98                            1AE08    1AE08       26         0
                text97                            1B1BE    1B1BE        6         0
                text96                            1B1B0    1B1B0        8         0
                text95                            1B164    1B164        E         0
                text94                            1B0A2    1B0A2       12         0
                text93                            1B1E6    1B1E6        2         0
                text92                            1ABE8    1ABE8       34         0
                text90                            1B18A    1B18A        A         0
                text89                            1979E    1979E       A2         0
                text88                            1A76C    1A76C       46         0
                text87                            1A4CC    1A4CC       50         0
                text86                            19644    19644       AE         0
                text85                            1957E    1957E       C6         0
                text84                            1A838    1A838       40         0
                text83                            1A0A6    1A0A6       68         0
                text82                            198E0    198E0       9A         0
                text81                            1A28C    1A28C       58         0
                text80                            1A9AE    1A9AE       3C         0
                text79                            1B156    1B156        E         0
                text78                            1A1D4    1A1D4       60         0
                text77                            1B148    1B148        E         0
                text76                            1B13A    1B13A        E         0
                text75                            1A03E    1A03E       68         0
                text74                            1B12C    1B12C        E         0
                text73                            1AF2A    1AF2A       1E         0
                text72                            1B1A8    1B1A8        8         0
                text71                            1B0E4    1B0E4       10         0
                text70                            1AB7C    1AB7C       36         0
                text69                            1AF9E    1AF9E       1C         0
                text68                            1AF82    1AF82       1C         0
                text67                            194B2    194B2       CC         0
                text66                            1AF66    1AF66       1C         0
                text65                            1B11E    1B11E        E         0
                text64                            1ACE2    1ACE2       30         0
                text63                            1B110    1B110        E         0
                text62                            1A47C    1A47C       50         0
                text61                            1B102    1B102        E         0
                text60                            1AC50    1AC50       32         0
                text59                            1B0F4    1B0F4        E         0
                text58                            1A2E4    1A2E4       54         0
                text57                            1AA62    1AA62       3A         0
                text56                            1A38A    1A38A       52         0
                text55                            1AFF0    1AFF0       1A         0
                text54                            1A338    1A338       52         0
                text53                            185B0    185B0      136         0
                text52                            18CC2    18CC2      122         0
                text51                            1A8F8    1A8F8       3E         0
                text50                            1A42C    1A42C       50         0
                text49                            17890    17890      266         0
                text48                            1ACB2    1ACB2       30         0
                text47                            15E70    15E70      33E         0
                text46                            1A694    1A694       48         0
                text45                            1921E    1921E       DE         0
                text44                            19B1C    19B1C       84         0
                text43                            19FD6    19FD6       68         0
                text42                            1AD6A    1AD6A       28         0
                text41                            181CE    181CE      154         0
                text40                            1894C    1894C      12A         0
                text39                            186E6    186E6      134         0
                text38                            19A96    19A96       86         0
                text37                            19E1E    19E1E       72         0
                text36                            157CE    157CE      352         0
                text35                            16DB2    16DB2      2C6         0
                text34                            1AEE8    1AEE8       22         0
                text33                            1A602    1A602       4A         0
                text32                            1B054    1B054       14         0
                text31                            14B42    14B42      4A4         0
                text30                            11656    11656     150E         0
                text29                            1A972    1A972       3C         0
                text28                            1B0D4    1B0D4       10         0
                text27                            1A64C    1A64C       48         0
                text26                            1B1D4    1B1D4        4         0
                text25                            1B1B8    1B1B8        6         0
                text24                            17078    17078      2B6         0
                text23                            193DA    193DA       D8         0
                text22                            1AC82    1AC82       30         0
                text21                            1AFD6    1AFD6       1A         0
                text20                            1A7F6    1A7F6       42         0
                text19                            1AF0A    1AF0A       20         0
                text18                            1A174    1A174       60         0
                text17                            1A936    1A936       3C         0
                text16                            1ADE2    1ADE2       26         0
                text15                            1A7B2    1A7B2       44         0
                text14                            1A3DC    1A3DC       50         0
                text13                            1AB46    1AB46       36         0
                text12                            1AAD6    1AAD6       38         0
                text11                            1A234    1A234       58         0
                text10                            1997A    1997A       90         0
                text9                             19A0A    19A0A       8C         0
                text8                             1B0C4    1B0C4       10         0
                text7                             1A56A    1A56A       4C         0
                text6                             19F6E    19F6E       68         0
                text5                             15466    15466      368         0
                text4                             1B090    1B090       12         0
                text3                             10000    10000     1656         0
                text2                             18B9E    18B9E      124         0
                text1                             1B0B4    1B0B4       10         0
                text0                             18472    18472      13E         0
                cinit                             19840    19840       A0         0
                idataBANK2                        1AE7A    1AE7A       25         0
                idataBANK1                        1B1E4    1B1E4        2         0
                idataBANK0                        1B1D0    1B1D0        4         0

        CLASS   CONST          

        CLASS   SMALLCONST     

        CLASS   MEDIUMCONST    
                mediumconst                        CF4C     CF4C     30B4         0

        CLASS   COMRAM         
                temp                                 5F       5F        1         1
                cstackCOMRAM                          1        1       5D         1
                bitbssCOMRAM                        2F0       5E        2         1

        CLASS   ABS1           

        CLASS   BIGRAM         

        CLASS   RAM            

        CLASS   BANK0          
                cstackBANK0                          60       60       90         1
                dataBANK0                            F7       F7        4         1
                bssBANK0                             F0       F0        7         1
                bitbssBANK0                         7D8       FB        1         1

        CLASS   BANK1          
                cstackBANK1                         100      100       C6         1
                dataBANK1                           1E7      1E7        2         1
                bssBANK1                            1C6      1C6       21         1

        CLASS   BANK2          
                cstackBANK2                         28A      28A       4D         1
                dataBANK2                           2D7      2D7       25         1
                bssBANK2                            200      200       8A         1
                nvBANK2                             2FC      2FC        1         1

        CLASS   BANK3          
                bssBANK3                            300      300      100         1

        CLASS   BANK4          
                cstackBANK4                         400      400        6         1

        CLASS   BANK5          

        CLASS   BANK6          

        CLASS   BANK7          

        CLASS   BANK8          

        CLASS   BANK9          

        CLASS   BANK10         

        CLASS   BANK11         

        CLASS   BANK12         

        CLASS   BANK13         

        CLASS   SFR            

        CLASS   FARRAM         

        CLASS   CONFIG         
                config                           300000   300000        C         0

        CLASS   IDLOC          
                idloc                            200000   200000       10         0

        CLASS   EEDATA         



SEGMENTS        Name                           Load    Length   Top    Selector   Space  Class

                reset_vec                      000000  000004  000004         0       0  CODE    
                cstackCOMRAM                   000001  00005F  000060         1       1  COMRAM  
                intcode                        000008  000006  00000E         4       0  CODE    
                intcodelo                      000018  0000EA  000102         C       0  CODE    
                cstackBANK0                    000060  00009C  0000FC        60       1  BANK0   
                cstackBANK1                    000100  0000E9  0001E9       100       1  BANK1   
                bssBANK2                       000200  0000FD  0002FD       200       1  BANK2   
                bssBANK3                       000300  000100  000400       300       1  BANK3   
                cstackBANK4                    000400  000006  000406       400       1  BANK4   
                mediumconst                    00CF4C  0030B4  010000      67A6       0  MEDIUMCO
                text3                          010000  00AE9F  01AE9F      8000       0  CODE    
                text109                        01AEA0  000352  01B1F2      D750       0  CODE    
                idloc                          200000  000010  200010    200000       0  IDLOC   
                config                         300000  00000C  30000C    300000       0  CONFIG  


UNUSED ADDRESS RANGES

        Name                Unused          Largest block    Delta
        BANK0            0000FC-0000FF                4
        BANK1            0001E9-0001FF               17
        BANK10           000A00-000AFF              100
        BANK11           000B00-000BFF              100
        BANK12           000C00-000CFF              100
        BANK13           000D00-000DE9               EA
        BANK2            0002FD-0002FF                3
        BANK4            000406-0004FF               FA
        BANK5            000500-0005FF              100
        BANK6            000600-0006FF              100
        BANK7            000700-0007FF              100
        BANK8            000800-0008FF              100
        BANK9            000900-0009FF              100
        BIGRAM           0000FC-0000FF                4
                         0001E9-0001FF               17
                         0002FD-0002FF                3
                         000406-000DE9              9E4
        CODE             000004-000007                4
                         00000E-000017                A
                         000102-00CF4B             CE4A
                         01AE9F-01AE9F                1
                         01B1F2-01FFFF             4E0E
        CONST            000004-000007                4
                         00000E-000017                A
                         000102-00CF4B             CE4A
                         01AE9F-01AE9F                1
                         01B1F2-01FFFF             4E0E
        EEDATA           310000-3103FF              400
        MEDIUMCONST      000E00-00CF4B             C14C
                         01AE9F-01AE9F                1
                         01B1F2-01FFFF             4E0E
        RAM              0000FC-0000FF                4
                         0001E9-0001FF               17
                         0002FD-0002FF                3
                         000406-000DE9              100
        SFR              000DEF-000FFF              100
        SMALLCONST       000E00-00CF4B              100
                         01AE9F-01AE9F                1
                         01B1F2-01FFFF              100
        STACK            000406-000DE9              9E4

                                  Symbol Table

?_ADCC_GetConversionResult                     cstackCOMRAM 000001
?_ADCC_GetFilterValue                          cstackCOMRAM 000001
?_FLASH_ReadWord                               cstackBANK1  00011B
?___awdiv                                      cstackBANK1  00011D
?___awmod                                      cstackBANK1  000117
?___fladd                                      cstackBANK1  000129
?___fldiv                                      cstackBANK1  00013D
?___flmul                                      cstackBANK1  000156
?___flneg                                      cstackBANK1  000125
?___flsub                                      cstackBANK1  00013D
?___fltol                                      cstackBANK1  000178
?___lldiv                                      cstackBANK1  000117
?___llmod                                      cstackBANK1  000124
?___wmul                                       cstackBANK1  000117
?___xxtofl                                     cstackBANK1  000117
?__div_to_l_                                   cstackBANK1  000117
?__doprnt                                      cstackBANK1  000182
?__tdiv_to_l_                                  cstackBANK1  000117
?_abs                                          cstackBANK0  000076
?_acos                                         cstackBANK0  0000A9
?_asin                                         cstackBANK0  000091
?_atan                                         cstackBANK0  00007C
?_atoi                                         cstackBANK1  00011D
?_currentMeasuredToPeak                        cstackBANK0  000099
?_eval_poly                                    cstackBANK0  00006C
?_fabs                                         cstackCOMRAM 000030
?_floor                                        cstackBANK0  000076
?_fround                                       cstackBANK1  00016F
?_getCauseOfResetString                        cstackBANK1  000117
?_getDeviceID                                  cstackBANK1  000122
?_getDeviceIDString                            cstackBANK1  000124
?_getUserID                                    cstackBANK1  000122
?_peakToRMS                                    cstackBANK0  0000B1
?_printf                                       cstackBANK1  0001AC
?_readDoubleFromEEPROM                         cstackBANK1  000119
?_scale                                        cstackBANK1  00016F
?_sin                                          cstackBANK0  000088
?_sqrt                                         cstackBANK0  00006C
?_strchr                                       cstackBANK1  000117
?_strcmp                                       cstackBANK1  000117
?_strlen                                       cstackBANK1  000117
?_strncmp                                      cstackBANK1  00011D
?_strstr                                       cstackBANK1  000126
?i2___awdiv                                    cstackCOMRAM 000007
?i2___awmod                                    cstackCOMRAM 000001
?i2___fladd                                    cstackCOMRAM 000056
?i2___fldiv                                    cstackCOMRAM 000013
?i2___flmul                                    cstackCOMRAM 000030
?i2___flneg                                    cstackCOMRAM 00002C
?i2___flsub                                    cstackBANK0  000080
?i2___fltol                                    cstackBANK0  00006C
?i2___lldiv                                    cstackCOMRAM 000001
?i2___llmod                                    cstackCOMRAM 00000E
?i2___wmul                                     cstackCOMRAM 000001
?i2___xxtofl                                   cstackCOMRAM 000005
?i2__div_to_l_                                 cstackCOMRAM 000001
?i2__doprnt                                    cstackBANK0  000088
?i2__tdiv_to_l_                                cstackCOMRAM 000001
?i2_fround                                     cstackCOMRAM 000049
?i2_printf                                     cstackBANK0  0000B2
?i2_readDoubleFromEEPROM                       cstackCOMRAM 000003
?i2_scale                                      cstackCOMRAM 000049
ADCC_SetADTIInterruptHandler@InterruptHandler  cstackBANK1  000117
ADCC_StartConversion@channel                   cstackBANK1  000100
ADCPostProcessingCallback@current_adc_channel  cstackBANK0  0000D5
DATAEE_ReadByte@bAdd                           cstackBANK1  000117
DATAEE_WriteByte@GIEBitValue                   cstackBANK1  00011A
DATAEE_WriteByte@bAdd                          cstackBANK1  000117
DATAEE_WriteByte@bData                         cstackBANK1  000119
EUSART2_Read@readValue                         cstackBANK1  000117
EUSART2_SetRxInterruptHandler@interruptHandler cstackBANK1  000117
EUSART2_SetTxInterruptHandler@interruptHandler cstackBANK1  000117
EUSART2_Write@txData                           cstackBANK1  000117
FLASH_ReadByte@flashAddr                       cstackBANK1  000117
FLASH_ReadWord@flashAddr                       cstackBANK1  00011B
I2C1_ISR@i2c_10bit_address_restart             bssBANK2     000265
I2C1_ISR@i2c_address                           bssBANK0     0000F5
I2C1_ISR@i2c_bytes_left                        bssBANK2     000266
I2C1_ISR@pi2c_buf_ptr                          bssBANK2     000255
I2C1_MasterRead@trBlock                        bssBANK2     00027B
I2C1_MasterTRBInsert@count                     cstackBANK1  00011C
I2C1_MasterTRBInsert@pflag                     cstackBANK1  000119
I2C1_MasterTRBInsert@ptrb_list                 cstackBANK1  000117
I2C1_MasterWrite@address                       cstackBANK1  000123
I2C1_MasterWrite@length                        cstackBANK1  000122
I2C1_MasterWrite@pdata                         cstackBANK1  000120
I2C1_MasterWrite@pflag                         cstackBANK1  000125
I2C1_MasterWrite@trBlock                       bssBANK2     000280
I2C1_MasterWriteTRBBuild@address               cstackBANK1  00011C
I2C1_MasterWriteTRBBuild@length                cstackBANK1  00011B
I2C1_MasterWriteTRBBuild@pdata                 cstackBANK1  000119
I2C1_MasterWriteTRBBuild@ptrb                  cstackBANK1  000117
I2C1_Stop@completion_code                      cstackCOMRAM 000003
INT0_SetInterruptHandler@InterruptHandler      cstackBANK1  000117
OLED_Clear@col                                 cstackBANK1  00013C
OLED_Clear@row                                 cstackBANK1  00013A
OLED_Command@data_array                        cstackBANK1  00012B
OLED_Command@length                            cstackBANK1  000128
OLED_Command@temp                              cstackBANK1  000127
OLED_Command@timeout                           cstackBANK1  000129
OLED_PutChar@ch                                cstackBANK1  000139
OLED_PutChar@data_array                        cstackBANK1  00012B
OLED_PutChar@input_base                        cstackBANK1  000134
OLED_PutChar@length                            cstackBANK1  000136
OLED_PutChar@timeout                           cstackBANK1  000137
OLED_Write_String@s                            cstackBANK1  00013A
OLED_YX@Column                                 cstackBANK1  00012D
OLED_YX@Row                                    cstackBANK1  00012F
TMR4_ISR@CountCallBack                         bssBANK2     00025B
TMR4_SetInterruptHandler@InterruptHandler      cstackBANK1  000117
TMR5_SetInterruptHandler@InterruptHandler      cstackBANK1  000117
TMR5_WriteTimer@timerVal                       cstackCOMRAM 000001
TMR6_SetInterruptHandler@InterruptHandler      cstackBANK1  000117
TMR7_SetInterruptHandler@InterruptHandler      cstackBANK1  000117
TMR7_WriteTimer@timerVal                       cstackBANK1  000100
_ADACCH                                        (abs)        000F71
_ADACCL                                        (abs)        000F70
_ADACQ                                         (abs)        000F5C
_ADACT                                         (abs)        000F56
_ADCAP                                         (abs)        000F5D
_ADCC_ADTI_InterruptHandler                    bssBANK2     000247
_ADCC_ClearAccumulator                         text97       01B1BE
_ADCC_DefaultInterruptHandler                  text143      01B1F0
_ADCC_DischargeSampleCapacitor                 text96       01B1B0
_ADCC_GetConversionResult                      text169      01B07C
_ADCC_GetFilterValue                           text168      01B068
_ADCC_HasAccumulatorOverflowed                 text167      01B17E
_ADCC_Initialize                               text78       01A1D4
_ADCC_SetADTIInterruptHandler                  text79       01B156
_ADCC_StartConversion                          text95       01B164
_ADCC_StopConversion                           text166      01B1E0
_ADCC_ThresholdISR                             text142      01ADBA
_ADCLK                                         (abs)        000F57
_ADCNT                                         (abs)        000F67
_ADCON0                                        (abs)        000F60
_ADCON0bits                                    (abs)        000F60
_ADCON1                                        (abs)        000F59
_ADCON1bits                                    (abs)        000F59
_ADCON2                                        (abs)        000F5A
_ADCON2bits                                    (abs)        000F5A
_ADCON3                                        (abs)        000F5B
_ADCON3bits                                    (abs)        000F5B
_ADCPostProcessingCallback                     text144      014068
_ADCPostProcessingCallback$5344                cstackBANK0  0000D6
_ADCPostProcessingCallback$5345                cstackBANK0  0000DA
_ADCPostProcessingCallback$5346                cstackBANK0  0000C9
_ADCPostProcessingCallback$5347                cstackBANK0  0000CD
_ADCPostProcessingCallback$5348                cstackBANK0  0000D1
_ADC_Result_Scaling                            bssBANK2     000233
_ADERRH                                        (abs)        000F6F
_ADERRL                                        (abs)        000F6E
_ADFLTRH                                       (abs)        000F73
_ADFLTRL                                       (abs)        000F72
_ADLTHH                                        (abs)        000F6B
_ADLTHL                                        (abs)        000F6A
_ADPCH                                         (abs)        000F5F
_ADPRE                                         (abs)        000F5E
_ADPREVH                                       (abs)        000F62
_ADPREVL                                       (abs)        000F61
_ADREF                                         (abs)        000F58
_ADRESH                                        (abs)        000F64
_ADRESL                                        (abs)        000F63
_ADRPT                                         (abs)        000F66
_ADSTAT                                        (abs)        000F65
_ADSTATbits                                    (abs)        000F65
_ADSTPTH                                       (abs)        000F69
_ADSTPTL                                       (abs)        000F68
_ADUTHH                                        (abs)        000F6D
_ADUTHL                                        (abs)        000F6C
_ANSELA                                        (abs)        000E92
_ANSELB                                        (abs)        000E9A
_ANSELD                                        (abs)        000EA7
_ANSELE                                        (abs)        000EAF
_ANSELF                                        (abs)        000EB4
_ANSELG                                        (abs)        000EBC
_AVSS_ADC_Result                               bssBANK2     000237
_Avg_Power                                     bssBANK1     0001C6
_BAUD2CON                                      (abs)        000EF7
_DATAEE_ReadByte                               text55       01AFF0
_DATAEE_WriteByte                              text51       01A8F8
_EUSART2_Initialize                            text75       01A03E
_EUSART2_Read                                  text27       01A64C
_EUSART2_Receive_ISR                           text127      0196F2
_EUSART2_RxDefaultInterruptHandler             bssBANK2     00024D
_EUSART2_SetRxInterruptHandler                 text77       01B148
_EUSART2_SetTxInterruptHandler                 text76       01B13A
_EUSART2_Transmit_ISR                          text102      01ABB2
_EUSART2_TxDefaultInterruptHandler             bssBANK2     000250
_EUSART2_Write                                 text33       01A602
_EXT_INT_Initialize                            text73       01AF2A
_FLASH_ReadByte                                text21       01AFD6
_FLASH_ReadWord                                text20       01A7F6
_FVRCON                                        (abs)        000EC4
_FVRCONbits                                    (abs)        000EC4
_FVR_ADC_Result                                bssBANK1     0001E2
_FVR_Initialize                                text72       01B1A8
_HLVDCON0                                      (abs)        000EC2
_HLVDCON0bits                                  (abs)        000EC2
_HLVDCON1                                      (abs)        000EC3
_HLVD_ISR                                      text124      01AB0E
_HLVD_Initialize                               text71       01B0E4
_I2C1_BusCollisionISR                          text123      01B1C4
_I2C1_FunctionComplete                         text122      01B00A
_I2C1_ISR                                      text120      017AF6
_I2C1_Initialize                               text70       01AB7C
_I2C1_MasterTRBInsert                          text89       01979E
_I2C1_MasterWrite                              text87       01A4CC
_I2C1_MasterWriteTRBBuild                      text88       01A76C
_I2C1_Stop                                     text121      01A8B8
_I2C1_WaitForLastPacketToComplete              text90       01B18A
_INT0PPS                                       (abs)        000DF0
_INT0_CallBack                                 text115      01AEC4
_INT0_DefaultInterruptHandler                  text116      01B1EE
_INT0_ISR                                      text114      01B194
_INT0_InterruptHandler                         bssBANK2     00023E
_INT0_SetInterruptHandler                      text74       01B12C
_INTCONbits                                    (abs)        000FF2
_INTERRUPT_Initialize                          text69       01AF9E
_INTERRUPT_InterruptManagerHigh                intcode      000008
_INTERRUPT_InterruptManagerLow                 intcodelo    000018
_IPR0bits                                      (abs)        000E1F
_IPR1bits                                      (abs)        000E20
_IPR2bits                                      (abs)        000E21
_IPR3bits                                      (abs)        000E22
_IPR5bits                                      (abs)        000E24
_Imeas                                         bssBANK2     00022B
_Ipk                                           bssBANK1     0001CE
_Irms                                          bssBANK1     0001CA
_Irms_offset                                   dataBANK2    0002EF
_LATA                                          (abs)        000F79
_LATB                                          (abs)        000F7A
_LATC                                          (abs)        000F7B
_LATD                                          (abs)        000F7C
_LATE                                          (abs)        000F7D
_LATF                                          (abs)        000F7E
_LATFbits                                      (abs)        000F7E
_LATG                                          (abs)        000F7F
_LATGbits                                      (abs)        000F7F
_LATH                                          (abs)        000F80
_NVMADRH                                       (abs)        000F75
_NVMADRL                                       (abs)        000F74
_NVMCON1bits                                   (abs)        000F77
_NVMCON2                                       (abs)        000F78
_NVMDAT                                        (abs)        000F76
_ODCONA                                        (abs)        000E90
_ODCONB                                        (abs)        000E98
_ODCONC                                        (abs)        000EA0
_ODCOND                                        (abs)        000EA5
_ODCONE                                        (abs)        000EAD
_ODCONF                                        (abs)        000EB2
_ODCONG                                        (abs)        000EBA
_ODCONH                                        (abs)        000EBF
_OLED_Clear                                    text84       01A838
_OLED_Command                                  text83       01A0A6
_OLED_I2C_Status                               bssBANK1     0001E6
_OLED_Init                                     text82       0198E0
_OLED_PutChar                                  text85       01957E
_OLED_Write_String                             text81       01A28C
_OLED_YX                                       text80       01A9AE
_OSCCON1                                       (abs)        000E43
_OSCCON3                                       (abs)        000E45
_OSCEN                                         (abs)        000E47
_OSCFRQ                                        (abs)        000E49
_OSCILLATOR_Initialize                         text68       01AF82
_OSCTUNE                                       (abs)        000E48
_OledFont                                      mediumconst  00D00B
_PCON0bits                                     (abs)        000FD7
_PIE0bits                                      (abs)        000E29
_PIE1bits                                      (abs)        000E2A
_PIE2bits                                      (abs)        000E2B
_PIE3bits                                      (abs)        000E2C
_PIE5bits                                      (abs)        000E2E
_PIN_MANAGER_Initialize                        text67       0194B2
_PIR0bits                                      (abs)        000E33
_PIR1bits                                      (abs)        000E34
_PIR2bits                                      (abs)        000E35
_PIR3bits                                      (abs)        000E36
_PIR5bits                                      (abs)        000E38
_PIR8bits                                      (abs)        000E3B
_PLLR                                          (abs)        007230
_PMD0                                          (abs)        000E4C
_PMD1                                          (abs)        000E4D
_PMD2                                          (abs)        000E4E
_PMD3                                          (abs)        000E4F
_PMD4                                          (abs)        000E50
_PMD5                                          (abs)        000E51
_PMD_Initialize                                text66       01AF66
_POS12_ADC_Result                              bssBANK1     0001D6
_POS3P3_ADC_Result                             bssBANK1     0001DA
_PR4                                           (abs)        000FB6
_PR6                                           (abs)        000FB0
_RC2REG                                        (abs)        000EF1
_RC2STA                                        (abs)        000EF5
_RC2STAbits                                    (abs)        000EF5
_RC6PPS                                        (abs)        000E68
_RC7PPS                                        (abs)        000E69
_RG7PPS                                        (abs)        000E89
_RX2PPS                                        (abs)        000E11
_SBOREN                                        (abs)        00725F
_SLRCONA                                       (abs)        000E8F
_SLRCONB                                       (abs)        000E97
_SLRCONC                                       (abs)        000E9F
_SLRCOND                                       (abs)        000EA4
_SLRCONE                                       (abs)        000EAC
_SLRCONF                                       (abs)        000EB1
_SLRCONG                                       (abs)        000EB9
_SLRCONH                                       (abs)        000EBE
_SP2BRGH                                       (abs)        000EF4
_SP2BRGL                                       (abs)        000EF3
_SSP1ADD                                       (abs)        000F92
_SSP1BUF                                       (abs)        000F91
_SSP1CLKPPS                                    (abs)        000E19
_SSP1CON1                                      (abs)        000F95
_SSP1CON1bits                                  (abs)        000F95
_SSP1CON2bits                                  (abs)        000F96
_SSP1CON3                                      (abs)        000F97
_SSP1DATPPS                                    (abs)        000E1A
_SSP1STAT                                      (abs)        000F94
_SYSTEM_Initialize                             text57       01AA62
_T4CLKCON                                      (abs)        000FB9
_T4CON                                         (abs)        000FB7
_T4CONbits                                     (abs)        000FB7
_T4HLT                                         (abs)        000FB8
_T4HLTbits                                     (abs)        000FB8
_T4PR                                          (abs)        000FB6
_T4RST                                         (abs)        000FBA
_T4RSTbits                                     (abs)        000FBA
_T4TMR                                         (abs)        000FB5
_T5CLK                                         (abs)        000FC6
_T5CON                                         (abs)        000FC3
_T5CONbits                                     (abs)        000FC3
_T5GATE                                        (abs)        000FC5
_T5GCON                                        (abs)        000FC4
_T5GCONbits                                    (abs)        000FC4
_T6CLKCON                                      (abs)        000FB3
_T6CON                                         (abs)        000FB1
_T6CONbits                                     (abs)        000FB1
_T6HLT                                         (abs)        000FB2
_T6HLTbits                                     (abs)        000FB2
_T6PR                                          (abs)        000FB0
_T6RST                                         (abs)        000FB4
_T6RSTbits                                     (abs)        000FB4
_T6TMR                                         (abs)        000FAF
_T7CLK                                         (abs)        000F33
_T7CON                                         (abs)        000F30
_T7CONbits                                     (abs)        000F30
_T7GATE                                        (abs)        000F32
_T7GCON                                        (abs)        000F31
_T7GCONbits                                    (abs)        000F31
_TABLAT                                        (abs)        000FF5
_TBLPTRH                                       (abs)        000FF7
_TBLPTRL                                       (abs)        000FF6
_TBLPTRU                                       (abs)        000FF8
_TMR4                                          (abs)        000FB5
_TMR4_CallBack                                 text109      01AEA0
_TMR4_DefaultInterruptHandler                  text110      01B1EC
_TMR4_ISR                                      text108      01AE2E
_TMR4_Initialize                               text64       01ACE2
_TMR4_InterruptHandler                         bssBANK2     00023B
_TMR4_SetInterruptHandler                      text65       01B11E
_TMR5H                                         (abs)        000FC2
_TMR5L                                         (abs)        000FC1
_TMR5_DefaultInterruptHandler                  text105      01B1EA
_TMR5_ISR                                      text104      01AC1C
_TMR5_Initialize                               text62       01A47C
_TMR5_InterruptHandler                         bssBANK2     000241
_TMR5_SetInterruptHandler                      text63       01B110
_TMR5_StartTimer                               text119      01B1DC
_TMR5_StopTimer                                text26       01B1D4
_TMR5_WriteTimer                               text118      01AFBA
_TMR6                                          (abs)        000FAF
_TMR6_DefaultInterruptHandler                  text100      01B1E8
_TMR6_ISR                                      text99       01AD92
_TMR6_Initialize                               text60       01AC50
_TMR6_InterruptHandler                         bssBANK2     00024A
_TMR6_SetInterruptHandler                      text61       01B102
_TMR7H                                         (abs)        000F2F
_TMR7L                                         (abs)        000F2E
_TMR7_DefaultInterruptHandler                  text93       01B1E6
_TMR7_ISR                                      text92       01ABE8
_TMR7_Initialize                               text58       01A2E4
_TMR7_InterruptHandler                         bssBANK2     000244
_TMR7_SetInterruptHandler                      text59       01B0F4
_TMR7_StopTimer                                text25       01B1B8
_TMR7_WriteTimer                               text98       01AE08
_TRIAC_Firing_Angle                            dataBANK0    0000F7
_TRISA                                         (abs)        000F81
_TRISB                                         (abs)        000F82
_TRISC                                         (abs)        000F83
_TRISD                                         (abs)        000F84
_TRISE                                         (abs)        000F85
_TRISF                                         (abs)        000F86
_TRISG                                         (abs)        000F87
_TRISH                                         (abs)        000F88
_TX2REG                                        (abs)        000EF2
_TX2STA                                        (abs)        000EF6
_TX2STAbits                                    (abs)        000EF6
_Temp_ADC_Offset                               dataBANK2    0002F7
_Temp_ADC_Result                               bssBANK1     0001D2
_Total_Energy                                  bssBANK0     0000F0
_Total_Energy_address                          mediumconst  00D009
_Vpk                                           bssBANK2     00022F
_Vpk_const                                     dataBANK2    0002F3
_Vrms                                          bssBANK2     000227
_WPUA                                          (abs)        000E91
_WPUB                                          (abs)        000E99
_WPUC                                          (abs)        000EA1
_WPUD                                          (abs)        000EA6
_WPUE                                          (abs)        000EAE
_WPUF                                          (abs)        000EB3
_WPUG                                          (abs)        000EBB
_WPUH                                          (abs)        000EC0
__CFG_BOREN$ON                                 (abs)        000000
__CFG_BORV$VBOR_190                            (abs)        000000
__CFG_CLKOUTEN$OFF                             (abs)        000000
__CFG_CP$OFF                                   (abs)        000000
__CFG_CPD$OFF                                  (abs)        000000
__CFG_CSWEN$OFF                                (abs)        000000
__CFG_DEBUG$OFF                                (abs)        000000
__CFG_EBTR0$OFF                                (abs)        000000
__CFG_EBTR1$OFF                                (abs)        000000
__CFG_EBTR2$OFF                                (abs)        000000
__CFG_EBTR3$OFF                                (abs)        000000
__CFG_EBTR4$OFF                                (abs)        000000
__CFG_EBTR5$OFF                                (abs)        000000
__CFG_EBTR6$OFF                                (abs)        000000
__CFG_EBTR7$OFF                                (abs)        000000
__CFG_EBTRB$OFF                                (abs)        000000
__CFG_FCMEN$ON                                 (abs)        000000
__CFG_FEXTOSC$ECH                              (abs)        000000
__CFG_IDLOC0$                                  (abs)        000000
__CFG_IDLOC1$                                  (abs)        000001
__CFG_IDLOC2$                                  (abs)        000002
__CFG_IDLOC3$                                  (abs)        000003
__CFG_IDLOC4$                                  (abs)        000004
__CFG_IDLOC5$                                  (abs)        000005
__CFG_IDLOC6$                                  (abs)        000006
__CFG_IDLOC7$                                  (abs)        000007
__CFG_LPBOREN$OFF                              (abs)        000000
__CFG_LVP$ON                                   (abs)        000000
__CFG_MCLRE$EXTMCLR                            (abs)        000000
__CFG_PPS1WAY$ON                               (abs)        000000
__CFG_PWRTE$ON                                 (abs)        000000
__CFG_RSTOSC$EXTOSC_4PLL                       (abs)        000000
__CFG_SCANE$OFF                                (abs)        000000
__CFG_STVREN$ON                                (abs)        000000
__CFG_WDTCCS$LFINTOSC                          (abs)        000000
__CFG_WDTCPS$WDTCPS_11                         (abs)        000000
__CFG_WDTCWS$WDTCWS_7                          (abs)        000000
__CFG_WDTE$NSLEEP                              (abs)        000000
__CFG_WRT0$ON                                  (abs)        000000
__CFG_WRT1$ON                                  (abs)        000000
__CFG_WRT2$ON                                  (abs)        000000
__CFG_WRT3$ON                                  (abs)        000000
__CFG_WRT4$ON                                  (abs)        000000
__CFG_WRT5$ON                                  (abs)        000000
__CFG_WRT6$ON                                  (abs)        000000
__CFG_WRT7$ON                                  (abs)        000000
__CFG_WRTB$ON                                  (abs)        000000
__CFG_WRTC$ON                                  (abs)        000000
__CFG_WRTD$OFF                                 (abs)        000000
__CFG_XINST$OFF                                (abs)        000000
__CFG_ZCD$OFF                                  (abs)        000000
__HRAM                                         (abs)        000000
__Habs1                                        abs1         000000
__Hbank0                                       bank0        000000
__Hbank1                                       bank1        000000
__Hbank10                                      bank10       000000
__Hbank11                                      bank11       000000
__Hbank12                                      bank12       000000
__Hbank13                                      bank13       000000
__Hbank2                                       bank2        000000
__Hbank3                                       bank3        000000
__Hbank4                                       bank4        000000
__Hbank5                                       bank5        000000
__Hbank6                                       bank6        000000
__Hbank7                                       bank7        000000
__Hbank8                                       bank8        000000
__Hbank9                                       bank9        000000
__Hbigbss                                      bigbss       000000
__Hbigdata                                     bigdata      000000
__Hbigram                                      bigram       000000
__HbitbssBANK0                                 bitbssBANK0  000000
__HbitbssCOMRAM                                bitbssCOMRAM 000000
__Hbss                                         bss          000000
__HbssBANK0                                    bssBANK0     000000
__HbssBANK1                                    bssBANK1     000000
__HbssBANK2                                    bssBANK2     000000
__HbssBANK3                                    bssBANK3     000000
__Hcinit                                       cinit        000000
__Hclrtext                                     clrtext      000000
__Hcomram                                      comram       000000
__Hconfig                                      config       30000C
__Hconst                                       const        000000
__HcstackBANK0                                 cstackBANK0  000000
__HcstackBANK1                                 cstackBANK1  000000
__HcstackBANK2                                 cstackBANK2  000000
__HcstackBANK4                                 cstackBANK4  000000
__HcstackCOMRAM                                cstackCOMRAM 000000
__Hdata                                        data         000000
__HdataBANK0                                   dataBANK0    000000
__HdataBANK1                                   dataBANK1    000000
__HdataBANK2                                   dataBANK2    000000
__Heeprom_data                                 eeprom_data  000000
__Hfarbss                                      farbss       000000
__Hfardata                                     fardata      000000
__Hibigdata                                    ibigdata     000000
__Hidata                                       idata        000000
__HidataBANK0                                  idataBANK0   000000
__HidataBANK1                                  idataBANK1   000000
__HidataBANK2                                  idataBANK2   000000
__Hidloc                                       idloc        200010
__Hifardata                                    ifardata     000000
__Hinit                                        init         000102
__Hintcode                                     intcode      00000E
__Hintcode_body                                intcode_body 000000
__Hintcodelo                                   intcodelo    0000FE
__Hintentry                                    intentry     000000
__Hintret                                      intret       000000
__Hintsave_regs                                intsave_regs 000000
__Hirdata                                      irdata       000000
__Hmediumconst                                 mediumconst  010000
__HnvBANK2                                     nvBANK2      000000
__HnvFARRAM                                    nvFARRAM     000000
__Hnvbit                                       nvbit        000000
__Hnvrram                                      nvrram       000000
__Hparam                                       rparam       000000
__Hpowerup                                     powerup      0000FE
__Hram                                         ram          000000
__Hramtop                                      ramtop       000E00
__Hrbit                                        rbit         000000
__Hrbss                                        rbss         000000
__Hrdata                                       rdata        000000
__Hreset_vec                                   reset_vec    000004
__Hrparam                                      rparam       000000
__Hsfr                                         sfr          000000
__Hsmallconst                                  smallconst   000000
__Hspace_0                                     (abs)        30000C
__Hspace_1                                     (abs)        0007D9
__Hspace_2                                     (abs)        000000
__Hstack                                       stack        000000
__Hstruct                                      struct       000000
__Htemp                                        temp         000060
__Htext                                        text         000000
__Htext0                                       text0        000000
__Htext1                                       text1        000000
__Htext10                                      text10       000000
__Htext100                                     text100      000000
__Htext101                                     text101      000000
__Htext102                                     text102      000000
__Htext104                                     text104      000000
__Htext105                                     text105      000000
__Htext106                                     text106      000000
__Htext107                                     text107      000000
__Htext108                                     text108      000000
__Htext109                                     text109      000000
__Htext11                                      text11       000000
__Htext110                                     text110      000000
__Htext111                                     text111      000000
__Htext112                                     text112      000000
__Htext113                                     text113      000000
__Htext114                                     text114      000000
[...]
		None
 Return value:  Size  Location     Type
                  2    0[COMRAM] unsigned int 
 Registers used:
		wreg, status,2, status,0
 Tracked objects:
		On entry : 
		On exit  : 
		Unchanged: 
 Data sizes:     COMRAM   BANK0   BANK1   BANK2   BANK3   BANK4   BANK5   BANK6   BANK7   BANK8   BANK9  BANK10  BANK11  BANK12  BANK13
      Params:         2       0       0       0       0       0       0       0       0       0       0       0       0       0       0
      Locals:         0       0       0       0       0       0       0       0       0       0       0       0       0       0       0
      Temps:          2       0       0       0       0       0       0       0       0       0       0       0       0       0       0
      Totals:         4       0       0       0       0       0       0       0       0       0       0       0       0       0       0
Total ram usage:        4 bytes
 Hardware stack levels used:    1
 This function calls:
		Nothing
 This function is called by:
		_ADCPostProcessingCallback
 This function uses a non-reentrant model


 *************** function _ADCC_GetConversionResult *****************
 Defined at:
		line 130 in file "mcc_generated_files/adcc.c"
 Parameters:    Size  Location     Type
		None
 Auto vars:     Size  Location     Type
		None
 Return value:  Size  Location     Type
                  2    0[COMRAM] unsigned int 
 Registers used:
		wreg, status,2, status,0
 Tracked objects:
		On entry : 
		On exit  : 
		Unchanged: 
 Data sizes:     COMRAM   BANK0   BANK1   BANK2   BANK3   BANK4   BANK5   BANK6   BANK7   BANK8   BANK9  BANK10  BANK11  BANK12  BANK13
      Params:         2       0       0       0       0       0       0       0       0       0       0       0       0       0       0
      Locals:         0       0       0       0       0       0       0       0       0       0       0       0       0       0       0
      Temps:          2       0       0       0       0       0       0       0       0       0       0       0       0       0       0
      Totals:         4       0       0       0       0       0       0       0       0       0       0       0       0       0       0
Total ram usage:        4 bytes
 Hardware stack levels used:    1
 This function calls:
		Nothing
 This function is called by:
		_ADCPostProcessingCallback
 This function uses a non-reentrant model



MODULE INFORMATION

Module		Function		Class		Link	Load	Size
C:\Program Files (x86)\Microchip\xc8\v1.45\sources\common\asin.c
		_asin          		CODE           	164EC	0000	773

C:\Program Files (x86)\Microchip\xc8\v1.45\sources\common\asin.c estimated size: 773

C:\Program Files (x86)\Microchip\xc8\v1.45\sources\common\sprcdiv.c
		___fldiv       		CODE           	17078	0000	695

C:\Program Files (x86)\Microchip\xc8\v1.45\sources\common\sprcdiv.c estimated size: 695

C:\Program Files (x86)\Microchip\xc8\v1.45\sources\common\sprcsqrt.c
		_sqrt          		CODE           	16AEA	0000	713

C:\Program Files (x86)\Microchip\xc8\v1.45\sources\common\sprcsqrt.c estimated size: 713

C:\Program Files (x86)\Microchip\xc8\v1.45\sources\common\memmove.c
		_memmove       		CODE           	19644	0000	175

C:\Program Files (x86)\Microchip\xc8\v1.45\sources\common\memmove.c estimated size: 175

C:\Program Files (x86)\Microchip\xc8\v1.45\sources\common\flge.c
		___flge        		CODE           	18CC2	0000	291

C:\Program Files (x86)\Microchip\xc8\v1.45\sources\common\flge.c estimated size: 291

mcc_generated_files/tmr6.c
		_TMR6_ISR      		CODE           	1AD92	0000	41
		_TMR6_Initialize		CODE           	1AC50	0000	51
		_TMR6_SetInterruptHandler		CODE           	1B102	0000	15
		_TMR6_DefaultInterruptHandler		CODE           	1B1E8	0000	3

mcc_generated_files/tmr6.c estimated size: 110

mcc_generated_files/eusart2.c
		_putch         		CODE           	1B054	0000	21
		_EUSART2_Read  		CODE           	1A64C	0000	73
		_EUSART2_Write 		CODE           	1A602	0000	75
		_EUSART2_Receive_ISR		CODE           	196F2	0000	173
		_EUSART2_Transmit_ISR		CODE           	1ABB2	0000	55
		_EUSART2_SetRxInterruptHandler		CODE           	1B148	0000	15
		_EUSART2_SetTxInterruptHandler		CODE           	1B13A	0000	15
		_EUSART2_Initialize		CODE           	1A03E	0000	105

mcc_generated_files/eusart2.c estimated size: 532

C:\Program Files (x86)\Microchip\xc8\v1.45\sources\common\doprnt.c
		_scale         		CODE           	14B42	0000	1189
		_fround        		CODE           	16DB2	0000	711
		__doprnt       		CODE           	11656	0000	5391

C:\Program Files (x86)\Microchip\xc8\v1.45\sources\common\doprnt.c estimated size: 7291

mcc_generated_files/fvr.c
		_FVR_Initialize		CODE           	1B1A8	0000	9

mcc_generated_files/fvr.c estimated size: 9

mcc_generated_files/tmr4.c
		_TMR4_ISR      		CODE           	1AE2E	0000	39
		_TMR4_Initialize		CODE           	1ACE2	0000	49
		_TMR4_SetInterruptHandler		CODE           	1B11E	0000	15
		_TMR4_DefaultInterruptHandler		CODE           	1B1EC	0000	3
		_TMR4_CallBack 		CODE           	1AEA0	0000	37

mcc_generated_files/tmr4.c estimated size: 143

mcc_generated_files/interrupt_manager.c
		_INTERRUPT_Initialize		CODE           	1AF9E	0000	29
		_INTERRUPT_InterruptManagerLow		CODE           	0018	0000	231
		_INTERRUPT_InterruptManagerHigh		CODE           	0008	0000	271

mcc_generated_files/interrupt_manager.c estimated size: 531

C:\Program Files (x86)\Microchip\xc8\v1.45\sources\common\Umul16.c
		___wmul        		CODE           	1AD6A	0000	41

C:\Program Files (x86)\Microchip\xc8\v1.45\sources\common\Umul16.c estimated size: 41

mcc_generated_files/i2c1.c
		_I2C1_BusCollisionISR		CODE           	1B1C4	0000	7
		_I2C1_FunctionComplete		CODE           	1B00A	0000	27
		_I2C1_MasterWriteTRBBuild		CODE           	1A76C	0000	71
		_I2C1_ISR      		CODE           	17AF6	0000	601
		_I2C1_MasterWrite		CODE           	1A4CC	0000	81
		_I2C1_Initialize		CODE           	1AB7C	0000	55
		_I2C1_Stop     		CODE           	1A8B8	0000	65
		_I2C1_WaitForLastPacketToComplete		CODE           	1B18A	0000	11
		_I2C1_MasterTRBInsert		CODE           	1979E	0000	163

mcc_generated_files/i2c1.c estimated size: 1081

double_to_EEPROM.c
		_readDoubleFromEEPROM		CODE           	1A338	0000	83
		_writeDoubleToEEPROM		CODE           	1A42C	0000	81

double_to_EEPROM.c estimated size: 164

C:\Program Files (x86)\Microchip\xc8\v1.45\sources\common\frexp.c
		_frexp         		CODE           	19DA4	0000	123

C:\Program Files (x86)\Microchip\xc8\v1.45\sources\common\frexp.c estimated size: 123

mcc_generated_files/pin_manager.c
		_PIN_MANAGER_Initialize		CODE           	194B2	0000	205

mcc_generated_files/pin_manager.c estimated size: 205

C:\Program Files (x86)\Microchip\xc8\v1.45\sources\common\fabs.c
		_fabs          		CODE           	1AA26	0000	61

C:\Program Files (x86)\Microchip\xc8\v1.45\sources\common\fabs.c estimated size: 61

C:\Program Files (x86)\Microchip\xc8\v1.45\sources\common\isdigit.c
		_isdigit       		CODE           	1AEE8	0000	35

C:\Program Files (x86)\Microchip\xc8\v1.45\sources\common\isdigit.c estimated size: 35

C:\Program Files (x86)\Microchip\xc8\v1.45\sources\common\sprcadd.c
		___flsub       		CODE           	1A694	0000	73
		___fladd       		CODE           	15E70	0000	831

C:\Program Files (x86)\Microchip\xc8\v1.45\sources\common\sprcadd.c estimated size: 904

C:\Program Files (x86)\Microchip\xc8\v1.45\sources\common\floor.c
		_floor         		CODE           	18F04	0000	275

C:\Program Files (x86)\Microchip\xc8\v1.45\sources\common\floor.c estimated size: 275

C:\Program Files (x86)\Microchip\xc8\v1.45\sources\common\ftdivl.c
		__tdiv_to_l_   		CODE           	186E6	0000	309

C:\Program Files (x86)\Microchip\xc8\v1.45\sources\common\ftdivl.c estimated size: 309

C:\Program Files (x86)\Microchip\xc8\v1.45\sources\common\awmod.c
		___awmod       		CODE           	19E1E	0000	115

C:\Program Files (x86)\Microchip\xc8\v1.45\sources\common\awmod.c estimated size: 115

C:\Program Files (x86)\Microchip\xc8\v1.45\sources\common\strstr.c
		_strstr        		CODE           	19A0A	0000	141

C:\Program Files (x86)\Microchip\xc8\v1.45\sources\common\strstr.c estimated size: 141

device_IDs.c
		_getDeviceID   		CODE           	1AF0A	0000	33
		_getUserID     		CODE           	1A7B2	0000	69
		_getMinorRevisionID		CODE           	1ADE2	0000	39
		_getDeviceIDString		CODE           	1A174	0000	97
		_getMajorRevisionID		CODE           	1A936	0000	61

device_IDs.c estimated size: 299

C:\Program Files (x86)\Microchip\xc8\v1.45\sources\common\acos.c
		_acos          		CODE           	19F00	0000	111

C:\Program Files (x86)\Microchip\xc8\v1.45\sources\common\acos.c estimated size: 111

C:\Program Files (x86)\Microchip\xc8\v1.45\sources\common\llmod.c
		___llmod       		CODE           	19FD6	0000	105

C:\Program Files (x86)\Microchip\xc8\v1.45\sources\common\llmod.c estimated size: 105

C:\Program Files (x86)\Microchip\xc8\v1.45\sources\common\fldivl.c
		__div_to_l_    		CODE           	1894C	0000	299

C:\Program Files (x86)\Microchip\xc8\v1.45\sources\common\fldivl.c estimated size: 299

C:\Program Files (x86)\Microchip\xc8\v1.45\sources\common\fltol.c
		___fltol       		CODE           	1921E	0000	223

C:\Program Files (x86)\Microchip\xc8\v1.45\sources\common\fltol.c estimated size: 223

mcc_generated_files/ext_int.c
		_INT0_SetInterruptHandler		CODE           	1B12C	0000	15
		_EXT_INT_Initialize		CODE           	1AF2A	0000	31
		_INT0_DefaultInterruptHandler		CODE           	1B1EE	0000	3
		_INT0_CallBack 		CODE           	1AEC4	0000	37
		_INT0_ISR      		CODE           	1B194	0000	11

mcc_generated_files/ext_int.c estimated size: 97

C:\Program Files (x86)\Microchip\xc8\v1.45\sources\common\atoi.c
		_atoi          		CODE           	193DA	0000	217

C:\Program Files (x86)\Microchip\xc8\v1.45\sources\common\atoi.c estimated size: 217

mcc_generated_files/tmr7.c
		_TMR7_DefaultInterruptHandler		CODE           	1B1E6	0000	3
		_TMR7_WriteTimer		CODE           	1AE08	0000	39
		_TMR7_ISR      		CODE           	1ABE8	0000	53
		_TMR7_Initialize		CODE           	1A2E4	0000	85
		_TMR7_SetInterruptHandler		CODE           	1B0F4	0000	15
		_TMR7_StopTimer		CODE           	1B1B8	0000	7

mcc_generated_files/tmr7.c estimated size: 202

mcc_generated_files/hlvd.c
		_HLVD_ISR      		CODE           	1AB0E	0000	57
		_HLVD_Initialize		CODE           	1B0E4	0000	17

mcc_generated_files/hlvd.c estimated size: 74

C:\Program Files (x86)\Microchip\xc8\v1.45\sources\common\printf.c
		_printf        		CODE           	1A972	0000	61

C:\Program Files (x86)\Microchip\xc8\v1.45\sources\common\printf.c estimated size: 61

mcc_generated_files/tmr5.c
		_TMR5_ISR      		CODE           	1AC1C	0000	53
		_TMR5_Initialize		CODE           	1A47C	0000	81
		_TMR5_SetInterruptHandler		CODE           	1B110	0000	15
		_TMR5_StopTimer		CODE           	1B1D4	0000	5
		_TMR5_DefaultInterruptHandler		CODE           	1B1EA	0000	3
		_TMR5_WriteTimer		CODE           	1AFBA	0000	29
		_TMR5_StartTimer		CODE           	1B1DC	0000	5

mcc_generated_files/tmr5.c estimated size: 191

shared
		i2_writeDoubleToEEPROM		CODE           	1A5B6	0000	77
		i2_DATAEE_WriteByte		CODE           	1AA9C	0000	59
		i2_printf      		CODE           	1A9EA	0000	61
		_OledFont      		MEDIUMCONST    	D00B	0000	769
		i2_readDoubleFromEEPROM		CODE           	1A51C	0000	79
		i2_putch       		CODE           	1B19E	0000	11
		__powers_      		MEDIUMCONST    	CF4D	0000	53
		_dpowers       		MEDIUMCONST    	CFB5	0000	41
		i2_isdigit     		CODE           	1AF48	0000	31
		i2___flneg     		CODE           	1AD12	0000	47
		atan@coeff_a   		MEDIUMCONST    	D30B	0000	25
		atan@coeff_b   		MEDIUMCONST    	D337	0000	21
		i2___awdiv     		CODE           	19BA0	0000	133
		i2___fladd     		CODE           	161AE	0000	831
		i2__tdiv_to_l_ 		CODE           	1881A	0000	307
		i2___wmul      		CODE           	1AE54	0000	39
		i2__doprnt     		CODE           	12B64	0000	5381
		i2___fldiv     		CODE           	1732E	0000	693
		i2__div_to_l_  		CODE           	18A76	0000	297
		__npowers_     		MEDIUMCONST    	CF81	0000	53
		i2___fltol     		CODE           	192FC	0000	223
		i2_TMR7_StopTimer		CODE           	1B1CA	0000	7
		i2_scale       		CODE           	14FE6	0000	1153
		i2___lldiv     		CODE           	19CA6	0000	131
		__initialization		CODE           	19840	0000	151
		i2___flge      		CODE           	18DE4	0000	289
		i2___awmod     		CODE           	19E90	0000	113
		i2_EUSART2_Write		CODE           	1A6DC	0000	73
		_max_Temp_ADC_Result_address		MEDIUMCONST    	CFFF	0000	3
		_max_Irms_address		MEDIUMCONST    	D007	0000	3
		_max_POS12_ADC_Result_address		MEDIUMCONST    	D001	0000	3
		i2___flmul     		CODE           	15B20	0000	849
		_hexpowers     		MEDIUMCONST    	CFDD	0000	33
		i2___llmod     		CODE           	1A10E	0000	103
		i2___xxtofl    		CODE           	18322	0000	337
		_Total_Energy_address		MEDIUMCONST    	D009	0000	3
		i2_DATAEE_ReadByte		CODE           	1B024	0000	25
		i2___flsub     		CODE           	1A724	0000	73
		i2_TMR5_StopTimer		CODE           	1B1D8	0000	5
		_max_Power_address		MEDIUMCONST    	D005	0000	3
		i2_fround      		CODE           	175E2	0000	687
		sin@coeff_a    		MEDIUMCONST    	D323	0000	21
		sin@coeff_b    		MEDIUMCONST    	D34B	0000	17
		_max_POS3P3_ADC_Result_address		MEDIUMCONST    	D003	0000	3
		_max_FVR_ADC_Result_address		MEDIUMCONST    	CFFD	0000	3

shared estimated size: 13319

mcc_generated_files/mcc.c
		_PMD_Initialize		CODE           	1AF66	0000	29
		_OSCILLATOR_Initialize		CODE           	1AF82	0000	29
		_SYSTEM_Initialize		CODE           	1AA62	0000	59

mcc_generated_files/mcc.c estimated size: 117

ring_buffer_interface.c
		_terminal_ringBufferPull		CODE           	18B9E	0000	293
		_terminal_textAttributes		CODE           	15466	0000	873
		_terminal_textAttributesReset		CODE           	1B090	0000	19
		_terminal_setCursorHome		CODE           	1B0B4	0000	17
		_terminal_printNewline		CODE           	1B0C4	0000	17
		_terminal_clearTerminal		CODE           	1B0D4	0000	17

ring_buffer_interface.c estimated size: 1236

C:\Program Files (x86)\Microchip\xc8\v1.45\sources\common\atan.c
		_atan          		CODE           	17F98	0000	567

C:\Program Files (x86)\Microchip\xc8\v1.45\sources\common\atan.c estimated size: 567

cause_of_reset.c
		_getCauseOfResetString		CODE           	1AC82	0000	49
		_getCauseOfReset		CODE           	1A38A	0000	83

cause_of_reset.c estimated size: 132

C:\Program Files (x86)\Microchip\xc8\v1.45\sources\common\awdiv.c
		___awdiv       		CODE           	19A96	0000	135

C:\Program Files (x86)\Microchip\xc8\v1.45\sources\common\awdiv.c estimated size: 135

C:\Program Files (x86)\Microchip\xc8\v1.45\sources\common\strcat.c
		_strcat        		CODE           	1A56A	0000	77

C:\Program Files (x86)\Microchip\xc8\v1.45\sources\common\strcat.c estimated size: 77

oled.c
		_OLED_Clear    		CODE           	1A838	0000	65
		_OLED_Command  		CODE           	1A0A6	0000	105
		_OLED_Write_String		CODE           	1A28C	0000	89
		_OLED_Init     		CODE           	198E0	0000	155
		_OLED_PutChar  		CODE           	1957E	0000	199
		_OLED_YX       		CODE           	1A9AE	0000	61

oled.c estimated size: 674

C:\Program Files (x86)\Microchip\xc8\v1.45\sources\common\evalpoly.c
		_eval_poly     		CODE           	1911E	0000	257

C:\Program Files (x86)\Microchip\xc8\v1.45\sources\common\evalpoly.c estimated size: 257

mcc_generated_files/memory.c
		_FLASH_ReadWord		CODE           	1A7F6	0000	67
		_FLASH_ReadByte		CODE           	1AFD6	0000	27
		_DATAEE_WriteByte		CODE           	1A8F8	0000	63
		_DATAEE_ReadByte		CODE           	1AFF0	0000	27

mcc_generated_files/memory.c estimated size: 184

C:\Program Files (x86)\Microchip\xc8\v1.45\sources\common\sin.c
		_sin           		CODE           	167F0	0000	763

C:\Program Files (x86)\Microchip\xc8\v1.45\sources\common\sin.c estimated size: 763

C:\Program Files (x86)\Microchip\xc8\v1.45\sources\common\abs.c
		_abs           		CODE           	1AD40	0000	43

C:\Program Files (x86)\Microchip\xc8\v1.45\sources\common\abs.c estimated size: 43

C:\Program Files (x86)\Microchip\xc8\v1.45\sources\common\lldiv.c
		___lldiv       		CODE           	19B1C	0000	133

C:\Program Files (x86)\Microchip\xc8\v1.45\sources\common\lldiv.c estimated size: 133

ring_buffer_LUT.c
		_ringBufferLUT 		CODE           	10000	0000	5719

ring_buffer_LUT.c estimated size: 5719

C:\Program Files (x86)\Microchip\xc8\v1.45\sources\common\xxtofl.c
		___xxtofl      		CODE           	181CE	0000	341

C:\Program Files (x86)\Microchip\xc8\v1.45\sources\common\xxtofl.c estimated size: 341

mcc_generated_files/adcc.c
		_ADCC_StopConversion		CODE           	1B1E0	0000	5
		_ADCC_DefaultInterruptHandler		CODE           	1B1F0	0000	3
		_ADCC_ClearAccumulator		CODE           	1B1BE	0000	7
		_ADCC_GetFilterValue		CODE           	1B068	0000	21
		_ADCC_SetADTIInterruptHandler		CODE           	1B156	0000	15
		_ADCC_GetConversionResult		CODE           	1B07C	0000	21
		_ADCC_ThresholdISR		CODE           	1ADBA	0000	41
		_ADCC_StartConversion		CODE           	1B164	0000	15
		_ADCC_Initialize		CODE           	1A1D4	0000	97
		_ADCC_HasAccumulatorOverflowed		CODE           	1B17E	0000	13
		_ADCC_DischargeSampleCapacitor		CODE           	1B1B0	0000	9

mcc_generated_files/adcc.c estimated size: 247

C:\Program Files (x86)\Microchip\xc8\v1.45\sources\common\flneg.c
		___flneg       		CODE           	1ACB2	0000	49

C:\Program Files (x86)\Microchip\xc8\v1.45\sources\common\flneg.c estimated size: 49

main.c
		_dimmingOffTimeCallback		CODE           	1B03C	0000	25
		_saveSRAMMaxToEEPROM		CODE           	17890	0000	615
		_acquisitionTimerCallback		CODE           	1B0A2	0000	19
		_main          		CODE           	18472	0000	319
		_heartbeatTimerCallback		CODE           	1A878	0000	65
		_currentMeasuredToPeak		CODE           	19D28	0000	125
		_recoverSRAMMaxFromEEPROM		CODE           	185B0	0000	311
		_dimmingOnTimeCallback		CODE           	1B172	0000	13
		_ADCPostProcessingCallback		CODE           	14068	0000	2779
		_writeEnergyToEEPROMCallback		CODE           	19C24	0000	131
		_peakToRMS     		CODE           	17D4E	0000	587

main.c estimated size: 4989

C:\Program Files (x86)\Microchip\xc8\v1.45\sources\common\strlen.c
		_strlen        		CODE           	1A234	0000	89

C:\Program Files (x86)\Microchip\xc8\v1.45\sources\common\strlen.c estimated size: 89

C:\Program Files (x86)\Microchip\xc8\v1.45\sources\common\strcmp.c
		_strcmp        		CODE           	1A3DC	0000	81

C:\Program Files (x86)\Microchip\xc8\v1.45\sources\common\strcmp.c estimated size: 81

C:\Program Files (x86)\Microchip\xc8\v1.45\sources\common\strchr.c
		_strchr        		CODE           	1AAD6	0000	57

C:\Program Files (x86)\Microchip\xc8\v1.45\sources\common\strchr.c estimated size: 57

C:\Program Files (x86)\Microchip\xc8\v1.45\sources\common\strcpy.c
		_strcpy        		CODE           	1AB46	0000	55

C:\Program Files (x86)\Microchip\xc8\v1.45\sources\common\strcpy.c estimated size: 55

C:\Program Files (x86)\Microchip\xc8\v1.45\sources\common\strncmp.c
		_strncmp       		CODE           	1997A	0000	145

C:\Program Files (x86)\Microchip\xc8\v1.45\sources\common\strncmp.c estimated size: 145

C:\Program Files (x86)\Microchip\xc8\v1.45\sources\common\sprcmul.c
		___flmul       		CODE           	157CE	0000	851

C:\Program Files (x86)\Microchip\xc8\v1.45\sources\common\sprcmul.c estimated size: 851

C:\Program Files (x86)\Microchip\xc8\v1.45\sources\common\strncpy.c
		_strncpy       		CODE           	19F6E	0000	105

C:\Program Files (x86)\Microchip\xc8\v1.45\sources\common\strncpy.c estimated size: 105

