Microchip MPLAB XC8 Compiler V1.45 ()

Linker command line:

-W-3 --edf=C:\Program Files (x86)\Microchip\xc8\v1.45\dat\en_msgs.txt -cs \
  -h+dist/default/production\AC_Power_Meter.X.production.sym \
  --cmf=dist/default/production\AC_Power_Meter.X.production.cmf -z \
  -Q18LF67K40 -oC:\Users\DREWMA~1\AppData\Local\Temp\sdms.2 \
  -Mdist/default/production/AC_Power_Meter.X.production.map -E1 -ver=XC8 \
  --acfsm=1493 -ASTACK=03ABh-0de9h -pstack=STACK -ACODE=00h-01FFFFh \
  -ACONST=00h-01FFFFh -ASMALLCONST=0E00h-0EFFhx498 \
  -AMEDIUMCONST=0E00h-0FFFFh,010E00h-01FFFFh -ACOMRAM=01h-05Fh \
  -AABS1=00h-0DE9h -ABIGRAM=01h-0DE9h \
  -ARAM=060h-0FFh,0100h-01FFhx12,0D00h-0DE9h -ABANK0=060h-0FFh \
  -ABANK1=0100h-01FFh -ABANK2=0200h-02FFh -ABANK3=0300h-03FFh \
  -ABANK4=0400h-04FFh -ABANK5=0500h-05FFh -ABANK6=0600h-06FFh \
  -ABANK7=0700h-07FFh -ABANK8=0800h-08FFh -ABANK9=0900h-09FFh \
  -ABANK10=0A00h-0AFFh -ABANK11=0B00h-0BFFh -ABANK12=0C00h-0CFFh \
  -ABANK13=0D00h-0DE9h \
  -ASFR=0DEFh-0DFFh,0E00h-0EFFh,0F00h-0F5Fh,0F60h-0FFFh \
  -preset_vec=00h,intcode=08h,intcodelo=018h,powerup,init -pramtop=0E00h \
  -psmallconst=SMALLCONST -pmediumconst=MEDIUMCONST -pconst=CONST \
  -AFARRAM=00h-00h -ACONFIG=0300000h-030000Bh -pconfig=CONFIG \
  -AIDLOC=0200000h-020000Fh -pidloc=IDLOC -AEEDATA=0310000h-03103FFh \
  -peeprom_data=EEDATA \
  -prdata=COMRAM,nvrram=COMRAM,nvbit=COMRAM,rbss=COMRAM,rbit=COMRAM \
  -pfarbss=FARRAM,fardata=FARRAM,nvFARRAM=FARRAM \
  -pintsave_regs=BIGRAM,bigbss=BIGRAM,bigdata=BIGRAM -pbss=RAM \
  -pidata=CODE,irdata=CODE,ibigdata=CODE,ifardata=CODE -prparam=COMRAM \
  C:\Users\DREWMA~1\AppData\Local\Temp\sdms.obj \
  dist/default/production\AC_Power_Meter.X.production.obj 

Object code version is 3.11

Machine type is 18LF67K40

Call graph: (short form)




                Name                               Link     Load   Length Selector   Space Scale
C:\Users\DREWMA~1\AppData\Local\Temp\sdms.obj
                init                                10A      10A        4        C       0
                reset_vec                             0        0        4        0       0
                idloc                            200000   200000       10   200000       0
                config                           300000   300000        C   300000       0
dist/default/production\AC_Power_Meter.X.production.obj
                intcodelo                            18       18       F2        C       0
                intcode                               8        8        6        4       0
                temp                                 5F       5F        1        1       1
                mediumconst                        E8C2     E8C2     173E     7461       0
                text129                           18B20    18B20       14     8000       0
                text128                           18B0C    18B0C       14     8000       0
                text127                           18C08    18C08        C     8000       0
                text126                           18C4E    18C4E        4     8000       0
                text125                           188D8    188D8       2A     8000       0
                text124                           14A7E    14A7E      33E     8000       0
                text123                           143F0    143F0      350     8000       0
                text122                           17360    17360      100     8000       0
                text121                           17D4A    17D4A       7A     8000       0
                text120                           1712E    1712E      120     8000       0
                text119                           1753E    1753E       DE     8000       0
                text118                           168E0    168E0      150     8000       0
                text117                           1724E    1724E      112     8000       0
                text116                           15BFE    15BFE      2B4     8000       0
                text115                           188AA    188AA       2E     8000       0
                text114                           1851A    1851A       48     8000       0
                text113                           150C0    150C0      2FA     8000       0
                text112                           17CCE    17CCE       7C     8000       0
                text111                           186A2    186A2       3C     8000       0
                text110                           163AA    163AA      236     8000       0
                text109                           153BA    153BA      2C8     8000       0
                text108                           14DBC    14DBC      304     8000       0
                text107                           17EA6    17EA6       6E     8000       0
                text106                           16160    16160      24A     8000       0
                text105                           18C48    18C48        6     8000       0
                text104                           12A32    12A32      9E0     8000       0
                text103                           18C58    18C58        2     8000       0
                text102                           18952    18952       28     8000       0
                text101                           17C4C    17C4C       82     8000       0
                text100                           1804E    1804E       66     8000       0
                text99                            189C6    189C6       26     8000       0
                text98                            16DC0    16DC0      128     8000       0
                text97                            16B64    16B64      132     8000       0
                text96                            17BC8    17BC8       84     8000       0
                text95                            17E36    17E36       70     8000       0
                text94                            15EB2    15EB2      2AE     8000       0
                text93                            18A52    18A52       1E     8000       0
                text92                            18440    18440       4A     8000       0
                text91                            18C14    18C14        A     8000       0
                text90                            138B6    138B6      480     8000       0
                text89                            11C6E    11C6E      DC4     8000       0
                text88                            177C0    177C0       AE     8000       0
                text87                            18C56    18C56        2     8000       0
                text86                            18AA8    18AA8       1C     8000       0
                text85                            187B6    187B6       34     8000       0
                intcode_body                      176F4    176F4       CC     8000       0
                text83                            1874C    1874C       36     8000       0
                text82                            18C2E    18C2E        8     8000       0
                text81                            185E8    185E8       40     8000       0
                text80                            18C54    18C54        2     8000       0
                text79                            1892A    1892A       28     8000       0
                text78                            189A0    189A0       26     8000       0
                text77                            18C42    18C42        6     8000       0
                text76                            18C26    18C26        8     8000       0
                text75                            18BFA    18BFA        E     8000       0
                text74                            18B46    18B46       12     8000       0
                text73                            18C52    18C52        2     8000       0
                text72                            18782    18782       34     8000       0
                text70                            18BEC    18BEC        E     8000       0
                text69                            18114    18114       60     8000       0
                text68                            18BDE    18BDE        E     8000       0
                text67                            18BD0    18BD0        E     8000       0
                text66                            17F14    17F14       6A     8000       0
                text65                            18C1E    18C1E        8     8000       0
                text64                            18B88    18B88       10     8000       0
                text63                            18AF8    18AF8       14     8000       0
                text62                            18A8C    18A8C       1C     8000       0
                text61                            1786E    1786E       A2     8000       0
                text60                            18A70    18A70       1C     8000       0
                text59                            18BC2    18BC2        E     8000       0
                text58                            183F6    183F6       4A     8000       0
                text57                            18BB4    18BB4        E     8000       0
                text56                            187EA    187EA       32     8000       0
                text55                            18BA6    18BA6        E     8000       0
                text54                            18310    18310       4E     8000       0
                text53                            1887C    1887C       2E     8000       0
                text52                            1821E    1821E       52     8000       0
                text51                            1700C    1700C      122     8000       0
                text50                            1884C    1884C       30     8000       0
                text49                            14740    14740      33E     8000       0
                text48                            184D2    184D2       48     8000       0
                text47                            17460    17460       DE     8000       0
                text46                            17B44    17B44       84     8000       0
                text45                            17FE6    17FE6       68     8000       0
                text44                            18902    18902       28     8000       0
                text43                            1678C    1678C      154     8000       0
                text42                            16C96    16C96      12A     8000       0
                text41                            16A30    16A30      134     8000       0
                text40                            17ABE    17ABE       86     8000       0
                text39                            17DC4    17DC4       72     8000       0
                text38                            1409E    1409E      352     8000       0
                text37                            15682    15682      2C6     8000       0
                text36                            18A10    18A10       22     8000       0
                text35                            183AA    183AA       4C     8000       0
                text34                            18B98    18B98        E     8000       0
                text33                            13412    13412      4A4     8000       0
                text32                            10EA0    10EA0      DCE     8000       0
                text31                            18B78    18B78       10     8000       0
                text30                            1848A    1848A       48     8000       0
                text29                            18C3C    18C3C        6     8000       0
                text28                            15948    15948      2B6     8000       0
                text27                            1761C    1761C       D8     8000       0
                text26                            1881C    1881C       30     8000       0
                text25                            18ADE    18ADE       1A     8000       0
                text24                            185A6    185A6       42     8000       0
                text23                            18A32    18A32       20     8000       0
                text22                            180B4    180B4       60     8000       0
                text21                            18666    18666       3C     8000       0
                text20                            1897A    1897A       26     8000       0
                text19                            18562    18562       44     8000       0
                text18                            18AC4    18AC4       1A     8000       0
                text17                            181CC    181CC       52     8000       0
                text16                            182C0    182C0       50     8000       0
                text15                            18716    18716       36     8000       0
                text14                            186DE    186DE       38     8000       0
                text13                            18174    18174       58     8000       0
                text12                            179A2    179A2       90     8000       0
                text11                            17A32    17A32       8C     8000       0
                text10                            18B68    18B68       10     8000       0
                text9                             1835E    1835E       4C     8000       0
                text8                             17F7E    17F7E       68     8000       0
                text7                             13D36    13D36      368     8000       0
                text6                             18B34    18B34       12     8000       0
                text5                             10000    10000      EA0     8000       0
                text4                             16EE8    16EE8      124     8000       0
                text3                             18B58    18B58       10     8000       0
                text2                             18628    18628       3E     8000       0
                text1                             18270    18270       50     8000       0
                text0                             165E0    165E0      1AC     8000       0
                cstackCOMRAM                          1        1       5D        1       1
                cstackBANK0                          60       60       90       60       1
                cstackBANK1                         100      100       BB      100       1
                cstackBANK2                         2D4      2D4       18      200       1
                cstackBANK3                         380      380       2B      300       1
                bssBANK3                            300      300       80      300       1
                dataBANK2                           2B0      2B0       24      200       1
                bssBANK2                            200      200       B0      200       1
                dataBANK1                           1E8      1E8        1      100       1
                bssBANK1                            1BB      1BB       2D      100       1
                dataBANK0                            F0       F0        6       60       1
                bssBANK0                             F6       F6        5       60       1
                bitbssBANK0                         7D8       FB        1       60       1     8
                bitbssCOMRAM                        2F0       5E        3        1       1     8
                cinit                             17910    17910       92     8000       0
                nvBANK2                             2EC      2EC        1      200       1
                idataBANK2                        189EC    189EC       24     8000       0
                idataBANK1                        18C5A    18C5A        1     8000       0
                idataBANK0                        18C36    18C36        6     8000       0

TOTAL           Name                               Link     Load   Length     Space
        CLASS   STACK          

        CLASS   CODE           
                intcodelo                            18       18       F2         0
                intcode                               8        8        6         0
                init                                10A      10A        4         0
                reset_vec                             0        0        4         0
                text129                           18B20    18B20       14         0
                text128                           18B0C    18B0C       14         0
                text127                           18C08    18C08        C         0
                text126                           18C4E    18C4E        4         0
                text125                           188D8    188D8       2A         0
                text124                           14A7E    14A7E      33E         0
                text123                           143F0    143F0      350         0
                text122                           17360    17360      100         0
                text121                           17D4A    17D4A       7A         0
                text120                           1712E    1712E      120         0
                text119                           1753E    1753E       DE         0
                text118                           168E0    168E0      150         0
                text117                           1724E    1724E      112         0
                text116                           15BFE    15BFE      2B4         0
                text115                           188AA    188AA       2E         0
                text114                           1851A    1851A       48         0
                text113                           150C0    150C0      2FA         0
                text112                           17CCE    17CCE       7C         0
                text111                           186A2    186A2       3C         0
                text110                           163AA    163AA      236         0
                text109                           153BA    153BA      2C8         0
                text108                           14DBC    14DBC      304         0
                text107                           17EA6    17EA6       6E         0
                text106                           16160    16160      24A         0
                text105                           18C48    18C48        6         0
                text104                           12A32    12A32      9E0         0
                text103                           18C58    18C58        2         0
                text102                           18952    18952       28         0
                text101                           17C4C    17C4C       82         0
                text100                           1804E    1804E       66         0
                text99                            189C6    189C6       26         0
                text98                            16DC0    16DC0      128         0
                text97                            16B64    16B64      132         0
                text96                            17BC8    17BC8       84         0
                text95                            17E36    17E36       70         0
                text94                            15EB2    15EB2      2AE         0
                text93                            18A52    18A52       1E         0
                text92                            18440    18440       4A         0
                text91                            18C14    18C14        A         0
                text90                            138B6    138B6      480         0
                text89                            11C6E    11C6E      DC4         0
                text88                            177C0    177C0       AE         0
                text87                            18C56    18C56        2         0
                text86                            18AA8    18AA8       1C         0
                text85                            187B6    187B6       34         0
                intcode_body                      176F4    176F4       CC         0
                text83                            1874C    1874C       36         0
                text82                            18C2E    18C2E        8         0
                text81                            185E8    185E8       40         0
                text80                            18C54    18C54        2         0
                text79                            1892A    1892A       28         0
                text78                            189A0    189A0       26         0
                text77                            18C42    18C42        6         0
                text76                            18C26    18C26        8         0
                text75                            18BFA    18BFA        E         0
                text74                            18B46    18B46       12         0
                text73                            18C52    18C52        2         0
                text72                            18782    18782       34         0
                text70                            18BEC    18BEC        E         0
                text69                            18114    18114       60         0
                text68                            18BDE    18BDE        E         0
                text67                            18BD0    18BD0        E         0
                text66                            17F14    17F14       6A         0
                text65                            18C1E    18C1E        8         0
                text64                            18B88    18B88       10         0
                text63                            18AF8    18AF8       14         0
                text62                            18A8C    18A8C       1C         0
                text61                            1786E    1786E       A2         0
                text60                            18A70    18A70       1C         0
                text59                            18BC2    18BC2        E         0
                text58                            183F6    183F6       4A         0
                text57                            18BB4    18BB4        E         0
                text56                            187EA    187EA       32         0
                text55                            18BA6    18BA6        E         0
                text54                            18310    18310       4E         0
                text53                            1887C    1887C       2E         0
                text52                            1821E    1821E       52         0
                text51                            1700C    1700C      122         0
                text50                            1884C    1884C       30         0
                text49                            14740    14740      33E         0
                text48                            184D2    184D2       48         0
                text47                            17460    17460       DE         0
                text46                            17B44    17B44       84         0
                text45                            17FE6    17FE6       68         0
                text44                            18902    18902       28         0
                text43                            1678C    1678C      154         0
                text42                            16C96    16C96      12A         0
                text41                            16A30    16A30      134         0
                text40                            17ABE    17ABE       86         0
                text39                            17DC4    17DC4       72         0
                text38                            1409E    1409E      352         0
                text37                            15682    15682      2C6         0
                text36                            18A10    18A10       22         0
                text35                            183AA    183AA       4C         0
                text34                            18B98    18B98        E         0
                text33                            13412    13412      4A4         0
                text32                            10EA0    10EA0      DCE         0
                text31                            18B78    18B78       10         0
                text30                            1848A    1848A       48         0
                text29                            18C3C    18C3C        6         0
                text28                            15948    15948      2B6         0
                text27                            1761C    1761C       D8         0
                text26                            1881C    1881C       30         0
                text25                            18ADE    18ADE       1A         0
                text24                            185A6    185A6       42         0
                text23                            18A32    18A32       20         0
                text22                            180B4    180B4       60         0
                text21                            18666    18666       3C         0
                text20                            1897A    1897A       26         0
                text19                            18562    18562       44         0
                text18                            18AC4    18AC4       1A         0
                text17                            181CC    181CC       52         0
                text16                            182C0    182C0       50         0
                text15                            18716    18716       36         0
                text14                            186DE    186DE       38         0
                text13                            18174    18174       58         0
                text12                            179A2    179A2       90         0
                text11                            17A32    17A32       8C         0
                text10                            18B68    18B68       10         0
                text9                             1835E    1835E       4C         0
                text8                             17F7E    17F7E       68         0
                text7                             13D36    13D36      368         0
                text6                             18B34    18B34       12         0
                text5                             10000    10000      EA0         0
                text4                             16EE8    16EE8      124         0
                text3                             18B58    18B58       10         0
                text2                             18628    18628       3E         0
                text1                             18270    18270       50         0
                text0                             165E0    165E0      1AC         0
                cinit                             17910    17910       92         0
                idataBANK2                        189EC    189EC       24         0
                idataBANK1                        18C5A    18C5A        1         0
                idataBANK0                        18C36    18C36        6         0

        CLASS   CONST          

        CLASS   SMALLCONST     

        CLASS   MEDIUMCONST    
                mediumconst                        E8C2     E8C2     173E         0

        CLASS   COMRAM         
                temp                                 5F       5F        1         1
                cstackCOMRAM                          1        1       5D         1
                bitbssCOMRAM                        2F0       5E        3         1

        CLASS   ABS1           

        CLASS   BIGRAM         

        CLASS   RAM            

        CLASS   BANK0          
                cstackBANK0                          60       60       90         1
                dataBANK0                            F0       F0        6         1
                bssBANK0                             F6       F6        5         1
                bitbssBANK0                         7D8       FB        1         1

        CLASS   BANK1          
                cstackBANK1                         100      100       BB         1
                dataBANK1                           1E8      1E8        1         1
                bssBANK1                            1BB      1BB       2D         1

        CLASS   BANK2          
                cstackBANK2                         2D4      2D4       18         1
                dataBANK2                           2B0      2B0       24         1
                bssBANK2                            200      200       B0         1
                nvBANK2                             2EC      2EC        1         1

        CLASS   BANK3          
                cstackBANK3                         380      380       2B         1
                bssBANK3                            300      300       80         1

        CLASS   BANK4          

        CLASS   BANK5          

        CLASS   BANK6          

        CLASS   BANK7          

        CLASS   BANK8          

        CLASS   BANK9          

        CLASS   BANK10         

        CLASS   BANK11         

        CLASS   BANK12         

        CLASS   BANK13         

        CLASS   SFR            

        CLASS   FARRAM         

        CLASS   CONFIG         
                config                           300000   300000        C         0

        CLASS   IDLOC          
                idloc                            200000   200000       10         0

        CLASS   EEDATA         



SEGMENTS        Name                           Load    Length   Top    Selector   Space  Class

                reset_vec                      000000  000004  000004         0       0  CODE    
                cstackCOMRAM                   000001  00005F  000060         1       1  COMRAM  
                intcode                        000008  000006  00000E         4       0  CODE    
                intcodelo                      000018  0000F6  00010E         C       0  CODE    
                cstackBANK0                    000060  00009C  0000FC        60       1  BANK0   
                cstackBANK1                    000100  0000E9  0001E9       100       1  BANK1   
                bssBANK2                       000200  0000ED  0002ED       200       1  BANK2   
                bssBANK3                       000300  0000AB  0003AB       300       1  BANK3   
                mediumconst                    00E8C2  00173E  010000      7461       0  MEDIUMCO
                text5                          010000  008C5B  018C5B      8000       0  CODE    
                idloc                          200000  000010  200010    200000       0  IDLOC   
                config                         300000  00000C  30000C    300000       0  CONFIG  


UNUSED ADDRESS RANGES

        Name                Unused          Largest block    Delta
        BANK0            0000FC-0000FF                4
        BANK1            0001E9-0001FF               17
        BANK10           000A00-000AFF              100
        BANK11           000B00-000BFF              100
        BANK12           000C00-000CFF              100
        BANK13           000D00-000DE9               EA
        BANK2            0002ED-0002FF               13
        BANK3            0003AB-0003FF               55
        BANK4            000400-0004FF              100
        BANK5            000500-0005FF              100
        BANK6            000600-0006FF              100
        BANK7            000700-0007FF              100
        BANK8            000800-0008FF              100
        BANK9            000900-0009FF              100
        BIGRAM           0000FC-0000FF                4
                         0001E9-0001FF               17
                         0002ED-0002FF               13
                         0003AB-000DE9              A3F
        CODE             000004-000007                4
                         00000E-000017                A
                         00010E-00E8C1             E7B4
                         018C5B-01FFFF             73A5
        CONST            000004-000007                4
                         00000E-000017                A
                         00010E-00E8C1             E7B4
                         018C5B-01FFFF             73A5
        EEDATA           310000-3103FF              400
        MEDIUMCONST      000E00-00E8C1             DAC2
                         018C5B-01FFFF             73A5
        RAM              0000FC-0000FF                4
                         0001E9-0001FF               17
                         0002ED-0002FF               13
                         0003AB-000DE9              100
        SFR              000DEF-000FFF              100
        SMALLCONST       000E00-00E8C1              100
                         018C5B-01FFFF              100
        STACK            0003AB-000DE9              A3F

                                  Symbol Table

?_ADCC_GetConversionResult                     cstackCOMRAM 000001
?_ADCC_GetFilterValue                          cstackCOMRAM 000001
?_FLASH_ReadWord                               cstackBANK1  00011B
?___awdiv                                      cstackBANK1  00011D
?___awmod                                      cstackBANK1  000117
?___fladd                                      cstackBANK1  000129
?___fldiv                                      cstackBANK1  00013D
?___flmul                                      cstackBANK1  000156
?___flneg                                      cstackBANK1  000125
?___flsub                                      cstackBANK1  00013D
?___fltol                                      cstackBANK1  000178
?___lldiv                                      cstackBANK1  000117
?___llmod                                      cstackBANK1  000124
?___wmul                                       cstackBANK1  000117
?___xxtofl                                     cstackBANK1  000117
?__div_to_l_                                   cstackBANK1  000117
?__tdiv_to_l_                                  cstackBANK1  000117
?_abs                                          cstackBANK0  000076
?_acos                                         cstackBANK0  0000A9
?_asin                                         cstackBANK0  000091
?_atan                                         cstackBANK0  00007C
?_atoi                                         cstackBANK1  00011D
?_currentMeasuredToPeak                        cstackBANK0  000099
?_eval_poly                                    cstackBANK0  00006C
?_fabs                                         cstackCOMRAM 000030
?_floor                                        cstackBANK0  000076
?_fround                                       cstackBANK1  00016F
?_getCauseOfResetString                        cstackBANK1  000117
?_getDeviceID                                  cstackBANK1  000122
?_getDeviceIDString                            cstackBANK1  000124
?_getUserID                                    cstackBANK1  000122
?_peakToRMS                                    cstackBANK0  0000B1
?_printf                                       cstackBANK1  000182
?_readDoubleFromEEPROM                         cstackBANK1  000119
?_scale                                        cstackBANK1  00016F
?_sin                                          cstackBANK0  000088
?_sqrt                                         cstackBANK0  00006C
?_strchr                                       cstackBANK1  000117
?_strcmp                                       cstackBANK1  000117
?_strlen                                       cstackBANK1  000117
?_strncmp                                      cstackBANK1  00011D
?_strstr                                       cstackBANK1  000126
?i2___awdiv                                    cstackCOMRAM 000007
?i2___awmod                                    cstackCOMRAM 000001
?i2___fladd                                    cstackCOMRAM 000056
?i2___fldiv                                    cstackCOMRAM 000013
?i2___flmul                                    cstackCOMRAM 000030
?i2___flneg                                    cstackCOMRAM 00002C
?i2___flsub                                    cstackBANK0  000080
?i2___fltol                                    cstackBANK0  00006C
?i2___lldiv                                    cstackCOMRAM 000001
?i2___llmod                                    cstackCOMRAM 00000E
?i2___wmul                                     cstackCOMRAM 000001
?i2___xxtofl                                   cstackCOMRAM 000005
?i2__div_to_l_                                 cstackCOMRAM 000001
?i2__tdiv_to_l_                                cstackCOMRAM 000001
?i2_fround                                     cstackCOMRAM 000049
?i2_printf                                     cstackBANK0  000088
?i2_scale                                      cstackCOMRAM 000049
ADCC_SetADTIInterruptHandler@InterruptHandler  cstackBANK1  000117
ADCC_StartConversion@channel                   cstackBANK1  000100
ADCPostProcessingCallback@current_adc_channel  cstackBANK0  0000D5
DATAEE_ReadByte@bAdd                           cstackBANK1  000117
DATAEE_WriteByte@GIEBitValue                   cstackBANK1  00011A
DATAEE_WriteByte@bAdd                          cstackBANK1  000117
DATAEE_WriteByte@bData                         cstackBANK1  000119
EUSART2_Read@readValue                         cstackBANK1  000117
EUSART2_SetRxInterruptHandler@interruptHandler cstackBANK1  000117
EUSART2_SetTxInterruptHandler@interruptHandler cstackBANK1  000117
EUSART2_Write@txData                           cstackBANK1  000117
FLASH_ReadByte@flashAddr                       cstackBANK1  000117
FLASH_ReadWord@flashAddr                       cstackBANK1  00011B
TMR5_SetInterruptHandler@InterruptHandler      cstackBANK1  000117
TMR5_WriteTimer@timerVal                       cstackCOMRAM 000001
TMR6_SetInterruptHandler@InterruptHandler      cstackBANK1  000117
TMR7_SetInterruptHandler@InterruptHandler      cstackBANK1  000117
TMR7_WriteTimer@timerVal                       cstackBANK1  000100
_ADACCH                                        (abs)        000F71
_ADACCL                                        (abs)        000F70
_ADACQ                                         (abs)        000F5C
_ADACT                                         (abs)        000F56
_ADCAP                                         (abs)        000F5D
_ADCC_ADTI_InterruptHandler                    bssBANK2     000262
_ADCC_ClearAccumulator                         text77       018C42
_ADCC_DefaultInterruptHandler                  text103      018C58
_ADCC_DischargeSampleCapacitor                 text76       018C26
_ADCC_GetConversionResult                      text129      018B20
_ADCC_GetFilterValue                           text128      018B0C
_ADCC_HasAccumulatorOverflowed                 text127      018C08
_ADCC_Initialize                               text69       018114
_ADCC_SetADTIInterruptHandler                  text70       018BEC
_ADCC_StartConversion                          text75       018BFA
_ADCC_StopConversion                           text126      018C4E
_ADCC_ThresholdISR                             text102      018952
_ADCLK                                         (abs)        000F57
_ADCNT                                         (abs)        000F67
_ADCON0                                        (abs)        000F60
_ADCON0bits                                    (abs)        000F60
_ADCON1                                        (abs)        000F59
_ADCON1bits                                    (abs)        000F59
_ADCON2                                        (abs)        000F5A
_ADCON2bits                                    (abs)        000F5A
_ADCON3                                        (abs)        000F5B
_ADCON3bits                                    (abs)        000F5B
_ADCPostProcessingCallback                     text104      012A32
_ADCPostProcessingCallback$4130                cstackBANK0  0000D6
_ADCPostProcessingCallback$4131                cstackBANK0  0000DA
_ADCPostProcessingCallback$4132                cstackBANK0  0000C9
_ADCPostProcessingCallback$4133                cstackBANK0  0000CD
_ADCPostProcessingCallback$4134                cstackBANK0  0000D1
_ADC_Result_Scaling                            bssBANK2     000258
_ADERRH                                        (abs)        000F6F
_ADERRL                                        (abs)        000F6E
_ADFLTRH                                       (abs)        000F73
_ADFLTRL                                       (abs)        000F72
_ADLTHH                                        (abs)        000F6B
_ADLTHL                                        (abs)        000F6A
_ADPCH                                         (abs)        000F5F
_ADPRE                                         (abs)        000F5E
_ADPREVH                                       (abs)        000F62
_ADPREVL                                       (abs)        000F61
_ADREF                                         (abs)        000F58
_ADRESH                                        (abs)        000F64
_ADRESL                                        (abs)        000F63
_ADRPT                                         (abs)        000F66
_ADSTAT                                        (abs)        000F65
_ADSTATbits                                    (abs)        000F65
_ADSTPTH                                       (abs)        000F69
_ADSTPTL                                       (abs)        000F68
_ADUTHH                                        (abs)        000F6D
_ADUTHL                                        (abs)        000F6C
_ANSELA                                        (abs)        000E92
_ANSELB                                        (abs)        000E9A
_ANSELD                                        (abs)        000EA7
_ANSELE                                        (abs)        000EAF
_ANSELF                                        (abs)        000EB4
_ANSELG                                        (abs)        000EBC
_AVSS_ADC_Result                               bssBANK1     0001D3
_Avg_Power                                     bssBANK1     0001BB
_BAUD2CON                                      (abs)        000EF7
_DATAEE_ReadByte                               text18       018AC4
_DATAEE_WriteByte                              text2        018628
_EUSART2_Initialize                            text66       017F14
_EUSART2_Read                                  text30       01848A
_EUSART2_Receive_ISR                           text88       0177C0
_EUSART2_RxDefaultInterruptHandler             bssBANK2     000268
_EUSART2_SetRxInterruptHandler                 text68       018BDE
_EUSART2_SetTxInterruptHandler                 text67       018BD0
_EUSART2_Transmit_ISR                          text83       01874C
_EUSART2_TxDefaultInterruptHandler             bssBANK2     00026B
_EUSART2_Write                                 text35       0183AA
_FLASH_ReadByte                                text25       018ADE
_FLASH_ReadWord                                text24       0185A6
_FVRCON                                        (abs)        000EC4
_FVRCONbits                                    (abs)        000EC4
_FVR_ADC_Result                                bssBANK1     0001E4
_FVR_Initialize                                text65       018C1E
_HLVDCON0                                      (abs)        000EC2
_HLVDCON0bits                                  (abs)        000EC2
_HLVDCON1                                      (abs)        000EC3
_HLVD_ISR                                      text82       018C2E
_HLVD_Initialize                               text64       018B88
_INTCONbits                                    (abs)        000FF2
_INTERRUPT_Initialize                          text63       018AF8
_INTERRUPT_InterruptManagerHigh                intcode      000008
_INTERRUPT_InterruptManagerLow                 intcodelo    000018
_IPR1bits                                      (abs)        000E20
_IPR2bits                                      (abs)        000E21
_IPR3bits                                      (abs)        000E22
_IPR5bits                                      (abs)        000E24
_Imeas                                         bssBANK1     0001C3
_Ipk                                           bssBANK1     0001C7
_Irms                                          bssBANK0     0000F6
_Irms_offset                                   dataBANK2    0002C8
_LATA                                          (abs)        000F79
_LATB                                          (abs)        000F7A
_LATC                                          (abs)        000F7B
_LATD                                          (abs)        000F7C
_LATE                                          (abs)        000F7D
_LATF                                          (abs)        000F7E
_LATFbits                                      (abs)        000F7E
_LATG                                          (abs)        000F7F
_LATGbits                                      (abs)        000F7F
_LATH                                          (abs)        000F80
_NVMADRH                                       (abs)        000F75
_NVMADRL                                       (abs)        000F74
_NVMCON1bits                                   (abs)        000F77
_NVMCON2                                       (abs)        000F78
_NVMDAT                                        (abs)        000F76
_ODCONA                                        (abs)        000E90
_ODCONB                                        (abs)        000E98
_ODCONC                                        (abs)        000EA0
_ODCOND                                        (abs)        000EA5
_ODCONE                                        (abs)        000EAD
_ODCONF                                        (abs)        000EB2
_ODCONG                                        (abs)        000EBA
_ODCONH                                        (abs)        000EBF
_OSCCON1                                       (abs)        000E43
_OSCCON3                                       (abs)        000E45
_OSCEN                                         (abs)        000E47
_OSCFRQ                                        (abs)        000E49
_OSCILLATOR_Initialize                         text62       018A8C
_OSCTUNE                                       (abs)        000E48
_PCON0bits                                     (abs)        000FD7
_PIE1bits                                      (abs)        000E2A
_PIE2bits                                      (abs)        000E2B
_PIE3bits                                      (abs)        000E2C
_PIE5bits                                      (abs)        000E2E
_PIN_MANAGER_Initialize                        text61       01786E
_PIR1bits                                      (abs)        000E34
_PIR2bits                                      (abs)        000E35
_PIR3bits                                      (abs)        000E36
_PIR5bits                                      (abs)        000E38
_PIR8bits                                      (abs)        000E3B
_PLLR                                          (abs)        007230
_PMD0                                          (abs)        000E4C
_PMD1                                          (abs)        000E4D
_PMD2                                          (abs)        000E4E
_PMD3                                          (abs)        000E4F
_PMD4                                          (abs)        000E50
_PMD5                                          (abs)        000E51
_PMD_Initialize                                text60       018A70
_POS12_ADC_Result                              bssBANK1     0001CB
_POS3P3_ADC_Result                             bssBANK1     0001CF
_PR6                                           (abs)        000FB0
_RC2REG                                        (abs)        000EF1
_RC2STA                                        (abs)        000EF5
_RC2STAbits                                    (abs)        000EF5
_RG7PPS                                        (abs)        000E89
_RX2PPS                                        (abs)        000E11
_SLRCONA                                       (abs)        000E8F
_SLRCONB                                       (abs)        000E97
_SLRCONC                                       (abs)        000E9F
_SLRCOND                                       (abs)        000EA4
_SLRCONE                                       (abs)        000EAC
_SLRCONF                                       (abs)        000EB1
_SLRCONG                                       (abs)        000EB9
_SLRCONH                                       (abs)        000EBE
_SP2BRGH                                       (abs)        000EF4
_SP2BRGL                                       (abs)        000EF3
_SYSTEM_Initialize                             text53       01887C
_T5CLK                                         (abs)        000FC6
_T5CON                                         (abs)        000FC3
_T5CONbits                                     (abs)        000FC3
_T5GATE                                        (abs)        000FC5
_T5GCON                                        (abs)        000FC4
_T5GCONbits                                    (abs)        000FC4
_T6CLKCON                                      (abs)        000FB3
_T6CON                                         (abs)        000FB1
_T6CONbits                                     (abs)        000FB1
_T6HLT                                         (abs)        000FB2
_T6HLTbits                                     (abs)        000FB2
_T6PR                                          (abs)        000FB0
_T6RST                                         (abs)        000FB4
_T6RSTbits                                     (abs)        000FB4
_T6TMR                                         (abs)        000FAF
_T7CLK                                         (abs)        000F33
_T7CON                                         (abs)        000F30
_T7CONbits                                     (abs)        000F30
_T7GATE                                        (abs)        000F32
_T7GCON                                        (abs)        000F31
_T7GCONbits                                    (abs)        000F31
_TABLAT                                        (abs)        000FF5
_TBLPTRH                                       (abs)        000FF7
_TBLPTRL                                       (abs)        000FF6
_TBLPTRU                                       (abs)        000FF8
_TMR5H                                         (abs)        000FC2
_TMR5L                                         (abs)        000FC1
_TMR5_DefaultInterruptHandler                  text87       018C56
_TMR5_ISR                                      text85       0187B6
_TMR5_Initialize                               text58       0183F6
_TMR5_InterruptHandler                         bssBANK2     00025C
_TMR5_SetInterruptHandler                      text59       018BC2
_TMR5_WriteTimer                               text86       018AA8
_TMR6                                          (abs)        000FAF
_TMR6_DefaultInterruptHandler                  text80       018C54
_TMR6_ISR                                      text79       01892A
_TMR6_Initialize                               text56       0187EA
_TMR6_InterruptHandler                         bssBANK2     000265
_TMR6_SetInterruptHandler                      text57       018BB4
_TMR7H                                         (abs)        000F2F
_TMR7L                                         (abs)        000F2E
_TMR7_DefaultInterruptHandler                  text73       018C52
_TMR7_ISR                                      text72       018782
_TMR7_Initialize                               text54       018310
_TMR7_InterruptHandler                         bssBANK2     00025F
_TMR7_SetInterruptHandler                      text55       018BA6
_TMR7_StopTimer                                text29       018C3C
_TMR7_WriteTimer                               text78       0189A0
_TRIAC_Firing_Angle                            dataBANK0    0000F2
_TRISA                                         (abs)        000F81
_TRISB                                         (abs)        000F82
_TRISC                                         (abs)        000F83
_TRISD                                         (abs)        000F84
_TRISE                                         (abs)        000F85
_TRISF                                         (abs)        000F86
_TRISG                                         (abs)        000F87
_TRISH                                         (abs)        000F88
_TX2REG                                        (abs)        000EF2
_TX2STA                                        (abs)        000EF6
_TX2STAbits                                    (abs)        000EF6
_Temp_ADC_Offset                               dataBANK2    0002D0
_Temp_ADC_Result                               bssBANK2     000254
_VCC_overvoltage_flag                          bitbssCOMRAM 0002F2
_Vpk                                           bssBANK2     000250
_Vpk_const                                     dataBANK2    0002CC
_Vrms                                          bssBANK1     0001BF
_WPUA                                          (abs)        000E91
_WPUB                                          (abs)        000E99
_WPUC                                          (abs)        000EA1
_WPUD                                          (abs)        000EA6
_WPUE                                          (abs)        000EAE
_WPUF                                          (abs)        000EB3
_WPUG                                          (abs)        000EBB
_WPUH                                          (abs)        000EC0
__CFG_BOREN$SBORDIS                            (abs)        000000
__CFG_BORV$VBOR_190                            (abs)        000000
__CFG_CLKOUTEN$OFF                             (abs)        000000
__CFG_CP$OFF                                   (abs)        000000
__CFG_CPD$OFF                                  (abs)        000000
__CFG_CSWEN$ON                                 (abs)        000000
__CFG_DEBUG$OFF                                (abs)        000000
__CFG_EBTR0$OFF                                (abs)        000000
__CFG_EBTR1$OFF                                (abs)        000000
__CFG_EBTR2$OFF                                (abs)        000000
__CFG_EBTR3$OFF                                (abs)        000000
__CFG_EBTR4$OFF                                (abs)        000000
__CFG_EBTR5$OFF                                (abs)        000000
__CFG_EBTR6$OFF                                (abs)        000000
__CFG_EBTR7$OFF                                (abs)        000000
__CFG_EBTRB$OFF                                (abs)        000000
__CFG_FCMEN$ON                                 (abs)        000000
__CFG_FEXTOSC$ECH                              (abs)        000000
__CFG_IDLOC0$                                  (abs)        000000
__CFG_IDLOC1$                                  (abs)        000001
__CFG_IDLOC2$                                  (abs)        000002
__CFG_IDLOC3$                                  (abs)        000003
__CFG_IDLOC4$                                  (abs)        000004
__CFG_IDLOC5$                                  (abs)        000005
__CFG_IDLOC6$                                  (abs)        000006
__CFG_IDLOC7$                                  (abs)        000007
__CFG_LPBOREN$OFF                              (abs)        000000
__CFG_LVP$OFF                                  (abs)        000000
__CFG_MCLRE$EXTMCLR                            (abs)        000000
__CFG_PPS1WAY$ON                               (abs)        000000
__CFG_PWRTE$ON                                 (abs)        000000
__CFG_RSTOSC$EXTOSC_4PLL                       (abs)        000000
__CFG_SCANE$OFF                                (abs)        000000
__CFG_STVREN$ON                                (abs)        000000
__CFG_WDTCCS$LFINTOSC                          (abs)        000000
__CFG_WDTCPS$WDTCPS_11                         (abs)        000000
__CFG_WDTCWS$WDTCWS_7                          (abs)        000000
__CFG_WDTE$NSLEEP                              (abs)        000000
__CFG_WRT0$OFF                                 (abs)        000000
__CFG_WRT1$OFF                                 (abs)        000000
__CFG_WRT2$OFF                                 (abs)        000000
__CFG_WRT3$OFF                                 (abs)        000000
__CFG_WRT4$OFF                                 (abs)        000000
__CFG_WRT5$OFF                                 (abs)        000000
__CFG_WRT6$OFF                                 (abs)        000000
__CFG_WRT7$OFF                                 (abs)        000000
__CFG_WRTB$OFF                                 (abs)        000000
__CFG_WRTC$OFF                                 (abs)        000000
__CFG_WRTD$OFF                                 (abs)        000000
__CFG_XINST$OFF                                (abs)        000000
__CFG_ZCD$OFF                                  (abs)        000000
__HRAM                                         (abs)        000000
__Habs1                                        abs1         000000
__Hbank0                                       bank0        000000
__Hbank1                                       bank1        000000
__Hbank10                                      bank10       000000
__Hbank11                                      bank11       000000
__Hbank12                                      bank12       000000
__Hbank13                                      bank13       000000
__Hbank2                                       bank2        000000
__Hbank3                                       bank3        000000
__Hbank4                                       bank4        000000
__Hbank5                                       bank5        000000
__Hbank6                                       bank6        000000
__Hbank7                                       bank7        000000
__Hbank8                                       bank8        000000
__Hbank9                                       bank9        000000
__Hbigbss                                      bigbss       000000
__Hbigdata                                     bigdata      000000
__Hbigram                                      bigram       000000
__HbitbssBANK0                                 bitbssBANK0  000000
__HbitbssCOMRAM                                bitbssCOMRAM 000000
__Hbss                                         bss          000000
__HbssBANK0                                    bssBANK0     000000
__HbssBANK1                                    bssBANK1     000000
__HbssBANK2                                    bssBANK2     000000
__HbssBANK3                                    bssBANK3     000000
__Hcinit                                       cinit        000000
__Hclrtext                                     clrtext      000000
__Hcomram                                      comram       000000
__Hconfig                                      config       30000C
__Hconst                                       const        000000
__HcstackBANK0                                 cstackBANK0  000000
__HcstackBANK1                                 cstackBANK1  000000
__HcstackBANK2                                 cstackBANK2  000000
__HcstackBANK3                                 cstackBANK3  000000
__HcstackCOMRAM                                cstackCOMRAM 000000
__Hdata                                        data         000000
__HdataBANK0                                   dataBANK0    000000
__HdataBANK1                                   dataBANK1    000000
__HdataBANK2                                   dataBANK2    000000
__Heeprom_data                                 eeprom_data  000000
__Hfarbss                                      farbss       000000
__Hfardata                                     fardata      000000
__Hibigdata                                    ibigdata     000000
__Hidata                                       idata        000000
__HidataBANK0                                  idataBANK0   000000
__HidataBANK1                                  idataBANK1   000000
__HidataBANK2                                  idataBANK2   000000
__Hidloc                                       idloc        200010
__Hifardata                                    ifardata     000000
__Hinit                                        init         00010E
__Hintcode                                     intcode      00000E
__Hintcode_body                                intcode_body 000000
__Hintcodelo                                   intcodelo    00010A
__Hintentry                                    intentry     000000
__Hintret                                      intret       000000
__Hintsave_regs                                intsave_regs 000000
__Hirdata                                      irdata       000000
__Hmediumconst                                 mediumconst  010000
__HnvBANK2                                     nvBANK2      000000
__HnvFARRAM                                    nvFARRAM     000000
__Hnvbit                                       nvbit        000000
__Hnvrram                                      nvrram       000000
__Hparam                                       rparam       000000
__Hpowerup                                     powerup      00010A
__Hram                                         ram          000000
__Hramtop                                      ramtop       000E00
__Hrbit                                        rbit         000000
__Hrbss                                        rbss         000000
__Hrdata                                       rdata        000000
__Hreset_vec                                   reset_vec    000004
__Hrparam                                      rparam       000000
__Hsfr                                         sfr          000000
__Hsmallconst                                  smallconst   000000
__Hspace_0                                     (abs)        30000C
__Hspace_1                                     (abs)        0007D9
__Hspace_2                                     (abs)        000000
__Hstack                                       stack        000000
__Hstruct                                      struct       000000
__Htemp                                        temp         000060
__Htext                                        text         000000
__Htext0                                       text0        000000
__Htext1                                       text1        000000
__Htext10                                      text10       000000
__Htext100                                     text100      000000
__Htext101                                     text101      000000
__Htext102                                     text102      000000
__Htext103                                     text103      000000
__Htext104                                     text104      000000
__Htext105                                     text105      000000
__Htext106                                     text106      000000
__Htext107                                     text107      000000
__Htext108                                     text108      000000
__Htext109                                     text109      000000
__Htext11                                      text11       000000
__Htext110                                     text110      000000
__Htext111                                     text111      000000
__Htext112                                     text112      000000
__Htext113                                     text113      000000
__Htext114                                     text114      000000
__Htext115                                     text115      000000
__Htext116                                     text116      000000
__Htext117                                     text117      000000
__Htext118                                     text118      000000
__Htext119                                     text119      000000
__Htext12                                      text12       000000
__Htext120                                     text120      000000
__Htext121                                     text121      000000
__Htext122                                     text122      000000
__Htext123                                     text123      000000
__Htext124                                     text124      000000
__Htext125                                     text125      000000
__Htext126                                     text126      000000
__Htext127                                     text127      000000
__Htext128                                     text128      000000
__Htext129                                     text129      000000
__Htext13                                      text13       000000
__Htext130                                     text130      000000
__Htext14                                      text14       000000
__Htext15                                      text15       000000
__Htext16                                      text16       000000
__Htext17                                      text17       000000
__Htext18                                      text18       000000
__Htext19                                      text19       000000
__Htext2                                       text2        000000
__Htext20                                      text20       000000
__Htext21                                      text21       000000
__Htext22                                      text22       000000
__Htext23                                      text23       000000
__Htext24                                      text24       000000
__Htext25                                      text25       000000
__Htext26                                      text26       000000
__Htext27                                      text27       000000
__Htext28                                      text28       000000
__Htext29                                      text29       000000
__Htext3                                       text3        000000
__Htext30                                      text30       000000
__Htext31                                      text31       000000
__Htext32                                      text32       000000
__Htext33                                      text33       000000
__Htext34                                      text34       000000
__Htext35                                      text35       000000
__Htext36                                      text36       000000
__Htext37                                      text37       000000
__Htext38                                      text38       000000
__Htext39                                      text39       000000
__Htext4                                       text4        000000
__Htext40                                      text40       000000
__Htext41                                      text41       000000
__Htext42                                      text42       000000
__Htext43                                      text43       000000
__Htext44                                      text44       000000
__Htext45                                      text45       000000
__Htext46                                      text46       000000
__Htext47                                      text47       000000
__Htext48                                      text48       000000
__Htext49                                      text49       000000
__Htext5                                       text5        000000
__Htext50                                      text50       000000
__Htext51                                      text51       000000
__Htext52                                      text52       000000
__Htext53                                      text53       000000
__Htext54                                      text54       000000
__Htext55                                      text55       000000
__Htext56                                      text56       000000
__Htext57                                      text57       000000
__Htext58                                      text58       000000
__Htext59                                      text59       000000
__Htext6                                       text6        000000
__Htext60                                      text60       000000
__Htext61                                      text61       000000
__Htext62                                      text62       000000
__Htext63                                      text63       000000
__Htext64                                      text64       000000
__Htext65                                      text65       000000
__Htext66                                      text66       000000
__Htext67                                      text67       000000
__Htext68                                      text68       000000
__Htext69                                      text69       000000
__Htext7                                       text7        000000
__Htext70                                      text70       000000
__Htext72                                      text72       000000
__Htext73                                      text73       000000
__Htext74                                      text74       000000
__Htext75                                      text75       000000
__Htext76                                      text76       000000
__Htext77                                      text77       000000
__Htext78                                      text78       000000
__Htext79                                      text79       000000
__Htext8                                       text8        000000
__Htext80                                      text80       000000
__Htext81                                      text81       000000
__Htext82                                      text82       000000
__Htext83                                      text83       000000
__Htext85                                      text85       000000
__Htext86                                      text86       000000
__Htext87                                      text87       000000
__Htext88                                      text88       000000
__Htext89                                      text89       000000
__Htext9                                       text9        000000
__Htext90                                      text90       000000
__Htext91                                      text91       000000
__Htext92                                      text92       000000
__Htext93                                      text93       000000
__Htext94                                      text94       000000
__Htext95                                      text95       000000
__Htext96                                      text96       000000
__Htext97                                      text97       000000
__Htext98                                      text98       000000
__Htext99                                      text99       000000
__LRAM                                         (abs)        000001
__Labs1                                        abs1         000000
__Lbank0                                       bank0        000000
__Lbank1                                       bank1        000000
__Lbank10                                      bank10       000000
__Lbank11                                      bank11       000000
__Lbank12                                      bank12       000000
__Lbank13                                      bank13       000000
__Lbank2                                       bank2        000000
__Lbank3                                       bank3        000000
__Lbank4                                       bank4        000000
__Lbank5                                       bank5        000000
__Lbank6                                       bank6        000000
__Lbank7                                       bank7        000000
__Lbank8                                       bank8        000000
__Lbank9                                       bank9        000000
__Lbigbss                                      bigbss       000000
__Lbigdata                                     bigdata      000000
__Lbigram                                      bigram       000000
__LbitbssBANK0                                 bitbssBANK0  000000
__LbitbssCOMRAM                                bitbssCOMRAM 000000
__Lbss                                         bss          000000
__LbssBANK0                                    bssBANK0     000000
__LbssBANK1                                    bssBANK1     000000
__LbssBANK2                                    bssBANK2     000000
__LbssBANK3                                    bssBANK3     000000
__Lcinit                                       cinit        000000
__Lclrtext                                     clrtext      000000
__Lcomram                                      comram       000000
__Lconfig                                      config       300000
__Lconst                                       const        000000
__LcstackBANK0                                 cstackBANK0  000000
__LcstackBANK1                                 cstackBANK1  000000
__LcstackBANK2                                 cstackBANK2  000000
__LcstackBANK3                                 cstackBANK3  000000
__LcstackCOMRAM                                cstackCOMRAM 000000
__Ldata                                        data         000000
__LdataBANK0                                   dataBANK0    000000
__LdataBANK1                                   dataBANK1    000000
__LdataBANK2                                   dataBANK2    000000
__Leeprom_data                                 eeprom_data  000000
__Lfarbss                                      farbss       000000
__Lfardata                                     fardata      000000
__Libigdata                                    ibigdata     000000
__Lidata                                       idata        000000
__LidataBANK0                                  idataBANK0   000000
__LidataBANK1                                  idataBANK1   000000
__LidataBANK2                                  idataBANK2   000000
__Lidloc                                       idloc        200000
__Lifardata                                    ifardata     000000
__Linit                                        init         00010A
__Lintcode                                     intcode      000008
__Lintcode_body                                intcode_body 000000
__Lintcodelo                                   intcodelo    000018
__Lintentry                                    intentry     000000
__Lintret                                      intret       000000
__Lintsave_regs                                intsave_regs 000000
__Lirdata                                      irdata       000000
__Lmediumconst                                 mediumconst  00E8C2
__LnvBANK2                                     nvBANK2      000000
__LnvFARRAM                                    nvFARRAM     000000
__Lnvbit                                       nvbit        000000
__Lnvrram                                      nvrram       000000
__Lparam                                       rparam       000000
__Lpowerup                                     powerup      00010A
__Lram                                         ram          000000
__Lramtop                                      ramtop       000E00
__Lrbit                                        rbit         000000
__Lrbss                                        rbss         000000
__Lrdata                                       rdata        000000
__Lreset_vec                                   reset_vec    000000
__Lrparam                                      rparam       000000
__Lsfr                                         sfr          000000
__Lsmallconst                                  smallconst   000000
__Lspace_0                                     (abs)        000000
__Lspace_1                                     (abs)        000000
__Lspace_2                                     (abs)        000000
__Lstack                                       stack        000000
__Lstruct                                      struct       000000
__Ltemp                                        temp         00005F
__Ltext                                        text         000000
__Ltext0                                       text0        000000
__Ltext1                                       text1        000000
__Ltext10                                      text10       000000
__Ltext100                                     text100      000000
__Ltext101                                     text101      000000
__Ltext102                                     text102      000000
__Ltext103                                     text103      000000
__Ltext104                                     text104      000000
__Ltext105                                     text105      000000
__Ltext106                                     text106      000000
__Ltext107                                     text107      000000
__Ltext108                                     text108      000000
__Ltext109                                     text109      000000
__Ltext11                                      text11       000000
__Ltext110                                     text110      000000
__Ltext111                                     text111      000000
__Ltext112                                     text112      000000
__Ltext113                                     text113      000000
__Ltext114                                     text114      000000
__Ltext115                                     text115      000000
__Ltext116                                     text116      000000
__Ltext117                                     text117      000000
__Ltext118                                     text118      000000
__Ltext119                                     text119      000000
__Ltext12                                      text12       000000
__Ltext120                                     text120      000000
__Ltext121                                     text121      000000
__Ltext122                                     text122      000000
__Ltext123                                     text123      000000
__Ltext124                                     text124      000000
__Ltext125                                     text125      000000
__Ltext126                                     text126      000000
[...]
      Params:         0       2       0       0       0       0       0       0       0       0       0       0       0       0       0
      Locals:         0       0       0       0       0       0       0       0       0       0       0       0       0       0       0
      Temps:          0       2       0       0       0       0       0       0       0       0       0       0       0       0       0
      Totals:         0       4       0       0       0       0       0       0       0       0       0       0       0       0       0
Total ram usage:        4 bytes
 Hardware stack levels used:    1
 This function calls:
		Nothing
 This function is called by:
		_ADCPostProcessingCallback
 This function uses a non-reentrant model


 *************** function _ADCC_StopConversion *****************
 Defined at:
		line 162 in file "mcc_generated_files/adcc.c"
 Parameters:    Size  Location     Type
		None
 Auto vars:     Size  Location     Type
		None
 Return value:  Size  Location     Type
                  1    wreg      void 
 Registers used:
		None
 Tracked objects:
		On entry : 
		On exit  : 
		Unchanged: 
 Data sizes:     COMRAM   BANK0   BANK1   BANK2   BANK3   BANK4   BANK5   BANK6   BANK7   BANK8   BANK9  BANK10  BANK11  BANK12  BANK13
      Params:         0       0       0       0       0       0       0       0       0       0       0       0       0       0       0
      Locals:         0       0       0       0       0       0       0       0       0       0       0       0       0       0       0
      Temps:          0       0       0       0       0       0       0       0       0       0       0       0       0       0       0
      Totals:         0       0       0       0       0       0       0       0       0       0       0       0       0       0       0
Total ram usage:        0 bytes
 Hardware stack levels used:    1
 This function calls:
		Nothing
 This function is called by:
		_ADCPostProcessingCallback
 This function uses a non-reentrant model


 *************** function _ADCC_HasAccumulatorOverflowed *****************
 Defined at:
		line 216 in file "mcc_generated_files/adcc.c"
 Parameters:    Size  Location     Type
		None
 Auto vars:     Size  Location     Type
		None
 Return value:  Size  Location     Type
                  1    wreg      unsigned char 
 Registers used:
		wreg
 Tracked objects:
		On entry : 
		On exit  : 
		Unchanged: 
 Data sizes:     COMRAM   BANK0   BANK1   BANK2   BANK3   BANK4   BANK5   BANK6   BANK7   BANK8   BANK9  BANK10  BANK11  BANK12  BANK13
      Params:         0       0       0       0       0       0       0       0       0       0       0       0       0       0       0
      Locals:         0       0       0       0       0       0       0       0       0       0       0       0       0       0       0
      Temps:          0       0       0       0       0       0       0       0       0       0       0       0       0       0       0
      Totals:         0       0       0       0       0       0       0       0       0       0       0       0       0       0       0
Total ram usage:        0 bytes
 Hardware stack levels used:    1
 This function calls:
		Nothing
 This function is called by:
		_ADCPostProcessingCallback
 This function uses a non-reentrant model


 *************** function _ADCC_GetFilterValue *****************
 Defined at:
		line 222 in file "mcc_generated_files/adcc.c"
 Parameters:    Size  Location     Type
		None
 Auto vars:     Size  Location     Type
		None
 Return value:  Size  Location     Type
                  2    0[COMRAM] unsigned int 
 Registers used:
		wreg, status,2, status,0
 Tracked objects:
		On entry : 
		On exit  : 
		Unchanged: 
 Data sizes:     COMRAM   BANK0   BANK1   BANK2   BANK3   BANK4   BANK5   BANK6   BANK7   BANK8   BANK9  BANK10  BANK11  BANK12  BANK13
      Params:         2       0       0       0       0       0       0       0       0       0       0       0       0       0       0
      Locals:         0       0       0       0       0       0       0       0       0       0       0       0       0       0       0
      Temps:          2       0       0       0       0       0       0       0       0       0       0       0       0       0       0
      Totals:         4       0       0       0       0       0       0       0       0       0       0       0       0       0       0
Total ram usage:        4 bytes
 Hardware stack levels used:    1
 This function calls:
		Nothing
 This function is called by:
		_ADCPostProcessingCallback
 This function uses a non-reentrant model


 *************** function _ADCC_GetConversionResult *****************
 Defined at:
		line 130 in file "mcc_generated_files/adcc.c"
 Parameters:    Size  Location     Type
		None
 Auto vars:     Size  Location     Type
		None
 Return value:  Size  Location     Type
                  2    0[COMRAM] unsigned int 
 Registers used:
		wreg, status,2, status,0
 Tracked objects:
		On entry : 
		On exit  : 
		Unchanged: 
 Data sizes:     COMRAM   BANK0   BANK1   BANK2   BANK3   BANK4   BANK5   BANK6   BANK7   BANK8   BANK9  BANK10  BANK11  BANK12  BANK13
      Params:         2       0       0       0       0       0       0       0       0       0       0       0       0       0       0
      Locals:         0       0       0       0       0       0       0       0       0       0       0       0       0       0       0
      Temps:          2       0       0       0       0       0       0       0       0       0       0       0       0       0       0
      Totals:         4       0       0       0       0       0       0       0       0       0       0       0       0       0       0
Total ram usage:        4 bytes
 Hardware stack levels used:    1
 This function calls:
		Nothing
 This function is called by:
		_ADCPostProcessingCallback
 This function uses a non-reentrant model



MODULE INFORMATION

Module		Function		Class		Link	Load	Size
C:\Program Files (x86)\Microchip\xc8\v1.45\sources\common\asin.c
		_asin          		CODE           	14DBC	0000	773

C:\Program Files (x86)\Microchip\xc8\v1.45\sources\common\asin.c estimated size: 773

C:\Program Files (x86)\Microchip\xc8\v1.45\sources\common\sprcdiv.c
		___fldiv       		CODE           	15948	0000	695

C:\Program Files (x86)\Microchip\xc8\v1.45\sources\common\sprcdiv.c estimated size: 695

C:\Program Files (x86)\Microchip\xc8\v1.45\sources\common\sprcsqrt.c
		_sqrt          		CODE           	153BA	0000	713

C:\Program Files (x86)\Microchip\xc8\v1.45\sources\common\sprcsqrt.c estimated size: 713

C:\Program Files (x86)\Microchip\xc8\v1.45\sources\common\flge.c
		___flge        		CODE           	1700C	0000	291

C:\Program Files (x86)\Microchip\xc8\v1.45\sources\common\flge.c estimated size: 291

mcc_generated_files/tmr6.c
		_TMR6_ISR      		CODE           	1892A	0000	41
		_TMR6_Initialize		CODE           	187EA	0000	51
		_TMR6_SetInterruptHandler		CODE           	18BB4	0000	15
		_TMR6_DefaultInterruptHandler		CODE           	18C54	0000	3

mcc_generated_files/tmr6.c estimated size: 110

mcc_generated_files/eusart2.c
		_putch         		CODE           	18B98	0000	15
		_EUSART2_Read  		CODE           	1848A	0000	73
		_EUSART2_Write 		CODE           	183AA	0000	77
		_EUSART2_Receive_ISR		CODE           	177C0	0000	175
		_EUSART2_Transmit_ISR		CODE           	1874C	0000	55
		_EUSART2_SetRxInterruptHandler		CODE           	18BDE	0000	15
		_EUSART2_SetTxInterruptHandler		CODE           	18BD0	0000	15
		_EUSART2_Initialize		CODE           	17F14	0000	107

mcc_generated_files/eusart2.c estimated size: 532

C:\Program Files (x86)\Microchip\xc8\v1.45\sources\common\doprnt.c
		_scale         		CODE           	13412	0000	1189
		_printf        		CODE           	10EA0	0000	3535
		_fround        		CODE           	15682	0000	711

C:\Program Files (x86)\Microchip\xc8\v1.45\sources\common\doprnt.c estimated size: 5435

mcc_generated_files/fvr.c
		_FVR_Initialize		CODE           	18C1E	0000	9

mcc_generated_files/fvr.c estimated size: 9

mcc_generated_files/interrupt_manager.c
		_INTERRUPT_Initialize		CODE           	18AF8	0000	21
		_INTERRUPT_InterruptManagerLow		CODE           	0018	0000	243
		_INTERRUPT_InterruptManagerHigh		CODE           	0008	0000	211

mcc_generated_files/interrupt_manager.c estimated size: 475

C:\Program Files (x86)\Microchip\xc8\v1.45\sources\common\Umul16.c
		___wmul        		CODE           	18902	0000	41

C:\Program Files (x86)\Microchip\xc8\v1.45\sources\common\Umul16.c estimated size: 41

double_to_EEPROM.c
		_readDoubleFromEEPROM		CODE           	181CC	0000	83
		_writeDoubleToEEPROM		CODE           	18270	0000	81

double_to_EEPROM.c estimated size: 164

C:\Program Files (x86)\Microchip\xc8\v1.45\sources\common\frexp.c
		_frexp         		CODE           	17D4A	0000	123

C:\Program Files (x86)\Microchip\xc8\v1.45\sources\common\frexp.c estimated size: 123

mcc_generated_files/pin_manager.c
		_PIN_MANAGER_Initialize		CODE           	1786E	0000	163

mcc_generated_files/pin_manager.c estimated size: 163

C:\Program Files (x86)\Microchip\xc8\v1.45\sources\common\fabs.c
		_fabs          		CODE           	186A2	0000	61

C:\Program Files (x86)\Microchip\xc8\v1.45\sources\common\fabs.c estimated size: 61

C:\Program Files (x86)\Microchip\xc8\v1.45\sources\common\isdigit.c
		_isdigit       		CODE           	18A10	0000	35

C:\Program Files (x86)\Microchip\xc8\v1.45\sources\common\isdigit.c estimated size: 35

C:\Program Files (x86)\Microchip\xc8\v1.45\sources\common\sprcadd.c
		___flsub       		CODE           	184D2	0000	73
		___fladd       		CODE           	14740	0000	831

C:\Program Files (x86)\Microchip\xc8\v1.45\sources\common\sprcadd.c estimated size: 904

C:\Program Files (x86)\Microchip\xc8\v1.45\sources\common\floor.c
		_floor         		CODE           	1724E	0000	275

C:\Program Files (x86)\Microchip\xc8\v1.45\sources\common\floor.c estimated size: 275

C:\Program Files (x86)\Microchip\xc8\v1.45\sources\common\ftdivl.c
		__tdiv_to_l_   		CODE           	16A30	0000	309

C:\Program Files (x86)\Microchip\xc8\v1.45\sources\common\ftdivl.c estimated size: 309

C:\Program Files (x86)\Microchip\xc8\v1.45\sources\common\awmod.c
		___awmod       		CODE           	17DC4	0000	115

C:\Program Files (x86)\Microchip\xc8\v1.45\sources\common\awmod.c estimated size: 115

C:\Program Files (x86)\Microchip\xc8\v1.45\sources\common\strstr.c
		_strstr        		CODE           	17A32	0000	141

C:\Program Files (x86)\Microchip\xc8\v1.45\sources\common\strstr.c estimated size: 141

device_IDs.c
		_getDeviceID   		CODE           	18A32	0000	33
		_getUserID     		CODE           	18562	0000	69
		_getMinorRevisionID		CODE           	1897A	0000	39
		_getDeviceIDString		CODE           	180B4	0000	97
		_getMajorRevisionID		CODE           	18666	0000	61

device_IDs.c estimated size: 299

C:\Program Files (x86)\Microchip\xc8\v1.45\sources\common\acos.c
		_acos          		CODE           	17EA6	0000	111

C:\Program Files (x86)\Microchip\xc8\v1.45\sources\common\acos.c estimated size: 111

C:\Program Files (x86)\Microchip\xc8\v1.45\sources\common\llmod.c
		___llmod       		CODE           	17FE6	0000	105

C:\Program Files (x86)\Microchip\xc8\v1.45\sources\common\llmod.c estimated size: 105

C:\Program Files (x86)\Microchip\xc8\v1.45\sources\common\fldivl.c
		__div_to_l_    		CODE           	16C96	0000	299

C:\Program Files (x86)\Microchip\xc8\v1.45\sources\common\fldivl.c estimated size: 299

C:\Program Files (x86)\Microchip\xc8\v1.45\sources\common\fltol.c
		___fltol       		CODE           	17460	0000	223

C:\Program Files (x86)\Microchip\xc8\v1.45\sources\common\fltol.c estimated size: 223

C:\Program Files (x86)\Microchip\xc8\v1.45\sources\common\atoi.c
		_atoi          		CODE           	1761C	0000	217

C:\Program Files (x86)\Microchip\xc8\v1.45\sources\common\atoi.c estimated size: 217

mcc_generated_files/tmr7.c
		_TMR7_DefaultInterruptHandler		CODE           	18C52	0000	3
		_TMR7_WriteTimer		CODE           	189A0	0000	39
		_TMR7_ISR      		CODE           	18782	0000	53
		_TMR7_Initialize		CODE           	18310	0000	79
		_TMR7_SetInterruptHandler		CODE           	18BA6	0000	15
		_TMR7_StopTimer		CODE           	18C3C	0000	7

mcc_generated_files/tmr7.c estimated size: 196

mcc_generated_files/hlvd.c
		_HLVD_ISR      		CODE           	18C2E	0000	9
		_HLVD_Initialize		CODE           	18B88	0000	17

mcc_generated_files/hlvd.c estimated size: 26

mcc_generated_files/tmr5.c
		_TMR5_ISR      		CODE           	187B6	0000	53
		_TMR5_Initialize		CODE           	183F6	0000	75
		_TMR5_SetInterruptHandler		CODE           	18BC2	0000	15
		_TMR5_DefaultInterruptHandler		CODE           	18C56	0000	3
		_TMR5_WriteTimer		CODE           	18AA8	0000	29

mcc_generated_files/tmr5.c estimated size: 175

shared
		i2_printf      		CODE           	11C6E	0000	3525
		i2_putch       		CODE           	18C14	0000	11
		__powers_      		MEDIUMCONST    	E8C3	0000	53
		_dpowers       		MEDIUMCONST    	E92B	0000	41
		i2_isdigit     		CODE           	18A52	0000	31
		i2___flneg     		CODE           	188AA	0000	47
		atan@coeff_a   		MEDIUMCONST    	E977	0000	25
		atan@coeff_b   		MEDIUMCONST    	E9A3	0000	21
		i2___awdiv     		CODE           	17BC8	0000	133
		i2___fladd     		CODE           	14A7E	0000	831
		i2__tdiv_to_l_ 		CODE           	16B64	0000	307
		i2___wmul      		CODE           	189C6	0000	39
		i2___fldiv     		CODE           	15BFE	0000	693
		i2__div_to_l_  		CODE           	16DC0	0000	297
		__npowers_     		MEDIUMCONST    	E8F7	0000	53
		i2___fltol     		CODE           	1753E	0000	223
		i2_TMR7_StopTimer		CODE           	18C48	0000	7
		i2_scale       		CODE           	138B6	0000	1153
		i2___lldiv     		CODE           	17C4C	0000	131
		__initialization		CODE           	17910	0000	137
		i2___flge      		CODE           	1712E	0000	289
		i2___awmod     		CODE           	17E36	0000	113
		i2_EUSART2_Write		CODE           	18440	0000	75
		_max_Irms_address		MEDIUMCONST    	E975	0000	3
		i2___flmul     		CODE           	143F0	0000	849
		_hexpowers     		MEDIUMCONST    	E953	0000	33
		i2___llmod     		CODE           	1804E	0000	103
		i2___xxtofl    		CODE           	168E0	0000	337
		i2___flsub     		CODE           	1851A	0000	73
		_max_Power_address		MEDIUMCONST    	E973	0000	3
		i2_fround      		CODE           	15EB2	0000	687
		sin@coeff_a    		MEDIUMCONST    	E98F	0000	21
		sin@coeff_b    		MEDIUMCONST    	E9B7	0000	17

shared estimated size: 10361

mcc_generated_files/mcc.c
		_PMD_Initialize		CODE           	18A70	0000	29
		_OSCILLATOR_Initialize		CODE           	18A8C	0000	29
		_SYSTEM_Initialize		CODE           	1887C	0000	47

mcc_generated_files/mcc.c estimated size: 105

ring_buffer_interface.c
		_terminal_ringBufferPull		CODE           	16EE8	0000	293
		_terminal_textAttributes		CODE           	13D36	0000	873
		_terminal_textAttributesReset		CODE           	18B34	0000	19
		_terminal_setCursorHome		CODE           	18B58	0000	17
		_terminal_printNewline		CODE           	18B68	0000	17
		_terminal_clearTerminal		CODE           	18B78	0000	17

ring_buffer_interface.c estimated size: 1236

C:\Program Files (x86)\Microchip\xc8\v1.45\sources\common\atan.c
		_atan          		CODE           	163AA	0000	567

C:\Program Files (x86)\Microchip\xc8\v1.45\sources\common\atan.c estimated size: 567

cause_of_reset.c
		_getCauseOfResetString		CODE           	1881C	0000	49
		_getCauseOfReset		CODE           	1821E	0000	83

cause_of_reset.c estimated size: 132

C:\Program Files (x86)\Microchip\xc8\v1.45\sources\common\awdiv.c
		___awdiv       		CODE           	17ABE	0000	135

C:\Program Files (x86)\Microchip\xc8\v1.45\sources\common\awdiv.c estimated size: 135

C:\Program Files (x86)\Microchip\xc8\v1.45\sources\common\strcat.c
		_strcat        		CODE           	1835E	0000	77

C:\Program Files (x86)\Microchip\xc8\v1.45\sources\common\strcat.c estimated size: 77

C:\Program Files (x86)\Microchip\xc8\v1.45\sources\common\evalpoly.c
		_eval_poly     		CODE           	17360	0000	257

C:\Program Files (x86)\Microchip\xc8\v1.45\sources\common\evalpoly.c estimated size: 257

mcc_generated_files/memory.c
		_FLASH_ReadWord		CODE           	185A6	0000	67
		_FLASH_ReadByte		CODE           	18ADE	0000	27
		_DATAEE_WriteByte		CODE           	18628	0000	63
		_DATAEE_ReadByte		CODE           	18AC4	0000	27

mcc_generated_files/memory.c estimated size: 184

C:\Program Files (x86)\Microchip\xc8\v1.45\sources\common\sin.c
		_sin           		CODE           	150C0	0000	763

C:\Program Files (x86)\Microchip\xc8\v1.45\sources\common\sin.c estimated size: 763

C:\Program Files (x86)\Microchip\xc8\v1.45\sources\common\abs.c
		_abs           		CODE           	188D8	0000	43

C:\Program Files (x86)\Microchip\xc8\v1.45\sources\common\abs.c estimated size: 43

C:\Program Files (x86)\Microchip\xc8\v1.45\sources\common\lldiv.c
		___lldiv       		CODE           	17B44	0000	133

C:\Program Files (x86)\Microchip\xc8\v1.45\sources\common\lldiv.c estimated size: 133

ring_buffer_LUT.c
		_ringBufferLUT 		CODE           	10000	0000	3745

ring_buffer_LUT.c estimated size: 3745

C:\Program Files (x86)\Microchip\xc8\v1.45\sources\common\xxtofl.c
		___xxtofl      		CODE           	1678C	0000	341

C:\Program Files (x86)\Microchip\xc8\v1.45\sources\common\xxtofl.c estimated size: 341

mcc_generated_files/adcc.c
		_ADCC_StopConversion		CODE           	18C4E	0000	5
		_ADCC_DefaultInterruptHandler		CODE           	18C58	0000	3
		_ADCC_ClearAccumulator		CODE           	18C42	0000	7
		_ADCC_GetFilterValue		CODE           	18B0C	0000	21
		_ADCC_SetADTIInterruptHandler		CODE           	18BEC	0000	15
		_ADCC_GetConversionResult		CODE           	18B20	0000	21
		_ADCC_ThresholdISR		CODE           	18952	0000	41
		_ADCC_StartConversion		CODE           	18BFA	0000	15
		_ADCC_Initialize		CODE           	18114	0000	97
		_ADCC_HasAccumulatorOverflowed		CODE           	18C08	0000	13
		_ADCC_DischargeSampleCapacitor		CODE           	18C26	0000	9

mcc_generated_files/adcc.c estimated size: 247

C:\Program Files (x86)\Microchip\xc8\v1.45\sources\common\flneg.c
		___flneg       		CODE           	1884C	0000	49

C:\Program Files (x86)\Microchip\xc8\v1.45\sources\common\flneg.c estimated size: 49

main.c
		_acquisitionTimerCallback		CODE           	18B46	0000	19
		_main          		CODE           	165E0	0000	429
		_heartbeatTimerCallback		CODE           	185E8	0000	65
		_currentMeasuredToPeak		CODE           	17CCE	0000	125
		_ADCPostProcessingCallback		CODE           	12A32	0000	2529
		_peakToRMS     		CODE           	16160	0000	587

main.c estimated size: 3754

C:\Program Files (x86)\Microchip\xc8\v1.45\sources\common\strlen.c
		_strlen        		CODE           	18174	0000	89

C:\Program Files (x86)\Microchip\xc8\v1.45\sources\common\strlen.c estimated size: 89

C:\Program Files (x86)\Microchip\xc8\v1.45\sources\common\strcmp.c
		_strcmp        		CODE           	182C0	0000	81

C:\Program Files (x86)\Microchip\xc8\v1.45\sources\common\strcmp.c estimated size: 81

C:\Program Files (x86)\Microchip\xc8\v1.45\sources\common\strchr.c
		_strchr        		CODE           	186DE	0000	57

C:\Program Files (x86)\Microchip\xc8\v1.45\sources\common\strchr.c estimated size: 57

C:\Program Files (x86)\Microchip\xc8\v1.45\sources\common\strcpy.c
		_strcpy        		CODE           	18716	0000	55

C:\Program Files (x86)\Microchip\xc8\v1.45\sources\common\strcpy.c estimated size: 55

C:\Program Files (x86)\Microchip\xc8\v1.45\sources\common\strncmp.c
		_strncmp       		CODE           	179A2	0000	145

C:\Program Files (x86)\Microchip\xc8\v1.45\sources\common\strncmp.c estimated size: 145

C:\Program Files (x86)\Microchip\xc8\v1.45\sources\common\sprcmul.c
		___flmul       		CODE           	1409E	0000	851

C:\Program Files (x86)\Microchip\xc8\v1.45\sources\common\sprcmul.c estimated size: 851

C:\Program Files (x86)\Microchip\xc8\v1.45\sources\common\strncpy.c
		_strncpy       		CODE           	17F7E	0000	105

C:\Program Files (x86)\Microchip\xc8\v1.45\sources\common\strncpy.c estimated size: 105

